Archive member included because of file (symbol)

D:\Project\MyProject1\mkrtos_real\mkrtos_sdk\Debug\libmkrtos_sdk.a(printf.o)
                              ./src/serial.o (printf)
D:\Project\MyProject1\mkrtos_real\mkrtos_sdk\Debug\libmkrtos_sdk.a(vprintf.o)
                              D:\Project\MyProject1\mkrtos_real\mkrtos_sdk\Debug\libmkrtos_sdk.a(printf.o) (vprintf)
D:\Project\MyProject1\mkrtos_real\mkrtos_sdk\Debug\libmkrtos_sdk.a(__v_printf.o)
                              D:\Project\MyProject1\mkrtos_real\mkrtos_sdk\Debug\libmkrtos_sdk.a(vprintf.o) (__v_printf)
D:\Project\MyProject1\mkrtos_real\mkrtos_sdk\Debug\libmkrtos_sdk.a(atexit.o)
                              ./src/__main.o (exit)
D:\Project\MyProject1\mkrtos_real\mkrtos_sdk\Debug\libmkrtos_sdk.a(atol.o)
                              ./src/receive.o (atoi)
D:\Project\MyProject1\mkrtos_real\mkrtos_sdk\Debug\libmkrtos_sdk.a(cfsetispeed.o)
                              ./src/serial.o (cfsetispeed)
D:\Project\MyProject1\mkrtos_real\mkrtos_sdk\Debug\libmkrtos_sdk.a(errno_location.o)
                              ./src/serial.o (__errno_location)
D:\Project\MyProject1\mkrtos_real\mkrtos_sdk\Debug\libmkrtos_sdk.a(perror.o)
                              ./src/receive.o (perror)
D:\Project\MyProject1\mkrtos_real\mkrtos_sdk\Debug\libmkrtos_sdk.a(sleep.o)
                              ./src/receive.o (sleep)
D:\Project\MyProject1\mkrtos_real\mkrtos_sdk\Debug\libmkrtos_sdk.a(strlen.o)
                              ./src/receive.o (strlen)
D:\Project\MyProject1\mkrtos_real\mkrtos_sdk\Debug\libmkrtos_sdk.a(strtol.o)
                              D:\Project\MyProject1\mkrtos_real\mkrtos_sdk\Debug\libmkrtos_sdk.a(__v_printf.o) (strtol)
D:\Project\MyProject1\mkrtos_real\mkrtos_sdk\Debug\libmkrtos_sdk.a(strtoul.o)
                              D:\Project\MyProject1\mkrtos_real\mkrtos_sdk\Debug\libmkrtos_sdk.a(__v_printf.o) (strtoul)
D:\Project\MyProject1\mkrtos_real\mkrtos_sdk\Debug\libmkrtos_sdk.a(tcflush.o)
                              ./src/serial.o (tcflush)
D:\Project\MyProject1\mkrtos_real\mkrtos_sdk\Debug\libmkrtos_sdk.a(tcgetattr.o)
                              ./src/serial.o (tcgetattr)
D:\Project\MyProject1\mkrtos_real\mkrtos_sdk\Debug\libmkrtos_sdk.a(tcsetattr.o)
                              ./src/serial.o (tcsetattr)
D:\Project\MyProject1\mkrtos_real\mkrtos_sdk\Debug\libmkrtos_sdk.a(dyn_syscalls.o)
                              D:\Project\MyProject1\mkrtos_real\mkrtos_sdk\Debug\libmkrtos_sdk.a(errno_location.o) (errno)
D:\Project\MyProject1\mkrtos_real\mkrtos_sdk\Debug\libmkrtos_sdk.a(start.o)
                              D:\Project\MyProject1\mkrtos_real\mkrtos_sdk\Debug\libmkrtos_sdk.a(atexit.o) (_exit)
D:\Project\MyProject1\mkrtos_real\mkrtos_sdk\Debug\libmkrtos_sdk.a(stackgap-g.o)
                              D:\Project\MyProject1\mkrtos_real\mkrtos_sdk\Debug\libmkrtos_sdk.a(strlen.o) (__valgrind)
D:\Project\MyProject1\mkrtos_real\mkrtos_sdk\Debug\libmkrtos_sdk.a(__ltostr.o)
                              D:\Project\MyProject1\mkrtos_real\mkrtos_sdk\Debug\libmkrtos_sdk.a(__v_printf.o) (__ltostr)
D:\Project\MyProject1\mkrtos_real\mkrtos_sdk\Debug\libmkrtos_sdk.a(errlistu.o)
                              D:\Project\MyProject1\mkrtos_real\mkrtos_sdk\Debug\libmkrtos_sdk.a(perror.o) (__sys_err_unknown)
D:\Project\MyProject1\mkrtos_real\mkrtos_sdk\Debug\libmkrtos_sdk.a(getenv.o)
                              D:\Project\MyProject1\mkrtos_real\mkrtos_sdk\Debug\libmkrtos_sdk.a(stackgap-g.o) (getenv)
D:\Project\MyProject1\mkrtos_real\mkrtos_sdk\Debug\libmkrtos_sdk.a(isalnum.o)
                              D:\Project\MyProject1\mkrtos_real\mkrtos_sdk\Debug\libmkrtos_sdk.a(strtol.o) (isalnum)
D:\Project\MyProject1\mkrtos_real\mkrtos_sdk\Debug\libmkrtos_sdk.a(isspace.o)
                              D:\Project\MyProject1\mkrtos_real\mkrtos_sdk\Debug\libmkrtos_sdk.a(strtol.o) (isspace)
D:\Project\MyProject1\mkrtos_real\mkrtos_sdk\Debug\libmkrtos_sdk.a(isxdigit.o)
                              D:\Project\MyProject1\mkrtos_real\mkrtos_sdk\Debug\libmkrtos_sdk.a(strtoul.o) (isxdigit)
D:\Project\MyProject1\mkrtos_real\mkrtos_sdk\Debug\libmkrtos_sdk.a(memcmp.o)
                              D:\Project\MyProject1\mkrtos_real\mkrtos_sdk\Debug\libmkrtos_sdk.a(getenv.o) (memcmp)
D:\Project\MyProject1\mkrtos_real\mkrtos_sdk\Debug\libmkrtos_sdk.a(memcpy.o)
                              D:\Project\MyProject1\mkrtos_real\mkrtos_sdk\Debug\libmkrtos_sdk.a(stackgap-g.o) (memcpy)
D:\Project\MyProject1\mkrtos_real\mkrtos_sdk\Debug\libmkrtos_sdk.a(memmove.o)
                              D:\Project\MyProject1\mkrtos_real\mkrtos_sdk\Debug\libmkrtos_sdk.a(__ltostr.o) (memmove)
D:\Project\MyProject1\mkrtos_real\mkrtos_sdk\Debug\libmkrtos_sdk.a(memset.o)
                              D:\Project\MyProject1\mkrtos_real\mkrtos_sdk\Debug\libmkrtos_sdk.a(stackgap-g.o) (memset)
D:\Project\MyProject1\mkrtos_real\mkrtos_sdk\Debug\libmkrtos_sdk.a(sigjmp.o)
[...]
Memory Configuration

Name             Origin             Length             Attributes
*default*        0x00000000         0xffffffff

Linker script and memory map

LOAD ./src/__main.o
LOAD ./src/heap_stack.o
LOAD ./src/receive.o
LOAD ./src/reloc.o
LOAD ./src/serial.o
LOAD ./src/start.o
LOAD D:\Project\MyProject1\mkrtos_real\mkrtos_sdk\Debug\libmkrtos_sdk.a
                0x00000100                _system_stack_size = 0x100

.text           0x00000000     0x3474
                0x00000000                . = ALIGN (0x4)
                0x00000000                __text_start__ = .
 *(.first)
 .first         0x00000000      0x118 ./src/start.o
                0x00000000                _start_
 *(.text)
 .text          0x00000118     0x11c8 D:\Project\MyProject1\mkrtos_real\mkrtos_sdk\Debug\libmkrtos_sdk.a(dyn_syscalls.o)
                0x00000118                __unified_syscall4
                0x0000011c                __unified_syscall
                0x0000013c                __you_tried_to_link_a_dietlibc_object_against_glibc
                0x0000013c                __fflush_stdout
                0x0000013c                __fflush_stderr
                0x0000013c                __fflush_stdin
                0x0000013c                __nop
                0x0000013c                ftrylockfile
                0x0000013c                funlockfile
                0x0000013c                __thread_doexit
                0x0000013c                flockfile
                0x00000140                __libc_waitpid
                0x00000140                waitpid
                0x00000148                select
                0x00000148                __libc_select
                0x00000160                __libc_pread64
                0x00000160                pread64
                0x00000170                __libc_pwrite64
                0x00000170                pwrite64
                0x00000180                __reboot
                0x00000190                access
                0x000001a0                adjtimex
                0x000001b0                __diet_brk
                0x000001c0                chdir
                0x000001d0                chmod
                0x000001e0                chown
                0x000001f0                chroot
                0x00000200                close
                0x00000200                __libc_close
                0x00000210                dup
                0x00000220                dup2
                0x00000230                execve
                0x00000240                fchdir
                0x00000250                fchmod
                0x00000260                fchown
                0x00000270                __libc_fcntl
                0x00000270                fcntl
                0x00000280                flock
                0x00000290                __libc_fork
                0x00000290                fork
                0x000002a0                fstat
                0x000002b0                __dietlibc_fstat64
                0x000002c0                fstatfs
                0x000002d0                __libc_fsync
                0x000002d0                fsync
                0x000002e0                ftruncate
                0x000002f0                __syscall_getcwd
                0x00000300                getdents
                0x00000310                getdents64
                0x00000320                getegid
                0x00000330                geteuid
                0x00000340                getgid
                0x00000350                getgroups
                0x00000360                getitimer
                0x00000370                getpgid
                0x00000380                getpid
                0x00000390                getppid
                0x000003a0                __syscall_getpriority
                0x000003b0                getresgid
                0x000003c0                getresuid
                0x000003d0                getrlimit
                0x000003e0                getrusage
                0x000003f0                getsid
                0x00000400                gettimeofday
                0x00000410                settimeofday
                0x00000420                getuid
                0x00000430                ioctl
                0x00000440                kill
                0x00000450                lchown
                0x00000460                link
                0x0000046e                llseek
                0x00000470                _llseek
                0x00000488                lseek
                0x00000488                __libc_lseek
                0x00000498                lstat
                0x000004a8                __dietlibc_lstat64
                0x000004b8                mkdir
                0x000004c8                mknod
                0x000004d8                mlock
                0x000004e8                mlockall
                0x000004f8                __mmap2
                0x00000510                mount
                0x00000528                mprotect
                0x00000538                mremap
                0x00000548                munlockall
                0x00000558                munmap
                0x00000568                __n_sigaction
                0x00000568                __old_sigaction
                0x00000578                __old_sigpending
                0x00000578                __n_sigpending
                0x00000588                __old_sigprocmask
                0x00000588                __n_sigprocmask
                0x00000598                __old_sigsuspend
                0x00000598                __n_sigsuspend
                0x000005a8                __libc_nanosleep
                0x000005a8                nanosleep
                0x000005b8                open
                0x000005b8                __libc_open
                0x000005c8                pause
                0x000005c8                __libc_pause
                0x000005d8                personality
                0x000005e8                pipe
                0x000005f8                poll
                0x00000608                init_module
                0x00000618                delete_module
                0x00000628                __libc_read
                0x00000628                read
                0x00000638                readlink
                0x00000648                readv
                0x00000658                rename
                0x00000668                rmdir
                0x00000678                __rt_sigaction
                0x00000688                __rt_sigpending
                0x00000698                __rt_sigprocmask
                0x000006a8                __rt_sigqueueinfo
                0x000006b8                __rt_sigsuspend
                0x000006c8                __rt_sigtimedwait
                0x000006d8                __syscall_sched_getaffinity
                0x000006e8                sched_setaffinity
                0x000006f8                sched_get_priority_max
                0x00000708                sched_get_priority_min
                0x00000718                sched_getparam
                0x00000728                sched_getscheduler
                0x00000738                sched_rr_get_interval
                0x00000748                sched_setparam
                0x00000758                sched_setscheduler
                0x00000768                sched_yield
                0x00000778                __libc_sendfile
                0x00000778                sendfile
                0x00000788                __dietlibc_sendfile64
                0x00000798                setdomainname
                0x000007a8                setfsgid
                0x000007b8                setfsuid
                0x000007c8                setgid
                0x000007d8                setgroups
                0x000007e8                sethostname
                0x000007f8                setitimer
                0x00000808                setpgid
                0x00000818                setpriority
                0x00000828                setregid
                0x00000838                setresgid
                0x00000848                setresuid
                0x00000858                setreuid
                0x00000868                setrlimit
                0x00000878                setsid
                0x00000888                setuid
                0x00000898                __sigaltstack
                0x00000898                sigaltstack
                0x000008a8                stat
                0x000008b8                __dietlibc_stat64
                0x000008c8                statfs
                0x000008d8                swapoff
                0x000008e8                swapon
                0x000008f8                symlink
                0x00000908                sync
                0x00000918                _sysctl
                0x00000928                sysinfo
                0x00000938                klogctl
                0x00000938                __syscall_syslog
                0x00000948                sysfs
                0x00000958                times
                0x00000968                truncate
                0x00000978                umask
                0x00000988                umount2
                0x00000998                uname
                0x000009a8                unlink
                0x000009b8                vhangup
                0x000009c8                wait4
                0x000009d8                __libc_write
                0x000009d8                write
                0x000009e8                writev
                0x000009f8                __libc_msync
                0x000009f8                msync
                0x00000a08                capget
                0x00000a18                capset
                0x00000a28                __libc_chown32
                0x00000a28                chown32
                0x00000a38                fchown32
                0x00000a38                __libc_fchown32
                0x00000a48                __libc_getegid32
                0x00000a48                getegid32
                0x00000a58                geteuid32
                0x00000a58                __libc_geteuid32
                0x00000a68                getgid32
                0x00000a68                __libc_getgid32
                0x00000a78                getgroups32
                0x00000a78                __libc_getgroups32
                0x00000a88                __libc_getresgid32
                0x00000a88                getresgid32
                0x00000a98                getuid32
                0x00000a98                __libc_getuid32
                0x00000aa8                lchown32
                0x00000aa8                __libc_lchown32
                0x00000ab8                __libc_setfsgid32
                0x00000ab8                setfsgid32
                0x00000ac8                __libc_setfsuid32
                0x00000ac8                setfsuid32
                0x00000ad8                setgid32
                0x00000ad8                __libc_setgid32
                0x00000ae8                __libc_setregid32
                0x00000ae8                setregid32
                0x00000af8                __libc_setresgid32
                0x00000af8                setresgid32
                0x00000b08                __libc_setreuid32
                0x00000b08                setreuid32
                0x00000b18                setuid32
                0x00000b18                __libc_setuid32
                0x00000b28                __diet_ptrace
                0x00000b38                __dietlibc_ftruncate64
                0x00000b38                __dietlibc_ftruncate64_syscall
                0x00000b48                __dietlibc_truncate64_syscall
                0x00000b48                __dietlibc_truncate64
                0x00000b58                ustat
                0x00000b68                epoll_create
                0x00000b78                epoll_ctl
                0x00000b88                epoll_wait
                0x00000b98                __dietlibc_fcntl64
                0x00000ba8                timer_create
                0x00000bb8                timer_settime
                0x00000bc8                timer_gettime
                0x00000bd8                timer_getoverrun
                0x00000be8                timer_delete
                0x00000bf8                clock_settime
                0x00000c08                clock_gettime
                0x00000c18                clock_getres
                0x00000c28                clock_nanosleep
                0x00000c38                mq_setattr
                0x00000c48                mq_notify
                0x00000c58                mq_open
                0x00000c68                mq_timedreceive
                0x00000c80                mq_timedsend
                0x00000c90                mq_unlink
                0x00000ca0                __dietlibc_statfs64
                0x00000cb0                __dietlibc_fstatfs64
                0x00000cc0                tkill
                0x00000cd0                tgkill
                0x00000ce0                set_tid_address
                0x00000cf0                set_mempolicy
                0x00000d08                rt_sigreturn
                0x00000d18                gettid
                0x00000d28                remap_file_pages
                0x00000d38                readahead
                0x00000d48                quotactl
                0x00000d58                mincore
                0x00000d68                mbind
                0x00000d80                get_mempolicy
                0x00000d98                futex
                0x00000da8                vserver
                0x00000db8                request_key
                0x00000dd0                keyctl
                0x00000de0                add_key
                0x00000df8                io_submit
                0x00000e08                io_setup
                0x00000e18                io_getevents
                0x00000e28                io_destroy
                0x00000e38                io_cancel
                0x00000e48                inotify_rm_watch
                0x00000e58                inotify_init
                0x00000e68                inotify_add_watch
                0x00000e78                setxattr
                0x00000e90                lsetxattr
                0x00000ea8                fsetxattr
                0x00000ec0                removexattr
                0x00000ecc                lremovexattr
                0x00000ed8                fremovexattr
                0x00000ee4                listxattr
                0x00000ef0                llistxattr
                0x00000efc                flistxattr
                0x00000f08                getxattr
                0x00000f14                lgetxattr
                0x00000f20                fgetxattr
                0x00000f2c                __exit
                0x00000f38                clone
                0x00000f38                __clone
                0x00000f44                __longjmp
                0x00000f5c                __setjmp
                0x00000f5c                setjmp
                0x00000f60                __sigsetjmp
                0x00000f60                sigsetjmp
 .text          0x000012e0       0x2c D:\Project\MyProject1\mkrtos_real\mkrtos_sdk\Debug\libmkrtos_sdk.a(start.o)
                0x000012e0                _start
                0x00001300                _exit
 .text          0x0000130c       0x10 D:\Project\MyProject1\mkrtos_real\mkrtos_sdk\Debug\libmkrtos_sdk.a(arm_set_tls.o)
                0x0000130c                __arm_set_tls
 *(.text.*)
 .text.__main   0x0000131c       0x34 ./src/__main.o
                0x0000131c                __main
 .text.update_CRC16
                0x00001350       0x68 ./src/receive.o
                0x00001350                update_CRC16
 .text.cal_CRC16
                0x000013b8       0x64 ./src/receive.o
                0x000013b8                cal_CRC16
 .text.ymodem_receive
                0x0000141c      0x3f8 ./src/receive.o
                0x0000141c                ymodem_receive
 .text.main     0x00001814       0x80 ./src/receive.o
                0x00001814                main
 .text.reloc    0x00001894      0x13c ./src/reloc.o
                0x00001894                reloc
 .text.put_char
                0x000019d0       0x58 ./src/serial.o
                0x000019d0                put_char
 .text.get_bytes
                0x00001a28       0x38 ./src/serial.o
                0x00001a28                get_bytes
 .text.try_get_char
                0x00001a60       0x34 ./src/serial.o
                0x00001a60                try_get_char
 .text.get_char
                0x00001a94       0x4c ./src/serial.o
                0x00001a94                get_char
 .text.set_serial
                0x00001ae0       0x88 ./src/serial.o
                0x00001ae0                set_serial
 .text.close_serial
                0x00001b68       0x14 ./src/serial.o
                0x00001b68                close_serial
 .text.printf   0x00001b7c       0x28 D:\Project\MyProject1\mkrtos_real\mkrtos_sdk\Debug\libmkrtos_sdk.a(printf.o)
                0x00001b7c                printf
 .text.__stdio_outs
                0x00001ba4       0x2c D:\Project\MyProject1\mkrtos_real\mkrtos_sdk\Debug\libmkrtos_sdk.a(vprintf.o)
                0x00001ba4                __stdio_outs
 .text.vprintf  0x00001bd0       0x30 D:\Project\MyProject1\mkrtos_real\mkrtos_sdk\Debug\libmkrtos_sdk.a(vprintf.o)
                0x00001bd0                vprintf
 .text.skip_to  0x00001c00       0x3c D:\Project\MyProject1\mkrtos_real\mkrtos_sdk\Debug\libmkrtos_sdk.a(__v_printf.o)
 .text.write_pad
                0x00001c3c       0xac D:\Project\MyProject1\mkrtos_real\mkrtos_sdk\Debug\libmkrtos_sdk.a(__v_printf.o)
 .text.__v_printf
                0x00001ce8      0x918 D:\Project\MyProject1\mkrtos_real\mkrtos_sdk\Debug\libmkrtos_sdk.a(__v_printf.o)
                0x00001ce8                __v_printf
 .text.__libc_exit
                0x00002600       0x30 D:\Project\MyProject1\mkrtos_real\mkrtos_sdk\Debug\libmkrtos_sdk.a(atexit.o)
                0x00002600                exit
                0x00002600                __libc_exit
 .text.atol     0x00002630       0x90 D:\Project\MyProject1\mkrtos_real\mkrtos_sdk\Debug\libmkrtos_sdk.a(atol.o)
                0x00002630                atoi
                0x00002630                atol
 .text.cfsetispeed
                0x000026c0       0x80 D:\Project\MyProject1\mkrtos_real\mkrtos_sdk\Debug\libmkrtos_sdk.a(cfsetispeed.o)
                0x000026c0                cfsetispeed
 .text.__errno_location
                0x00002740       0x14 D:\Project\MyProject1\mkrtos_real\mkrtos_sdk\Debug\libmkrtos_sdk.a(errno_location.o)
                0x00002740                __errno_location
 .text.perror   0x00002754       0x5c D:\Project\MyProject1\mkrtos_real\mkrtos_sdk\Debug\libmkrtos_sdk.a(perror.o)
                0x00002754                perror
 .text.sleep    0x000027b0       0x30 D:\Project\MyProject1\mkrtos_real\mkrtos_sdk\Debug\libmkrtos_sdk.a(sleep.o)
                0x000027b0                sleep
 .text.strlen   0x000027e0       0xe0 D:\Project\MyProject1\mkrtos_real\mkrtos_sdk\Debug\libmkrtos_sdk.a(strlen.o)
                0x000027e0                strlen
 .text.strtol   0x000028c0       0xd0 D:\Project\MyProject1\mkrtos_real\mkrtos_sdk\Debug\libmkrtos_sdk.a(strtol.o)
                0x000028c0                strtol
 .text.strtoul  0x00002990      0x1c8 D:\Project\MyProject1\mkrtos_real\mkrtos_sdk\Debug\libmkrtos_sdk.a(strtoul.o)
                0x00002990                strtoul
 .text.__libc_tcflush
                0x00002b58       0x20 D:\Project\MyProject1\mkrtos_real\mkrtos_sdk\Debug\libmkrtos_sdk.a(tcflush.o)
                0x00002b58                __libc_tcflush
                0x00002b58                tcflush
 .text.tcgetattr
                0x00002b78       0x20 D:\Project\MyProject1\mkrtos_real\mkrtos_sdk\Debug\libmkrtos_sdk.a(tcgetattr.o)
                0x00002b78                tcgetattr
 .text.tcsetattr
                0x00002b98       0x40 D:\Project\MyProject1\mkrtos_real\mkrtos_sdk\Debug\libmkrtos_sdk.a(tcsetattr.o)
                0x00002b98                tcsetattr
 .text.findtlsdata
                0x00002bd8       0xe0 D:\Project\MyProject1\mkrtos_real\mkrtos_sdk\Debug\libmkrtos_sdk.a(stackgap-g.o)
 .text.__setup_tls
                0x00002cb8       0x38 D:\Project\MyProject1\mkrtos_real\mkrtos_sdk\Debug\libmkrtos_sdk.a(stackgap-g.o)
                0x00002cb8                __setup_tls
 .text.find_in_auxvec
                0x00002cf0       0x3c D:\Project\MyProject1\mkrtos_real\mkrtos_sdk\Debug\libmkrtos_sdk.a(stackgap-g.o)
 .text.stackgap
                0x00002d2c      0x1bc D:\Project\MyProject1\mkrtos_real\mkrtos_sdk\Debug\libmkrtos_sdk.a(stackgap-g.o)
                0x00002d2c                stackgap
 .text.__ltostr
                0x00002ee8       0xd4 D:\Project\MyProject1\mkrtos_real\mkrtos_sdk\Debug\libmkrtos_sdk.a(__ltostr.o)
                0x00002ee8                __ltostr
 .text.getenv   0x00002fbc       0x94 D:\Project\MyProject1\mkrtos_real\mkrtos_sdk\Debug\libmkrtos_sdk.a(getenv.o)
                0x00002fbc                getenv
 .text.isalnum  0x00003050       0x30 D:\Project\MyProject1\mkrtos_real\mkrtos_sdk\Debug\libmkrtos_sdk.a(isalnum.o)
                0x00003050                isalnum
 .text.__isspace_ascii
                0x00003080       0x28 D:\Project\MyProject1\mkrtos_real\mkrtos_sdk\Debug\libmkrtos_sdk.a(isspace.o)
                0x00003080                __isspace_ascii
                0x00003080                isspace
 .text.__isxdigit_ascii
                0x000030a8       0x30 D:\Project\MyProject1\mkrtos_real\mkrtos_sdk\Debug\libmkrtos_sdk.a(isxdigit.o)
                0x000030a8                __isxdigit_ascii
                0x000030a8                isxdigit
 .text.memcmp   0x000030d8       0x48 D:\Project\MyProject1\mkrtos_real\mkrtos_sdk\Debug\libmkrtos_sdk.a(memcmp.o)
                0x000030d8                memcmp
                0x000030d8                bcmp
 .text.memcpy   0x00003120       0xf4 D:\Project\MyProject1\mkrtos_real\mkrtos_sdk\Debug\libmkrtos_sdk.a(memcpy.o)
                0x00003120                memcpy
 .text.memmove  0x00003214       0x80 D:\Project\MyProject1\mkrtos_real\mkrtos_sdk\Debug\libmkrtos_sdk.a(memmove.o)
                0x00003214                memmove
 .text.memset   0x00003294       0x38 D:\Project\MyProject1\mkrtos_real\mkrtos_sdk\Debug\libmkrtos_sdk.a(memset.o)
                0x00003294                memset
 .text.__sigjmp_save
                0x000032cc       0x48 D:\Project\MyProject1\mkrtos_real\mkrtos_sdk\Debug\libmkrtos_sdk.a(sigjmp.o)
                0x000032cc                __sigjmp_save
 .text.sigprocmask
                0x00003314       0x24 D:\Project\MyProject1\mkrtos_real\mkrtos_sdk\Debug\libmkrtos_sdk.a(sigprocmask.o)
                0x00003314                sigprocmask
 .text.strstr   0x00003338       0x7c D:\Project\MyProject1\mkrtos_real\mkrtos_sdk\Debug\libmkrtos_sdk.a(strstr.o)
                0x00003338                strstr
 *(.init)
 *(.fini)
 *crtbegin.o(.ctors)
 *crtbegin?.o(.ctors)
 *(EXCLUDE_FILE(*crtend.o *crtend?.o) .ctors)
 *(SORT(.ctors.*))
 *(.ctors)
 *crtbegin.o(.dtors)
 *crtbegin?.o(.dtors)
 *(EXCLUDE_FILE(*crtend.o *crtend?.o) .dtors)
 *(SORT(.dtors.*))
 *(.dtors)
 *(SORT(.rodata.*))
 .rodata.__sys_err_unknown
                0x000033b4       0x10 D:\Project\MyProject1\mkrtos_real\mkrtos_sdk\Debug\libmkrtos_sdk.a(errlistu.o)
                0x000033b4                __sys_err_unknown
 .rodata.pad_line
                0x000033c4       0x20 D:\Project\MyProject1\mkrtos_real\mkrtos_sdk\Debug\libmkrtos_sdk.a(__v_printf.o)
 *(.rodata)
 .rodata        0x000033e4       0x20 ./src/receive.o
 .rodata        0x00003404       0x48 ./src/serial.o
 .rodata        0x0000344c        0x8 D:\Project\MyProject1\mkrtos_real\mkrtos_sdk\Debug\libmkrtos_sdk.a(__v_printf.o)
 .rodata        0x00003454        0x8 D:\Project\MyProject1\mkrtos_real\mkrtos_sdk\Debug\libmkrtos_sdk.a(perror.o)
 .rodata        0x0000345c       0x18 D:\Project\MyProject1\mkrtos_real\mkrtos_sdk\Debug\libmkrtos_sdk.a(stackgap-g.o)
 *(.eh_frame*)
                0x00003474                . = ALIGN (0x4)
                0x00003474                __rel_start__ = .
 *(.rel.data .rel.data.* .rel.gnu.linkonce.d.*)
                0x00003474                __rel_end__ = .

.interp         0x00003474       0x11
 .interp        0x00003474       0x11 ./src/__main.o

.gnu.version_d  0x00003488        0x0
 .gnu.version_d
                0x00000000        0x0 ./src/__main.o

.gnu.version    0x00003486        0x0
 .gnu.version   0x00000000        0x0 ./src/__main.o

.gnu.version_r  0x00003488        0x0
 .gnu.version_r
                0x00000000        0x0 ./src/__main.o

.dynsym         0x00003488      0x1a0
 .dynsym        0x00003488      0x1a0 ./src/__main.o

.dynstr         0x00003628      0x154
 .dynstr        0x00003628      0x154 ./src/__main.o

.hash           0x0000377c       0xb4
 .hash          0x0000377c       0xb4 ./src/__main.o

.glue_7         0x00003830        0x0
 .glue_7        0x00000000        0x0 linker stubs

.glue_7t        0x00003830        0x0
 .glue_7t       0x00000000        0x0 linker stubs

.vfp11_veneer   0x00003830        0x0
 .vfp11_veneer  0x00000000        0x0 linker stubs

.v4_bx          0x00003830        0x0
 .v4_bx         0x00000000        0x0 linker stubs

.plt            0x00003830        0x0
 .plt           0x00000000        0x0 ./src/__main.o

.iplt           0x00003830        0x0
 .iplt          0x00000000        0x0 ./src/__main.o

.rel.dyn        0x00003830      0x520
 .rel.got       0x00003830       0x68 ./src/__main.o
 .rel.plt       0x00000000        0x0 ./src/__main.o
 .rel.iplt      0x00000000        0x0 ./src/__main.o
 .rel.text.vprintf
                0x00003898        0x8 ./src/__main.o
 .rel.text.write_pad
                0x000038a0        0x8 ./src/__main.o
 .rel.text.__v_printf
                0x000038a8      0x3e0 ./src/__main.o
 .rel.text.atexit
                0x00000000        0x0 ./src/__main.o
 .rel.text.__libc_exit
                0x00003c88       0x10 ./src/__main.o
 .rel.text.__errno_location
                0x00003c98        0x8 ./src/__main.o
 .rel.text.perror
                0x00003ca0       0x18 ./src/__main.o
 .rel.text.strlen
                0x00003cb8        0x8 ./src/__main.o
 .rel.text      0x00003cc0        0x8 ./src/__main.o
 .rel.text.findtlsdata
                0x00003cc8       0x18 ./src/__main.o
 .rel.text.__setup_tls
                0x00003ce0        0x8 ./src/__main.o
 .rel.text.getauxval
                0x00000000        0x0 ./src/__main.o
 .rel.text.stackgap
                0x00003ce8       0x60 ./src/__main.o
 .rel.text.getenv
                0x00003d48        0x8 ./src/__main.o

.ARM.exidx      0x00003d50        0x0
                0x00003d50                . = ALIGN (0x4)
                0x00003d50                __exdix_start = .
 *(.ARM.exidx* .gnu.linkonce.armexidx.*)
                0x00003d50                __exdix_end = .

.permissions_table
                0x00003d50        0x0
                0x00003d50                . = ALIGN (0x4)
                0x00003d50                __permissions_table_start__ = .
 *(.permissions_table)
                0x00003d50                __permissions_table_end__ = .
                0x00001d5c                PROVIDE (__ram_size__, (__bss_end__ - __data_start__))

.data           0x00003d50       0x38
                0x00003d50                . = ALIGN (0x4)
                0x00003d50                __data_start__ = .
                0x00003d50                __got_start__ = .
 *(.got)
 .got           0x00003d50       0x34 ./src/__main.o
                0x00003d84                __got_end__ = .
                0x00003d84                . = ALIGN (0x4)
 *(.data)
 .data          0x00003d84        0x4 D:\Project\MyProject1\mkrtos_real\mkrtos_sdk\Debug\libmkrtos_sdk.a(dyn_syscalls.o)
                0x00003d84                __guard
                0x00003d84                __stack_chk_guard
 *(.data.*)
 *(vtable)
 *(.data*)
                0x00003d88                . = ALIGN (0x4)
                0x00003d88                PROVIDE (__preinit_array_start, .)
 *(.preinit_array)
                0x00003d88                PROVIDE (__preinit_array_end, .)
                0x00003d88                . = ALIGN (0x4)
                0x00003d88                PROVIDE (__init_array_start, .)
 *(SORT(.init_array.*))
 *(.init_array)
                0x00003d88                PROVIDE (__init_array_end, .)
                0x00003d88                . = ALIGN (0x4)
                0x00003d88                PROVIDE (__fini_array_start, .)
 *(SORT(.fini_array.*))
 *(.fini_array)
                0x00003d88                PROVIDE (__fini_array_end, .)
                0x00003d88                . = ALIGN (0x4)
                0x00003d88                __data_end__ = .
                0x00001400                PROVIDE (__heap_size__, (__heap_end__ - __heap_start__))
                0x00000400                PROVIDE (__stack_size__, (__stack_end__ - __stack_start__))

.dynamic        0x00003d88       0x80
 .dynamic       0x00003d88       0x80 ./src/__main.o
                0x00003d88                _DYNAMIC

.got.plt        0x00003e08        0xc
 .got.plt       0x00003e08        0xc ./src/__main.o
                0x00003e08                _GLOBAL_OFFSET_TABLE_

.igot.plt       0x00003e14        0x0
 .igot.plt      0x00000000        0x0 ./src/__main.o

.bss            0x00003f00     0x1bac
                0x00003f00                . = ALIGN (0x4)
                0x00003f00                __bss_start__ = .
 *(.bss)
 .bss           0x00003f00      0x200 D:\Project\MyProject1\mkrtos_real\mkrtos_sdk\Debug\libmkrtos_sdk.a(dyn_syscalls.o)
                0x00003f00                __environ
                0x00003f00                environ
                0x00004000                errno
 *(COMMON)
 COMMON         0x00004100       0x1c D:\Project\MyProject1\mkrtos_real\mkrtos_sdk\Debug\libmkrtos_sdk.a(stackgap-g.o)
                0x00004100                __tdataptr
                0x00004104                __tdatasize
                0x00004108                __tcb_mainthread
                0x0000410c                __vdso
                0x00004110                program_invocation_short_name
                0x00004114                __tmemsize
                0x00004118                program_invocation_name
                0x0000411c                . = ALIGN (0x4)
                0x0000411c                __heap_start__ = .
 *(.bss.heap)
 .bss.heap      0x0000411c     0x1400 ./src/heap_stack.o
                0x0000551c                __heap_end__ = .
                0x0000551c                . = ALIGN (0x4)
                0x0000551c                __stack_start__ = .
 *(.bss.stack)
 .bss.stack     0x0000551c      0x400 ./src/heap_stack.o
                0x0000591c                __stack_end__ = .
 *(.bss.*)
 .bss.__app_start_addr__
                0x0000591c        0x4 ./src/__main.o
                0x0000591c                __app_start_addr__
 .bss.buf       0x00005920      0x100 ./src/receive.o
 .bss.__atexitlist
                0x00005a20       0x80 D:\Project\MyProject1\mkrtos_real\mkrtos_sdk\Debug\libmkrtos_sdk.a(atexit.o)
 .bss.atexit_counter
                0x00005aa0        0x4 D:\Project\MyProject1\mkrtos_real\mkrtos_sdk\Debug\libmkrtos_sdk.a(atexit.o)
 .bss.__valgrind
                0x00005aa4        0x4 D:\Project\MyProject1\mkrtos_real\mkrtos_sdk\Debug\libmkrtos_sdk.a(stackgap-g.o)
                0x00005aa4                __valgrind
 .bss._auxvec   0x00005aa8        0x4 D:\Project\MyProject1\mkrtos_real\mkrtos_sdk\Debug\libmkrtos_sdk.a(stackgap-g.o)
                0x00005aac                . = ALIGN (0x4)
                0x00005aac                __bss_end__ = .
                0x00005aac                _end = .
OUTPUT(mkrtos_lib.elf elf32-littlearm)

.dynbss         0x00005aac        0x0
 .dynbss        0x00000000        0x0 ./src/__main.o

.debug_info     0x00000000     0x2dd6
 .debug_info    0x00000000       0xca ./src/__main.o
 .debug_info    0x000000ca       0x70 ./src/heap_stack.o
 .debug_info    0x0000013a      0x3ad ./src/receive.o
 .debug_info    0x000004e7      0x118 ./src/reloc.o
 .debug_info    0x000005ff      0x3e5 ./src/serial.o
 .debug_info    0x000009e4       0x6a ./src/start.o
 .debug_info    0x00000a4e       0xec D:\Project\MyProject1\mkrtos_real\mkrtos_sdk\Debug\libmkrtos_sdk.a(printf.o)
 .debug_info    0x00000b3a      0x18f D:\Project\MyProject1\mkrtos_real\mkrtos_sdk\Debug\libmkrtos_sdk.a(vprintf.o)
 .debug_info    0x00000cc9      0x410 D:\Project\MyProject1\mkrtos_real\mkrtos_sdk\Debug\libmkrtos_sdk.a(__v_printf.o)
 .debug_info    0x000010d9      0x117 D:\Project\MyProject1\mkrtos_real\mkrtos_sdk\Debug\libmkrtos_sdk.a(atexit.o)
 .debug_info    0x000011f0       0xc9 D:\Project\MyProject1\mkrtos_real\mkrtos_sdk\Debug\libmkrtos_sdk.a(atol.o)
 .debug_info    0x000012b9      0x144 D:\Project\MyProject1\mkrtos_real\mkrtos_sdk\Debug\libmkrtos_sdk.a(cfsetispeed.o)
 .debug_info    0x000013fd       0xab D:\Project\MyProject1\mkrtos_real\mkrtos_sdk\Debug\libmkrtos_sdk.a(errno_location.o)
 .debug_info    0x000014a8       0xd5 D:\Project\MyProject1\mkrtos_real\mkrtos_sdk\Debug\libmkrtos_sdk.a(perror.o)
 .debug_info    0x0000157d       0xde D:\Project\MyProject1\mkrtos_real\mkrtos_sdk\Debug\libmkrtos_sdk.a(sleep.o)
 .debug_info    0x0000165b      0x124 D:\Project\MyProject1\mkrtos_real\mkrtos_sdk\Debug\libmkrtos_sdk.a(strlen.o)
 .debug_info    0x0000177f      0x101 D:\Project\MyProject1\mkrtos_real\mkrtos_sdk\Debug\libmkrtos_sdk.a(strtol.o)
 .debug_info    0x00001880      0x176 D:\Project\MyProject1\mkrtos_real\mkrtos_sdk\Debug\libmkrtos_sdk.a(strtoul.o)
 .debug_info    0x000019f6       0x66 D:\Project\MyProject1\mkrtos_real\mkrtos_sdk\Debug\libmkrtos_sdk.a(tcflush.o)
 .debug_info    0x00001a5c      0x139 D:\Project\MyProject1\mkrtos_real\mkrtos_sdk\Debug\libmkrtos_sdk.a(tcgetattr.o)
 .debug_info    0x00001b95      0x147 D:\Project\MyProject1\mkrtos_real\mkrtos_sdk\Debug\libmkrtos_sdk.a(tcsetattr.o)
 .debug_info    0x00001cdc       0x83 D:\Project\MyProject1\mkrtos_real\mkrtos_sdk\Debug\libmkrtos_sdk.a(dyn_syscalls.o)
 .debug_info    0x00001d5f       0x7c D:\Project\MyProject1\mkrtos_real\mkrtos_sdk\Debug\libmkrtos_sdk.a(start.o)
 .debug_info    0x00001ddb      0x509 D:\Project\MyProject1\mkrtos_real\mkrtos_sdk\Debug\libmkrtos_sdk.a(stackgap-g.o)
 .debug_info    0x000022e4       0xfa D:\Project\MyProject1\mkrtos_real\mkrtos_sdk\Debug\libmkrtos_sdk.a(__ltostr.o)
 .debug_info    0x000023de       0x56 D:\Project\MyProject1\mkrtos_real\mkrtos_sdk\Debug\libmkrtos_sdk.a(errlistu.o)
 .debug_info    0x00002434       0xe0 D:\Project\MyProject1\mkrtos_real\mkrtos_sdk\Debug\libmkrtos_sdk.a(getenv.o)
 .debug_info    0x00002514       0x58 D:\Project\MyProject1\mkrtos_real\mkrtos_sdk\Debug\libmkrtos_sdk.a(isalnum.o)
 .debug_info    0x0000256c       0x58 D:\Project\MyProject1\mkrtos_real\mkrtos_sdk\Debug\libmkrtos_sdk.a(isspace.o)
 .debug_info    0x000025c4       0x58 D:\Project\MyProject1\mkrtos_real\mkrtos_sdk\Debug\libmkrtos_sdk.a(isxdigit.o)
 .debug_info    0x0000261c       0xf2 D:\Project\MyProject1\mkrtos_real\mkrtos_sdk\Debug\libmkrtos_sdk.a(memcmp.o)
 .debug_info    0x0000270e      0x13b D:\Project\MyProject1\mkrtos_real\mkrtos_sdk\Debug\libmkrtos_sdk.a(memcpy.o)
 .debug_info    0x00002849       0xf8 D:\Project\MyProject1\mkrtos_real\mkrtos_sdk\Debug\libmkrtos_sdk.a(memmove.o)
 .debug_info    0x00002941       0xd7 D:\Project\MyProject1\mkrtos_real\mkrtos_sdk\Debug\libmkrtos_sdk.a(memset.o)
 .debug_info    0x00002a18      0x13c D:\Project\MyProject1\mkrtos_real\mkrtos_sdk\Debug\libmkrtos_sdk.a(sigjmp.o)
 .debug_info    0x00002b54      0x106 D:\Project\MyProject1\mkrtos_real\mkrtos_sdk\Debug\libmkrtos_sdk.a(sigprocmask.o)
 .debug_info    0x00002c5a       0xfa D:\Project\MyProject1\mkrtos_real\mkrtos_sdk\Debug\libmkrtos_sdk.a(strstr.o)
 .debug_info    0x00002d54       0x82 D:\Project\MyProject1\mkrtos_real\mkrtos_sdk\Debug\libmkrtos_sdk.a(arm_set_tls.o)

.debug_abbrev   0x00000000     0x175c
 .debug_abbrev  0x00000000       0x7c ./src/__main.o
 .debug_abbrev  0x0000007c       0x3c ./src/heap_stack.o
 .debug_abbrev  0x000000b8      0x158 ./src/receive.o
 .debug_abbrev  0x00000210       0x8b ./src/reloc.o
 .debug_abbrev  0x0000029b      0x12e ./src/serial.o
 .debug_abbrev  0x000003c9       0x14 ./src/start.o
 .debug_abbrev  0x000003dd       0xb9 D:\Project\MyProject1\mkrtos_real\mkrtos_sdk\Debug\libmkrtos_sdk.a(printf.o)
 .debug_abbrev  0x00000496      0x105 D:\Project\MyProject1\mkrtos_real\mkrtos_sdk\Debug\libmkrtos_sdk.a(vprintf.o)
 .debug_abbrev  0x0000059b      0x195 D:\Project\MyProject1\mkrtos_real\mkrtos_sdk\Debug\libmkrtos_sdk.a(__v_printf.o)
 .debug_abbrev  0x00000730       0xce D:\Project\MyProject1\mkrtos_real\mkrtos_sdk\Debug\libmkrtos_sdk.a(atexit.o)
 .debug_abbrev  0x000007fe       0x86 D:\Project\MyProject1\mkrtos_real\mkrtos_sdk\Debug\libmkrtos_sdk.a(atol.o)
 .debug_abbrev  0x00000884       0x9e D:\Project\MyProject1\mkrtos_real\mkrtos_sdk\Debug\libmkrtos_sdk.a(cfsetispeed.o)
 .debug_abbrev  0x00000922       0x61 D:\Project\MyProject1\mkrtos_real\mkrtos_sdk\Debug\libmkrtos_sdk.a(errno_location.o)
 .debug_abbrev  0x00000983       0x94 D:\Project\MyProject1\mkrtos_real\mkrtos_sdk\Debug\libmkrtos_sdk.a(perror.o)
 .debug_abbrev  0x00000a17       0x90 D:\Project\MyProject1\mkrtos_real\mkrtos_sdk\Debug\libmkrtos_sdk.a(sleep.o)
 .debug_abbrev  0x00000aa7       0xba D:\Project\MyProject1\mkrtos_real\mkrtos_sdk\Debug\libmkrtos_sdk.a(strlen.o)
 .debug_abbrev  0x00000b61       0x86 D:\Project\MyProject1\mkrtos_real\mkrtos_sdk\Debug\libmkrtos_sdk.a(strtol.o)
 .debug_abbrev  0x00000be7       0xb6 D:\Project\MyProject1\mkrtos_real\mkrtos_sdk\Debug\libmkrtos_sdk.a(strtoul.o)
 .debug_abbrev  0x00000c9d       0x5c D:\Project\MyProject1\mkrtos_real\mkrtos_sdk\Debug\libmkrtos_sdk.a(tcflush.o)
 .debug_abbrev  0x00000cf9       0x9e D:\Project\MyProject1\mkrtos_real\mkrtos_sdk\Debug\libmkrtos_sdk.a(tcgetattr.o)
 .debug_abbrev  0x00000d97       0x9e D:\Project\MyProject1\mkrtos_real\mkrtos_sdk\Debug\libmkrtos_sdk.a(tcsetattr.o)
 .debug_abbrev  0x00000e35       0x14 D:\Project\MyProject1\mkrtos_real\mkrtos_sdk\Debug\libmkrtos_sdk.a(dyn_syscalls.o)
 .debug_abbrev  0x00000e49       0x14 D:\Project\MyProject1\mkrtos_real\mkrtos_sdk\Debug\libmkrtos_sdk.a(start.o)
 .debug_abbrev  0x00000e5d      0x226 D:\Project\MyProject1\mkrtos_real\mkrtos_sdk\Debug\libmkrtos_sdk.a(stackgap-g.o)
 .debug_abbrev  0x00001083       0x7f D:\Project\MyProject1\mkrtos_real\mkrtos_sdk\Debug\libmkrtos_sdk.a(__ltostr.o)
 .debug_abbrev  0x00001102       0x48 D:\Project\MyProject1\mkrtos_real\mkrtos_sdk\Debug\libmkrtos_sdk.a(errlistu.o)
 .debug_abbrev  0x0000114a       0x88 D:\Project\MyProject1\mkrtos_real\mkrtos_sdk\Debug\libmkrtos_sdk.a(getenv.o)
 .debug_abbrev  0x000011d2       0x4d D:\Project\MyProject1\mkrtos_real\mkrtos_sdk\Debug\libmkrtos_sdk.a(isalnum.o)
 .debug_abbrev  0x0000121f       0x4d D:\Project\MyProject1\mkrtos_real\mkrtos_sdk\Debug\libmkrtos_sdk.a(isspace.o)
 .debug_abbrev  0x0000126c       0x4d D:\Project\MyProject1\mkrtos_real\mkrtos_sdk\Debug\libmkrtos_sdk.a(isxdigit.o)
 .debug_abbrev  0x000012b9       0x98 D:\Project\MyProject1\mkrtos_real\mkrtos_sdk\Debug\libmkrtos_sdk.a(memcmp.o)
 .debug_abbrev  0x00001351       0x9d D:\Project\MyProject1\mkrtos_real\mkrtos_sdk\Debug\libmkrtos_sdk.a(memcpy.o)
 .debug_abbrev  0x000013ee       0x9f D:\Project\MyProject1\mkrtos_real\mkrtos_sdk\Debug\libmkrtos_sdk.a(memmove.o)
 .debug_abbrev  0x0000148d       0x93 D:\Project\MyProject1\mkrtos_real\mkrtos_sdk\Debug\libmkrtos_sdk.a(memset.o)
 .debug_abbrev  0x00001520       0xe5 D:\Project\MyProject1\mkrtos_real\mkrtos_sdk\Debug\libmkrtos_sdk.a(sigjmp.o)
 .debug_abbrev  0x00001605       0xb2 D:\Project\MyProject1\mkrtos_real\mkrtos_sdk\Debug\libmkrtos_sdk.a(sigprocmask.o)
 .debug_abbrev  0x000016b7       0x91 D:\Project\MyProject1\mkrtos_real\mkrtos_sdk\Debug\libmkrtos_sdk.a(strstr.o)
 .debug_abbrev  0x00001748       0x14 D:\Project\MyProject1\mkrtos_real\mkrtos_sdk\Debug\libmkrtos_sdk.a(arm_set_tls.o)

.debug_aranges  0x00000000      0x538
 .debug_aranges
                0x00000000       0x20 ./src/__main.o
 .debug_aranges
                0x00000020       0x18 ./src/heap_stack.o
 .debug_aranges
                0x00000038       0x38 ./src/receive.o
 .debug_aranges
                0x00000070       0x20 ./src/reloc.o
 .debug_aranges
                0x00000090       0x50 ./src/serial.o
 .debug_aranges
                0x000000e0       0x20 ./src/start.o
 .debug_aranges
                0x00000100       0x20 D:\Project\MyProject1\mkrtos_real\mkrtos_sdk\Debug\libmkrtos_sdk.a(printf.o)
 .debug_aranges
                0x00000120       0x28 D:\Project\MyProject1\mkrtos_real\mkrtos_sdk\Debug\libmkrtos_sdk.a(vprintf.o)
 .debug_aranges
                0x00000148       0x30 D:\Project\MyProject1\mkrtos_real\mkrtos_sdk\Debug\libmkrtos_sdk.a(__v_printf.o)
 .debug_aranges
                0x00000178       0x28 D:\Project\MyProject1\mkrtos_real\mkrtos_sdk\Debug\libmkrtos_sdk.a(atexit.o)
 .debug_aranges
                0x000001a0       0x20 D:\Project\MyProject1\mkrtos_real\mkrtos_sdk\Debug\libmkrtos_sdk.a(atol.o)
 .debug_aranges
                0x000001c0       0x20 D:\Project\MyProject1\mkrtos_real\mkrtos_sdk\Debug\libmkrtos_sdk.a(cfsetispeed.o)
 .debug_aranges
                0x000001e0       0x20 D:\Project\MyProject1\mkrtos_real\mkrtos_sdk\Debug\libmkrtos_sdk.a(errno_location.o)
 .debug_aranges
                0x00000200       0x20 D:\Project\MyProject1\mkrtos_real\mkrtos_sdk\Debug\libmkrtos_sdk.a(perror.o)
 .debug_aranges
                0x00000220       0x20 D:\Project\MyProject1\mkrtos_real\mkrtos_sdk\Debug\libmkrtos_sdk.a(sleep.o)
 .debug_aranges
                0x00000240       0x20 D:\Project\MyProject1\mkrtos_real\mkrtos_sdk\Debug\libmkrtos_sdk.a(strlen.o)
 .debug_aranges
                0x00000260       0x20 D:\Project\MyProject1\mkrtos_real\mkrtos_sdk\Debug\libmkrtos_sdk.a(strtol.o)
 .debug_aranges
                0x00000280       0x20 D:\Project\MyProject1\mkrtos_real\mkrtos_sdk\Debug\libmkrtos_sdk.a(strtoul.o)
 .debug_aranges
                0x000002a0       0x20 D:\Project\MyProject1\mkrtos_real\mkrtos_sdk\Debug\libmkrtos_sdk.a(tcflush.o)
 .debug_aranges
                0x000002c0       0x20 D:\Project\MyProject1\mkrtos_real\mkrtos_sdk\Debug\libmkrtos_sdk.a(tcgetattr.o)
 .debug_aranges
                0x000002e0       0x20 D:\Project\MyProject1\mkrtos_real\mkrtos_sdk\Debug\libmkrtos_sdk.a(tcsetattr.o)
 .debug_aranges
                0x00000300       0x20 D:\Project\MyProject1\mkrtos_real\mkrtos_sdk\Debug\libmkrtos_sdk.a(dyn_syscalls.o)
 .debug_aranges
                0x00000320       0x20 D:\Project\MyProject1\mkrtos_real\mkrtos_sdk\Debug\libmkrtos_sdk.a(start.o)
 .debug_aranges
                0x00000340       0x40 D:\Project\MyProject1\mkrtos_real\mkrtos_sdk\Debug\libmkrtos_sdk.a(stackgap-g.o)
 .debug_aranges
                0x00000380       0x20 D:\Project\MyProject1\mkrtos_real\mkrtos_sdk\Debug\libmkrtos_sdk.a(__ltostr.o)
 .debug_aranges
                0x000003a0       0x18 D:\Project\MyProject1\mkrtos_real\mkrtos_sdk\Debug\libmkrtos_sdk.a(errlistu.o)
 .debug_aranges
                0x000003b8       0x20 D:\Project\MyProject1\mkrtos_real\mkrtos_sdk\Debug\libmkrtos_sdk.a(getenv.o)
 .debug_aranges
                0x000003d8       0x20 D:\Project\MyProject1\mkrtos_real\mkrtos_sdk\Debug\libmkrtos_sdk.a(isalnum.o)
 .debug_aranges
                0x000003f8       0x20 D:\Project\MyProject1\mkrtos_real\mkrtos_sdk\Debug\libmkrtos_sdk.a(isspace.o)
 .debug_aranges
                0x00000418       0x20 D:\Project\MyProject1\mkrtos_real\mkrtos_sdk\Debug\libmkrtos_sdk.a(isxdigit.o)
 .debug_aranges
                0x00000438       0x20 D:\Project\MyProject1\mkrtos_real\mkrtos_sdk\Debug\libmkrtos_sdk.a(memcmp.o)
 .debug_aranges
                0x00000458       0x20 D:\Project\MyProject1\mkrtos_real\mkrtos_sdk\Debug\libmkrtos_sdk.a(memcpy.o)
 .debug_aranges
                0x00000478       0x20 D:\Project\MyProject1\mkrtos_real\mkrtos_sdk\Debug\libmkrtos_sdk.a(memmove.o)
 .debug_aranges
                0x00000498       0x20 D:\Project\MyProject1\mkrtos_real\mkrtos_sdk\Debug\libmkrtos_sdk.a(memset.o)
 .debug_aranges
                0x000004b8       0x20 D:\Project\MyProject1\mkrtos_real\mkrtos_sdk\Debug\libmkrtos_sdk.a(sigjmp.o)
 .debug_aranges
                0x000004d8       0x20 D:\Project\MyProject1\mkrtos_real\mkrtos_sdk\Debug\libmkrtos_sdk.a(sigprocmask.o)
 .debug_aranges
                0x000004f8       0x20 D:\Project\MyProject1\mkrtos_real\mkrtos_sdk\Debug\libmkrtos_sdk.a(strstr.o)
 .debug_aranges
                0x00000518       0x20 D:\Project\MyProject1\mkrtos_real\mkrtos_sdk\Debug\libmkrtos_sdk.a(arm_set_tls.o)

.debug_ranges   0x00000000      0x288
 .debug_ranges  0x00000000       0x10 ./src/__main.o
 .debug_ranges  0x00000010       0x28 ./src/receive.o
 .debug_ranges  0x00000038       0x10 ./src/reloc.o
 .debug_ranges  0x00000048       0x40 ./src/serial.o
 .debug_ranges  0x00000088       0x10 D:\Project\MyProject1\mkrtos_real\mkrtos_sdk\Debug\libmkrtos_sdk.a(printf.o)
 .debug_ranges  0x00000098       0x18 D:\Project\MyProject1\mkrtos_real\mkrtos_sdk\Debug\libmkrtos_sdk.a(vprintf.o)
 .debug_ranges  0x000000b0       0x20 D:\Project\MyProject1\mkrtos_real\mkrtos_sdk\Debug\libmkrtos_sdk.a(__v_printf.o)
 .debug_ranges  0x000000d0       0x18 D:\Project\MyProject1\mkrtos_real\mkrtos_sdk\Debug\libmkrtos_sdk.a(atexit.o)
 .debug_ranges  0x000000e8       0x10 D:\Project\MyProject1\mkrtos_real\mkrtos_sdk\Debug\libmkrtos_sdk.a(atol.o)
 .debug_ranges  0x000000f8       0x10 D:\Project\MyProject1\mkrtos_real\mkrtos_sdk\Debug\libmkrtos_sdk.a(cfsetispeed.o)
 .debug_ranges  0x00000108       0x10 D:\Project\MyProject1\mkrtos_real\mkrtos_sdk\Debug\libmkrtos_sdk.a(errno_location.o)
 .debug_ranges  0x00000118       0x10 D:\Project\MyProject1\mkrtos_real\mkrtos_sdk\Debug\libmkrtos_sdk.a(perror.o)
 .debug_ranges  0x00000128       0x10 D:\Project\MyProject1\mkrtos_real\mkrtos_sdk\Debug\libmkrtos_sdk.a(sleep.o)
 .debug_ranges  0x00000138       0x10 D:\Project\MyProject1\mkrtos_real\mkrtos_sdk\Debug\libmkrtos_sdk.a(strlen.o)
 .debug_ranges  0x00000148       0x10 D:\Project\MyProject1\mkrtos_real\mkrtos_sdk\Debug\libmkrtos_sdk.a(strtol.o)
 .debug_ranges  0x00000158       0x10 D:\Project\MyProject1\mkrtos_real\mkrtos_sdk\Debug\libmkrtos_sdk.a(strtoul.o)
 .debug_ranges  0x00000168       0x10 D:\Project\MyProject1\mkrtos_real\mkrtos_sdk\Debug\libmkrtos_sdk.a(tcflush.o)
 .debug_ranges  0x00000178       0x10 D:\Project\MyProject1\mkrtos_real\mkrtos_sdk\Debug\libmkrtos_sdk.a(tcgetattr.o)
 .debug_ranges  0x00000188       0x10 D:\Project\MyProject1\mkrtos_real\mkrtos_sdk\Debug\libmkrtos_sdk.a(tcsetattr.o)
 .debug_ranges  0x00000198       0x30 D:\Project\MyProject1\mkrtos_real\mkrtos_sdk\Debug\libmkrtos_sdk.a(stackgap-g.o)
 .debug_ranges  0x000001c8       0x10 D:\Project\MyProject1\mkrtos_real\mkrtos_sdk\Debug\libmkrtos_sdk.a(__ltostr.o)
 .debug_ranges  0x000001d8       0x10 D:\Project\MyProject1\mkrtos_real\mkrtos_sdk\Debug\libmkrtos_sdk.a(getenv.o)
 .debug_ranges  0x000001e8       0x10 D:\Project\MyProject1\mkrtos_real\mkrtos_sdk\Debug\libmkrtos_sdk.a(isalnum.o)
 .debug_ranges  0x000001f8       0x10 D:\Project\MyProject1\mkrtos_real\mkrtos_sdk\Debug\libmkrtos_sdk.a(isspace.o)
 .debug_ranges  0x00000208       0x10 D:\Project\MyProject1\mkrtos_real\mkrtos_sdk\Debug\libmkrtos_sdk.a(isxdigit.o)
 .debug_ranges  0x00000218       0x10 D:\Project\MyProject1\mkrtos_real\mkrtos_sdk\Debug\libmkrtos_sdk.a(memcmp.o)
 .debug_ranges  0x00000228       0x10 D:\Project\MyProject1\mkrtos_real\mkrtos_sdk\Debug\libmkrtos_sdk.a(memcpy.o)
 .debug_ranges  0x00000238       0x10 D:\Project\MyProject1\mkrtos_real\mkrtos_sdk\Debug\libmkrtos_sdk.a(memmove.o)
 .debug_ranges  0x00000248       0x10 D:\Project\MyProject1\mkrtos_real\mkrtos_sdk\Debug\libmkrtos_sdk.a(memset.o)
 .debug_ranges  0x00000258       0x10 D:\Project\MyProject1\mkrtos_real\mkrtos_sdk\Debug\libmkrtos_sdk.a(sigjmp.o)
 .debug_ranges  0x00000268       0x10 D:\Project\MyProject1\mkrtos_real\mkrtos_sdk\Debug\libmkrtos_sdk.a(sigprocmask.o)
 .debug_ranges  0x00000278       0x10 D:\Project\MyProject1\mkrtos_real\mkrtos_sdk\Debug\libmkrtos_sdk.a(strstr.o)

.debug_line     0x00000000     0x4c03
 .debug_line    0x00000000       0x42 ./src/__main.o
 .debug_line    0x00000042       0x34 ./src/heap_stack.o
 .debug_line    0x00000076      0x19d ./src/receive.o
 .debug_line    0x00000213       0x74 ./src/reloc.o
 .debug_line    0x00000287      0x197 ./src/serial.o
 .debug_line    0x0000041e       0x7d ./src/start.o
 .debug_line    0x0000049b      0x2b3 D:\Project\MyProject1\mkrtos_real\mkrtos_sdk\Debug\libmkrtos_sdk.a(printf.o)
 .debug_line    0x0000074e      0x2ac D:\Project\MyProject1\mkrtos_real\mkrtos_sdk\Debug\libmkrtos_sdk.a(vprintf.o)
 .debug_line    0x000009fa      0x516 D:\Project\MyProject1\mkrtos_real\mkrtos_sdk\Debug\libmkrtos_sdk.a(__v_printf.o)
 .debug_line    0x00000f10      0x214 D:\Project\MyProject1\mkrtos_real\mkrtos_sdk\Debug\libmkrtos_sdk.a(atexit.o)
 .debug_line    0x00001124      0x16a D:\Project\MyProject1\mkrtos_real\mkrtos_sdk\Debug\libmkrtos_sdk.a(atol.o)
 .debug_line    0x0000128e      0x1a1 D:\Project\MyProject1\mkrtos_real\mkrtos_sdk\Debug\libmkrtos_sdk.a(cfsetispeed.o)
 .debug_line    0x0000142f      0x1ff D:\Project\MyProject1\mkrtos_real\mkrtos_sdk\Debug\libmkrtos_sdk.a(errno_location.o)
 .debug_line    0x0000162e      0x25b D:\Project\MyProject1\mkrtos_real\mkrtos_sdk\Debug\libmkrtos_sdk.a(perror.o)
 .debug_line    0x00001889      0x1ed D:\Project\MyProject1\mkrtos_real\mkrtos_sdk\Debug\libmkrtos_sdk.a(sleep.o)
 .debug_line    0x00001a76      0x1cf D:\Project\MyProject1\mkrtos_real\mkrtos_sdk\Debug\libmkrtos_sdk.a(strlen.o)
 .debug_line    0x00001c45      0x1fb D:\Project\MyProject1\mkrtos_real\mkrtos_sdk\Debug\libmkrtos_sdk.a(strtol.o)
 .debug_line    0x00001e40      0x201 D:\Project\MyProject1\mkrtos_real\mkrtos_sdk\Debug\libmkrtos_sdk.a(strtoul.o)
 .debug_line    0x00002041       0xc2 D:\Project\MyProject1\mkrtos_real\mkrtos_sdk\Debug\libmkrtos_sdk.a(tcflush.o)
 .debug_line    0x00002103      0x149 D:\Project\MyProject1\mkrtos_real\mkrtos_sdk\Debug\libmkrtos_sdk.a(tcgetattr.o)
 .debug_line    0x0000224c      0x1ac D:\Project\MyProject1\mkrtos_real\mkrtos_sdk\Debug\libmkrtos_sdk.a(tcsetattr.o)
 .debug_line    0x000023f8     0x134d D:\Project\MyProject1\mkrtos_real\mkrtos_sdk\Debug\libmkrtos_sdk.a(dyn_syscalls.o)
 .debug_line    0x00003745       0x58 D:\Project\MyProject1\mkrtos_real\mkrtos_sdk\Debug\libmkrtos_sdk.a(start.o)
 .debug_line    0x0000379d      0x3b8 D:\Project\MyProject1\mkrtos_real\mkrtos_sdk\Debug\libmkrtos_sdk.a(stackgap-g.o)
 .debug_line    0x00003b55      0x17e D:\Project\MyProject1\mkrtos_real\mkrtos_sdk\Debug\libmkrtos_sdk.a(__ltostr.o)
 .debug_line    0x00003cd3       0x44 D:\Project\MyProject1\mkrtos_real\mkrtos_sdk\Debug\libmkrtos_sdk.a(errlistu.o)
 .debug_line    0x00003d17      0x167 D:\Project\MyProject1\mkrtos_real\mkrtos_sdk\Debug\libmkrtos_sdk.a(getenv.o)
 .debug_line    0x00003e7e      0x114 D:\Project\MyProject1\mkrtos_real\mkrtos_sdk\Debug\libmkrtos_sdk.a(isalnum.o)
 .debug_line    0x00003f92      0x10f D:\Project\MyProject1\mkrtos_real\mkrtos_sdk\Debug\libmkrtos_sdk.a(isspace.o)
 .debug_line    0x000040a1       0x6d D:\Project\MyProject1\mkrtos_real\mkrtos_sdk\Debug\libmkrtos_sdk.a(isxdigit.o)
 .debug_line    0x0000410e      0x134 D:\Project\MyProject1\mkrtos_real\mkrtos_sdk\Debug\libmkrtos_sdk.a(memcmp.o)
 .debug_line    0x00004242      0x1ee D:\Project\MyProject1\mkrtos_real\mkrtos_sdk\Debug\libmkrtos_sdk.a(memcpy.o)
 .debug_line    0x00004430      0x14c D:\Project\MyProject1\mkrtos_real\mkrtos_sdk\Debug\libmkrtos_sdk.a(memmove.o)
 .debug_line    0x0000457c      0x130 D:\Project\MyProject1\mkrtos_real\mkrtos_sdk\Debug\libmkrtos_sdk.a(memset.o)
 .debug_line    0x000046ac      0x1da D:\Project\MyProject1\mkrtos_real\mkrtos_sdk\Debug\libmkrtos_sdk.a(sigjmp.o)
 .debug_line    0x00004886      0x1cf D:\Project\MyProject1\mkrtos_real\mkrtos_sdk\Debug\libmkrtos_sdk.a(sigprocmask.o)
 .debug_line    0x00004a55      0x151 D:\Project\MyProject1\mkrtos_real\mkrtos_sdk\Debug\libmkrtos_sdk.a(strstr.o)
 .debug_line    0x00004ba6       0x5d D:\Project\MyProject1\mkrtos_real\mkrtos_sdk\Debug\libmkrtos_sdk.a(arm_set_tls.o)

.debug_str      0x00000000    0x120e1
 .debug_str     0x00000000      0x151 ./src/__main.o
                                0x1d5 (size before relaxing)
 .debug_str     0x00000151       0x19 ./src/heap_stack.o
                                0x13b (size before relaxing)
 .debug_str     0x0000016a       0xea ./src/receive.o
                                0x2a8 (size before relaxing)
 .debug_str     0x00000254       0x6c ./src/reloc.o
                                0x18e (size before relaxing)
 .debug_str     0x000002c0      0x16a ./src/serial.o
                                0x330 (size before relaxing)
 .debug_str     0x0000042a     0x52e1 D:\Project\MyProject1\mkrtos_real\mkrtos_sdk\Debug\libmkrtos_sdk.a(printf.o)
                               0x5387 (size before relaxing)
 .debug_str     0x0000570b       0x57 D:\Project\MyProject1\mkrtos_real\mkrtos_sdk\Debug\libmkrtos_sdk.a(vprintf.o)
                               0x5341 (size before relaxing)
 .debug_str     0x00005762      0xd8c D:\Project\MyProject1\mkrtos_real\mkrtos_sdk\Debug\libmkrtos_sdk.a(__v_printf.o)
                               0x610e (size before relaxing)
 .debug_str     0x000064ee       0x64 D:\Project\MyProject1\mkrtos_real\mkrtos_sdk\Debug\libmkrtos_sdk.a(atexit.o)
                               0x4676 (size before relaxing)
 .debug_str     0x00006552       0x2f D:\Project\MyProject1\mkrtos_real\mkrtos_sdk\Debug\libmkrtos_sdk.a(atol.o)
                               0x36f3 (size before relaxing)
 .debug_str     0x00006581      0x92a D:\Project\MyProject1\mkrtos_real\mkrtos_sdk\Debug\libmkrtos_sdk.a(cfsetispeed.o)
                               0x48ca (size before relaxing)
 .debug_str     0x00006eab       0xda D:\Project\MyProject1\mkrtos_real\mkrtos_sdk\Debug\libmkrtos_sdk.a(errno_location.o)
                               0x4a81 (size before relaxing)
 .debug_str     0x00006f85       0x85 D:\Project\MyProject1\mkrtos_real\mkrtos_sdk\Debug\libmkrtos_sdk.a(perror.o)
                               0x522c (size before relaxing)
 .debug_str     0x0000700a       0x44 D:\Project\MyProject1\mkrtos_real\mkrtos_sdk\Debug\libmkrtos_sdk.a(sleep.o)
                               0x46bb (size before relaxing)
 .debug_str     0x0000704e      0x59d D:\Project\MyProject1\mkrtos_real\mkrtos_sdk\Debug\libmkrtos_sdk.a(strlen.o)
                               0x3f0c (size before relaxing)
 .debug_str     0x000075eb      0x327 D:\Project\MyProject1\mkrtos_real\mkrtos_sdk\Debug\libmkrtos_sdk.a(strtol.o)
                               0x4304 (size before relaxing)
 .debug_str     0x00007912       0x3b D:\Project\MyProject1\mkrtos_real\mkrtos_sdk\Debug\libmkrtos_sdk.a(strtoul.o)
                               0x4088 (size before relaxing)
 .debug_str     0x0000794d      0xa78 D:\Project\MyProject1\mkrtos_real\mkrtos_sdk\Debug\libmkrtos_sdk.a(tcflush.o)
                               0x3253 (size before relaxing)
 .debug_str     0x000083c5       0x36 D:\Project\MyProject1\mkrtos_real\mkrtos_sdk\Debug\libmkrtos_sdk.a(tcgetattr.o)
                               0x49e5 (size before relaxing)
 .debug_str     0x000083fb       0x4a D:\Project\MyProject1\mkrtos_real\mkrtos_sdk\Debug\libmkrtos_sdk.a(tcsetattr.o)
                               0x52fd (size before relaxing)
 .debug_str     0x00008445     0x988a D:\Project\MyProject1\mkrtos_real\mkrtos_sdk\Debug\libmkrtos_sdk.a(stackgap-g.o)
                               0xe27d (size before relaxing)
 .debug_str     0x00011ccf       0x34 D:\Project\MyProject1\mkrtos_real\mkrtos_sdk\Debug\libmkrtos_sdk.a(__ltostr.o)
                               0x371a (size before relaxing)
 .debug_str     0x00011d03       0x24 D:\Project\MyProject1\mkrtos_real\mkrtos_sdk\Debug\libmkrtos_sdk.a(errlistu.o)
                               0x2491 (size before relaxing)
 .debug_str     0x00011d27       0x31 D:\Project\MyProject1\mkrtos_real\mkrtos_sdk\Debug\libmkrtos_sdk.a(getenv.o)
                               0x370d (size before relaxing)
 .debug_str     0x00011d58       0x2b D:\Project\MyProject1\mkrtos_real\mkrtos_sdk\Debug\libmkrtos_sdk.a(isalnum.o)
                               0x2810 (size before relaxing)
 .debug_str     0x00011d83       0x33 D:\Project\MyProject1\mkrtos_real\mkrtos_sdk\Debug\libmkrtos_sdk.a(isspace.o)
                               0x2818 (size before relaxing)
 .debug_str     0x00011db6       0x35 D:\Project\MyProject1\mkrtos_real\mkrtos_sdk\Debug\libmkrtos_sdk.a(isxdigit.o)
                               0x2482 (size before relaxing)
 .debug_str     0x00011deb       0x2f D:\Project\MyProject1\mkrtos_real\mkrtos_sdk\Debug\libmkrtos_sdk.a(memcmp.o)
                               0x3691 (size before relaxing)
 .debug_str     0x00011e1a      0x15b D:\Project\MyProject1\mkrtos_real\mkrtos_sdk\Debug\libmkrtos_sdk.a(memcpy.o)
                               0x3a3b (size before relaxing)
 .debug_str     0x00011f75       0x49 D:\Project\MyProject1\mkrtos_real\mkrtos_sdk\Debug\libmkrtos_sdk.a(memmove.o)
                               0x36b6 (size before relaxing)
 .debug_str     0x00011fbe       0x29 D:\Project\MyProject1\mkrtos_real\mkrtos_sdk\Debug\libmkrtos_sdk.a(memset.o)
                               0x3696 (size before relaxing)
 .debug_str     0x00011fe7       0x81 D:\Project\MyProject1\mkrtos_real\mkrtos_sdk\Debug\libmkrtos_sdk.a(sigjmp.o)
                               0x440e (size before relaxing)
 .debug_str     0x00012068       0x3a D:\Project\MyProject1\mkrtos_real\mkrtos_sdk\Debug\libmkrtos_sdk.a(sigprocmask.o)
                               0x435b (size before relaxing)
 .debug_str     0x000120a2       0x3f D:\Project\MyProject1\mkrtos_real\mkrtos_sdk\Debug\libmkrtos_sdk.a(strstr.o)
                               0x36a6 (size before relaxing)

.comment        0x00000000       0x70
 .comment       0x00000000       0x70 ./src/__main.o
                                 0x71 (size before relaxing)
 .comment       0x00000000       0x71 ./src/heap_stack.o
 .comment       0x00000000       0x71 ./src/receive.o
 .comment       0x00000000       0x71 ./src/reloc.o
 .comment       0x00000000       0x71 ./src/serial.o
 .comment       0x00000000       0x71 D:\Project\MyProject1\mkrtos_real\mkrtos_sdk\Debug\libmkrtos_sdk.a(printf.o)
 .comment       0x00000000       0x71 D:\Project\MyProject1\mkrtos_real\mkrtos_sdk\Debug\libmkrtos_sdk.a(vprintf.o)
 .comment       0x00000000       0x71 D:\Project\MyProject1\mkrtos_real\mkrtos_sdk\Debug\libmkrtos_sdk.a(__v_printf.o)
 .comment       0x00000000       0x71 D:\Project\MyProject1\mkrtos_real\mkrtos_sdk\Debug\libmkrtos_sdk.a(atexit.o)
 .comment       0x00000000       0x71 D:\Project\MyProject1\mkrtos_real\mkrtos_sdk\Debug\libmkrtos_sdk.a(atol.o)
 .comment       0x00000000       0x71 D:\Project\MyProject1\mkrtos_real\mkrtos_sdk\Debug\libmkrtos_sdk.a(cfsetispeed.o)
 .comment       0x00000000       0x71 D:\Project\MyProject1\mkrtos_real\mkrtos_sdk\Debug\libmkrtos_sdk.a(errno_location.o)
 .comment       0x00000000       0x71 D:\Project\MyProject1\mkrtos_real\mkrtos_sdk\Debug\libmkrtos_sdk.a(perror.o)
 .comment       0x00000000       0x71 D:\Project\MyProject1\mkrtos_real\mkrtos_sdk\Debug\libmkrtos_sdk.a(sleep.o)
 .comment       0x00000000       0x71 D:\Project\MyProject1\mkrtos_real\mkrtos_sdk\Debug\libmkrtos_sdk.a(strlen.o)
 .comment       0x00000000       0x71 D:\Project\MyProject1\mkrtos_real\mkrtos_sdk\Debug\libmkrtos_sdk.a(strtol.o)
 .comment       0x00000000       0x71 D:\Project\MyProject1\mkrtos_real\mkrtos_sdk\Debug\libmkrtos_sdk.a(strtoul.o)
 .comment       0x00000000       0x71 D:\Project\MyProject1\mkrtos_real\mkrtos_sdk\Debug\libmkrtos_sdk.a(tcflush.o)
 .comment       0x00000000       0x71 D:\Project\MyProject1\mkrtos_real\mkrtos_sdk\Debug\libmkrtos_sdk.a(tcgetattr.o)
 .comment       0x00000000       0x71 D:\Project\MyProject1\mkrtos_real\mkrtos_sdk\Debug\libmkrtos_sdk.a(tcsetattr.o)
 .comment       0x00000000       0x71 D:\Project\MyProject1\mkrtos_real\mkrtos_sdk\Debug\libmkrtos_sdk.a(stackgap-g.o)
 .comment       0x00000000       0x71 D:\Project\MyProject1\mkrtos_real\mkrtos_sdk\Debug\libmkrtos_sdk.a(__ltostr.o)
 .comment       0x00000000       0x71 D:\Project\MyProject1\mkrtos_real\mkrtos_sdk\Debug\libmkrtos_sdk.a(errlistu.o)
 .comment       0x00000000       0x71 D:\Project\MyProject1\mkrtos_real\mkrtos_sdk\Debug\libmkrtos_sdk.a(getenv.o)
 .comment       0x00000000       0x71 D:\Project\MyProject1\mkrtos_real\mkrtos_sdk\Debug\libmkrtos_sdk.a(isalnum.o)
 .comment       0x00000000       0x71 D:\Project\MyProject1\mkrtos_real\mkrtos_sdk\Debug\libmkrtos_sdk.a(isspace.o)
 .comment       0x00000000       0x71 D:\Project\MyProject1\mkrtos_real\mkrtos_sdk\Debug\libmkrtos_sdk.a(isxdigit.o)
 .comment       0x00000000       0x71 D:\Project\MyProject1\mkrtos_real\mkrtos_sdk\Debug\libmkrtos_sdk.a(memcmp.o)
 .comment       0x00000000       0x71 D:\Project\MyProject1\mkrtos_real\mkrtos_sdk\Debug\libmkrtos_sdk.a(memcpy.o)
 .comment       0x00000000       0x71 D:\Project\MyProject1\mkrtos_real\mkrtos_sdk\Debug\libmkrtos_sdk.a(memmove.o)
 .comment       0x00000000       0x71 D:\Project\MyProject1\mkrtos_real\mkrtos_sdk\Debug\libmkrtos_sdk.a(memset.o)
 .comment       0x00000000       0x71 D:\Project\MyProject1\mkrtos_real\mkrtos_sdk\Debug\libmkrtos_sdk.a(sigjmp.o)
 .comment       0x00000000       0x71 D:\Project\MyProject1\mkrtos_real\mkrtos_sdk\Debug\libmkrtos_sdk.a(sigprocmask.o)
 .comment       0x00000000       0x71 D:\Project\MyProject1\mkrtos_real\mkrtos_sdk\Debug\libmkrtos_sdk.a(strstr.o)

.ARM.attributes
                0x00000000       0x31
 .ARM.attributes
                0x00000000       0x33 ./src/__main.o
 .ARM.attributes
                0x00000033       0x33 ./src/heap_stack.o
 .ARM.attributes
                0x00000066       0x33 ./src/receive.o
 .ARM.attributes
                0x00000099       0x33 ./src/reloc.o
 .ARM.attributes
                0x000000cc       0x33 ./src/serial.o
 .ARM.attributes
                0x000000ff       0x21 ./src/start.o
 .ARM.attributes
                0x00000120       0x33 D:\Project\MyProject1\mkrtos_real\mkrtos_sdk\Debug\libmkrtos_sdk.a(printf.o)
 .ARM.attributes
                0x00000153       0x33 D:\Project\MyProject1\mkrtos_real\mkrtos_sdk\Debug\libmkrtos_sdk.a(vprintf.o)
 .ARM.attributes
                0x00000186       0x33 D:\Project\MyProject1\mkrtos_real\mkrtos_sdk\Debug\libmkrtos_sdk.a(__v_printf.o)
 .ARM.attributes
                0x000001b9       0x33 D:\Project\MyProject1\mkrtos_real\mkrtos_sdk\Debug\libmkrtos_sdk.a(atexit.o)
 .ARM.attributes
                0x000001ec       0x33 D:\Project\MyProject1\mkrtos_real\mkrtos_sdk\Debug\libmkrtos_sdk.a(atol.o)
 .ARM.attributes
                0x0000021f       0x33 D:\Project\MyProject1\mkrtos_real\mkrtos_sdk\Debug\libmkrtos_sdk.a(cfsetispeed.o)
 .ARM.attributes
                0x00000252       0x33 D:\Project\MyProject1\mkrtos_real\mkrtos_sdk\Debug\libmkrtos_sdk.a(errno_location.o)
 .ARM.attributes
                0x00000285       0x33 D:\Project\MyProject1\mkrtos_real\mkrtos_sdk\Debug\libmkrtos_sdk.a(perror.o)
 .ARM.attributes
                0x000002b8       0x33 D:\Project\MyProject1\mkrtos_real\mkrtos_sdk\Debug\libmkrtos_sdk.a(sleep.o)
 .ARM.attributes
                0x000002eb       0x33 D:\Project\MyProject1\mkrtos_real\mkrtos_sdk\Debug\libmkrtos_sdk.a(strlen.o)
 .ARM.attributes
                0x0000031e       0x33 D:\Project\MyProject1\mkrtos_real\mkrtos_sdk\Debug\libmkrtos_sdk.a(strtol.o)
 .ARM.attributes
                0x00000351       0x33 D:\Project\MyProject1\mkrtos_real\mkrtos_sdk\Debug\libmkrtos_sdk.a(strtoul.o)
 .ARM.attributes
                0x00000384       0x33 D:\Project\MyProject1\mkrtos_real\mkrtos_sdk\Debug\libmkrtos_sdk.a(tcflush.o)
 .ARM.attributes
                0x000003b7       0x33 D:\Project\MyProject1\mkrtos_real\mkrtos_sdk\Debug\libmkrtos_sdk.a(tcgetattr.o)
 .ARM.attributes
                0x000003ea       0x33 D:\Project\MyProject1\mkrtos_real\mkrtos_sdk\Debug\libmkrtos_sdk.a(tcsetattr.o)
 .ARM.attributes
                0x0000041d       0x21 D:\Project\MyProject1\mkrtos_real\mkrtos_sdk\Debug\libmkrtos_sdk.a(dyn_syscalls.o)
 .ARM.attributes
                0x0000043e       0x21 D:\Project\MyProject1\mkrtos_real\mkrtos_sdk\Debug\libmkrtos_sdk.a(start.o)
 .ARM.attributes
                0x0000045f       0x33 D:\Project\MyProject1\mkrtos_real\mkrtos_sdk\Debug\libmkrtos_sdk.a(stackgap-g.o)
 .ARM.attributes
                0x00000492       0x33 D:\Project\MyProject1\mkrtos_real\mkrtos_sdk\Debug\libmkrtos_sdk.a(__ltostr.o)
 .ARM.attributes
                0x000004c5       0x33 D:\Project\MyProject1\mkrtos_real\mkrtos_sdk\Debug\libmkrtos_sdk.a(errlistu.o)
 .ARM.attributes
                0x000004f8       0x33 D:\Project\MyProject1\mkrtos_real\mkrtos_sdk\Debug\libmkrtos_sdk.a(getenv.o)
 .ARM.attributes
                0x0000052b       0x33 D:\Project\MyProject1\mkrtos_real\mkrtos_sdk\Debug\libmkrtos_sdk.a(isalnum.o)
 .ARM.attributes
                0x0000055e       0x33 D:\Project\MyProject1\mkrtos_real\mkrtos_sdk\Debug\libmkrtos_sdk.a(isspace.o)
 .ARM.attributes
                0x00000591       0x33 D:\Project\MyProject1\mkrtos_real\mkrtos_sdk\Debug\libmkrtos_sdk.a(isxdigit.o)
 .ARM.attributes
                0x000005c4       0x33 D:\Project\MyProject1\mkrtos_real\mkrtos_sdk\Debug\libmkrtos_sdk.a(memcmp.o)
 .ARM.attributes
                0x000005f7       0x33 D:\Project\MyProject1\mkrtos_real\mkrtos_sdk\Debug\libmkrtos_sdk.a(memcpy.o)
 .ARM.attributes
                0x0000062a       0x33 D:\Project\MyProject1\mkrtos_real\mkrtos_sdk\Debug\libmkrtos_sdk.a(memmove.o)
 .ARM.attributes
                0x0000065d       0x33 D:\Project\MyProject1\mkrtos_real\mkrtos_sdk\Debug\libmkrtos_sdk.a(memset.o)
 .ARM.attributes
                0x00000690       0x33 D:\Project\MyProject1\mkrtos_real\mkrtos_sdk\Debug\libmkrtos_sdk.a(sigjmp.o)
 .ARM.attributes
                0x000006c3       0x33 D:\Project\MyProject1\mkrtos_real\mkrtos_sdk\Debug\libmkrtos_sdk.a(sigprocmask.o)
 .ARM.attributes
                0x000006f6       0x33 D:\Project\MyProject1\mkrtos_real\mkrtos_sdk\Debug\libmkrtos_sdk.a(strstr.o)
 .ARM.attributes
                0x00000729       0x21 D:\Project\MyProject1\mkrtos_real\mkrtos_sdk\Debug\libmkrtos_sdk.a(arm_set_tls.o)

.debug_frame    0x00000000      0x94c
 .debug_frame   0x00000000       0x30 ./src/__main.o
 .debug_frame   0x00000030       0xa8 ./src/receive.o
 .debug_frame   0x000000d8       0x38 ./src/reloc.o
 .debug_frame   0x00000110      0x10c ./src/serial.o
 .debug_frame   0x0000021c       0x4c D:\Project\MyProject1\mkrtos_real\mkrtos_sdk\Debug\libmkrtos_sdk.a(printf.o)
 .debug_frame   0x00000268       0x58 D:\Project\MyProject1\mkrtos_real\mkrtos_sdk\Debug\libmkrtos_sdk.a(vprintf.o)
 .debug_frame   0x000002c0       0x84 D:\Project\MyProject1\mkrtos_real\mkrtos_sdk\Debug\libmkrtos_sdk.a(__v_printf.o)
 .debug_frame   0x00000344       0x58 D:\Project\MyProject1\mkrtos_real\mkrtos_sdk\Debug\libmkrtos_sdk.a(atexit.o)
 .debug_frame   0x0000039c       0x38 D:\Project\MyProject1\mkrtos_real\mkrtos_sdk\Debug\libmkrtos_sdk.a(atol.o)
 .debug_frame   0x000003d4       0x34 D:\Project\MyProject1\mkrtos_real\mkrtos_sdk\Debug\libmkrtos_sdk.a(cfsetispeed.o)
 .debug_frame   0x00000408       0x30 D:\Project\MyProject1\mkrtos_real\mkrtos_sdk\Debug\libmkrtos_sdk.a(errno_location.o)
 .debug_frame   0x00000438       0x38 D:\Project\MyProject1\mkrtos_real\mkrtos_sdk\Debug\libmkrtos_sdk.a(perror.o)
 .debug_frame   0x00000470       0x34 D:\Project\MyProject1\mkrtos_real\mkrtos_sdk\Debug\libmkrtos_sdk.a(sleep.o)
 .debug_frame   0x000004a4       0x3c D:\Project\MyProject1\mkrtos_real\mkrtos_sdk\Debug\libmkrtos_sdk.a(strlen.o)
 .debug_frame   0x000004e0       0x34 D:\Project\MyProject1\mkrtos_real\mkrtos_sdk\Debug\libmkrtos_sdk.a(strtol.o)
 .debug_frame   0x00000514       0x38 D:\Project\MyProject1\mkrtos_real\mkrtos_sdk\Debug\libmkrtos_sdk.a(strtoul.o)
 .debug_frame   0x0000054c       0x34 D:\Project\MyProject1\mkrtos_real\mkrtos_sdk\Debug\libmkrtos_sdk.a(tcflush.o)
 .debug_frame   0x00000580       0x34 D:\Project\MyProject1\mkrtos_real\mkrtos_sdk\Debug\libmkrtos_sdk.a(tcgetattr.o)
 .debug_frame   0x000005b4       0x34 D:\Project\MyProject1\mkrtos_real\mkrtos_sdk\Debug\libmkrtos_sdk.a(tcsetattr.o)
 .debug_frame   0x000005e8       0xd0 D:\Project\MyProject1\mkrtos_real\mkrtos_sdk\Debug\libmkrtos_sdk.a(stackgap-g.o)
 .debug_frame   0x000006b8       0x34 D:\Project\MyProject1\mkrtos_real\mkrtos_sdk\Debug\libmkrtos_sdk.a(__ltostr.o)
 .debug_frame   0x000006ec       0x34 D:\Project\MyProject1\mkrtos_real\mkrtos_sdk\Debug\libmkrtos_sdk.a(getenv.o)
 .debug_frame   0x00000720       0x38 D:\Project\MyProject1\mkrtos_real\mkrtos_sdk\Debug\libmkrtos_sdk.a(isalnum.o)
 .debug_frame   0x00000758       0x38 D:\Project\MyProject1\mkrtos_real\mkrtos_sdk\Debug\libmkrtos_sdk.a(isspace.o)
 .debug_frame   0x00000790       0x38 D:\Project\MyProject1\mkrtos_real\mkrtos_sdk\Debug\libmkrtos_sdk.a(isxdigit.o)
 .debug_frame   0x000007c8       0x40 D:\Project\MyProject1\mkrtos_real\mkrtos_sdk\Debug\libmkrtos_sdk.a(memcmp.o)
 .debug_frame   0x00000808       0x38 D:\Project\MyProject1\mkrtos_real\mkrtos_sdk\Debug\libmkrtos_sdk.a(memcpy.o)
 .debug_frame   0x00000840       0x38 D:\Project\MyProject1\mkrtos_real\mkrtos_sdk\Debug\libmkrtos_sdk.a(memmove.o)
 .debug_frame   0x00000878       0x38 D:\Project\MyProject1\mkrtos_real\mkrtos_sdk\Debug\libmkrtos_sdk.a(memset.o)
 .debug_frame   0x000008b0       0x34 D:\Project\MyProject1\mkrtos_real\mkrtos_sdk\Debug\libmkrtos_sdk.a(sigjmp.o)
 .debug_frame   0x000008e4       0x34 D:\Project\MyProject1\mkrtos_real\mkrtos_sdk\Debug\libmkrtos_sdk.a(sigprocmask.o)
 .debug_frame   0x00000918       0x34 D:\Project\MyProject1\mkrtos_real\mkrtos_sdk\Debug\libmkrtos_sdk.a(strstr.o)

.debug_macro    0x00000000     0x72fd
 .debug_macro   0x00000000      0x12e D:\Project\MyProject1\mkrtos_real\mkrtos_sdk\Debug\libmkrtos_sdk.a(printf.o)
 .debug_macro   0x0000012e      0x862 D:\Project\MyProject1\mkrtos_real\mkrtos_sdk\Debug\libmkrtos_sdk.a(printf.o)
 .debug_macro   0x00000990       0xa8 D:\Project\MyProject1\mkrtos_real\mkrtos_sdk\Debug\libmkrtos_sdk.a(printf.o)
 .debug_macro   0x00000a38       0x40 D:\Project\MyProject1\mkrtos_real\mkrtos_sdk\Debug\libmkrtos_sdk.a(printf.o)
 .debug_macro   0x00000a78       0x22 D:\Project\MyProject1\mkrtos_real\mkrtos_sdk\Debug\libmkrtos_sdk.a(printf.o)
 .debug_macro   0x00000a9a      0x3fc D:\Project\MyProject1\mkrtos_real\mkrtos_sdk\Debug\libmkrtos_sdk.a(printf.o)
 .debug_macro   0x00000e96       0x22 D:\Project\MyProject1\mkrtos_real\mkrtos_sdk\Debug\libmkrtos_sdk.a(printf.o)
 .debug_macro   0x00000eb8       0x17 D:\Project\MyProject1\mkrtos_real\mkrtos_sdk\Debug\libmkrtos_sdk.a(printf.o)
 .debug_macro   0x00000ecf       0x10 D:\Project\MyProject1\mkrtos_real\mkrtos_sdk\Debug\libmkrtos_sdk.a(printf.o)
 .debug_macro   0x00000edf      0x379 D:\Project\MyProject1\mkrtos_real\mkrtos_sdk\Debug\libmkrtos_sdk.a(printf.o)
 .debug_macro   0x00001258       0x16 D:\Project\MyProject1\mkrtos_real\mkrtos_sdk\Debug\libmkrtos_sdk.a(printf.o)
 .debug_macro   0x0000126e       0x3a D:\Project\MyProject1\mkrtos_real\mkrtos_sdk\Debug\libmkrtos_sdk.a(printf.o)
 .debug_macro   0x000012a8       0xee D:\Project\MyProject1\mkrtos_real\mkrtos_sdk\Debug\libmkrtos_sdk.a(printf.o)
 .debug_macro   0x00001396       0x10 D:\Project\MyProject1\mkrtos_real\mkrtos_sdk\Debug\libmkrtos_sdk.a(printf.o)
 .debug_macro   0x000013a6       0x1c D:\Project\MyProject1\mkrtos_real\mkrtos_sdk\Debug\libmkrtos_sdk.a(printf.o)
 .debug_macro   0x000013c2       0xc2 D:\Project\MyProject1\mkrtos_real\mkrtos_sdk\Debug\libmkrtos_sdk.a(printf.o)
 .debug_macro   0x00001484       0x40 D:\Project\MyProject1\mkrtos_real\mkrtos_sdk\Debug\libmkrtos_sdk.a(printf.o)
 .debug_macro   0x000014c4       0x1c D:\Project\MyProject1\mkrtos_real\mkrtos_sdk\Debug\libmkrtos_sdk.a(printf.o)
 .debug_macro   0x000014e0       0x26 D:\Project\MyProject1\mkrtos_real\mkrtos_sdk\Debug\libmkrtos_sdk.a(printf.o)
 .debug_macro   0x00001506       0xd1 D:\Project\MyProject1\mkrtos_real\mkrtos_sdk\Debug\libmkrtos_sdk.a(printf.o)
 .debug_macro   0x000015d7       0x58 D:\Project\MyProject1\mkrtos_real\mkrtos_sdk\Debug\libmkrtos_sdk.a(printf.o)
 .debug_macro   0x0000162f       0x9c D:\Project\MyProject1\mkrtos_real\mkrtos_sdk\Debug\libmkrtos_sdk.a(printf.o)
 .debug_macro   0x000016cb      0x116 D:\Project\MyProject1\mkrtos_real\mkrtos_sdk\Debug\libmkrtos_sdk.a(vprintf.o)
 .debug_macro   0x000017e1      0x16c D:\Project\MyProject1\mkrtos_real\mkrtos_sdk\Debug\libmkrtos_sdk.a(__v_printf.o)
 .debug_macro   0x0000194d      0x3c9 D:\Project\MyProject1\mkrtos_real\mkrtos_sdk\Debug\libmkrtos_sdk.a(__v_printf.o)
 .debug_macro   0x00001d16       0xb2 D:\Project\MyProject1\mkrtos_real\mkrtos_sdk\Debug\libmkrtos_sdk.a(__v_printf.o)
 .debug_macro   0x00001dc8       0x3a D:\Project\MyProject1\mkrtos_real\mkrtos_sdk\Debug\libmkrtos_sdk.a(__v_printf.o)
 .debug_macro   0x00001e02       0xe0 D:\Project\MyProject1\mkrtos_real\mkrtos_sdk\Debug\libmkrtos_sdk.a(atexit.o)
 .debug_macro   0x00001ee2      0x3f6 D:\Project\MyProject1\mkrtos_real\mkrtos_sdk\Debug\libmkrtos_sdk.a(atexit.o)
 .debug_macro   0x000022d8       0x66 D:\Project\MyProject1\mkrtos_real\mkrtos_sdk\Debug\libmkrtos_sdk.a(atol.o)
 .debug_macro   0x0000233e       0x71 D:\Project\MyProject1\mkrtos_real\mkrtos_sdk\Debug\libmkrtos_sdk.a(cfsetispeed.o)
 .debug_macro   0x000023af      0x489 D:\Project\MyProject1\mkrtos_real\mkrtos_sdk\Debug\libmkrtos_sdk.a(cfsetispeed.o)
 .debug_macro   0x00002838       0xd4 D:\Project\MyProject1\mkrtos_real\mkrtos_sdk\Debug\libmkrtos_sdk.a(errno_location.o)
 .debug_macro   0x0000290c       0x22 D:\Project\MyProject1\mkrtos_real\mkrtos_sdk\Debug\libmkrtos_sdk.a(errno_location.o)
 .debug_macro   0x0000292e       0x1d D:\Project\MyProject1\mkrtos_real\mkrtos_sdk\Debug\libmkrtos_sdk.a(errno_location.o)
 .debug_macro   0x0000294b       0x16 D:\Project\MyProject1\mkrtos_real\mkrtos_sdk\Debug\libmkrtos_sdk.a(errno_location.o)
 .debug_macro   0x00002961       0xfe D:\Project\MyProject1\mkrtos_real\mkrtos_sdk\Debug\libmkrtos_sdk.a(perror.o)
 .debug_macro   0x00002a5f       0x28 D:\Project\MyProject1\mkrtos_real\mkrtos_sdk\Debug\libmkrtos_sdk.a(perror.o)
 .debug_macro   0x00002a87       0x96 D:\Project\MyProject1\mkrtos_real\mkrtos_sdk\Debug\libmkrtos_sdk.a(perror.o)
 .debug_macro   0x00002b1d       0xcb D:\Project\MyProject1\mkrtos_real\mkrtos_sdk\Debug\libmkrtos_sdk.a(sleep.o)
 .debug_macro   0x00002be8       0x66 D:\Project\MyProject1\mkrtos_real\mkrtos_sdk\Debug\libmkrtos_sdk.a(strlen.o)
 .debug_macro   0x00002c4e      0x17e D:\Project\MyProject1\mkrtos_real\mkrtos_sdk\Debug\libmkrtos_sdk.a(strlen.o)
 .debug_macro   0x00002dcc       0x8d D:\Project\MyProject1\mkrtos_real\mkrtos_sdk\Debug\libmkrtos_sdk.a(strtol.o)
 .debug_macro   0x00002e59       0xe8 D:\Project\MyProject1\mkrtos_real\mkrtos_sdk\Debug\libmkrtos_sdk.a(strtol.o)
 .debug_macro   0x00002f41       0x7e D:\Project\MyProject1\mkrtos_real\mkrtos_sdk\Debug\libmkrtos_sdk.a(strtoul.o)
 .debug_macro   0x00002fbf       0xee D:\Project\MyProject1\mkrtos_real\mkrtos_sdk\Debug\libmkrtos_sdk.a(strtoul.o)
 .debug_macro   0x000030ad       0x32 D:\Project\MyProject1\mkrtos_real\mkrtos_sdk\Debug\libmkrtos_sdk.a(tcflush.o)
 .debug_macro   0x000030df      0x279 D:\Project\MyProject1\mkrtos_real\mkrtos_sdk\Debug\libmkrtos_sdk.a(tcflush.o)
 .debug_macro   0x00003358       0x1c D:\Project\MyProject1\mkrtos_real\mkrtos_sdk\Debug\libmkrtos_sdk.a(tcflush.o)
 .debug_macro   0x00003374       0x71 D:\Project\MyProject1\mkrtos_real\mkrtos_sdk\Debug\libmkrtos_sdk.a(tcgetattr.o)
 .debug_macro   0x000033e5       0x89 D:\Project\MyProject1\mkrtos_real\mkrtos_sdk\Debug\libmkrtos_sdk.a(tcsetattr.o)
 .debug_macro   0x0000346e      0x146 D:\Project\MyProject1\mkrtos_real\mkrtos_sdk\Debug\libmkrtos_sdk.a(stackgap-g.o)
 .debug_macro   0x000035b4      0x10d D:\Project\MyProject1\mkrtos_real\mkrtos_sdk\Debug\libmkrtos_sdk.a(stackgap-g.o)
 .debug_macro   0x000036c1      0x8f5 D:\Project\MyProject1\mkrtos_real\mkrtos_sdk\Debug\libmkrtos_sdk.a(stackgap-g.o)
 .debug_macro   0x00003fb6      0x1f4 D:\Project\MyProject1\mkrtos_real\mkrtos_sdk\Debug\libmkrtos_sdk.a(stackgap-g.o)
 .debug_macro   0x000041aa     0x28f6 D:\Project\MyProject1\mkrtos_real\mkrtos_sdk\Debug\libmkrtos_sdk.a(stackgap-g.o)
 .debug_macro   0x00006aa0       0x22 D:\Project\MyProject1\mkrtos_real\mkrtos_sdk\Debug\libmkrtos_sdk.a(stackgap-g.o)
 .debug_macro   0x00006ac2       0x72 D:\Project\MyProject1\mkrtos_real\mkrtos_sdk\Debug\libmkrtos_sdk.a(__ltostr.o)
 .debug_macro   0x00006b34       0x11 D:\Project\MyProject1\mkrtos_real\mkrtos_sdk\Debug\libmkrtos_sdk.a(errlistu.o)
 .debug_macro   0x00006b45       0x6b D:\Project\MyProject1\mkrtos_real\mkrtos_sdk\Debug\libmkrtos_sdk.a(getenv.o)
 .debug_macro   0x00006bb0       0x24 D:\Project\MyProject1\mkrtos_real\mkrtos_sdk\Debug\libmkrtos_sdk.a(isalnum.o)
 .debug_macro   0x00006bd4       0x24 D:\Project\MyProject1\mkrtos_real\mkrtos_sdk\Debug\libmkrtos_sdk.a(isspace.o)
 .debug_macro   0x00006bf8       0x11 D:\Project\MyProject1\mkrtos_real\mkrtos_sdk\Debug\libmkrtos_sdk.a(isxdigit.o)
 .debug_macro   0x00006c09       0x53 D:\Project\MyProject1\mkrtos_real\mkrtos_sdk\Debug\libmkrtos_sdk.a(memcmp.o)
 .debug_macro   0x00006c5c       0x6c D:\Project\MyProject1\mkrtos_real\mkrtos_sdk\Debug\libmkrtos_sdk.a(memcpy.o)
 .debug_macro   0x00006cc8       0x28 D:\Project\MyProject1\mkrtos_real\mkrtos_sdk\Debug\libmkrtos_sdk.a(memcpy.o)
 .debug_macro   0x00006cf0       0x5f D:\Project\MyProject1\mkrtos_real\mkrtos_sdk\Debug\libmkrtos_sdk.a(memmove.o)
 .debug_macro   0x00006d4f       0x53 D:\Project\MyProject1\mkrtos_real\mkrtos_sdk\Debug\libmkrtos_sdk.a(memset.o)
 .debug_macro   0x00006da2       0xc1 D:\Project\MyProject1\mkrtos_real\mkrtos_sdk\Debug\libmkrtos_sdk.a(sigjmp.o)
 .debug_macro   0x00006e63       0x10 D:\Project\MyProject1\mkrtos_real\mkrtos_sdk\Debug\libmkrtos_sdk.a(sigjmp.o)
 .debug_macro   0x00006e73      0x36d D:\Project\MyProject1\mkrtos_real\mkrtos_sdk\Debug\libmkrtos_sdk.a(sigjmp.o)
 .debug_macro   0x000071e0       0x19 D:\Project\MyProject1\mkrtos_real\mkrtos_sdk\Debug\libmkrtos_sdk.a(sigjmp.o)
 .debug_macro   0x000071f9       0xb1 D:\Project\MyProject1\mkrtos_real\mkrtos_sdk\Debug\libmkrtos_sdk.a(sigprocmask.o)
 .debug_macro   0x000072aa       0x53 D:\Project\MyProject1\mkrtos_real\mkrtos_sdk\Debug\libmkrtos_sdk.a(strstr.o)

Cross Reference Table

Symbol                                            File
_DYNAMIC                                          ./src/__main.o
_GLOBAL_OFFSET_TABLE_                             ./src/__main.o
__app_start_addr__                                ./src/__main.o
__arm_set_tls                                     D:\Project\MyProject1\mkrtos_real\mkrtos_sdk\Debug\libmkrtos_sdk.a(arm_set_tls.o)
                                                  D:\Project\MyProject1\mkrtos_real\mkrtos_sdk\Debug\libmkrtos_sdk.a(stackgap-g.o)
__bss_end__                                       ./src/start.o
__bss_start__                                     ./src/start.o
__clone                                           D:\Project\MyProject1\mkrtos_real\mkrtos_sdk\Debug\libmkrtos_sdk.a(dyn_syscalls.o)
__data_end__                                      ./src/start.o
__data_start__                                    ./src/start.o
__diet_brk                                        D:\Project\MyProject1\mkrtos_real\mkrtos_sdk\Debug\libmkrtos_sdk.a(dyn_syscalls.o)
__diet_ptrace                                     D:\Project\MyProject1\mkrtos_real\mkrtos_sdk\Debug\libmkrtos_sdk.a(dyn_syscalls.o)
__dietlibc_fcntl64                                D:\Project\MyProject1\mkrtos_real\mkrtos_sdk\Debug\libmkrtos_sdk.a(dyn_syscalls.o)
__dietlibc_fstat64                                D:\Project\MyProject1\mkrtos_real\mkrtos_sdk\Debug\libmkrtos_sdk.a(dyn_syscalls.o)
__dietlibc_fstatfs64                              D:\Project\MyProject1\mkrtos_real\mkrtos_sdk\Debug\libmkrtos_sdk.a(dyn_syscalls.o)
__dietlibc_ftruncate64                            D:\Project\MyProject1\mkrtos_real\mkrtos_sdk\Debug\libmkrtos_sdk.a(dyn_syscalls.o)
__dietlibc_ftruncate64_syscall                    D:\Project\MyProject1\mkrtos_real\mkrtos_sdk\Debug\libmkrtos_sdk.a(dyn_syscalls.o)
__dietlibc_lstat64                                D:\Project\MyProject1\mkrtos_real\mkrtos_sdk\Debug\libmkrtos_sdk.a(dyn_syscalls.o)
__dietlibc_sendfile64                             D:\Project\MyProject1\mkrtos_real\mkrtos_sdk\Debug\libmkrtos_sdk.a(dyn_syscalls.o)
__dietlibc_stat64                                 D:\Project\MyProject1\mkrtos_real\mkrtos_sdk\Debug\libmkrtos_sdk.a(dyn_syscalls.o)
__dietlibc_statfs64                               D:\Project\MyProject1\mkrtos_real\mkrtos_sdk\Debug\libmkrtos_sdk.a(dyn_syscalls.o)
__dietlibc_truncate64                             D:\Project\MyProject1\mkrtos_real\mkrtos_sdk\Debug\libmkrtos_sdk.a(dyn_syscalls.o)
__dietlibc_truncate64_syscall                     D:\Project\MyProject1\mkrtos_real\mkrtos_sdk\Debug\libmkrtos_sdk.a(dyn_syscalls.o)
__environ                                         D:\Project\MyProject1\mkrtos_real\mkrtos_sdk\Debug\libmkrtos_sdk.a(dyn_syscalls.o)
__errno_location                                  D:\Project\MyProject1\mkrtos_real\mkrtos_sdk\Debug\libmkrtos_sdk.a(errno_location.o)
                                                  D:\Project\MyProject1\mkrtos_real\mkrtos_sdk\Debug\libmkrtos_sdk.a(dyn_syscalls.o)
                                                  D:\Project\MyProject1\mkrtos_real\mkrtos_sdk\Debug\libmkrtos_sdk.a(tcsetattr.o)
                                                  D:\Project\MyProject1\mkrtos_real\mkrtos_sdk\Debug\libmkrtos_sdk.a(strtoul.o)
                                                  D:\Project\MyProject1\mkrtos_real\mkrtos_sdk\Debug\libmkrtos_sdk.a(strtol.o)
                                                  D:\Project\MyProject1\mkrtos_real\mkrtos_sdk\Debug\libmkrtos_sdk.a(cfsetispeed.o)
                                                  ./src/serial.o
__exit                                            D:\Project\MyProject1\mkrtos_real\mkrtos_sdk\Debug\libmkrtos_sdk.a(dyn_syscalls.o)
__fflush_stderr                                   D:\Project\MyProject1\mkrtos_real\mkrtos_sdk\Debug\libmkrtos_sdk.a(dyn_syscalls.o)
__fflush_stdin                                    D:\Project\MyProject1\mkrtos_real\mkrtos_sdk\Debug\libmkrtos_sdk.a(dyn_syscalls.o)
__fflush_stdout                                   D:\Project\MyProject1\mkrtos_real\mkrtos_sdk\Debug\libmkrtos_sdk.a(dyn_syscalls.o)
__got_end__                                       ./src/reloc.o
__got_start__                                     ./src/reloc.o
__guard                                           D:\Project\MyProject1\mkrtos_real\mkrtos_sdk\Debug\libmkrtos_sdk.a(dyn_syscalls.o)
                                                  D:\Project\MyProject1\mkrtos_real\mkrtos_sdk\Debug\libmkrtos_sdk.a(stackgap-g.o)
__heap_size__                                     ./src/start.o
__heap_start__                                    ./src/start.o
__isspace_ascii                                   D:\Project\MyProject1\mkrtos_real\mkrtos_sdk\Debug\libmkrtos_sdk.a(isspace.o)
__isxdigit_ascii                                  D:\Project\MyProject1\mkrtos_real\mkrtos_sdk\Debug\libmkrtos_sdk.a(isxdigit.o)
__libc_chown32                                    D:\Project\MyProject1\mkrtos_real\mkrtos_sdk\Debug\libmkrtos_sdk.a(dyn_syscalls.o)
__libc_close                                      D:\Project\MyProject1\mkrtos_real\mkrtos_sdk\Debug\libmkrtos_sdk.a(dyn_syscalls.o)
__libc_exit                                       D:\Project\MyProject1\mkrtos_real\mkrtos_sdk\Debug\libmkrtos_sdk.a(atexit.o)
__libc_fchown32                                   D:\Project\MyProject1\mkrtos_real\mkrtos_sdk\Debug\libmkrtos_sdk.a(dyn_syscalls.o)
__libc_fcntl                                      D:\Project\MyProject1\mkrtos_real\mkrtos_sdk\Debug\libmkrtos_sdk.a(dyn_syscalls.o)
__libc_fork                                       D:\Project\MyProject1\mkrtos_real\mkrtos_sdk\Debug\libmkrtos_sdk.a(dyn_syscalls.o)
__libc_fsync                                      D:\Project\MyProject1\mkrtos_real\mkrtos_sdk\Debug\libmkrtos_sdk.a(dyn_syscalls.o)
__libc_getegid32                                  D:\Project\MyProject1\mkrtos_real\mkrtos_sdk\Debug\libmkrtos_sdk.a(dyn_syscalls.o)
__libc_geteuid32                                  D:\Project\MyProject1\mkrtos_real\mkrtos_sdk\Debug\libmkrtos_sdk.a(dyn_syscalls.o)
__libc_getgid32                                   D:\Project\MyProject1\mkrtos_real\mkrtos_sdk\Debug\libmkrtos_sdk.a(dyn_syscalls.o)
__libc_getgroups32                                D:\Project\MyProject1\mkrtos_real\mkrtos_sdk\Debug\libmkrtos_sdk.a(dyn_syscalls.o)
__libc_getresgid32                                D:\Project\MyProject1\mkrtos_real\mkrtos_sdk\Debug\libmkrtos_sdk.a(dyn_syscalls.o)
__libc_getuid32                                   D:\Project\MyProject1\mkrtos_real\mkrtos_sdk\Debug\libmkrtos_sdk.a(dyn_syscalls.o)
__libc_lchown32                                   D:\Project\MyProject1\mkrtos_real\mkrtos_sdk\Debug\libmkrtos_sdk.a(dyn_syscalls.o)
__libc_lseek                                      D:\Project\MyProject1\mkrtos_real\mkrtos_sdk\Debug\libmkrtos_sdk.a(dyn_syscalls.o)
__libc_msync                                      D:\Project\MyProject1\mkrtos_real\mkrtos_sdk\Debug\libmkrtos_sdk.a(dyn_syscalls.o)
__libc_nanosleep                                  D:\Project\MyProject1\mkrtos_real\mkrtos_sdk\Debug\libmkrtos_sdk.a(dyn_syscalls.o)
__libc_open                                       D:\Project\MyProject1\mkrtos_real\mkrtos_sdk\Debug\libmkrtos_sdk.a(dyn_syscalls.o)
__libc_pause                                      D:\Project\MyProject1\mkrtos_real\mkrtos_sdk\Debug\libmkrtos_sdk.a(dyn_syscalls.o)
__libc_pread64                                    D:\Project\MyProject1\mkrtos_real\mkrtos_sdk\Debug\libmkrtos_sdk.a(dyn_syscalls.o)
__libc_pwrite64                                   D:\Project\MyProject1\mkrtos_real\mkrtos_sdk\Debug\libmkrtos_sdk.a(dyn_syscalls.o)
__libc_read                                       D:\Project\MyProject1\mkrtos_real\mkrtos_sdk\Debug\libmkrtos_sdk.a(dyn_syscalls.o)
__libc_select                                     D:\Project\MyProject1\mkrtos_real\mkrtos_sdk\Debug\libmkrtos_sdk.a(dyn_syscalls.o)
__libc_sendfile                                   D:\Project\MyProject1\mkrtos_real\mkrtos_sdk\Debug\libmkrtos_sdk.a(dyn_syscalls.o)
__libc_setfsgid32                                 D:\Project\MyProject1\mkrtos_real\mkrtos_sdk\Debug\libmkrtos_sdk.a(dyn_syscalls.o)
__libc_setfsuid32                                 D:\Project\MyProject1\mkrtos_real\mkrtos_sdk\Debug\libmkrtos_sdk.a(dyn_syscalls.o)
__libc_setgid32                                   D:\Project\MyProject1\mkrtos_real\mkrtos_sdk\Debug\libmkrtos_sdk.a(dyn_syscalls.o)
__libc_setregid32                                 D:\Project\MyProject1\mkrtos_real\mkrtos_sdk\Debug\libmkrtos_sdk.a(dyn_syscalls.o)
__libc_setresgid32                                D:\Project\MyProject1\mkrtos_real\mkrtos_sdk\Debug\libmkrtos_sdk.a(dyn_syscalls.o)
__libc_setreuid32                                 D:\Project\MyProject1\mkrtos_real\mkrtos_sdk\Debug\libmkrtos_sdk.a(dyn_syscalls.o)
__libc_setuid32                                   D:\Project\MyProject1\mkrtos_real\mkrtos_sdk\Debug\libmkrtos_sdk.a(dyn_syscalls.o)
__libc_tcflush                                    D:\Project\MyProject1\mkrtos_real\mkrtos_sdk\Debug\libmkrtos_sdk.a(tcflush.o)
__libc_waitpid                                    D:\Project\MyProject1\mkrtos_real\mkrtos_sdk\Debug\libmkrtos_sdk.a(dyn_syscalls.o)
__libc_write                                      D:\Project\MyProject1\mkrtos_real\mkrtos_sdk\Debug\libmkrtos_sdk.a(dyn_syscalls.o)
__longjmp                                         D:\Project\MyProject1\mkrtos_real\mkrtos_sdk\Debug\libmkrtos_sdk.a(dyn_syscalls.o)
__ltostr                                          D:\Project\MyProject1\mkrtos_real\mkrtos_sdk\Debug\libmkrtos_sdk.a(__ltostr.o)
                                                  D:\Project\MyProject1\mkrtos_real\mkrtos_sdk\Debug\libmkrtos_sdk.a(__v_printf.o)
__main                                            ./src/__main.o
                                                  ./src/start.o
__mmap2                                           D:\Project\MyProject1\mkrtos_real\mkrtos_sdk\Debug\libmkrtos_sdk.a(dyn_syscalls.o)
__n_sigaction                                     D:\Project\MyProject1\mkrtos_real\mkrtos_sdk\Debug\libmkrtos_sdk.a(dyn_syscalls.o)
__n_sigpending                                    D:\Project\MyProject1\mkrtos_real\mkrtos_sdk\Debug\libmkrtos_sdk.a(dyn_syscalls.o)
__n_sigprocmask                                   D:\Project\MyProject1\mkrtos_real\mkrtos_sdk\Debug\libmkrtos_sdk.a(dyn_syscalls.o)
__n_sigsuspend                                    D:\Project\MyProject1\mkrtos_real\mkrtos_sdk\Debug\libmkrtos_sdk.a(dyn_syscalls.o)
__nop                                             D:\Project\MyProject1\mkrtos_real\mkrtos_sdk\Debug\libmkrtos_sdk.a(dyn_syscalls.o)
__old_sigaction                                   D:\Project\MyProject1\mkrtos_real\mkrtos_sdk\Debug\libmkrtos_sdk.a(dyn_syscalls.o)
__old_sigpending                                  D:\Project\MyProject1\mkrtos_real\mkrtos_sdk\Debug\libmkrtos_sdk.a(dyn_syscalls.o)
__old_sigprocmask                                 D:\Project\MyProject1\mkrtos_real\mkrtos_sdk\Debug\libmkrtos_sdk.a(dyn_syscalls.o)
__old_sigsuspend                                  D:\Project\MyProject1\mkrtos_real\mkrtos_sdk\Debug\libmkrtos_sdk.a(dyn_syscalls.o)
__ram_size__                                      ./src/start.o
__reboot                                          D:\Project\MyProject1\mkrtos_real\mkrtos_sdk\Debug\libmkrtos_sdk.a(dyn_syscalls.o)
__rel_end__                                       ./src/reloc.o
__rel_start__                                     ./src/reloc.o
__rt_sigaction                                    D:\Project\MyProject1\mkrtos_real\mkrtos_sdk\Debug\libmkrtos_sdk.a(dyn_syscalls.o)
__rt_sigpending                                   D:\Project\MyProject1\mkrtos_real\mkrtos_sdk\Debug\libmkrtos_sdk.a(dyn_syscalls.o)
__rt_sigprocmask                                  D:\Project\MyProject1\mkrtos_real\mkrtos_sdk\Debug\libmkrtos_sdk.a(dyn_syscalls.o)
                                                  D:\Project\MyProject1\mkrtos_real\mkrtos_sdk\Debug\libmkrtos_sdk.a(sigprocmask.o)
__rt_sigqueueinfo                                 D:\Project\MyProject1\mkrtos_real\mkrtos_sdk\Debug\libmkrtos_sdk.a(dyn_syscalls.o)
__rt_sigsuspend                                   D:\Project\MyProject1\mkrtos_real\mkrtos_sdk\Debug\libmkrtos_sdk.a(dyn_syscalls.o)
__rt_sigtimedwait                                 D:\Project\MyProject1\mkrtos_real\mkrtos_sdk\Debug\libmkrtos_sdk.a(dyn_syscalls.o)
__setjmp                                          D:\Project\MyProject1\mkrtos_real\mkrtos_sdk\Debug\libmkrtos_sdk.a(dyn_syscalls.o)
__setup_tls                                       D:\Project\MyProject1\mkrtos_real\mkrtos_sdk\Debug\libmkrtos_sdk.a(stackgap-g.o)
__sigaltstack                                     D:\Project\MyProject1\mkrtos_real\mkrtos_sdk\Debug\libmkrtos_sdk.a(dyn_syscalls.o)
__sigjmp_save                                     D:\Project\MyProject1\mkrtos_real\mkrtos_sdk\Debug\libmkrtos_sdk.a(sigjmp.o)
                                                  D:\Project\MyProject1\mkrtos_real\mkrtos_sdk\Debug\libmkrtos_sdk.a(dyn_syscalls.o)
__sigsetjmp                                       D:\Project\MyProject1\mkrtos_real\mkrtos_sdk\Debug\libmkrtos_sdk.a(dyn_syscalls.o)
__stack_chk_guard                                 D:\Project\MyProject1\mkrtos_real\mkrtos_sdk\Debug\libmkrtos_sdk.a(dyn_syscalls.o)
__stack_end__                                     ./src/start.o
__stack_size__                                    ./src/start.o
__stack_start__                                   ./src/start.o
__stdio_outs                                      D:\Project\MyProject1\mkrtos_real\mkrtos_sdk\Debug\libmkrtos_sdk.a(vprintf.o)
__sys_err_unknown                                 D:\Project\MyProject1\mkrtos_real\mkrtos_sdk\Debug\libmkrtos_sdk.a(errlistu.o)
                                                  D:\Project\MyProject1\mkrtos_real\mkrtos_sdk\Debug\libmkrtos_sdk.a(perror.o)
__syscall_getcwd                                  D:\Project\MyProject1\mkrtos_real\mkrtos_sdk\Debug\libmkrtos_sdk.a(dyn_syscalls.o)
__syscall_getpriority                             D:\Project\MyProject1\mkrtos_real\mkrtos_sdk\Debug\libmkrtos_sdk.a(dyn_syscalls.o)
__syscall_sched_getaffinity                       D:\Project\MyProject1\mkrtos_real\mkrtos_sdk\Debug\libmkrtos_sdk.a(dyn_syscalls.o)
__syscall_syslog                                  D:\Project\MyProject1\mkrtos_real\mkrtos_sdk\Debug\libmkrtos_sdk.a(dyn_syscalls.o)
__tcb_mainthread                                  D:\Project\MyProject1\mkrtos_real\mkrtos_sdk\Debug\libmkrtos_sdk.a(stackgap-g.o)
__tdataptr                                        D:\Project\MyProject1\mkrtos_real\mkrtos_sdk\Debug\libmkrtos_sdk.a(stackgap-g.o)
__tdatasize                                       D:\Project\MyProject1\mkrtos_real\mkrtos_sdk\Debug\libmkrtos_sdk.a(stackgap-g.o)
__text_start__                                    ./src/reloc.o
__thread_doexit                                   D:\Project\MyProject1\mkrtos_real\mkrtos_sdk\Debug\libmkrtos_sdk.a(dyn_syscalls.o)