Archive member included because of file (symbol)

D:\Project\MyProject1\mkrtos_real\mkrtos_sdk\Debug\libmkrtos_sdk.a(printf.o)
                              ./src/main.o (printf)
D:\Project\MyProject1\mkrtos_real\mkrtos_sdk\Debug\libmkrtos_sdk.a(vprintf.o)
                              D:\Project\MyProject1\mkrtos_real\mkrtos_sdk\Debug\libmkrtos_sdk.a(printf.o) (vprintf)
D:\Project\MyProject1\mkrtos_real\mkrtos_sdk\Debug\libmkrtos_sdk.a(__v_printf.o)
                              D:\Project\MyProject1\mkrtos_real\mkrtos_sdk\Debug\libmkrtos_sdk.a(vprintf.o) (__v_printf)
D:\Project\MyProject1\mkrtos_real\mkrtos_sdk\Debug\libmkrtos_sdk.a(atexit.o)
                              ./src/__main.o (exit)
D:\Project\MyProject1\mkrtos_real\mkrtos_sdk\Debug\libmkrtos_sdk.a(strlen.o)
                              D:\Project\MyProject1\mkrtos_real\mkrtos_sdk\Debug\libmkrtos_sdk.a(__v_printf.o) (strlen)
D:\Project\MyProject1\mkrtos_real\mkrtos_sdk\Debug\libmkrtos_sdk.a(strtol.o)
                              D:\Project\MyProject1\mkrtos_real\mkrtos_sdk\Debug\libmkrtos_sdk.a(__v_printf.o) (strtol)
D:\Project\MyProject1\mkrtos_real\mkrtos_sdk\Debug\libmkrtos_sdk.a(strtoul.o)
                              D:\Project\MyProject1\mkrtos_real\mkrtos_sdk\Debug\libmkrtos_sdk.a(__v_printf.o) (strtoul)
D:\Project\MyProject1\mkrtos_real\mkrtos_sdk\Debug\libmkrtos_sdk.a(dyn_syscalls.o)
                              D:\Project\MyProject1\mkrtos_real\mkrtos_sdk\Debug\libmkrtos_sdk.a(atexit.o) (__thread_doexit)
D:\Project\MyProject1\mkrtos_real\mkrtos_sdk\Debug\libmkrtos_sdk.a(start.o)
                              D:\Project\MyProject1\mkrtos_real\mkrtos_sdk\Debug\libmkrtos_sdk.a(atexit.o) (_exit)
D:\Project\MyProject1\mkrtos_real\mkrtos_sdk\Debug\libmkrtos_sdk.a(stackgap-g.o)
                              D:\Project\MyProject1\mkrtos_real\mkrtos_sdk\Debug\libmkrtos_sdk.a(strlen.o) (__valgrind)
D:\Project\MyProject1\mkrtos_real\mkrtos_sdk\Debug\libmkrtos_sdk.a(__ltostr.o)
                              D:\Project\MyProject1\mkrtos_real\mkrtos_sdk\Debug\libmkrtos_sdk.a(__v_printf.o) (__ltostr)
D:\Project\MyProject1\mkrtos_real\mkrtos_sdk\Debug\libmkrtos_sdk.a(errno_location.o)
                              D:\Project\MyProject1\mkrtos_real\mkrtos_sdk\Debug\libmkrtos_sdk.a(strtol.o) (__errno_location)
D:\Project\MyProject1\mkrtos_real\mkrtos_sdk\Debug\libmkrtos_sdk.a(getenv.o)
                              D:\Project\MyProject1\mkrtos_real\mkrtos_sdk\Debug\libmkrtos_sdk.a(stackgap-g.o) (getenv)
D:\Project\MyProject1\mkrtos_real\mkrtos_sdk\Debug\libmkrtos_sdk.a(isalnum.o)
                              D:\Project\MyProject1\mkrtos_real\mkrtos_sdk\Debug\libmkrtos_sdk.a(strtol.o) (isalnum)
D:\Project\MyProject1\mkrtos_real\mkrtos_sdk\Debug\libmkrtos_sdk.a(isspace.o)
                              D:\Project\MyProject1\mkrtos_real\mkrtos_sdk\Debug\libmkrtos_sdk.a(strtol.o) (isspace)
D:\Project\MyProject1\mkrtos_real\mkrtos_sdk\Debug\libmkrtos_sdk.a(isxdigit.o)
                              D:\Project\MyProject1\mkrtos_real\mkrtos_sdk\Debug\libmkrtos_sdk.a(strtoul.o) (isxdigit)
D:\Project\MyProject1\mkrtos_real\mkrtos_sdk\Debug\libmkrtos_sdk.a(memcmp.o)
                              D:\Project\MyProject1\mkrtos_real\mkrtos_sdk\Debug\libmkrtos_sdk.a(getenv.o) (memcmp)
D:\Project\MyProject1\mkrtos_real\mkrtos_sdk\Debug\libmkrtos_sdk.a(memcpy.o)
                              D:\Project\MyProject1\mkrtos_real\mkrtos_sdk\Debug\libmkrtos_sdk.a(stackgap-g.o) (memcpy)
D:\Project\MyProject1\mkrtos_real\mkrtos_sdk\Debug\libmkrtos_sdk.a(memmove.o)
                              D:\Project\MyProject1\mkrtos_real\mkrtos_sdk\Debug\libmkrtos_sdk.a(__ltostr.o) (memmove)
D:\Project\MyProject1\mkrtos_real\mkrtos_sdk\Debug\libmkrtos_sdk.a(memset.o)
                              D:\Project\MyProject1\mkrtos_real\mkrtos_sdk\Debug\libmkrtos_sdk.a(stackgap-g.o) (memset)
D:\Project\MyProject1\mkrtos_real\mkrtos_sdk\Debug\libmkrtos_sdk.a(sigjmp.o)
                              D:\Project\MyProject1\mkrtos_real\mkrtos_sdk\Debug\libmkrtos_sdk.a(dyn_syscalls.o) (__sigjmp_save)
D:\Project\MyProject1\mkrtos_real\mkrtos_sdk\Debug\libmkrtos_sdk.a(sigprocmask.o)
                              D:\Project\MyProject1\mkrtos_real\mkrtos_sdk\Debug\libmkrtos_sdk.a(sigjmp.o) (sigprocmask)
D:\Project\MyProject1\mkrtos_real\mkrtos_sdk\Debug\libmkrtos_sdk.a(strstr.o)
                              D:\Project\MyProject1\mkrtos_real\mkrtos_sdk\Debug\libmkrtos_sdk.a(stackgap-g.o) (strstr)
D:\Project\MyProject1\mkrtos_real\mkrtos_sdk\Debug\libmkrtos_sdk.a(arm_set_tls.o)
                              D:\Project\MyProject1\mkrtos_real\mkrtos_sdk\Debug\libmkrtos_sdk.a(stackgap-g.o) (__arm_set_tls)

Allocating common symbols
Common symbol       size              file

__tdataptr          0x4               D:\Project\MyProject1\mkrtos_real\mkrtos_sdk\Debug\libmkrtos_sdk.a(stackgap-g.o)
[...]
Memory Configuration

Name             Origin             Length             Attributes
*default*        0x00000000         0xffffffff

Linker script and memory map

LOAD ./src/__main.o
LOAD ./src/heap_stack.o
LOAD ./src/main.o
LOAD ./src/reloc.o
LOAD ./src/start.o
LOAD D:\Project\MyProject1\mkrtos_real\mkrtos_sdk\Debug\libmkrtos_sdk.a
                0x00000100                _system_stack_size = 0x100

.text           0x00000000     0x2b1c
                0x00000000                . = ALIGN (0x4)
                0x00000000                __text_start__ = .
 *(.first)
 .first         0x00000000      0x118 ./src/start.o
                0x00000000                _start_
 *(.text)
 .text          0x00000118     0x11c8 D:\Project\MyProject1\mkrtos_real\mkrtos_sdk\Debug\libmkrtos_sdk.a(dyn_syscalls.o)
                0x00000118                __unified_syscall4
                0x0000011c                __unified_syscall
                0x0000013c                __you_tried_to_link_a_dietlibc_object_against_glibc
                0x0000013c                __fflush_stdout
                0x0000013c                __fflush_stderr
                0x0000013c                __fflush_stdin
                0x0000013c                __nop
                0x0000013c                ftrylockfile
                0x0000013c                funlockfile
                0x0000013c                __thread_doexit
                0x0000013c                flockfile
                0x00000140                __libc_waitpid
                0x00000140                waitpid
                0x00000148                select
                0x00000148                __libc_select
                0x00000160                __libc_pread64
                0x00000160                pread64
                0x00000170                __libc_pwrite64
                0x00000170                pwrite64
                0x00000180                __reboot
                0x00000190                access
                0x000001a0                adjtimex
                0x000001b0                __diet_brk
                0x000001c0                chdir
                0x000001d0                chmod
                0x000001e0                chown
                0x000001f0                chroot
                0x00000200                close
                0x00000200                __libc_close
                0x00000210                dup
                0x00000220                dup2
                0x00000230                execve
                0x00000240                fchdir
                0x00000250                fchmod
                0x00000260                fchown
                0x00000270                __libc_fcntl
                0x00000270                fcntl
                0x00000280                flock
                0x00000290                __libc_fork
                0x00000290                fork
                0x000002a0                fstat
                0x000002b0                __dietlibc_fstat64
                0x000002c0                fstatfs
                0x000002d0                __libc_fsync
                0x000002d0                fsync
                0x000002e0                ftruncate
                0x000002f0                __syscall_getcwd
                0x00000300                getdents
                0x00000310                getdents64
                0x00000320                getegid
                0x00000330                geteuid
                0x00000340                getgid
                0x00000350                getgroups
                0x00000360                getitimer
                0x00000370                getpgid
                0x00000380                getpid
                0x00000390                getppid
                0x000003a0                __syscall_getpriority
                0x000003b0                getresgid
                0x000003c0                getresuid
                0x000003d0                getrlimit
                0x000003e0                getrusage
                0x000003f0                getsid
                0x00000400                gettimeofday
                0x00000410                settimeofday
                0x00000420                getuid
                0x00000430                ioctl
                0x00000440                kill
                0x00000450                lchown
                0x00000460                link
                0x0000046e                llseek
                0x00000470                _llseek
                0x00000488                lseek
                0x00000488                __libc_lseek
                0x00000498                lstat
                0x000004a8                __dietlibc_lstat64
                0x000004b8                mkdir
                0x000004c8                mknod
                0x000004d8                mlock
                0x000004e8                mlockall
                0x000004f8                __mmap2
                0x00000510                mount
                0x00000528                mprotect
                0x00000538                mremap
                0x00000548                munlockall
                0x00000558                munmap
                0x00000568                __n_sigaction
                0x00000568                __old_sigaction
                0x00000578                __old_sigpending
                0x00000578                __n_sigpending
                0x00000588                __old_sigprocmask
                0x00000588                __n_sigprocmask
                0x00000598                __old_sigsuspend
                0x00000598                __n_sigsuspend
                0x000005a8                __libc_nanosleep
                0x000005a8                nanosleep
                0x000005b8                open
                0x000005b8                __libc_open
                0x000005c8                pause
                0x000005c8                __libc_pause
                0x000005d8                personality
                0x000005e8                pipe
                0x000005f8                poll
                0x00000608                init_module
                0x00000618                delete_module
                0x00000628                __libc_read
                0x00000628                read
                0x00000638                readlink
                0x00000648                readv
                0x00000658                rename
                0x00000668                rmdir
                0x00000678                __rt_sigaction
                0x00000688                __rt_sigpending
                0x00000698                __rt_sigprocmask
                0x000006a8                __rt_sigqueueinfo
                0x000006b8                __rt_sigsuspend
                0x000006c8                __rt_sigtimedwait
                0x000006d8                __syscall_sched_getaffinity
                0x000006e8                sched_setaffinity
                0x000006f8                sched_get_priority_max
                0x00000708                sched_get_priority_min
                0x00000718                sched_getparam
                0x00000728                sched_getscheduler
                0x00000738                sched_rr_get_interval
                0x00000748                sched_setparam
                0x00000758                sched_setscheduler
                0x00000768                sched_yield
                0x00000778                __libc_sendfile
                0x00000778                sendfile
                0x00000788                __dietlibc_sendfile64
                0x00000798                setdomainname
                0x000007a8                setfsgid
                0x000007b8                setfsuid
                0x000007c8                setgid
                0x000007d8                setgroups
                0x000007e8                sethostname
                0x000007f8                setitimer
                0x00000808                setpgid
                0x00000818                setpriority
                0x00000828                setregid
                0x00000838                setresgid
                0x00000848                setresuid
                0x00000858                setreuid
                0x00000868                setrlimit
                0x00000878                setsid
                0x00000888                setuid
                0x00000898                __sigaltstack
                0x00000898                sigaltstack
                0x000008a8                stat
                0x000008b8                __dietlibc_stat64
                0x000008c8                statfs
                0x000008d8                swapoff
                0x000008e8                swapon
                0x000008f8                symlink
                0x00000908                sync
                0x00000918                _sysctl
                0x00000928                sysinfo
                0x00000938                klogctl
                0x00000938                __syscall_syslog
                0x00000948                sysfs
                0x00000958                times
                0x00000968                truncate
                0x00000978                umask
                0x00000988                umount2
                0x00000998                uname
                0x000009a8                unlink
                0x000009b8                vhangup
                0x000009c8                wait4
                0x000009d8                __libc_write
                0x000009d8                write
                0x000009e8                writev
                0x000009f8                __libc_msync
                0x000009f8                msync
                0x00000a08                capget
                0x00000a18                capset
                0x00000a28                __libc_chown32
                0x00000a28                chown32
                0x00000a38                fchown32
                0x00000a38                __libc_fchown32
                0x00000a48                __libc_getegid32
                0x00000a48                getegid32
                0x00000a58                geteuid32
                0x00000a58                __libc_geteuid32
                0x00000a68                getgid32
                0x00000a68                __libc_getgid32
                0x00000a78                getgroups32
                0x00000a78                __libc_getgroups32
                0x00000a88                __libc_getresgid32
                0x00000a88                getresgid32
                0x00000a98                getuid32
                0x00000a98                __libc_getuid32
                0x00000aa8                lchown32
                0x00000aa8                __libc_lchown32
                0x00000ab8                __libc_setfsgid32
                0x00000ab8                setfsgid32
                0x00000ac8                __libc_setfsuid32
                0x00000ac8                setfsuid32
                0x00000ad8                setgid32
                0x00000ad8                __libc_setgid32
                0x00000ae8                __libc_setregid32
                0x00000ae8                setregid32
                0x00000af8                __libc_setresgid32
                0x00000af8                setresgid32
                0x00000b08                __libc_setreuid32
                0x00000b08                setreuid32
                0x00000b18                setuid32
                0x00000b18                __libc_setuid32
                0x00000b28                __diet_ptrace
                0x00000b38                __dietlibc_ftruncate64
                0x00000b38                __dietlibc_ftruncate64_syscall
                0x00000b48                __dietlibc_truncate64_syscall
                0x00000b48                __dietlibc_truncate64
                0x00000b58                ustat
                0x00000b68                epoll_create
                0x00000b78                epoll_ctl
                0x00000b88                epoll_wait
                0x00000b98                __dietlibc_fcntl64
                0x00000ba8                timer_create
                0x00000bb8                timer_settime
                0x00000bc8                timer_gettime
                0x00000bd8                timer_getoverrun
                0x00000be8                timer_delete
                0x00000bf8                clock_settime
                0x00000c08                clock_gettime
                0x00000c18                clock_getres
                0x00000c28                clock_nanosleep
                0x00000c38                mq_setattr
                0x00000c48                mq_notify
                0x00000c58                mq_open
                0x00000c68                mq_timedreceive
                0x00000c80                mq_timedsend
                0x00000c90                mq_unlink
                0x00000ca0                __dietlibc_statfs64
                0x00000cb0                __dietlibc_fstatfs64
                0x00000cc0                tkill
                0x00000cd0                tgkill
                0x00000ce0                set_tid_address
                0x00000cf0                set_mempolicy
                0x00000d08                rt_sigreturn
                0x00000d18                gettid
                0x00000d28                remap_file_pages
                0x00000d38                readahead
                0x00000d48                quotactl
                0x00000d58                mincore
                0x00000d68                mbind
                0x00000d80                get_mempolicy
                0x00000d98                futex
                0x00000da8                vserver
                0x00000db8                request_key
                0x00000dd0                keyctl
                0x00000de0                add_key
                0x00000df8                io_submit
                0x00000e08                io_setup
                0x00000e18                io_getevents
                0x00000e28                io_destroy
                0x00000e38                io_cancel
                0x00000e48                inotify_rm_watch
                0x00000e58                inotify_init
                0x00000e68                inotify_add_watch
                0x00000e78                setxattr
                0x00000e90                lsetxattr
                0x00000ea8                fsetxattr
                0x00000ec0                removexattr
                0x00000ecc                lremovexattr
                0x00000ed8                fremovexattr
                0x00000ee4                listxattr
                0x00000ef0                llistxattr
                0x00000efc                flistxattr
                0x00000f08                getxattr
                0x00000f14                lgetxattr
                0x00000f20                fgetxattr
                0x00000f2c                __exit
                0x00000f38                clone
                0x00000f38                __clone
                0x00000f44                __longjmp
                0x00000f5c                __setjmp
                0x00000f5c                setjmp
                0x00000f60                __sigsetjmp
                0x00000f60                sigsetjmp
 .text          0x000012e0       0x2c D:\Project\MyProject1\mkrtos_real\mkrtos_sdk\Debug\libmkrtos_sdk.a(start.o)
                0x000012e0                _start
                0x00001300                _exit
 .text          0x0000130c       0x10 D:\Project\MyProject1\mkrtos_real\mkrtos_sdk\Debug\libmkrtos_sdk.a(arm_set_tls.o)
                0x0000130c                __arm_set_tls
 *(.text.*)
 .text.__main   0x0000131c       0x34 ./src/__main.o
                0x0000131c                __main
 .text.main     0x00001350       0x24 ./src/main.o
                0x00001350                main
 .text.reloc    0x00001374      0x13c ./src/reloc.o
                0x00001374                reloc
 .text.printf   0x000014b0       0x28 D:\Project\MyProject1\mkrtos_real\mkrtos_sdk\Debug\libmkrtos_sdk.a(printf.o)
                0x000014b0                printf
 .text.__stdio_outs
                0x000014d8       0x2c D:\Project\MyProject1\mkrtos_real\mkrtos_sdk\Debug\libmkrtos_sdk.a(vprintf.o)
                0x000014d8                __stdio_outs
 .text.vprintf  0x00001504       0x30 D:\Project\MyProject1\mkrtos_real\mkrtos_sdk\Debug\libmkrtos_sdk.a(vprintf.o)
                0x00001504                vprintf
 .text.skip_to  0x00001534       0x3c D:\Project\MyProject1\mkrtos_real\mkrtos_sdk\Debug\libmkrtos_sdk.a(__v_printf.o)
 .text.write_pad
                0x00001570       0xac D:\Project\MyProject1\mkrtos_real\mkrtos_sdk\Debug\libmkrtos_sdk.a(__v_printf.o)
 .text.__v_printf
                0x0000161c      0x918 D:\Project\MyProject1\mkrtos_real\mkrtos_sdk\Debug\libmkrtos_sdk.a(__v_printf.o)
                0x0000161c                __v_printf
 .text.__libc_exit
                0x00001f34       0x30 D:\Project\MyProject1\mkrtos_real\mkrtos_sdk\Debug\libmkrtos_sdk.a(atexit.o)
                0x00001f34                exit
                0x00001f34                __libc_exit
 .text.strlen   0x00001f64       0xe0 D:\Project\MyProject1\mkrtos_real\mkrtos_sdk\Debug\libmkrtos_sdk.a(strlen.o)
                0x00001f64                strlen
 .text.strtol   0x00002044       0xd0 D:\Project\MyProject1\mkrtos_real\mkrtos_sdk\Debug\libmkrtos_sdk.a(strtol.o)
                0x00002044                strtol
 .text.strtoul  0x00002114      0x1c8 D:\Project\MyProject1\mkrtos_real\mkrtos_sdk\Debug\libmkrtos_sdk.a(strtoul.o)
                0x00002114                strtoul
 .text.findtlsdata
                0x000022dc       0xe0 D:\Project\MyProject1\mkrtos_real\mkrtos_sdk\Debug\libmkrtos_sdk.a(stackgap-g.o)
 .text.__setup_tls
                0x000023bc       0x38 D:\Project\MyProject1\mkrtos_real\mkrtos_sdk\Debug\libmkrtos_sdk.a(stackgap-g.o)
                0x000023bc                __setup_tls
 .text.find_in_auxvec
                0x000023f4       0x3c D:\Project\MyProject1\mkrtos_real\mkrtos_sdk\Debug\libmkrtos_sdk.a(stackgap-g.o)
 .text.stackgap
                0x00002430      0x1bc D:\Project\MyProject1\mkrtos_real\mkrtos_sdk\Debug\libmkrtos_sdk.a(stackgap-g.o)
                0x00002430                stackgap
 .text.__ltostr
                0x000025ec       0xd4 D:\Project\MyProject1\mkrtos_real\mkrtos_sdk\Debug\libmkrtos_sdk.a(__ltostr.o)
                0x000025ec                __ltostr
 .text.__errno_location
                0x000026c0       0x14 D:\Project\MyProject1\mkrtos_real\mkrtos_sdk\Debug\libmkrtos_sdk.a(errno_location.o)
                0x000026c0                __errno_location
 .text.getenv   0x000026d4       0x94 D:\Project\MyProject1\mkrtos_real\mkrtos_sdk\Debug\libmkrtos_sdk.a(getenv.o)
                0x000026d4                getenv
 .text.isalnum  0x00002768       0x30 D:\Project\MyProject1\mkrtos_real\mkrtos_sdk\Debug\libmkrtos_sdk.a(isalnum.o)
                0x00002768                isalnum
 .text.__isspace_ascii
                0x00002798       0x28 D:\Project\MyProject1\mkrtos_real\mkrtos_sdk\Debug\libmkrtos_sdk.a(isspace.o)
                0x00002798                __isspace_ascii
                0x00002798                isspace
 .text.__isxdigit_ascii
                0x000027c0       0x30 D:\Project\MyProject1\mkrtos_real\mkrtos_sdk\Debug\libmkrtos_sdk.a(isxdigit.o)
                0x000027c0                __isxdigit_ascii
                0x000027c0                isxdigit
 .text.memcmp   0x000027f0       0x48 D:\Project\MyProject1\mkrtos_real\mkrtos_sdk\Debug\libmkrtos_sdk.a(memcmp.o)
                0x000027f0                memcmp
                0x000027f0                bcmp
 .text.memcpy   0x00002838       0xf4 D:\Project\MyProject1\mkrtos_real\mkrtos_sdk\Debug\libmkrtos_sdk.a(memcpy.o)
                0x00002838                memcpy
 .text.memmove  0x0000292c       0x80 D:\Project\MyProject1\mkrtos_real\mkrtos_sdk\Debug\libmkrtos_sdk.a(memmove.o)
                0x0000292c                memmove
 .text.memset   0x000029ac       0x38 D:\Project\MyProject1\mkrtos_real\mkrtos_sdk\Debug\libmkrtos_sdk.a(memset.o)
                0x000029ac                memset
 .text.__sigjmp_save
                0x000029e4       0x48 D:\Project\MyProject1\mkrtos_real\mkrtos_sdk\Debug\libmkrtos_sdk.a(sigjmp.o)
                0x000029e4                __sigjmp_save
 .text.sigprocmask
                0x00002a2c       0x24 D:\Project\MyProject1\mkrtos_real\mkrtos_sdk\Debug\libmkrtos_sdk.a(sigprocmask.o)
                0x00002a2c                sigprocmask
 .text.strstr   0x00002a50       0x7c D:\Project\MyProject1\mkrtos_real\mkrtos_sdk\Debug\libmkrtos_sdk.a(strstr.o)
                0x00002a50                strstr
 *(.init)
 *(.fini)
 *crtbegin.o(.ctors)
 *crtbegin?.o(.ctors)
 *(EXCLUDE_FILE(*crtend.o *crtend?.o) .ctors)
 *(SORT(.ctors.*))
 *(.ctors)
 *crtbegin.o(.dtors)
 *crtbegin?.o(.dtors)
 *(EXCLUDE_FILE(*crtend.o *crtend?.o) .dtors)
 *(SORT(.dtors.*))
 *(.dtors)
 *(SORT(.rodata.*))
 .rodata.pad_line
                0x00002acc       0x20 D:\Project\MyProject1\mkrtos_real\mkrtos_sdk\Debug\libmkrtos_sdk.a(__v_printf.o)
 *(.rodata)
 .rodata        0x00002aec       0x10 ./src/main.o
 .rodata        0x00002afc        0x8 D:\Project\MyProject1\mkrtos_real\mkrtos_sdk\Debug\libmkrtos_sdk.a(__v_printf.o)
 .rodata        0x00002b04       0x18 D:\Project\MyProject1\mkrtos_real\mkrtos_sdk\Debug\libmkrtos_sdk.a(stackgap-g.o)
 *(.eh_frame*)
                0x00002b1c                . = ALIGN (0x4)
                0x00002b1c                __rel_start__ = .
 *(.rel.data .rel.data.* .rel.gnu.linkonce.d.*)
                0x00002b1c                __rel_end__ = .

.interp         0x00002b1c       0x11
 .interp        0x00002b1c       0x11 ./src/__main.o

.gnu.version_d  0x00002b30        0x0
 .gnu.version_d
                0x00000000        0x0 ./src/__main.o

.gnu.version    0x00002b2e        0x0
 .gnu.version   0x00000000        0x0 ./src/__main.o

.gnu.version_r  0x00002b30        0x0
 .gnu.version_r
                0x00000000        0x0 ./src/__main.o

.dynsym         0x00002b30      0x1a0
 .dynsym        0x00002b30      0x1a0 ./src/__main.o

.dynstr         0x00002cd0      0x154
 .dynstr        0x00002cd0      0x154 ./src/__main.o

.hash           0x00002e24       0xb4
 .hash          0x00002e24       0xb4 ./src/__main.o

.glue_7         0x00002ed8        0x0
 .glue_7        0x00000000        0x0 linker stubs

.glue_7t        0x00002ed8        0x0
 .glue_7t       0x00000000        0x0 linker stubs

.vfp11_veneer   0x00002ed8        0x0
 .vfp11_veneer  0x00000000        0x0 linker stubs

.v4_bx          0x00002ed8        0x0
 .v4_bx         0x00000000        0x0 linker stubs

.plt            0x00002ed8        0x0
 .plt           0x00000000        0x0 ./src/__main.o

.iplt           0x00002ed8        0x0
 .iplt          0x00000000        0x0 ./src/__main.o

.rel.dyn        0x00002ed8      0x4d8
 .rel.got       0x00002ed8       0x38 ./src/__main.o
 .rel.plt       0x00000000        0x0 ./src/__main.o
 .rel.iplt      0x00000000        0x0 ./src/__main.o
 .rel.text.vprintf
                0x00002f10        0x8 ./src/__main.o
 .rel.text.write_pad
                0x00002f18        0x8 ./src/__main.o
 .rel.text.__v_printf
                0x00002f20      0x3e0 ./src/__main.o
 .rel.text.atexit
                0x00000000        0x0 ./src/__main.o
 .rel.text.__libc_exit
                0x00003300       0x10 ./src/__main.o
 .rel.text.strlen
                0x00003310        0x8 ./src/__main.o
 .rel.text      0x00003318        0x8 ./src/__main.o
 .rel.text.findtlsdata
                0x00003320       0x18 ./src/__main.o
 .rel.text.__setup_tls
                0x00003338        0x8 ./src/__main.o
 .rel.text.getauxval
                0x00000000        0x0 ./src/__main.o
 .rel.text.stackgap
                0x00003340       0x60 ./src/__main.o
 .rel.text.__errno_location
                0x000033a0        0x8 ./src/__main.o
 .rel.text.getenv
                0x000033a8        0x8 ./src/__main.o

.ARM.exidx      0x000033b0        0x0
                0x000033b0                . = ALIGN (0x4)
                0x000033b0                __exdix_start = .
 *(.ARM.exidx* .gnu.linkonce.armexidx.*)
                0x000033b0                __exdix_end = .

.permissions_table
                0x000033b0        0x0
                0x000033b0                . = ALIGN (0x4)
                0x000033b0                __permissions_table_start__ = .
 *(.permissions_table)
                0x000033b0                __permissions_table_end__ = .
                0x00002ffc                PROVIDE (__ram_size__, (__bss_end__ - __data_start__))

.data           0x000033b0       0x20
                0x000033b0                . = ALIGN (0x4)
                0x000033b0                __data_start__ = .
                0x000033b0                __got_start__ = .
 *(.got)
 .got           0x000033b0       0x1c ./src/__main.o
                0x000033cc                __got_end__ = .
                0x000033cc                . = ALIGN (0x4)
 *(.data)
 .data          0x000033cc        0x4 D:\Project\MyProject1\mkrtos_real\mkrtos_sdk\Debug\libmkrtos_sdk.a(dyn_syscalls.o)
                0x000033cc                __guard
                0x000033cc                __stack_chk_guard
 *(.data.*)
 *(vtable)
 *(.data*)
                0x000033d0                . = ALIGN (0x4)
                0x000033d0                PROVIDE (__preinit_array_start, .)
 *(.preinit_array)
                0x000033d0                PROVIDE (__preinit_array_end, .)
                0x000033d0                . = ALIGN (0x4)
                0x000033d0                PROVIDE (__init_array_start, .)
 *(SORT(.init_array.*))
 *(.init_array)
                0x000033d0                PROVIDE (__init_array_end, .)
                0x000033d0                . = ALIGN (0x4)
                0x000033d0                PROVIDE (__fini_array_start, .)
 *(SORT(.fini_array.*))
 *(.fini_array)
                0x000033d0                PROVIDE (__fini_array_end, .)
                0x000033d0                . = ALIGN (0x4)
                0x000033d0                __data_end__ = .
                0x00002800                PROVIDE (__heap_size__, (__heap_end__ - __heap_start__))
                0x00000400                PROVIDE (__stack_size__, (__stack_end__ - __stack_start__))

.dynamic        0x000033d0       0x80
 .dynamic       0x000033d0       0x80 ./src/__main.o
                0x000033d0                _DYNAMIC

.got.plt        0x00003450        0xc
 .got.plt       0x00003450        0xc ./src/__main.o
                0x00003450                _GLOBAL_OFFSET_TABLE_

.igot.plt       0x0000345c        0x0
 .igot.plt      0x00000000        0x0 ./src/__main.o

.bss            0x00003500     0x2eac
                0x00003500                . = ALIGN (0x4)
                0x00003500                __bss_start__ = .
 *(.bss)
 .bss           0x00003500      0x200 D:\Project\MyProject1\mkrtos_real\mkrtos_sdk\Debug\libmkrtos_sdk.a(dyn_syscalls.o)
                0x00003500                __environ
                0x00003500                environ
                0x00003600                errno
 *(COMMON)
 COMMON         0x00003700       0x1c D:\Project\MyProject1\mkrtos_real\mkrtos_sdk\Debug\libmkrtos_sdk.a(stackgap-g.o)
                0x00003700                __tdataptr
                0x00003704                __tdatasize
                0x00003708                __tcb_mainthread
                0x0000370c                __vdso
                0x00003710                program_invocation_short_name
                0x00003714                __tmemsize
                0x00003718                program_invocation_name
                0x0000371c                . = ALIGN (0x4)
                0x0000371c                __heap_start__ = .
 *(.bss.heap)
 .bss.heap      0x0000371c     0x2800 ./src/heap_stack.o
                0x00005f1c                __heap_end__ = .
                0x00005f1c                . = ALIGN (0x4)
                0x00005f1c                __stack_start__ = .
 *(.bss.stack)
 .bss.stack     0x00005f1c      0x400 ./src/heap_stack.o
                0x0000631c                __stack_end__ = .
 *(.bss.*)
 .bss.__app_start_addr__
                0x0000631c        0x4 ./src/__main.o
                0x0000631c                __app_start_addr__
 .bss.__atexitlist
                0x00006320       0x80 D:\Project\MyProject1\mkrtos_real\mkrtos_sdk\Debug\libmkrtos_sdk.a(atexit.o)
 .bss.atexit_counter
                0x000063a0        0x4 D:\Project\MyProject1\mkrtos_real\mkrtos_sdk\Debug\libmkrtos_sdk.a(atexit.o)
 .bss.__valgrind
                0x000063a4        0x4 D:\Project\MyProject1\mkrtos_real\mkrtos_sdk\Debug\libmkrtos_sdk.a(stackgap-g.o)
                0x000063a4                __valgrind
 .bss._auxvec   0x000063a8        0x4 D:\Project\MyProject1\mkrtos_real\mkrtos_sdk\Debug\libmkrtos_sdk.a(stackgap-g.o)
                0x000063ac                . = ALIGN (0x4)
                0x000063ac                __bss_end__ = .
                0x000063ac                _end = .
OUTPUT(mkrtos_app2.elf elf32-littlearm)

.dynbss         0x000063ac        0x0
 .dynbss        0x00000000        0x0 ./src/__main.o

.debug_info     0x00000000     0x1ffe
 .debug_info    0x00000000       0xca ./src/__main.o
 .debug_info    0x000000ca       0x70 ./src/heap_stack.o
 .debug_info    0x0000013a       0xb5 ./src/main.o
 .debug_info    0x000001ef      0x118 ./src/reloc.o
 .debug_info    0x00000307       0x6b ./src/start.o
 .debug_info    0x00000372       0xec D:\Project\MyProject1\mkrtos_real\mkrtos_sdk\Debug\libmkrtos_sdk.a(printf.o)
 .debug_info    0x0000045e      0x18f D:\Project\MyProject1\mkrtos_real\mkrtos_sdk\Debug\libmkrtos_sdk.a(vprintf.o)
 .debug_info    0x000005ed      0x410 D:\Project\MyProject1\mkrtos_real\mkrtos_sdk\Debug\libmkrtos_sdk.a(__v_printf.o)
 .debug_info    0x000009fd      0x117 D:\Project\MyProject1\mkrtos_real\mkrtos_sdk\Debug\libmkrtos_sdk.a(atexit.o)
 .debug_info    0x00000b14      0x124 D:\Project\MyProject1\mkrtos_real\mkrtos_sdk\Debug\libmkrtos_sdk.a(strlen.o)
 .debug_info    0x00000c38      0x101 D:\Project\MyProject1\mkrtos_real\mkrtos_sdk\Debug\libmkrtos_sdk.a(strtol.o)
 .debug_info    0x00000d39      0x176 D:\Project\MyProject1\mkrtos_real\mkrtos_sdk\Debug\libmkrtos_sdk.a(strtoul.o)
 .debug_info    0x00000eaf       0x83 D:\Project\MyProject1\mkrtos_real\mkrtos_sdk\Debug\libmkrtos_sdk.a(dyn_syscalls.o)
 .debug_info    0x00000f32       0x7c D:\Project\MyProject1\mkrtos_real\mkrtos_sdk\Debug\libmkrtos_sdk.a(start.o)
 .debug_info    0x00000fae      0x509 D:\Project\MyProject1\mkrtos_real\mkrtos_sdk\Debug\libmkrtos_sdk.a(stackgap-g.o)
 .debug_info    0x000014b7       0xfa D:\Project\MyProject1\mkrtos_real\mkrtos_sdk\Debug\libmkrtos_sdk.a(__ltostr.o)
 .debug_info    0x000015b1       0xab D:\Project\MyProject1\mkrtos_real\mkrtos_sdk\Debug\libmkrtos_sdk.a(errno_location.o)
 .debug_info    0x0000165c       0xe0 D:\Project\MyProject1\mkrtos_real\mkrtos_sdk\Debug\libmkrtos_sdk.a(getenv.o)
 .debug_info    0x0000173c       0x58 D:\Project\MyProject1\mkrtos_real\mkrtos_sdk\Debug\libmkrtos_sdk.a(isalnum.o)
 .debug_info    0x00001794       0x58 D:\Project\MyProject1\mkrtos_real\mkrtos_sdk\Debug\libmkrtos_sdk.a(isspace.o)
 .debug_info    0x000017ec       0x58 D:\Project\MyProject1\mkrtos_real\mkrtos_sdk\Debug\libmkrtos_sdk.a(isxdigit.o)
 .debug_info    0x00001844       0xf2 D:\Project\MyProject1\mkrtos_real\mkrtos_sdk\Debug\libmkrtos_sdk.a(memcmp.o)
 .debug_info    0x00001936      0x13b D:\Project\MyProject1\mkrtos_real\mkrtos_sdk\Debug\libmkrtos_sdk.a(memcpy.o)
 .debug_info    0x00001a71       0xf8 D:\Project\MyProject1\mkrtos_real\mkrtos_sdk\Debug\libmkrtos_sdk.a(memmove.o)
 .debug_info    0x00001b69       0xd7 D:\Project\MyProject1\mkrtos_real\mkrtos_sdk\Debug\libmkrtos_sdk.a(memset.o)
 .debug_info    0x00001c40      0x13c D:\Project\MyProject1\mkrtos_real\mkrtos_sdk\Debug\libmkrtos_sdk.a(sigjmp.o)
 .debug_info    0x00001d7c      0x106 D:\Project\MyProject1\mkrtos_real\mkrtos_sdk\Debug\libmkrtos_sdk.a(sigprocmask.o)
 .debug_info    0x00001e82       0xfa D:\Project\MyProject1\mkrtos_real\mkrtos_sdk\Debug\libmkrtos_sdk.a(strstr.o)
 .debug_info    0x00001f7c       0x82 D:\Project\MyProject1\mkrtos_real\mkrtos_sdk\Debug\libmkrtos_sdk.a(arm_set_tls.o)

.debug_abbrev   0x00000000     0x110c
 .debug_abbrev  0x00000000       0x7c ./src/__main.o
 .debug_abbrev  0x0000007c       0x3c ./src/heap_stack.o
 .debug_abbrev  0x000000b8       0x5e ./src/main.o
 .debug_abbrev  0x00000116       0x8b ./src/reloc.o
 .debug_abbrev  0x000001a1       0x14 ./src/start.o
 .debug_abbrev  0x000001b5       0xb9 D:\Project\MyProject1\mkrtos_real\mkrtos_sdk\Debug\libmkrtos_sdk.a(printf.o)
 .debug_abbrev  0x0000026e      0x105 D:\Project\MyProject1\mkrtos_real\mkrtos_sdk\Debug\libmkrtos_sdk.a(vprintf.o)
 .debug_abbrev  0x00000373      0x195 D:\Project\MyProject1\mkrtos_real\mkrtos_sdk\Debug\libmkrtos_sdk.a(__v_printf.o)
 .debug_abbrev  0x00000508       0xce D:\Project\MyProject1\mkrtos_real\mkrtos_sdk\Debug\libmkrtos_sdk.a(atexit.o)
 .debug_abbrev  0x000005d6       0xba D:\Project\MyProject1\mkrtos_real\mkrtos_sdk\Debug\libmkrtos_sdk.a(strlen.o)
 .debug_abbrev  0x00000690       0x86 D:\Project\MyProject1\mkrtos_real\mkrtos_sdk\Debug\libmkrtos_sdk.a(strtol.o)
 .debug_abbrev  0x00000716       0xb6 D:\Project\MyProject1\mkrtos_real\mkrtos_sdk\Debug\libmkrtos_sdk.a(strtoul.o)
 .debug_abbrev  0x000007cc       0x14 D:\Project\MyProject1\mkrtos_real\mkrtos_sdk\Debug\libmkrtos_sdk.a(dyn_syscalls.o)
 .debug_abbrev  0x000007e0       0x14 D:\Project\MyProject1\mkrtos_real\mkrtos_sdk\Debug\libmkrtos_sdk.a(start.o)
 .debug_abbrev  0x000007f4      0x226 D:\Project\MyProject1\mkrtos_real\mkrtos_sdk\Debug\libmkrtos_sdk.a(stackgap-g.o)
 .debug_abbrev  0x00000a1a       0x7f D:\Project\MyProject1\mkrtos_real\mkrtos_sdk\Debug\libmkrtos_sdk.a(__ltostr.o)
 .debug_abbrev  0x00000a99       0x61 D:\Project\MyProject1\mkrtos_real\mkrtos_sdk\Debug\libmkrtos_sdk.a(errno_location.o)
 .debug_abbrev  0x00000afa       0x88 D:\Project\MyProject1\mkrtos_real\mkrtos_sdk\Debug\libmkrtos_sdk.a(getenv.o)
 .debug_abbrev  0x00000b82       0x4d D:\Project\MyProject1\mkrtos_real\mkrtos_sdk\Debug\libmkrtos_sdk.a(isalnum.o)
 .debug_abbrev  0x00000bcf       0x4d D:\Project\MyProject1\mkrtos_real\mkrtos_sdk\Debug\libmkrtos_sdk.a(isspace.o)
 .debug_abbrev  0x00000c1c       0x4d D:\Project\MyProject1\mkrtos_real\mkrtos_sdk\Debug\libmkrtos_sdk.a(isxdigit.o)
 .debug_abbrev  0x00000c69       0x98 D:\Project\MyProject1\mkrtos_real\mkrtos_sdk\Debug\libmkrtos_sdk.a(memcmp.o)
 .debug_abbrev  0x00000d01       0x9d D:\Project\MyProject1\mkrtos_real\mkrtos_sdk\Debug\libmkrtos_sdk.a(memcpy.o)
 .debug_abbrev  0x00000d9e       0x9f D:\Project\MyProject1\mkrtos_real\mkrtos_sdk\Debug\libmkrtos_sdk.a(memmove.o)
 .debug_abbrev  0x00000e3d       0x93 D:\Project\MyProject1\mkrtos_real\mkrtos_sdk\Debug\libmkrtos_sdk.a(memset.o)
 .debug_abbrev  0x00000ed0       0xe5 D:\Project\MyProject1\mkrtos_real\mkrtos_sdk\Debug\libmkrtos_sdk.a(sigjmp.o)
 .debug_abbrev  0x00000fb5       0xb2 D:\Project\MyProject1\mkrtos_real\mkrtos_sdk\Debug\libmkrtos_sdk.a(sigprocmask.o)
 .debug_abbrev  0x00001067       0x91 D:\Project\MyProject1\mkrtos_real\mkrtos_sdk\Debug\libmkrtos_sdk.a(strstr.o)
 .debug_abbrev  0x000010f8       0x14 D:\Project\MyProject1\mkrtos_real\mkrtos_sdk\Debug\libmkrtos_sdk.a(arm_set_tls.o)

.debug_aranges  0x00000000      0x3d8
 .debug_aranges
                0x00000000       0x20 ./src/__main.o
 .debug_aranges
                0x00000020       0x18 ./src/heap_stack.o
 .debug_aranges
                0x00000038       0x20 ./src/main.o
 .debug_aranges
                0x00000058       0x20 ./src/reloc.o
 .debug_aranges
                0x00000078       0x20 ./src/start.o
 .debug_aranges
                0x00000098       0x20 D:\Project\MyProject1\mkrtos_real\mkrtos_sdk\Debug\libmkrtos_sdk.a(printf.o)
 .debug_aranges
                0x000000b8       0x28 D:\Project\MyProject1\mkrtos_real\mkrtos_sdk\Debug\libmkrtos_sdk.a(vprintf.o)
 .debug_aranges
                0x000000e0       0x30 D:\Project\MyProject1\mkrtos_real\mkrtos_sdk\Debug\libmkrtos_sdk.a(__v_printf.o)
 .debug_aranges
                0x00000110       0x28 D:\Project\MyProject1\mkrtos_real\mkrtos_sdk\Debug\libmkrtos_sdk.a(atexit.o)
 .debug_aranges
                0x00000138       0x20 D:\Project\MyProject1\mkrtos_real\mkrtos_sdk\Debug\libmkrtos_sdk.a(strlen.o)
 .debug_aranges
                0x00000158       0x20 D:\Project\MyProject1\mkrtos_real\mkrtos_sdk\Debug\libmkrtos_sdk.a(strtol.o)
 .debug_aranges
                0x00000178       0x20 D:\Project\MyProject1\mkrtos_real\mkrtos_sdk\Debug\libmkrtos_sdk.a(strtoul.o)
 .debug_aranges
                0x00000198       0x20 D:\Project\MyProject1\mkrtos_real\mkrtos_sdk\Debug\libmkrtos_sdk.a(dyn_syscalls.o)
 .debug_aranges
                0x000001b8       0x20 D:\Project\MyProject1\mkrtos_real\mkrtos_sdk\Debug\libmkrtos_sdk.a(start.o)
 .debug_aranges
                0x000001d8       0x40 D:\Project\MyProject1\mkrtos_real\mkrtos_sdk\Debug\libmkrtos_sdk.a(stackgap-g.o)
 .debug_aranges
                0x00000218       0x20 D:\Project\MyProject1\mkrtos_real\mkrtos_sdk\Debug\libmkrtos_sdk.a(__ltostr.o)
 .debug_aranges
                0x00000238       0x20 D:\Project\MyProject1\mkrtos_real\mkrtos_sdk\Debug\libmkrtos_sdk.a(errno_location.o)
 .debug_aranges
                0x00000258       0x20 D:\Project\MyProject1\mkrtos_real\mkrtos_sdk\Debug\libmkrtos_sdk.a(getenv.o)
 .debug_aranges
                0x00000278       0x20 D:\Project\MyProject1\mkrtos_real\mkrtos_sdk\Debug\libmkrtos_sdk.a(isalnum.o)
 .debug_aranges
                0x00000298       0x20 D:\Project\MyProject1\mkrtos_real\mkrtos_sdk\Debug\libmkrtos_sdk.a(isspace.o)
 .debug_aranges
                0x000002b8       0x20 D:\Project\MyProject1\mkrtos_real\mkrtos_sdk\Debug\libmkrtos_sdk.a(isxdigit.o)
 .debug_aranges
                0x000002d8       0x20 D:\Project\MyProject1\mkrtos_real\mkrtos_sdk\Debug\libmkrtos_sdk.a(memcmp.o)
 .debug_aranges
                0x000002f8       0x20 D:\Project\MyProject1\mkrtos_real\mkrtos_sdk\Debug\libmkrtos_sdk.a(memcpy.o)
 .debug_aranges
                0x00000318       0x20 D:\Project\MyProject1\mkrtos_real\mkrtos_sdk\Debug\libmkrtos_sdk.a(memmove.o)
 .debug_aranges
                0x00000338       0x20 D:\Project\MyProject1\mkrtos_real\mkrtos_sdk\Debug\libmkrtos_sdk.a(memset.o)
 .debug_aranges
                0x00000358       0x20 D:\Project\MyProject1\mkrtos_real\mkrtos_sdk\Debug\libmkrtos_sdk.a(sigjmp.o)
 .debug_aranges
                0x00000378       0x20 D:\Project\MyProject1\mkrtos_real\mkrtos_sdk\Debug\libmkrtos_sdk.a(sigprocmask.o)
 .debug_aranges
                0x00000398       0x20 D:\Project\MyProject1\mkrtos_real\mkrtos_sdk\Debug\libmkrtos_sdk.a(strstr.o)
 .debug_aranges
                0x000003b8       0x20 D:\Project\MyProject1\mkrtos_real\mkrtos_sdk\Debug\libmkrtos_sdk.a(arm_set_tls.o)

.debug_ranges   0x00000000      0x1c0
 .debug_ranges  0x00000000       0x10 ./src/__main.o
 .debug_ranges  0x00000010       0x10 ./src/main.o
 .debug_ranges  0x00000020       0x10 ./src/reloc.o
 .debug_ranges  0x00000030       0x10 D:\Project\MyProject1\mkrtos_real\mkrtos_sdk\Debug\libmkrtos_sdk.a(printf.o)
 .debug_ranges  0x00000040       0x18 D:\Project\MyProject1\mkrtos_real\mkrtos_sdk\Debug\libmkrtos_sdk.a(vprintf.o)
 .debug_ranges  0x00000058       0x20 D:\Project\MyProject1\mkrtos_real\mkrtos_sdk\Debug\libmkrtos_sdk.a(__v_printf.o)
 .debug_ranges  0x00000078       0x18 D:\Project\MyProject1\mkrtos_real\mkrtos_sdk\Debug\libmkrtos_sdk.a(atexit.o)
 .debug_ranges  0x00000090       0x10 D:\Project\MyProject1\mkrtos_real\mkrtos_sdk\Debug\libmkrtos_sdk.a(strlen.o)
 .debug_ranges  0x000000a0       0x10 D:\Project\MyProject1\mkrtos_real\mkrtos_sdk\Debug\libmkrtos_sdk.a(strtol.o)
 .debug_ranges  0x000000b0       0x10 D:\Project\MyProject1\mkrtos_real\mkrtos_sdk\Debug\libmkrtos_sdk.a(strtoul.o)
 .debug_ranges  0x000000c0       0x30 D:\Project\MyProject1\mkrtos_real\mkrtos_sdk\Debug\libmkrtos_sdk.a(stackgap-g.o)
 .debug_ranges  0x000000f0       0x10 D:\Project\MyProject1\mkrtos_real\mkrtos_sdk\Debug\libmkrtos_sdk.a(__ltostr.o)
 .debug_ranges  0x00000100       0x10 D:\Project\MyProject1\mkrtos_real\mkrtos_sdk\Debug\libmkrtos_sdk.a(errno_location.o)
 .debug_ranges  0x00000110       0x10 D:\Project\MyProject1\mkrtos_real\mkrtos_sdk\Debug\libmkrtos_sdk.a(getenv.o)
 .debug_ranges  0x00000120       0x10 D:\Project\MyProject1\mkrtos_real\mkrtos_sdk\Debug\libmkrtos_sdk.a(isalnum.o)
 .debug_ranges  0x00000130       0x10 D:\Project\MyProject1\mkrtos_real\mkrtos_sdk\Debug\libmkrtos_sdk.a(isspace.o)
 .debug_ranges  0x00000140       0x10 D:\Project\MyProject1\mkrtos_real\mkrtos_sdk\Debug\libmkrtos_sdk.a(isxdigit.o)
 .debug_ranges  0x00000150       0x10 D:\Project\MyProject1\mkrtos_real\mkrtos_sdk\Debug\libmkrtos_sdk.a(memcmp.o)
 .debug_ranges  0x00000160       0x10 D:\Project\MyProject1\mkrtos_real\mkrtos_sdk\Debug\libmkrtos_sdk.a(memcpy.o)
 .debug_ranges  0x00000170       0x10 D:\Project\MyProject1\mkrtos_real\mkrtos_sdk\Debug\libmkrtos_sdk.a(memmove.o)
 .debug_ranges  0x00000180       0x10 D:\Project\MyProject1\mkrtos_real\mkrtos_sdk\Debug\libmkrtos_sdk.a(memset.o)
 .debug_ranges  0x00000190       0x10 D:\Project\MyProject1\mkrtos_real\mkrtos_sdk\Debug\libmkrtos_sdk.a(sigjmp.o)
 .debug_ranges  0x000001a0       0x10 D:\Project\MyProject1\mkrtos_real\mkrtos_sdk\Debug\libmkrtos_sdk.a(sigprocmask.o)
 .debug_ranges  0x000001b0       0x10 D:\Project\MyProject1\mkrtos_real\mkrtos_sdk\Debug\libmkrtos_sdk.a(strstr.o)

.debug_line     0x00000000     0x3dbf
 .debug_line    0x00000000       0x42 ./src/__main.o
 .debug_line    0x00000042       0x34 ./src/heap_stack.o
 .debug_line    0x00000076       0x3e ./src/main.o
 .debug_line    0x000000b4       0x74 ./src/reloc.o
 .debug_line    0x00000128       0x7d ./src/start.o
 .debug_line    0x000001a5      0x2b3 D:\Project\MyProject1\mkrtos_real\mkrtos_sdk\Debug\libmkrtos_sdk.a(printf.o)
 .debug_line    0x00000458      0x2ac D:\Project\MyProject1\mkrtos_real\mkrtos_sdk\Debug\libmkrtos_sdk.a(vprintf.o)
 .debug_line    0x00000704      0x516 D:\Project\MyProject1\mkrtos_real\mkrtos_sdk\Debug\libmkrtos_sdk.a(__v_printf.o)
 .debug_line    0x00000c1a      0x214 D:\Project\MyProject1\mkrtos_real\mkrtos_sdk\Debug\libmkrtos_sdk.a(atexit.o)
 .debug_line    0x00000e2e      0x1cf D:\Project\MyProject1\mkrtos_real\mkrtos_sdk\Debug\libmkrtos_sdk.a(strlen.o)
 .debug_line    0x00000ffd      0x1fb D:\Project\MyProject1\mkrtos_real\mkrtos_sdk\Debug\libmkrtos_sdk.a(strtol.o)
 .debug_line    0x000011f8      0x201 D:\Project\MyProject1\mkrtos_real\mkrtos_sdk\Debug\libmkrtos_sdk.a(strtoul.o)
 .debug_line    0x000013f9     0x134d D:\Project\MyProject1\mkrtos_real\mkrtos_sdk\Debug\libmkrtos_sdk.a(dyn_syscalls.o)
 .debug_line    0x00002746       0x58 D:\Project\MyProject1\mkrtos_real\mkrtos_sdk\Debug\libmkrtos_sdk.a(start.o)
 .debug_line    0x0000279e      0x3b8 D:\Project\MyProject1\mkrtos_real\mkrtos_sdk\Debug\libmkrtos_sdk.a(stackgap-g.o)
 .debug_line    0x00002b56      0x17e D:\Project\MyProject1\mkrtos_real\mkrtos_sdk\Debug\libmkrtos_sdk.a(__ltostr.o)
 .debug_line    0x00002cd4      0x1ff D:\Project\MyProject1\mkrtos_real\mkrtos_sdk\Debug\libmkrtos_sdk.a(errno_location.o)
 .debug_line    0x00002ed3      0x167 D:\Project\MyProject1\mkrtos_real\mkrtos_sdk\Debug\libmkrtos_sdk.a(getenv.o)
 .debug_line    0x0000303a      0x114 D:\Project\MyProject1\mkrtos_real\mkrtos_sdk\Debug\libmkrtos_sdk.a(isalnum.o)
 .debug_line    0x0000314e      0x10f D:\Project\MyProject1\mkrtos_real\mkrtos_sdk\Debug\libmkrtos_sdk.a(isspace.o)
 .debug_line    0x0000325d       0x6d D:\Project\MyProject1\mkrtos_real\mkrtos_sdk\Debug\libmkrtos_sdk.a(isxdigit.o)
 .debug_line    0x000032ca      0x134 D:\Project\MyProject1\mkrtos_real\mkrtos_sdk\Debug\libmkrtos_sdk.a(memcmp.o)
 .debug_line    0x000033fe      0x1ee D:\Project\MyProject1\mkrtos_real\mkrtos_sdk\Debug\libmkrtos_sdk.a(memcpy.o)
 .debug_line    0x000035ec      0x14c D:\Project\MyProject1\mkrtos_real\mkrtos_sdk\Debug\libmkrtos_sdk.a(memmove.o)
 .debug_line    0x00003738      0x130 D:\Project\MyProject1\mkrtos_real\mkrtos_sdk\Debug\libmkrtos_sdk.a(memset.o)
 .debug_line    0x00003868      0x1da D:\Project\MyProject1\mkrtos_real\mkrtos_sdk\Debug\libmkrtos_sdk.a(sigjmp.o)
 .debug_line    0x00003a42      0x1cf D:\Project\MyProject1\mkrtos_real\mkrtos_sdk\Debug\libmkrtos_sdk.a(sigprocmask.o)
 .debug_line    0x00003c11      0x151 D:\Project\MyProject1\mkrtos_real\mkrtos_sdk\Debug\libmkrtos_sdk.a(strstr.o)
 .debug_line    0x00003d62       0x5d D:\Project\MyProject1\mkrtos_real\mkrtos_sdk\Debug\libmkrtos_sdk.a(arm_set_tls.o)

.debug_str      0x00000000    0x1097b
 .debug_str     0x00000000      0x152 ./src/__main.o
                                0x1d6 (size before relaxing)
 .debug_str     0x00000152       0x19 ./src/heap_stack.o
                                0x13c (size before relaxing)
 .debug_str     0x0000016b       0x13 ./src/main.o
                                0x1b5 (size before relaxing)
 .debug_str     0x0000017e       0x6c ./src/reloc.o
                                0x18f (size before relaxing)
 .debug_str     0x000001ea     0x52e1 D:\Project\MyProject1\mkrtos_real\mkrtos_sdk\Debug\libmkrtos_sdk.a(printf.o)
                               0x5387 (size before relaxing)
 .debug_str     0x000054cb       0x57 D:\Project\MyProject1\mkrtos_real\mkrtos_sdk\Debug\libmkrtos_sdk.a(vprintf.o)
                               0x5341 (size before relaxing)
 .debug_str     0x00005522      0xd8c D:\Project\MyProject1\mkrtos_real\mkrtos_sdk\Debug\libmkrtos_sdk.a(__v_printf.o)
                               0x610e (size before relaxing)
 .debug_str     0x000062ae       0x64 D:\Project\MyProject1\mkrtos_real\mkrtos_sdk\Debug\libmkrtos_sdk.a(atexit.o)
                               0x4676 (size before relaxing)
 .debug_str     0x00006312      0x5a6 D:\Project\MyProject1\mkrtos_real\mkrtos_sdk\Debug\libmkrtos_sdk.a(strlen.o)
                               0x3f0c (size before relaxing)
 .debug_str     0x000068b8      0x331 D:\Project\MyProject1\mkrtos_real\mkrtos_sdk\Debug\libmkrtos_sdk.a(strtol.o)
                               0x4304 (size before relaxing)
 .debug_str     0x00006be9       0x3b D:\Project\MyProject1\mkrtos_real\mkrtos_sdk\Debug\libmkrtos_sdk.a(strtoul.o)
                               0x4088 (size before relaxing)
 .debug_str     0x00006c24     0x98e1 D:\Project\MyProject1\mkrtos_real\mkrtos_sdk\Debug\libmkrtos_sdk.a(stackgap-g.o)
                               0xe27d (size before relaxing)
 .debug_str     0x00010505       0x34 D:\Project\MyProject1\mkrtos_real\mkrtos_sdk\Debug\libmkrtos_sdk.a(__ltostr.o)
                               0x371a (size before relaxing)
 .debug_str     0x00010539       0x88 D:\Project\MyProject1\mkrtos_real\mkrtos_sdk\Debug\libmkrtos_sdk.a(errno_location.o)
                               0x4a81 (size before relaxing)
 .debug_str     0x000105c1       0x31 D:\Project\MyProject1\mkrtos_real\mkrtos_sdk\Debug\libmkrtos_sdk.a(getenv.o)
                               0x370d (size before relaxing)
 .debug_str     0x000105f2       0x2b D:\Project\MyProject1\mkrtos_real\mkrtos_sdk\Debug\libmkrtos_sdk.a(isalnum.o)
                               0x2810 (size before relaxing)
 .debug_str     0x0001061d       0x33 D:\Project\MyProject1\mkrtos_real\mkrtos_sdk\Debug\libmkrtos_sdk.a(isspace.o)
                               0x2818 (size before relaxing)
 .debug_str     0x00010650       0x35 D:\Project\MyProject1\mkrtos_real\mkrtos_sdk\Debug\libmkrtos_sdk.a(isxdigit.o)
                               0x2482 (size before relaxing)
 .debug_str     0x00010685       0x2f D:\Project\MyProject1\mkrtos_real\mkrtos_sdk\Debug\libmkrtos_sdk.a(memcmp.o)
                               0x3691 (size before relaxing)
 .debug_str     0x000106b4      0x15b D:\Project\MyProject1\mkrtos_real\mkrtos_sdk\Debug\libmkrtos_sdk.a(memcpy.o)
                               0x3a3b (size before relaxing)
 .debug_str     0x0001080f       0x49 D:\Project\MyProject1\mkrtos_real\mkrtos_sdk\Debug\libmkrtos_sdk.a(memmove.o)
                               0x36b6 (size before relaxing)
 .debug_str     0x00010858       0x29 D:\Project\MyProject1\mkrtos_real\mkrtos_sdk\Debug\libmkrtos_sdk.a(memset.o)
                               0x3696 (size before relaxing)
 .debug_str     0x00010881       0x81 D:\Project\MyProject1\mkrtos_real\mkrtos_sdk\Debug\libmkrtos_sdk.a(sigjmp.o)
                               0x440e (size before relaxing)
 .debug_str     0x00010902       0x3a D:\Project\MyProject1\mkrtos_real\mkrtos_sdk\Debug\libmkrtos_sdk.a(sigprocmask.o)
                               0x435b (size before relaxing)
 .debug_str     0x0001093c       0x3f D:\Project\MyProject1\mkrtos_real\mkrtos_sdk\Debug\libmkrtos_sdk.a(strstr.o)
                               0x36a6 (size before relaxing)

.comment        0x00000000       0x70
 .comment       0x00000000       0x70 ./src/__main.o
                                 0x71 (size before relaxing)
 .comment       0x00000000       0x71 ./src/heap_stack.o
 .comment       0x00000000       0x71 ./src/main.o
 .comment       0x00000000       0x71 ./src/reloc.o
 .comment       0x00000000       0x71 D:\Project\MyProject1\mkrtos_real\mkrtos_sdk\Debug\libmkrtos_sdk.a(printf.o)
 .comment       0x00000000       0x71 D:\Project\MyProject1\mkrtos_real\mkrtos_sdk\Debug\libmkrtos_sdk.a(vprintf.o)
 .comment       0x00000000       0x71 D:\Project\MyProject1\mkrtos_real\mkrtos_sdk\Debug\libmkrtos_sdk.a(__v_printf.o)
 .comment       0x00000000       0x71 D:\Project\MyProject1\mkrtos_real\mkrtos_sdk\Debug\libmkrtos_sdk.a(atexit.o)
 .comment       0x00000000       0x71 D:\Project\MyProject1\mkrtos_real\mkrtos_sdk\Debug\libmkrtos_sdk.a(strlen.o)
 .comment       0x00000000       0x71 D:\Project\MyProject1\mkrtos_real\mkrtos_sdk\Debug\libmkrtos_sdk.a(strtol.o)
 .comment       0x00000000       0x71 D:\Project\MyProject1\mkrtos_real\mkrtos_sdk\Debug\libmkrtos_sdk.a(strtoul.o)
 .comment       0x00000000       0x71 D:\Project\MyProject1\mkrtos_real\mkrtos_sdk\Debug\libmkrtos_sdk.a(stackgap-g.o)
 .comment       0x00000000       0x71 D:\Project\MyProject1\mkrtos_real\mkrtos_sdk\Debug\libmkrtos_sdk.a(__ltostr.o)
 .comment       0x00000000       0x71 D:\Project\MyProject1\mkrtos_real\mkrtos_sdk\Debug\libmkrtos_sdk.a(errno_location.o)
 .comment       0x00000000       0x71 D:\Project\MyProject1\mkrtos_real\mkrtos_sdk\Debug\libmkrtos_sdk.a(getenv.o)
 .comment       0x00000000       0x71 D:\Project\MyProject1\mkrtos_real\mkrtos_sdk\Debug\libmkrtos_sdk.a(isalnum.o)
 .comment       0x00000000       0x71 D:\Project\MyProject1\mkrtos_real\mkrtos_sdk\Debug\libmkrtos_sdk.a(isspace.o)
 .comment       0x00000000       0x71 D:\Project\MyProject1\mkrtos_real\mkrtos_sdk\Debug\libmkrtos_sdk.a(isxdigit.o)
 .comment       0x00000000       0x71 D:\Project\MyProject1\mkrtos_real\mkrtos_sdk\Debug\libmkrtos_sdk.a(memcmp.o)
 .comment       0x00000000       0x71 D:\Project\MyProject1\mkrtos_real\mkrtos_sdk\Debug\libmkrtos_sdk.a(memcpy.o)
 .comment       0x00000000       0x71 D:\Project\MyProject1\mkrtos_real\mkrtos_sdk\Debug\libmkrtos_sdk.a(memmove.o)
 .comment       0x00000000       0x71 D:\Project\MyProject1\mkrtos_real\mkrtos_sdk\Debug\libmkrtos_sdk.a(memset.o)
 .comment       0x00000000       0x71 D:\Project\MyProject1\mkrtos_real\mkrtos_sdk\Debug\libmkrtos_sdk.a(sigjmp.o)
 .comment       0x00000000       0x71 D:\Project\MyProject1\mkrtos_real\mkrtos_sdk\Debug\libmkrtos_sdk.a(sigprocmask.o)
 .comment       0x00000000       0x71 D:\Project\MyProject1\mkrtos_real\mkrtos_sdk\Debug\libmkrtos_sdk.a(strstr.o)

.ARM.attributes
                0x00000000       0x31
 .ARM.attributes
                0x00000000       0x33 ./src/__main.o
 .ARM.attributes
                0x00000033       0x33 ./src/heap_stack.o
 .ARM.attributes
                0x00000066       0x33 ./src/main.o
 .ARM.attributes
                0x00000099       0x33 ./src/reloc.o
 .ARM.attributes
                0x000000cc       0x21 ./src/start.o
 .ARM.attributes
                0x000000ed       0x33 D:\Project\MyProject1\mkrtos_real\mkrtos_sdk\Debug\libmkrtos_sdk.a(printf.o)
 .ARM.attributes
                0x00000120       0x33 D:\Project\MyProject1\mkrtos_real\mkrtos_sdk\Debug\libmkrtos_sdk.a(vprintf.o)
 .ARM.attributes
                0x00000153       0x33 D:\Project\MyProject1\mkrtos_real\mkrtos_sdk\Debug\libmkrtos_sdk.a(__v_printf.o)
 .ARM.attributes
                0x00000186       0x33 D:\Project\MyProject1\mkrtos_real\mkrtos_sdk\Debug\libmkrtos_sdk.a(atexit.o)
 .ARM.attributes
                0x000001b9       0x33 D:\Project\MyProject1\mkrtos_real\mkrtos_sdk\Debug\libmkrtos_sdk.a(strlen.o)
 .ARM.attributes
                0x000001ec       0x33 D:\Project\MyProject1\mkrtos_real\mkrtos_sdk\Debug\libmkrtos_sdk.a(strtol.o)
 .ARM.attributes
                0x0000021f       0x33 D:\Project\MyProject1\mkrtos_real\mkrtos_sdk\Debug\libmkrtos_sdk.a(strtoul.o)
 .ARM.attributes
                0x00000252       0x21 D:\Project\MyProject1\mkrtos_real\mkrtos_sdk\Debug\libmkrtos_sdk.a(dyn_syscalls.o)
 .ARM.attributes
                0x00000273       0x21 D:\Project\MyProject1\mkrtos_real\mkrtos_sdk\Debug\libmkrtos_sdk.a(start.o)
 .ARM.attributes
                0x00000294       0x33 D:\Project\MyProject1\mkrtos_real\mkrtos_sdk\Debug\libmkrtos_sdk.a(stackgap-g.o)
 .ARM.attributes
                0x000002c7       0x33 D:\Project\MyProject1\mkrtos_real\mkrtos_sdk\Debug\libmkrtos_sdk.a(__ltostr.o)
 .ARM.attributes
                0x000002fa       0x33 D:\Project\MyProject1\mkrtos_real\mkrtos_sdk\Debug\libmkrtos_sdk.a(errno_location.o)
 .ARM.attributes
                0x0000032d       0x33 D:\Project\MyProject1\mkrtos_real\mkrtos_sdk\Debug\libmkrtos_sdk.a(getenv.o)
 .ARM.attributes
                0x00000360       0x33 D:\Project\MyProject1\mkrtos_real\mkrtos_sdk\Debug\libmkrtos_sdk.a(isalnum.o)
 .ARM.attributes
                0x00000393       0x33 D:\Project\MyProject1\mkrtos_real\mkrtos_sdk\Debug\libmkrtos_sdk.a(isspace.o)
 .ARM.attributes
                0x000003c6       0x33 D:\Project\MyProject1\mkrtos_real\mkrtos_sdk\Debug\libmkrtos_sdk.a(isxdigit.o)
 .ARM.attributes
                0x000003f9       0x33 D:\Project\MyProject1\mkrtos_real\mkrtos_sdk\Debug\libmkrtos_sdk.a(memcmp.o)
 .ARM.attributes
                0x0000042c       0x33 D:\Project\MyProject1\mkrtos_real\mkrtos_sdk\Debug\libmkrtos_sdk.a(memcpy.o)
 .ARM.attributes
                0x0000045f       0x33 D:\Project\MyProject1\mkrtos_real\mkrtos_sdk\Debug\libmkrtos_sdk.a(memmove.o)
 .ARM.attributes
                0x00000492       0x33 D:\Project\MyProject1\mkrtos_real\mkrtos_sdk\Debug\libmkrtos_sdk.a(memset.o)
 .ARM.attributes
                0x000004c5       0x33 D:\Project\MyProject1\mkrtos_real\mkrtos_sdk\Debug\libmkrtos_sdk.a(sigjmp.o)
 .ARM.attributes
                0x000004f8       0x33 D:\Project\MyProject1\mkrtos_real\mkrtos_sdk\Debug\libmkrtos_sdk.a(sigprocmask.o)
 .ARM.attributes
                0x0000052b       0x33 D:\Project\MyProject1\mkrtos_real\mkrtos_sdk\Debug\libmkrtos_sdk.a(strstr.o)
 .ARM.attributes
                0x0000055e       0x21 D:\Project\MyProject1\mkrtos_real\mkrtos_sdk\Debug\libmkrtos_sdk.a(arm_set_tls.o)

.debug_frame    0x00000000      0x658
 .debug_frame   0x00000000       0x30 ./src/__main.o
 .debug_frame   0x00000030       0x34 ./src/main.o
 .debug_frame   0x00000064       0x38 ./src/reloc.o
 .debug_frame   0x0000009c       0x4c D:\Project\MyProject1\mkrtos_real\mkrtos_sdk\Debug\libmkrtos_sdk.a(printf.o)
 .debug_frame   0x000000e8       0x58 D:\Project\MyProject1\mkrtos_real\mkrtos_sdk\Debug\libmkrtos_sdk.a(vprintf.o)
 .debug_frame   0x00000140       0x84 D:\Project\MyProject1\mkrtos_real\mkrtos_sdk\Debug\libmkrtos_sdk.a(__v_printf.o)
 .debug_frame   0x000001c4       0x58 D:\Project\MyProject1\mkrtos_real\mkrtos_sdk\Debug\libmkrtos_sdk.a(atexit.o)
 .debug_frame   0x0000021c       0x3c D:\Project\MyProject1\mkrtos_real\mkrtos_sdk\Debug\libmkrtos_sdk.a(strlen.o)
 .debug_frame   0x00000258       0x34 D:\Project\MyProject1\mkrtos_real\mkrtos_sdk\Debug\libmkrtos_sdk.a(strtol.o)
 .debug_frame   0x0000028c       0x38 D:\Project\MyProject1\mkrtos_real\mkrtos_sdk\Debug\libmkrtos_sdk.a(strtoul.o)
 .debug_frame   0x000002c4       0xd0 D:\Project\MyProject1\mkrtos_real\mkrtos_sdk\Debug\libmkrtos_sdk.a(stackgap-g.o)
 .debug_frame   0x00000394       0x34 D:\Project\MyProject1\mkrtos_real\mkrtos_sdk\Debug\libmkrtos_sdk.a(__ltostr.o)
 .debug_frame   0x000003c8       0x30 D:\Project\MyProject1\mkrtos_real\mkrtos_sdk\Debug\libmkrtos_sdk.a(errno_location.o)
 .debug_frame   0x000003f8       0x34 D:\Project\MyProject1\mkrtos_real\mkrtos_sdk\Debug\libmkrtos_sdk.a(getenv.o)
 .debug_frame   0x0000042c       0x38 D:\Project\MyProject1\mkrtos_real\mkrtos_sdk\Debug\libmkrtos_sdk.a(isalnum.o)
 .debug_frame   0x00000464       0x38 D:\Project\MyProject1\mkrtos_real\mkrtos_sdk\Debug\libmkrtos_sdk.a(isspace.o)
 .debug_frame   0x0000049c       0x38 D:\Project\MyProject1\mkrtos_real\mkrtos_sdk\Debug\libmkrtos_sdk.a(isxdigit.o)
 .debug_frame   0x000004d4       0x40 D:\Project\MyProject1\mkrtos_real\mkrtos_sdk\Debug\libmkrtos_sdk.a(memcmp.o)
 .debug_frame   0x00000514       0x38 D:\Project\MyProject1\mkrtos_real\mkrtos_sdk\Debug\libmkrtos_sdk.a(memcpy.o)
 .debug_frame   0x0000054c       0x38 D:\Project\MyProject1\mkrtos_real\mkrtos_sdk\Debug\libmkrtos_sdk.a(memmove.o)
 .debug_frame   0x00000584       0x38 D:\Project\MyProject1\mkrtos_real\mkrtos_sdk\Debug\libmkrtos_sdk.a(memset.o)
 .debug_frame   0x000005bc       0x34 D:\Project\MyProject1\mkrtos_real\mkrtos_sdk\Debug\libmkrtos_sdk.a(sigjmp.o)
 .debug_frame   0x000005f0       0x34 D:\Project\MyProject1\mkrtos_real\mkrtos_sdk\Debug\libmkrtos_sdk.a(sigprocmask.o)
 .debug_frame   0x00000624       0x34 D:\Project\MyProject1\mkrtos_real\mkrtos_sdk\Debug\libmkrtos_sdk.a(strstr.o)

.debug_macro    0x00000000     0x6744
 .debug_macro   0x00000000      0x12e D:\Project\MyProject1\mkrtos_real\mkrtos_sdk\Debug\libmkrtos_sdk.a(printf.o)
 .debug_macro   0x0000012e      0x862 D:\Project\MyProject1\mkrtos_real\mkrtos_sdk\Debug\libmkrtos_sdk.a(printf.o)
 .debug_macro   0x00000990       0xa8 D:\Project\MyProject1\mkrtos_real\mkrtos_sdk\Debug\libmkrtos_sdk.a(printf.o)
 .debug_macro   0x00000a38       0x40 D:\Project\MyProject1\mkrtos_real\mkrtos_sdk\Debug\libmkrtos_sdk.a(printf.o)
 .debug_macro   0x00000a78       0x22 D:\Project\MyProject1\mkrtos_real\mkrtos_sdk\Debug\libmkrtos_sdk.a(printf.o)
 .debug_macro   0x00000a9a      0x3fc D:\Project\MyProject1\mkrtos_real\mkrtos_sdk\Debug\libmkrtos_sdk.a(printf.o)
 .debug_macro   0x00000e96       0x22 D:\Project\MyProject1\mkrtos_real\mkrtos_sdk\Debug\libmkrtos_sdk.a(printf.o)
 .debug_macro   0x00000eb8       0x17 D:\Project\MyProject1\mkrtos_real\mkrtos_sdk\Debug\libmkrtos_sdk.a(printf.o)
 .debug_macro   0x00000ecf       0x10 D:\Project\MyProject1\mkrtos_real\mkrtos_sdk\Debug\libmkrtos_sdk.a(printf.o)
 .debug_macro   0x00000edf      0x379 D:\Project\MyProject1\mkrtos_real\mkrtos_sdk\Debug\libmkrtos_sdk.a(printf.o)
 .debug_macro   0x00001258       0x16 D:\Project\MyProject1\mkrtos_real\mkrtos_sdk\Debug\libmkrtos_sdk.a(printf.o)
 .debug_macro   0x0000126e       0x3a D:\Project\MyProject1\mkrtos_real\mkrtos_sdk\Debug\libmkrtos_sdk.a(printf.o)
 .debug_macro   0x000012a8       0xee D:\Project\MyProject1\mkrtos_real\mkrtos_sdk\Debug\libmkrtos_sdk.a(printf.o)
 .debug_macro   0x00001396       0x10 D:\Project\MyProject1\mkrtos_real\mkrtos_sdk\Debug\libmkrtos_sdk.a(printf.o)
 .debug_macro   0x000013a6       0x1c D:\Project\MyProject1\mkrtos_real\mkrtos_sdk\Debug\libmkrtos_sdk.a(printf.o)
 .debug_macro   0x000013c2       0xc2 D:\Project\MyProject1\mkrtos_real\mkrtos_sdk\Debug\libmkrtos_sdk.a(printf.o)
 .debug_macro   0x00001484       0x40 D:\Project\MyProject1\mkrtos_real\mkrtos_sdk\Debug\libmkrtos_sdk.a(printf.o)
 .debug_macro   0x000014c4       0x1c D:\Project\MyProject1\mkrtos_real\mkrtos_sdk\Debug\libmkrtos_sdk.a(printf.o)
 .debug_macro   0x000014e0       0x26 D:\Project\MyProject1\mkrtos_real\mkrtos_sdk\Debug\libmkrtos_sdk.a(printf.o)
 .debug_macro   0x00001506       0xd1 D:\Project\MyProject1\mkrtos_real\mkrtos_sdk\Debug\libmkrtos_sdk.a(printf.o)
 .debug_macro   0x000015d7       0x58 D:\Project\MyProject1\mkrtos_real\mkrtos_sdk\Debug\libmkrtos_sdk.a(printf.o)
 .debug_macro   0x0000162f       0x9c D:\Project\MyProject1\mkrtos_real\mkrtos_sdk\Debug\libmkrtos_sdk.a(printf.o)
 .debug_macro   0x000016cb      0x116 D:\Project\MyProject1\mkrtos_real\mkrtos_sdk\Debug\libmkrtos_sdk.a(vprintf.o)
 .debug_macro   0x000017e1      0x16c D:\Project\MyProject1\mkrtos_real\mkrtos_sdk\Debug\libmkrtos_sdk.a(__v_printf.o)
 .debug_macro   0x0000194d      0x3c9 D:\Project\MyProject1\mkrtos_real\mkrtos_sdk\Debug\libmkrtos_sdk.a(__v_printf.o)
 .debug_macro   0x00001d16       0xb2 D:\Project\MyProject1\mkrtos_real\mkrtos_sdk\Debug\libmkrtos_sdk.a(__v_printf.o)
 .debug_macro   0x00001dc8       0x3a D:\Project\MyProject1\mkrtos_real\mkrtos_sdk\Debug\libmkrtos_sdk.a(__v_printf.o)
 .debug_macro   0x00001e02       0xe0 D:\Project\MyProject1\mkrtos_real\mkrtos_sdk\Debug\libmkrtos_sdk.a(atexit.o)
 .debug_macro   0x00001ee2      0x3f6 D:\Project\MyProject1\mkrtos_real\mkrtos_sdk\Debug\libmkrtos_sdk.a(atexit.o)
 .debug_macro   0x000022d8       0x66 D:\Project\MyProject1\mkrtos_real\mkrtos_sdk\Debug\libmkrtos_sdk.a(strlen.o)
 .debug_macro   0x0000233e      0x17e D:\Project\MyProject1\mkrtos_real\mkrtos_sdk\Debug\libmkrtos_sdk.a(strlen.o)
 .debug_macro   0x000024bc       0x8d D:\Project\MyProject1\mkrtos_real\mkrtos_sdk\Debug\libmkrtos_sdk.a(strtol.o)
 .debug_macro   0x00002549       0xe8 D:\Project\MyProject1\mkrtos_real\mkrtos_sdk\Debug\libmkrtos_sdk.a(strtol.o)
 .debug_macro   0x00002631       0x7e D:\Project\MyProject1\mkrtos_real\mkrtos_sdk\Debug\libmkrtos_sdk.a(strtoul.o)
 .debug_macro   0x000026af       0xee D:\Project\MyProject1\mkrtos_real\mkrtos_sdk\Debug\libmkrtos_sdk.a(strtoul.o)
 .debug_macro   0x0000279d      0x146 D:\Project\MyProject1\mkrtos_real\mkrtos_sdk\Debug\libmkrtos_sdk.a(stackgap-g.o)
 .debug_macro   0x000028e3      0x10d D:\Project\MyProject1\mkrtos_real\mkrtos_sdk\Debug\libmkrtos_sdk.a(stackgap-g.o)
 .debug_macro   0x000029f0      0x8f5 D:\Project\MyProject1\mkrtos_real\mkrtos_sdk\Debug\libmkrtos_sdk.a(stackgap-g.o)
 .debug_macro   0x000032e5      0x1f4 D:\Project\MyProject1\mkrtos_real\mkrtos_sdk\Debug\libmkrtos_sdk.a(stackgap-g.o)
 .debug_macro   0x000034d9       0x22 D:\Project\MyProject1\mkrtos_real\mkrtos_sdk\Debug\libmkrtos_sdk.a(stackgap-g.o)
 .debug_macro   0x000034fb     0x28f6 D:\Project\MyProject1\mkrtos_real\mkrtos_sdk\Debug\libmkrtos_sdk.a(stackgap-g.o)
 .debug_macro   0x00005df1       0x22 D:\Project\MyProject1\mkrtos_real\mkrtos_sdk\Debug\libmkrtos_sdk.a(stackgap-g.o)
 .debug_macro   0x00005e13       0x72 D:\Project\MyProject1\mkrtos_real\mkrtos_sdk\Debug\libmkrtos_sdk.a(__ltostr.o)
 .debug_macro   0x00005e85       0xd4 D:\Project\MyProject1\mkrtos_real\mkrtos_sdk\Debug\libmkrtos_sdk.a(errno_location.o)
 .debug_macro   0x00005f59       0x1d D:\Project\MyProject1\mkrtos_real\mkrtos_sdk\Debug\libmkrtos_sdk.a(errno_location.o)
 .debug_macro   0x00005f76       0x16 D:\Project\MyProject1\mkrtos_real\mkrtos_sdk\Debug\libmkrtos_sdk.a(errno_location.o)
 .debug_macro   0x00005f8c       0x6b D:\Project\MyProject1\mkrtos_real\mkrtos_sdk\Debug\libmkrtos_sdk.a(getenv.o)
 .debug_macro   0x00005ff7       0x24 D:\Project\MyProject1\mkrtos_real\mkrtos_sdk\Debug\libmkrtos_sdk.a(isalnum.o)
 .debug_macro   0x0000601b       0x24 D:\Project\MyProject1\mkrtos_real\mkrtos_sdk\Debug\libmkrtos_sdk.a(isspace.o)
 .debug_macro   0x0000603f       0x11 D:\Project\MyProject1\mkrtos_real\mkrtos_sdk\Debug\libmkrtos_sdk.a(isxdigit.o)
 .debug_macro   0x00006050       0x53 D:\Project\MyProject1\mkrtos_real\mkrtos_sdk\Debug\libmkrtos_sdk.a(memcmp.o)
 .debug_macro   0x000060a3       0x6c D:\Project\MyProject1\mkrtos_real\mkrtos_sdk\Debug\libmkrtos_sdk.a(memcpy.o)
 .debug_macro   0x0000610f       0x28 D:\Project\MyProject1\mkrtos_real\mkrtos_sdk\Debug\libmkrtos_sdk.a(memcpy.o)
 .debug_macro   0x00006137       0x5f D:\Project\MyProject1\mkrtos_real\mkrtos_sdk\Debug\libmkrtos_sdk.a(memmove.o)
 .debug_macro   0x00006196       0x53 D:\Project\MyProject1\mkrtos_real\mkrtos_sdk\Debug\libmkrtos_sdk.a(memset.o)
 .debug_macro   0x000061e9       0xc1 D:\Project\MyProject1\mkrtos_real\mkrtos_sdk\Debug\libmkrtos_sdk.a(sigjmp.o)
 .debug_macro   0x000062aa       0x10 D:\Project\MyProject1\mkrtos_real\mkrtos_sdk\Debug\libmkrtos_sdk.a(sigjmp.o)
 .debug_macro   0x000062ba      0x36d D:\Project\MyProject1\mkrtos_real\mkrtos_sdk\Debug\libmkrtos_sdk.a(sigjmp.o)
 .debug_macro   0x00006627       0x19 D:\Project\MyProject1\mkrtos_real\mkrtos_sdk\Debug\libmkrtos_sdk.a(sigjmp.o)
 .debug_macro   0x00006640       0xb1 D:\Project\MyProject1\mkrtos_real\mkrtos_sdk\Debug\libmkrtos_sdk.a(sigprocmask.o)
 .debug_macro   0x000066f1       0x53 D:\Project\MyProject1\mkrtos_real\mkrtos_sdk\Debug\libmkrtos_sdk.a(strstr.o)

Cross Reference Table

Symbol                                            File
_DYNAMIC                                          ./src/__main.o
_GLOBAL_OFFSET_TABLE_                             ./src/__main.o
__app_start_addr__                                ./src/__main.o
__arm_set_tls                                     D:\Project\MyProject1\mkrtos_real\mkrtos_sdk\Debug\libmkrtos_sdk.a(arm_set_tls.o)
                                                  D:\Project\MyProject1\mkrtos_real\mkrtos_sdk\Debug\libmkrtos_sdk.a(stackgap-g.o)
__bss_end__                                       ./src/start.o
__bss_start__                                     ./src/start.o
__clone                                           D:\Project\MyProject1\mkrtos_real\mkrtos_sdk\Debug\libmkrtos_sdk.a(dyn_syscalls.o)
__data_end__                                      ./src/start.o
__data_start__                                    ./src/start.o
__diet_brk                                        D:\Project\MyProject1\mkrtos_real\mkrtos_sdk\Debug\libmkrtos_sdk.a(dyn_syscalls.o)
__diet_ptrace                                     D:\Project\MyProject1\mkrtos_real\mkrtos_sdk\Debug\libmkrtos_sdk.a(dyn_syscalls.o)
__dietlibc_fcntl64                                D:\Project\MyProject1\mkrtos_real\mkrtos_sdk\Debug\libmkrtos_sdk.a(dyn_syscalls.o)
__dietlibc_fstat64                                D:\Project\MyProject1\mkrtos_real\mkrtos_sdk\Debug\libmkrtos_sdk.a(dyn_syscalls.o)
__dietlibc_fstatfs64                              D:\Project\MyProject1\mkrtos_real\mkrtos_sdk\Debug\libmkrtos_sdk.a(dyn_syscalls.o)
__dietlibc_ftruncate64                            D:\Project\MyProject1\mkrtos_real\mkrtos_sdk\Debug\libmkrtos_sdk.a(dyn_syscalls.o)
__dietlibc_ftruncate64_syscall                    D:\Project\MyProject1\mkrtos_real\mkrtos_sdk\Debug\libmkrtos_sdk.a(dyn_syscalls.o)
__dietlibc_lstat64                                D:\Project\MyProject1\mkrtos_real\mkrtos_sdk\Debug\libmkrtos_sdk.a(dyn_syscalls.o)
__dietlibc_sendfile64                             D:\Project\MyProject1\mkrtos_real\mkrtos_sdk\Debug\libmkrtos_sdk.a(dyn_syscalls.o)
__dietlibc_stat64                                 D:\Project\MyProject1\mkrtos_real\mkrtos_sdk\Debug\libmkrtos_sdk.a(dyn_syscalls.o)
__dietlibc_statfs64                               D:\Project\MyProject1\mkrtos_real\mkrtos_sdk\Debug\libmkrtos_sdk.a(dyn_syscalls.o)
__dietlibc_truncate64                             D:\Project\MyProject1\mkrtos_real\mkrtos_sdk\Debug\libmkrtos_sdk.a(dyn_syscalls.o)
__dietlibc_truncate64_syscall                     D:\Project\MyProject1\mkrtos_real\mkrtos_sdk\Debug\libmkrtos_sdk.a(dyn_syscalls.o)
__environ                                         D:\Project\MyProject1\mkrtos_real\mkrtos_sdk\Debug\libmkrtos_sdk.a(dyn_syscalls.o)
__errno_location                                  D:\Project\MyProject1\mkrtos_real\mkrtos_sdk\Debug\libmkrtos_sdk.a(errno_location.o)
                                                  D:\Project\MyProject1\mkrtos_real\mkrtos_sdk\Debug\libmkrtos_sdk.a(dyn_syscalls.o)
                                                  D:\Project\MyProject1\mkrtos_real\mkrtos_sdk\Debug\libmkrtos_sdk.a(strtoul.o)
                                                  D:\Project\MyProject1\mkrtos_real\mkrtos_sdk\Debug\libmkrtos_sdk.a(strtol.o)
__exit                                            D:\Project\MyProject1\mkrtos_real\mkrtos_sdk\Debug\libmkrtos_sdk.a(dyn_syscalls.o)
__fflush_stderr                                   D:\Project\MyProject1\mkrtos_real\mkrtos_sdk\Debug\libmkrtos_sdk.a(dyn_syscalls.o)
__fflush_stdin                                    D:\Project\MyProject1\mkrtos_real\mkrtos_sdk\Debug\libmkrtos_sdk.a(dyn_syscalls.o)
__fflush_stdout                                   D:\Project\MyProject1\mkrtos_real\mkrtos_sdk\Debug\libmkrtos_sdk.a(dyn_syscalls.o)
__got_end__                                       ./src/reloc.o
__got_start__                                     ./src/reloc.o
__guard                                           D:\Project\MyProject1\mkrtos_real\mkrtos_sdk\Debug\libmkrtos_sdk.a(dyn_syscalls.o)
                                                  D:\Project\MyProject1\mkrtos_real\mkrtos_sdk\Debug\libmkrtos_sdk.a(stackgap-g.o)
__heap_size__                                     ./src/start.o
__heap_start__                                    ./src/start.o
__isspace_ascii                                   D:\Project\MyProject1\mkrtos_real\mkrtos_sdk\Debug\libmkrtos_sdk.a(isspace.o)
__isxdigit_ascii                                  D:\Project\MyProject1\mkrtos_real\mkrtos_sdk\Debug\libmkrtos_sdk.a(isxdigit.o)
__libc_chown32                                    D:\Project\MyProject1\mkrtos_real\mkrtos_sdk\Debug\libmkrtos_sdk.a(dyn_syscalls.o)
__libc_close                                      D:\Project\MyProject1\mkrtos_real\mkrtos_sdk\Debug\libmkrtos_sdk.a(dyn_syscalls.o)
__libc_exit                                       D:\Project\MyProject1\mkrtos_real\mkrtos_sdk\Debug\libmkrtos_sdk.a(atexit.o)
__libc_fchown32                                   D:\Project\MyProject1\mkrtos_real\mkrtos_sdk\Debug\libmkrtos_sdk.a(dyn_syscalls.o)
__libc_fcntl                                      D:\Project\MyProject1\mkrtos_real\mkrtos_sdk\Debug\libmkrtos_sdk.a(dyn_syscalls.o)
__libc_fork                                       D:\Project\MyProject1\mkrtos_real\mkrtos_sdk\Debug\libmkrtos_sdk.a(dyn_syscalls.o)
__libc_fsync                                      D:\Project\MyProject1\mkrtos_real\mkrtos_sdk\Debug\libmkrtos_sdk.a(dyn_syscalls.o)
__libc_getegid32                                  D:\Project\MyProject1\mkrtos_real\mkrtos_sdk\Debug\libmkrtos_sdk.a(dyn_syscalls.o)
__libc_geteuid32                                  D:\Project\MyProject1\mkrtos_real\mkrtos_sdk\Debug\libmkrtos_sdk.a(dyn_syscalls.o)
__libc_getgid32                                   D:\Project\MyProject1\mkrtos_real\mkrtos_sdk\Debug\libmkrtos_sdk.a(dyn_syscalls.o)
__libc_getgroups32                                D:\Project\MyProject1\mkrtos_real\mkrtos_sdk\Debug\libmkrtos_sdk.a(dyn_syscalls.o)
__libc_getresgid32                                D:\Project\MyProject1\mkrtos_real\mkrtos_sdk\Debug\libmkrtos_sdk.a(dyn_syscalls.o)
__libc_getuid32                                   D:\Project\MyProject1\mkrtos_real\mkrtos_sdk\Debug\libmkrtos_sdk.a(dyn_syscalls.o)
__libc_lchown32                                   D:\Project\MyProject1\mkrtos_real\mkrtos_sdk\Debug\libmkrtos_sdk.a(dyn_syscalls.o)
__libc_lseek                                      D:\Project\MyProject1\mkrtos_real\mkrtos_sdk\Debug\libmkrtos_sdk.a(dyn_syscalls.o)
__libc_msync                                      D:\Project\MyProject1\mkrtos_real\mkrtos_sdk\Debug\libmkrtos_sdk.a(dyn_syscalls.o)
__libc_nanosleep                                  D:\Project\MyProject1\mkrtos_real\mkrtos_sdk\Debug\libmkrtos_sdk.a(dyn_syscalls.o)
__libc_open                                       D:\Project\MyProject1\mkrtos_real\mkrtos_sdk\Debug\libmkrtos_sdk.a(dyn_syscalls.o)
__libc_pause                                      D:\Project\MyProject1\mkrtos_real\mkrtos_sdk\Debug\libmkrtos_sdk.a(dyn_syscalls.o)
__libc_pread64                                    D:\Project\MyProject1\mkrtos_real\mkrtos_sdk\Debug\libmkrtos_sdk.a(dyn_syscalls.o)
__libc_pwrite64                                   D:\Project\MyProject1\mkrtos_real\mkrtos_sdk\Debug\libmkrtos_sdk.a(dyn_syscalls.o)
__libc_read                                       D:\Project\MyProject1\mkrtos_real\mkrtos_sdk\Debug\libmkrtos_sdk.a(dyn_syscalls.o)
__libc_select                                     D:\Project\MyProject1\mkrtos_real\mkrtos_sdk\Debug\libmkrtos_sdk.a(dyn_syscalls.o)
__libc_sendfile                                   D:\Project\MyProject1\mkrtos_real\mkrtos_sdk\Debug\libmkrtos_sdk.a(dyn_syscalls.o)
__libc_setfsgid32                                 D:\Project\MyProject1\mkrtos_real\mkrtos_sdk\Debug\libmkrtos_sdk.a(dyn_syscalls.o)
__libc_setfsuid32                                 D:\Project\MyProject1\mkrtos_real\mkrtos_sdk\Debug\libmkrtos_sdk.a(dyn_syscalls.o)
__libc_setgid32                                   D:\Project\MyProject1\mkrtos_real\mkrtos_sdk\Debug\libmkrtos_sdk.a(dyn_syscalls.o)
__libc_setregid32                                 D:\Project\MyProject1\mkrtos_real\mkrtos_sdk\Debug\libmkrtos_sdk.a(dyn_syscalls.o)
__libc_setresgid32                                D:\Project\MyProject1\mkrtos_real\mkrtos_sdk\Debug\libmkrtos_sdk.a(dyn_syscalls.o)
__libc_setreuid32                                 D:\Project\MyProject1\mkrtos_real\mkrtos_sdk\Debug\libmkrtos_sdk.a(dyn_syscalls.o)
__libc_setuid32                                   D:\Project\MyProject1\mkrtos_real\mkrtos_sdk\Debug\libmkrtos_sdk.a(dyn_syscalls.o)
__libc_waitpid                                    D:\Project\MyProject1\mkrtos_real\mkrtos_sdk\Debug\libmkrtos_sdk.a(dyn_syscalls.o)
__libc_write                                      D:\Project\MyProject1\mkrtos_real\mkrtos_sdk\Debug\libmkrtos_sdk.a(dyn_syscalls.o)
__longjmp                                         D:\Project\MyProject1\mkrtos_real\mkrtos_sdk\Debug\libmkrtos_sdk.a(dyn_syscalls.o)
__ltostr                                          D:\Project\MyProject1\mkrtos_real\mkrtos_sdk\Debug\libmkrtos_sdk.a(__ltostr.o)
                                                  D:\Project\MyProject1\mkrtos_real\mkrtos_sdk\Debug\libmkrtos_sdk.a(__v_printf.o)
__main                                            ./src/__main.o
                                                  ./src/start.o
__mmap2                                           D:\Project\MyProject1\mkrtos_real\mkrtos_sdk\Debug\libmkrtos_sdk.a(dyn_syscalls.o)
__n_sigaction                                     D:\Project\MyProject1\mkrtos_real\mkrtos_sdk\Debug\libmkrtos_sdk.a(dyn_syscalls.o)
__n_sigpending                                    D:\Project\MyProject1\mkrtos_real\mkrtos_sdk\Debug\libmkrtos_sdk.a(dyn_syscalls.o)
__n_sigprocmask                                   D:\Project\MyProject1\mkrtos_real\mkrtos_sdk\Debug\libmkrtos_sdk.a(dyn_syscalls.o)
__n_sigsuspend                                    D:\Project\MyProject1\mkrtos_real\mkrtos_sdk\Debug\libmkrtos_sdk.a(dyn_syscalls.o)
__nop                                             D:\Project\MyProject1\mkrtos_real\mkrtos_sdk\Debug\libmkrtos_sdk.a(dyn_syscalls.o)
__old_sigaction                                   D:\Project\MyProject1\mkrtos_real\mkrtos_sdk\Debug\libmkrtos_sdk.a(dyn_syscalls.o)
__old_sigpending                                  D:\Project\MyProject1\mkrtos_real\mkrtos_sdk\Debug\libmkrtos_sdk.a(dyn_syscalls.o)
__old_sigprocmask                                 D:\Project\MyProject1\mkrtos_real\mkrtos_sdk\Debug\libmkrtos_sdk.a(dyn_syscalls.o)
__old_sigsuspend                                  D:\Project\MyProject1\mkrtos_real\mkrtos_sdk\Debug\libmkrtos_sdk.a(dyn_syscalls.o)
__ram_size__                                      ./src/start.o
__reboot                                          D:\Project\MyProject1\mkrtos_real\mkrtos_sdk\Debug\libmkrtos_sdk.a(dyn_syscalls.o)
__rel_end__                                       ./src/reloc.o
__rel_start__                                     ./src/reloc.o
__rt_sigaction                                    D:\Project\MyProject1\mkrtos_real\mkrtos_sdk\Debug\libmkrtos_sdk.a(dyn_syscalls.o)
__rt_sigpending                                   D:\Project\MyProject1\mkrtos_real\mkrtos_sdk\Debug\libmkrtos_sdk.a(dyn_syscalls.o)
__rt_sigprocmask                                  D:\Project\MyProject1\mkrtos_real\mkrtos_sdk\Debug\libmkrtos_sdk.a(dyn_syscalls.o)
                                                  D:\Project\MyProject1\mkrtos_real\mkrtos_sdk\Debug\libmkrtos_sdk.a(sigprocmask.o)
__rt_sigqueueinfo                                 D:\Project\MyProject1\mkrtos_real\mkrtos_sdk\Debug\libmkrtos_sdk.a(dyn_syscalls.o)
__rt_sigsuspend                                   D:\Project\MyProject1\mkrtos_real\mkrtos_sdk\Debug\libmkrtos_sdk.a(dyn_syscalls.o)
__rt_sigtimedwait                                 D:\Project\MyProject1\mkrtos_real\mkrtos_sdk\Debug\libmkrtos_sdk.a(dyn_syscalls.o)
__setjmp                                          D:\Project\MyProject1\mkrtos_real\mkrtos_sdk\Debug\libmkrtos_sdk.a(dyn_syscalls.o)
__setup_tls                                       D:\Project\MyProject1\mkrtos_real\mkrtos_sdk\Debug\libmkrtos_sdk.a(stackgap-g.o)
__sigaltstack                                     D:\Project\MyProject1\mkrtos_real\mkrtos_sdk\Debug\libmkrtos_sdk.a(dyn_syscalls.o)
__sigjmp_save                                     D:\Project\MyProject1\mkrtos_real\mkrtos_sdk\Debug\libmkrtos_sdk.a(sigjmp.o)
                                                  D:\Project\MyProject1\mkrtos_real\mkrtos_sdk\Debug\libmkrtos_sdk.a(dyn_syscalls.o)
__sigsetjmp                                       D:\Project\MyProject1\mkrtos_real\mkrtos_sdk\Debug\libmkrtos_sdk.a(dyn_syscalls.o)
__stack_chk_guard                                 D:\Project\MyProject1\mkrtos_real\mkrtos_sdk\Debug\libmkrtos_sdk.a(dyn_syscalls.o)
__stack_end__                                     ./src/start.o
__stack_size__                                    ./src/start.o
__stack_start__                                   ./src/start.o
__stdio_outs                                      D:\Project\MyProject1\mkrtos_real\mkrtos_sdk\Debug\libmkrtos_sdk.a(vprintf.o)
__syscall_getcwd                                  D:\Project\MyProject1\mkrtos_real\mkrtos_sdk\Debug\libmkrtos_sdk.a(dyn_syscalls.o)
__syscall_getpriority                             D:\Project\MyProject1\mkrtos_real\mkrtos_sdk\Debug\libmkrtos_sdk.a(dyn_syscalls.o)
__syscall_sched_getaffinity                       D:\Project\MyProject1\mkrtos_real\mkrtos_sdk\Debug\libmkrtos_sdk.a(dyn_syscalls.o)
__syscall_syslog                                  D:\Project\MyProject1\mkrtos_real\mkrtos_sdk\Debug\libmkrtos_sdk.a(dyn_syscalls.o)
__tcb_mainthread                                  D:\Project\MyProject1\mkrtos_real\mkrtos_sdk\Debug\libmkrtos_sdk.a(stackgap-g.o)
__tdataptr                                        D:\Project\MyProject1\mkrtos_real\mkrtos_sdk\Debug\libmkrtos_sdk.a(stackgap-g.o)
__tdatasize                                       D:\Project\MyProject1\mkrtos_real\mkrtos_sdk\Debug\libmkrtos_sdk.a(stackgap-g.o)
__text_start__                                    ./src/reloc.o
__thread_doexit                                   D:\Project\MyProject1\mkrtos_real\mkrtos_sdk\Debug\libmkrtos_sdk.a(dyn_syscalls.o)
                                                  D:\Project\MyProject1\mkrtos_real\mkrtos_sdk\Debug\libmkrtos_sdk.a(atexit.o)
__tmemsize                                        D:\Project\MyProject1\mkrtos_real\mkrtos_sdk\Debug\libmkrtos_sdk.a(stackgap-g.o)
__unified_syscall                                 D:\Project\MyProject1\mkrtos_real\mkrtos_sdk\Debug\libmkrtos_sdk.a(dyn_syscalls.o)
__unified_syscall4                                D:\Project\MyProject1\mkrtos_real\mkrtos_sdk\Debug\libmkrtos_sdk.a(dyn_syscalls.o)
__v_printf                                        D:\Project\MyProject1\mkrtos_real\mkrtos_sdk\Debug\libmkrtos_sdk.a(__v_printf.o)
                                                  D:\Project\MyProject1\mkrtos_real\mkrtos_sdk\Debug\libmkrtos_sdk.a(vprintf.o)
__valgrind                                        D:\Project\MyProject1\mkrtos_real\mkrtos_sdk\Debug\libmkrtos_sdk.a(stackgap-g.o)
                                                  D:\Project\MyProject1\mkrtos_real\mkrtos_sdk\Debug\libmkrtos_sdk.a(strlen.o)
__vdso                                            D:\Project\MyProject1\mkrtos_real\mkrtos_sdk\Debug\libmkrtos_sdk.a(stackgap-g.o)
__you_tried_to_link_a_dietlibc_object_against_glibc D:\Project\MyProject1\mkrtos_real\mkrtos_sdk\Debug\libmkrtos_sdk.a(dyn_syscalls.o)
_exit                                             D:\Project\MyProject1\mkrtos_real\mkrtos_sdk\Debug\libmkrtos_sdk.a(start.o)
                                                  D:\Project\MyProject1\mkrtos_real\mkrtos_sdk\Debug\libmkrtos_sdk.a(atexit.o)
_llseek                                           D:\Project\MyProject1\mkrtos_real\mkrtos_sdk\Debug\libmkrtos_sdk.a(dyn_syscalls.o)
_start                                            D:\Project\MyProject1\mkrtos_real\mkrtos_sdk\Debug\libmkrtos_sdk.a(start.o)
_start_                                           ./src/start.o
_sysctl                                           D:\Project\MyProject1\mkrtos_real\mkrtos_sdk\Debug\libmkrtos_sdk.a(dyn_syscalls.o)
access                                            D:\Project\MyProject1\mkrtos_real\mkrtos_sdk\Debug\libmkrtos_sdk.a(dyn_syscalls.o)
add_key                                           D:\Project\MyProject1\mkrtos_real\mkrtos_sdk\Debug\libmkrtos_sdk.a(dyn_syscalls.o)
adjtimex                                          D:\Project\MyProject1\mkrtos_real\mkrtos_sdk\Debug\libmkrtos_sdk.a(dyn_syscalls.o)
atexit                                            D:\Project\MyProject1\mkrtos_real\mkrtos_sdk\Debug\libmkrtos_sdk.a(atexit.o)
bcmp                                              D:\Project\MyProject1\mkrtos_real\mkrtos_sdk\Debug\libmkrtos_sdk.a(memcmp.o)
capget                                            D:\Project\MyProject1\mkrtos_real\mkrtos_sdk\Debug\libmkrtos_sdk.a(dyn_syscalls.o)
capset                                            D:\Project\MyProject1\mkrtos_real\mkrtos_sdk\Debug\libmkrtos_sdk.a(dyn_syscalls.o)
chdir                                             D:\Project\MyProject1\mkrtos_real\mkrtos_sdk\Debug\libmkrtos_sdk.a(dyn_syscalls.o)
chmod                                             D:\Project\MyProject1\mkrtos_real\mkrtos_sdk\Debug\libmkrtos_sdk.a(dyn_syscalls.o)
chown                                             D:\Project\MyProject1\mkrtos_real\mkrtos_sdk\Debug\libmkrtos_sdk.a(dyn_syscalls.o)
chown32                                           D:\Project\MyProject1\mkrtos_real\mkrtos_sdk\Debug\libmkrtos_sdk.a(dyn_syscalls.o)
chroot                                            D:\Project\MyProject1\mkrtos_real\mkrtos_sdk\Debug\libmkrtos_sdk.a(dyn_syscalls.o)
clock_getres                                      D:\Project\MyProject1\mkrtos_real\mkrtos_sdk\Debug\libmkrtos_sdk.a(dyn_syscalls.o)
clock_gettime                                     D:\Project\MyProject1\mkrtos_real\mkrtos_sdk\Debug\libmkrtos_sdk.a(dyn_syscalls.o)
clock_nanosleep                                   D:\Project\MyProject1\mkrtos_real\mkrtos_sdk\Debug\libmkrtos_sdk.a(dyn_syscalls.o)
clock_settime                                     D:\Project\MyProject1\mkrtos_real\mkrtos_sdk\Debug\libmkrtos_sdk.a(dyn_syscalls.o)
clone                                             D:\Project\MyProject1\mkrtos_real\mkrtos_sdk\Debug\libmkrtos_sdk.a(dyn_syscalls.o)
close                                             D:\Project\MyProject1\mkrtos_real\mkrtos_sdk\Debug\libmkrtos_sdk.a(dyn_syscalls.o)
delete_module                                     D:\Project\MyProject1\mkrtos_real\mkrtos_sdk\Debug\libmkrtos_sdk.a(dyn_syscalls.o)
dup                                               D:\Project\MyProject1\mkrtos_real\mkrtos_sdk\Debug\libmkrtos_sdk.a(dyn_syscalls.o)
dup2                                              D:\Project\MyProject1\mkrtos_real\mkrtos_sdk\Debug\libmkrtos_sdk.a(dyn_syscalls.o)
environ                                           D:\Project\MyProject1\mkrtos_real\mkrtos_sdk\Debug\libmkrtos_sdk.a(dyn_syscalls.o)
                                                  D:\Project\MyProject1\mkrtos_real\mkrtos_sdk\Debug\libmkrtos_sdk.a(getenv.o)
                                                  D:\Project\MyProject1\mkrtos_real\mkrtos_sdk\Debug\libmkrtos_sdk.a(start.o)
epoll_create                                      D:\Project\MyProject1\mkrtos_real\mkrtos_sdk\Debug\libmkrtos_sdk.a(dyn_syscalls.o)
epoll_ctl                                         D:\Project\MyProject1\mkrtos_real\mkrtos_sdk\Debug\libmkrtos_sdk.a(dyn_syscalls.o)
epoll_wait                                        D:\Project\MyProject1\mkrtos_real\mkrtos_sdk\Debug\libmkrtos_sdk.a(dyn_syscalls.o)
errno                                             D:\Project\MyProject1\mkrtos_real\mkrtos_sdk\Debug\libmkrtos_sdk.a(dyn_syscalls.o)
                                                  D:\Project\MyProject1\mkrtos_real\mkrtos_sdk\Debug\libmkrtos_sdk.a(errno_location.o)
execve                                            D:\Project\MyProject1\mkrtos_real\mkrtos_sdk\Debug\libmkrtos_sdk.a(dyn_syscalls.o)
exit                                              D:\Project\MyProject1\mkrtos_real\mkrtos_sdk\Debug\libmkrtos_sdk.a(atexit.o)
                                                  D:\Project\MyProject1\mkrtos_real\mkrtos_sdk\Debug\libmkrtos_sdk.a(stackgap-g.o)
                                                  ./src/__main.o
fchdir                                            D:\Project\MyProject1\mkrtos_real\mkrtos_sdk\Debug\libmkrtos_sdk.a(dyn_syscalls.o)
fchmod                                            D:\Project\MyProject1\mkrtos_real\mkrtos_sdk\Debug\libmkrtos_sdk.a(dyn_syscalls.o)
fchown                                            D:\Project\MyProject1\mkrtos_real\mkrtos_sdk\Debug\libmkrtos_sdk.a(dyn_syscalls.o)
fchown32                                          D:\Project\MyProject1\mkrtos_real\mkrtos_sdk\Debug\libmkrtos_sdk.a(dyn_syscalls.o)
fcntl                                             D:\Project\MyProject1\mkrtos_real\mkrtos_sdk\Debug\libmkrtos_sdk.a(dyn_syscalls.o)
fgetxattr                                         D:\Project\MyProject1\mkrtos_real\mkrtos_sdk\Debug\libmkrtos_sdk.a(dyn_syscalls.o)
flistxattr                                        D:\Project\MyProject1\mkrtos_real\mkrtos_sdk\Debug\libmkrtos_sdk.a(dyn_syscalls.o)
flock                                             D:\Project\MyProject1\mkrtos_real\mkrtos_sdk\Debug\libmkrtos_sdk.a(dyn_syscalls.o)
flockfile                                         D:\Project\MyProject1\mkrtos_real\mkrtos_sdk\Debug\libmkrtos_sdk.a(dyn_syscalls.o)
fork                                              D:\Project\MyProject1\mkrtos_real\mkrtos_sdk\Debug\libmkrtos_sdk.a(dyn_syscalls.o)
fremovexattr                                      D:\Project\MyProject1\mkrtos_real\mkrtos_sdk\Debug\libmkrtos_sdk.a(dyn_syscalls.o)
fsetxattr                                         D:\Project\MyProject1\mkrtos_real\mkrtos_sdk\Debug\libmkrtos_sdk.a(dyn_syscalls.o)
fstat                                             D:\Project\MyProject1\mkrtos_real\mkrtos_sdk\Debug\libmkrtos_sdk.a(dyn_syscalls.o)
fstatfs                                           D:\Project\MyProject1\mkrtos_real\mkrtos_sdk\Debug\libmkrtos_sdk.a(dyn_syscalls.o)
fsync                                             D:\Project\MyProject1\mkrtos_real\mkrtos_sdk\Debug\libmkrtos_sdk.a(dyn_syscalls.o)
ftruncate                                         D:\Project\MyProject1\mkrtos_real\mkrtos_sdk\Debug\libmkrtos_sdk.a(dyn_syscalls.o)
ftrylockfile                                      D:\Project\MyProject1\mkrtos_real\mkrtos_sdk\Debug\libmkrtos_sdk.a(dyn_syscalls.o)
funlockfile                                       D:\Project\MyProject1\mkrtos_real\mkrtos_sdk\Debug\libmkrtos_sdk.a(dyn_syscalls.o)
futex                                             D:\Project\MyProject1\mkrtos_real\mkrtos_sdk\Debug\libmkrtos_sdk.a(dyn_syscalls.o)
get_mempolicy                                     D:\Project\MyProject1\mkrtos_real\mkrtos_sdk\Debug\libmkrtos_sdk.a(dyn_syscalls.o)
getauxval                                         D:\Project\MyProject1\mkrtos_real\mkrtos_sdk\Debug\libmkrtos_sdk.a(stackgap-g.o)
getdents                                          D:\Project\MyProject1\mkrtos_real\mkrtos_sdk\Debug\libmkrtos_sdk.a(dyn_syscalls.o)
getdents64                                        D:\Project\MyProject1\mkrtos_real\mkrtos_sdk\Debug\libmkrtos_sdk.a(dyn_syscalls.o)
getegid                                           D:\Project\MyProject1\mkrtos_real\mkrtos_sdk\Debug\libmkrtos_sdk.a(dyn_syscalls.o)
getegid32                                         D:\Project\MyProject1\mkrtos_real\mkrtos_sdk\Debug\libmkrtos_sdk.a(dyn_syscalls.o)
getenv                                            D:\Project\MyProject1\mkrtos_real\mkrtos_sdk\Debug\libmkrtos_sdk.a(getenv.o)
                                                  D:\Project\MyProject1\mkrtos_real\mkrtos_sdk\Debug\libmkrtos_sdk.a(stackgap-g.o)
geteuid                                           D:\Project\MyProject1\mkrtos_real\mkrtos_sdk\Debug\libmkrtos_sdk.a(dyn_syscalls.o)
geteuid32                                         D:\Project\MyProject1\mkrtos_real\mkrtos_sdk\Debug\libmkrtos_sdk.a(dyn_syscalls.o)
getgid                                            D:\Project\MyProject1\mkrtos_real\mkrtos_sdk\Debug\libmkrtos_sdk.a(dyn_syscalls.o)
getgid32                                          D:\Project\MyProject1\mkrtos_real\mkrtos_sdk\Debug\libmkrtos_sdk.a(dyn_syscalls.o)
getgroups                                         D:\Project\MyProject1\mkrtos_real\mkrtos_sdk\Debug\libmkrtos_sdk.a(dyn_syscalls.o)
getgroups32                                       D:\Project\MyProject1\mkrtos_real\mkrtos_sdk\Debug\libmkrtos_sdk.a(dyn_syscalls.o)
getitimer                                         D:\Project\MyProject1\mkrtos_real\mkrtos_sdk\Debug\libmkrtos_sdk.a(dyn_syscalls.o)
getpgid                                           D:\Project\MyProject1\mkrtos_real\mkrtos_sdk\Debug\libmkrtos_sdk.a(dyn_syscalls.o)
getpid                                            D:\Project\MyProject1\mkrtos_real\mkrtos_sdk\Debug\libmkrtos_sdk.a(dyn_syscalls.o)
getppid                                           D:\Project\MyProject1\mkrtos_real\mkrtos_sdk\Debug\libmkrtos_sdk.a(dyn_syscalls.o)
getresgid                                         D:\Project\MyProject1\mkrtos_real\mkrtos_sdk\Debug\libmkrtos_sdk.a(dyn_syscalls.o)
getresgid32                                       D:\Project\MyProject1\mkrtos_real\mkrtos_sdk\Debug\libmkrtos_sdk.a(dyn_syscalls.o)
getresuid                                         D:\Project\MyProject1\mkrtos_real\mkrtos_sdk\Debug\libmkrtos_sdk.a(dyn_syscalls.o)
getrlimit                                         D:\Project\MyProject1\mkrtos_real\mkrtos_sdk\Debug\libmkrtos_sdk.a(dyn_syscalls.o)
getrusage                                         D:\Project\MyProject1\mkrtos_real\mkrtos_sdk\Debug\libmkrtos_sdk.a(dyn_syscalls.o)
getsid                                            D:\Project\MyProject1\mkrtos_real\mkrtos_sdk\Debug\libmkrtos_sdk.a(dyn_syscalls.o)
gettid                                            D:\Project\MyProject1\mkrtos_real\mkrtos_sdk\Debug\libmkrtos_sdk.a(dyn_syscalls.o)
gettimeofday                                      D:\Project\MyProject1\mkrtos_real\mkrtos_sdk\Debug\libmkrtos_sdk.a(dyn_syscalls.o)
getuid                                            D:\Project\MyProject1\mkrtos_real\mkrtos_sdk\Debug\libmkrtos_sdk.a(dyn_syscalls.o)
getuid32                                          D:\Project\MyProject1\mkrtos_real\mkrtos_sdk\Debug\libmkrtos_sdk.a(dyn_syscalls.o)
getxattr                                          D:\Project\MyProject1\mkrtos_real\mkrtos_sdk\Debug\libmkrtos_sdk.a(dyn_syscalls.o)
init_module                                       D:\Project\MyProject1\mkrtos_real\mkrtos_sdk\Debug\libmkrtos_sdk.a(dyn_syscalls.o)
inotify_add_watch                                 D:\Project\MyProject1\mkrtos_real\mkrtos_sdk\Debug\libmkrtos_sdk.a(dyn_syscalls.o)
inotify_init                                      D:\Project\MyProject1\mkrtos_real\mkrtos_sdk\Debug\libmkrtos_sdk.a(dyn_syscalls.o)
inotify_rm_watch                                  D:\Project\MyProject1\mkrtos_real\mkrtos_sdk\Debug\libmkrtos_sdk.a(dyn_syscalls.o)
io_cancel                                         D:\Project\MyProject1\mkrtos_real\mkrtos_sdk\Debug\libmkrtos_sdk.a(dyn_syscalls.o)
io_destroy                                        D:\Project\MyProject1\mkrtos_real\mkrtos_sdk\Debug\libmkrtos_sdk.a(dyn_syscalls.o)
io_getevents                                      D:\Project\MyProject1\mkrtos_real\mkrtos_sdk\Debug\libmkrtos_sdk.a(dyn_syscalls.o)
io_setup                                          D:\Project\MyProject1\mkrtos_real\mkrtos_sdk\Debug\libmkrtos_sdk.a(dyn_syscalls.o)
io_submit                                         D:\Project\MyProject1\mkrtos_real\mkrtos_sdk\Debug\libmkrtos_sdk.a(dyn_syscalls.o)
ioctl                                             D:\Project\MyProject1\mkrtos_real\mkrtos_sdk\Debug\libmkrtos_sdk.a(dyn_syscalls.o)
isalnum                                           D:\Project\MyProject1\mkrtos_real\mkrtos_sdk\Debug\libmkrtos_sdk.a(isalnum.o)
                                                  D:\Project\MyProject1\mkrtos_real\mkrtos_sdk\Debug\libmkrtos_sdk.a(strtol.o)
isspace                                           D:\Project\MyProject1\mkrtos_real\mkrtos_sdk\Debug\libmkrtos_sdk.a(isspace.o)
                                                  D:\Project\MyProject1\mkrtos_real\mkrtos_sdk\Debug\libmkrtos_sdk.a(strtoul.o)
                                                  D:\Project\MyProject1\mkrtos_real\mkrtos_sdk\Debug\libmkrtos_sdk.a(strtol.o)
isxdigit                                          D:\Project\MyProject1\mkrtos_real\mkrtos_sdk\Debug\libmkrtos_sdk.a(isxdigit.o)