Archive member included because of file (symbol)

D:\Project\MyProject1\mkrtos_real\mkrtos_sdk\Debug\libmkrtos_sdk.a(__time.o)
                              ./src/ls.o (time)
D:\Project\MyProject1\mkrtos_real\mkrtos_sdk\Debug\libmkrtos_sdk.a(alloc.o)
                              ./src/ls.o (free)
D:\Project\MyProject1\mkrtos_real\mkrtos_sdk\Debug\libmkrtos_sdk.a(atexit.o)
                              ./src/ls.o (exit)
D:\Project\MyProject1\mkrtos_real\mkrtos_sdk\Debug\libmkrtos_sdk.a(closedir.o)
                              ./src/ls.o (closedir)
D:\Project\MyProject1\mkrtos_real\mkrtos_sdk\Debug\libmkrtos_sdk.a(errno_location.o)
                              ./src/ls.o (__errno_location)
D:\Project\MyProject1\mkrtos_real\mkrtos_sdk\Debug\libmkrtos_sdk.a(memcpy.o)
                              D:\Project\MyProject1\mkrtos_real\mkrtos_sdk\Debug\libmkrtos_sdk.a(alloc.o) (memcpy)
D:\Project\MyProject1\mkrtos_real\mkrtos_sdk\Debug\libmkrtos_sdk.a(memset.o)
                              ./src/ls.o (memset)
D:\Project\MyProject1\mkrtos_real\mkrtos_sdk\Debug\libmkrtos_sdk.a(opendir.o)
                              ./src/ls.o (opendir)
D:\Project\MyProject1\mkrtos_real\mkrtos_sdk\Debug\libmkrtos_sdk.a(qsort.o)
                              ./src/ls.o (qsort)
D:\Project\MyProject1\mkrtos_real\mkrtos_sdk\Debug\libmkrtos_sdk.a(rand.o)
                              D:\Project\MyProject1\mkrtos_real\mkrtos_sdk\Debug\libmkrtos_sdk.a(qsort.o) (rand)
D:\Project\MyProject1\mkrtos_real\mkrtos_sdk\Debug\libmkrtos_sdk.a(rand_r.o)
                              D:\Project\MyProject1\mkrtos_real\mkrtos_sdk\Debug\libmkrtos_sdk.a(rand.o) (rand_r)
D:\Project\MyProject1\mkrtos_real\mkrtos_sdk\Debug\libmkrtos_sdk.a(readdir.o)
                              ./src/ls.o (readdir)
D:\Project\MyProject1\mkrtos_real\mkrtos_sdk\Debug\libmkrtos_sdk.a(readdir_r.o)
                              D:\Project\MyProject1\mkrtos_real\mkrtos_sdk\Debug\libmkrtos_sdk.a(readdir.o) (readdir_r)
D:\Project\MyProject1\mkrtos_real\mkrtos_sdk\Debug\libmkrtos_sdk.a(strcmp.o)
                              ./src/ls.o (strcmp)
D:\Project\MyProject1\mkrtos_real\mkrtos_sdk\Debug\libmkrtos_sdk.a(strdup.o)
                              ./src/ls.o (strdup)
D:\Project\MyProject1\mkrtos_real\mkrtos_sdk\Debug\libmkrtos_sdk.a(strlen.o)
                              ./src/ls.o (strlen)
D:\Project\MyProject1\mkrtos_real\mkrtos_sdk\Debug\libmkrtos_sdk.a(dyn_syscalls.o)
                              D:\Project\MyProject1\mkrtos_real\mkrtos_sdk\Debug\libmkrtos_sdk.a(errno_location.o) (errno)
D:\Project\MyProject1\mkrtos_real\mkrtos_sdk\Debug\libmkrtos_sdk.a(start.o)
                              D:\Project\MyProject1\mkrtos_real\mkrtos_sdk\Debug\libmkrtos_sdk.a(atexit.o) (_exit)
D:\Project\MyProject1\mkrtos_real\mkrtos_sdk\Debug\libmkrtos_sdk.a(stackgap-g.o)
                              D:\Project\MyProject1\mkrtos_real\mkrtos_sdk\Debug\libmkrtos_sdk.a(start.o) (stackgap)
D:\Project\MyProject1\mkrtos_real\mkrtos_sdk\Debug\libmkrtos_sdk.a(start.o)
                              (_start_)
D:\Project\MyProject1\mkrtos_real\mkrtos_sdk\Debug\libmkrtos_sdk.a(__mmap.o)
                              D:\Project\MyProject1\mkrtos_real\mkrtos_sdk\Debug\libmkrtos_sdk.a(alloc.o) (mmap)
D:\Project\MyProject1\mkrtos_real\mkrtos_sdk\Debug\libmkrtos_sdk.a(getenv.o)
                              D:\Project\MyProject1\mkrtos_real\mkrtos_sdk\Debug\libmkrtos_sdk.a(stackgap-g.o) (getenv)
D:\Project\MyProject1\mkrtos_real\mkrtos_sdk\Debug\libmkrtos_sdk.a(memcmp.o)
                              D:\Project\MyProject1\mkrtos_real\mkrtos_sdk\Debug\libmkrtos_sdk.a(getenv.o) (memcmp)
D:\Project\MyProject1\mkrtos_real\mkrtos_sdk\Debug\libmkrtos_sdk.a(sigjmp.o)
                              D:\Project\MyProject1\mkrtos_real\mkrtos_sdk\Debug\libmkrtos_sdk.a(dyn_syscalls.o) (__sigjmp_save)
D:\Project\MyProject1\mkrtos_real\mkrtos_sdk\Debug\libmkrtos_sdk.a(sigprocmask.o)
                              D:\Project\MyProject1\mkrtos_real\mkrtos_sdk\Debug\libmkrtos_sdk.a(sigjmp.o) (sigprocmask)
D:\Project\MyProject1\mkrtos_real\mkrtos_sdk\Debug\libmkrtos_sdk.a(strstr.o)
                              D:\Project\MyProject1\mkrtos_real\mkrtos_sdk\Debug\libmkrtos_sdk.a(stackgap-g.o) (strstr)
D:\Project\MyProject1\mkrtos_real\mkrtos_sdk\Debug\libmkrtos_sdk.a(arm_set_tls.o)
                              D:\Project\MyProject1\mkrtos_real\mkrtos_sdk\Debug\libmkrtos_sdk.a(stackgap-g.o) (__arm_set_tls)
D:\Project\MyProject1\mkrtos_real\mkrtos_sdk\Debug\libmkrtos_sdk.a(__main.o)
                              D:\Project\MyProject1\mkrtos_real\mkrtos_sdk\Debug\libmkrtos_sdk.a(start.o) (__main)
D:\Project\MyProject1\mkrtos_real\mkrtos_sdk\Debug\libmkrtos_sdk.a(reloc.o)
                              D:\Project\MyProject1\mkrtos_real\mkrtos_sdk\Debug\libmkrtos_sdk.a(start.o) (reloc)

Allocating common symbols
Common symbol       size              file

[...]
Memory Configuration

Name             Origin             Length             Attributes
*default*        0x00000000         0xffffffff

Linker script and memory map

LOAD ./src/fmt_8long.o
LOAD ./src/fmt_str.o
LOAD ./src/fmt_ulongpadright.o
LOAD ./src/heap_stack.o
LOAD ./src/ls.o
LOAD D:\Project\MyProject1\mkrtos_real\mkrtos_sdk\Debug\libmkrtos_sdk.a
                0x00000100                _system_stack_size = 0x100

.text           0x00000000     0x30ec
                0x00000000                . = ALIGN (0x4)
                0x00000000                __text_start__ = .
 *(.first)
 .first         0x00000000       0xf4 D:\Project\MyProject1\mkrtos_real\mkrtos_sdk\Debug\libmkrtos_sdk.a(start.o)
                0x00000000                _start_
 *(.text)
 .text          0x000000f4     0x1260 D:\Project\MyProject1\mkrtos_real\mkrtos_sdk\Debug\libmkrtos_sdk.a(dyn_syscalls.o)
                0x000000f4                __unified_syscall4
                0x000000f8                __unified_syscall
                0x00000118                __nop
                0x00000118                __fflush_stdin
                0x00000118                __you_tried_to_link_a_dietlibc_object_against_glibc
                0x00000118                funlockfile
                0x00000118                __fflush_stderr
                0x00000118                __thread_doexit
                0x00000118                flockfile
                0x00000118                __fflush_stdout
                0x00000118                ftrylockfile
                0x0000011c                __libc_waitpid
                0x0000011c                waitpid
                0x00000124                select
                0x00000124                __libc_select
                0x00000140                __libc_pread64
                0x00000140                pread64
                0x00000150                __libc_pwrite64
                0x00000150                pwrite64
                0x00000160                __reboot
                0x00000170                access
                0x00000180                adjtimex
                0x00000190                __diet_brk
                0x000001a0                chdir
                0x000001b0                chmod
                0x000001c0                chown
                0x000001d0                chroot
                0x000001e0                close
                0x000001e0                __libc_close
                0x000001f0                dup
                0x00000200                dup2
                0x00000210                execve
                0x00000220                fchdir
                0x00000230                fchmod
                0x00000240                fchown
                0x00000250                __libc_fcntl
                0x00000250                fcntl
                0x00000260                flock
                0x00000270                __libc_fork
                0x00000270                fork
                0x00000280                fstat
                0x00000290                __dietlibc_fstat64
                0x000002a0                fstatfs
                0x000002b0                fsync
                0x000002b0                __libc_fsync
                0x000002c0                ftruncate
                0x000002d0                __syscall_getcwd
                0x000002e0                getdents
                0x000002f0                getdents64
                0x00000300                getegid
                0x00000310                geteuid
                0x00000320                getgid
                0x00000330                getgroups
                0x00000340                getitimer
                0x00000350                getpgid
                0x00000360                getpid
                0x00000370                getppid
                0x00000380                __syscall_getpriority
                0x00000390                getresgid
                0x000003a0                getresuid
                0x000003b0                getrlimit
                0x000003c0                getrusage
                0x000003d0                getsid
                0x000003e0                gettimeofday
                0x000003f0                settimeofday
                0x00000400                getuid
                0x00000410                ioctl
                0x00000420                kill
                0x00000430                lchown
                0x00000440                link
                0x00000450                llseek
                0x00000450                _llseek
                0x0000046c                __libc_lseek
                0x0000046c                lseek
                0x0000047c                lstat
                0x0000048c                __dietlibc_lstat64
                0x0000049c                mkdir
                0x000004ac                mknod
                0x000004bc                mlock
                0x000004cc                mlockall
                0x000004dc                __mmap2
                0x000004f8                mount
                0x00000514                mprotect
                0x00000524                mremap
                0x00000534                munlockall
                0x00000544                munmap
                0x00000554                __n_sigaction
                0x00000554                __old_sigaction
                0x00000564                __old_sigpending
                0x00000564                __n_sigpending
                0x00000574                __n_sigprocmask
                0x00000574                __old_sigprocmask
                0x00000584                __old_sigsuspend
                0x00000584                __n_sigsuspend
                0x00000594                nanosleep
                0x00000594                __libc_nanosleep
                0x000005a4                open
                0x000005a4                __libc_open
                0x000005b4                pause
                0x000005b4                __libc_pause
                0x000005c4                personality
                0x000005d4                pipe
                0x000005e4                poll
                0x000005f4                init_module
                0x00000604                delete_module
                0x00000614                read
                0x00000614                __libc_read
                0x00000624                readlink
                0x00000634                readv
                0x00000644                rename
                0x00000654                rmdir
                0x00000664                __rt_sigaction
                0x00000674                __rt_sigpending
                0x00000684                __rt_sigprocmask
                0x00000694                __rt_sigqueueinfo
                0x000006a4                __rt_sigsuspend
                0x000006b4                __rt_sigtimedwait
                0x000006c4                __syscall_sched_getaffinity
                0x000006d4                sched_setaffinity
                0x000006e4                sched_get_priority_max
                0x000006f4                sched_get_priority_min
                0x00000704                sched_getparam
                0x00000714                sched_getscheduler
                0x00000724                sched_rr_get_interval
                0x00000734                sched_setparam
                0x00000744                sched_setscheduler
                0x00000754                sched_yield
                0x00000764                sendfile
                0x00000764                __libc_sendfile
                0x00000774                __dietlibc_sendfile64
                0x00000784                setdomainname
                0x00000794                setfsgid
                0x000007a4                setfsuid
                0x000007b4                setgid
                0x000007c4                setgroups
                0x000007d4                sethostname
                0x000007e4                setitimer
                0x000007f4                setpgid
                0x00000804                setpriority
                0x00000814                setregid
                0x00000824                setresgid
                0x00000834                setresuid
                0x00000844                setreuid
                0x00000854                setrlimit
                0x00000864                setsid
                0x00000874                setuid
                0x00000884                sigaltstack
                0x00000884                __sigaltstack
                0x00000894                stat
                0x000008a4                __dietlibc_stat64
                0x000008b4                statfs
                0x000008c4                swapoff
                0x000008d4                swapon
                0x000008e4                symlink
                0x000008f4                sync
                0x00000904                _sysctl
                0x00000914                sysinfo
                0x00000924                __syscall_syslog
                0x00000924                klogctl
                0x00000934                sysfs
                0x00000944                times
                0x00000954                truncate
                0x00000964                umask
                0x00000974                umount2
                0x00000984                uname
                0x00000994                unlink
                0x000009a4                vhangup
                0x000009b4                wait4
                0x000009c4                __libc_write
                0x000009c4                write
                0x000009d4                writev
                0x000009e4                __libc_msync
                0x000009e4                msync
                0x000009f4                capget
                0x00000a04                capset
                0x00000a14                __libc_chown32
                0x00000a14                chown32
                0x00000a24                __libc_fchown32
                0x00000a24                fchown32
                0x00000a34                getegid32
                0x00000a34                __libc_getegid32
                0x00000a44                __libc_geteuid32
                0x00000a44                geteuid32
                0x00000a54                getgid32
                0x00000a54                __libc_getgid32
                0x00000a64                getgroups32
                0x00000a64                __libc_getgroups32
                0x00000a74                __libc_getresgid32
                0x00000a74                getresgid32
                0x00000a84                getuid32
                0x00000a84                __libc_getuid32
                0x00000a94                __libc_lchown32
                0x00000a94                lchown32
                0x00000aa4                setfsgid32
                0x00000aa4                __libc_setfsgid32
                0x00000ab4                setfsuid32
                0x00000ab4                __libc_setfsuid32
                0x00000ac4                setgid32
                0x00000ac4                __libc_setgid32
                0x00000ad4                __libc_setregid32
                0x00000ad4                setregid32
                0x00000ae4                __libc_setresgid32
                0x00000ae4                setresgid32
                0x00000af4                setreuid32
                0x00000af4                __libc_setreuid32
                0x00000b04                setuid32
                0x00000b04                __libc_setuid32
                0x00000b14                __diet_ptrace
                0x00000b24                __dietlibc_ftruncate64
                0x00000b24                __dietlibc_ftruncate64_syscall
                0x00000b34                __dietlibc_truncate64
                0x00000b34                __dietlibc_truncate64_syscall
                0x00000b44                ustat
                0x00000b54                epoll_create
                0x00000b64                epoll_ctl
                0x00000b74                epoll_wait
                0x00000b84                __dietlibc_fcntl64
                0x00000b94                timer_create
                0x00000ba4                timer_settime
                0x00000bb4                timer_gettime
                0x00000bc4                timer_getoverrun
                0x00000bd4                timer_delete
                0x00000be4                clock_settime
                0x00000bf4                clock_gettime
                0x00000c04                clock_getres
                0x00000c14                clock_nanosleep
                0x00000c24                mq_setattr
                0x00000c34                mq_notify
                0x00000c44                mq_open
                0x00000c54                mq_timedreceive
                0x00000c70                mq_timedsend
                0x00000c80                mq_unlink
                0x00000c90                __dietlibc_statfs64
                0x00000ca0                __dietlibc_fstatfs64
                0x00000cb0                tkill
                0x00000cc0                tgkill
                0x00000cd0                set_tid_address
                0x00000ce0                set_mempolicy
                0x00000cfc                rt_sigreturn
                0x00000d0c                gettid
                0x00000d1c                remap_file_pages
                0x00000d2c                readahead
                0x00000d3c                quotactl
                0x00000d4c                mincore
                0x00000d5c                mbind
                0x00000d78                get_mempolicy
                0x00000d94                futex
                0x00000da4                vserver
                0x00000db4                request_key
                0x00000dd0                keyctl
                0x00000de0                add_key
                0x00000dfc                io_submit
                0x00000e0c                io_setup
                0x00000e1c                io_getevents
                0x00000e2c                io_destroy
                0x00000e3c                io_cancel
                0x00000e4c                inotify_rm_watch
                0x00000e5c                inotify_init
                0x00000e6c                inotify_add_watch
                0x00000e7c                setxattr
                0x00000e98                lsetxattr
                0x00000eb4                fsetxattr
                0x00000ed0                removexattr
                0x00000ee0                lremovexattr
                0x00000ef0                fremovexattr
                0x00000f00                listxattr
                0x00000f10                llistxattr
                0x00000f20                flistxattr
                0x00000f30                getxattr
                0x00000f40                lgetxattr
                0x00000f50                fgetxattr
                0x00000f60                p2c_addr
                0x00000f70                slot_reg
                0x00000f80                fork_exec
                0x00000f90                __exit
                0x00000f9c                __clone
                0x00000f9c                clone
                0x00000fac                __longjmp
                0x00000fc4                setjmp
                0x00000fc4                __setjmp
                0x00000fc8                sigsetjmp
                0x00000fc8                __sigsetjmp
 .text          0x00001354       0x2c D:\Project\MyProject1\mkrtos_real\mkrtos_sdk\Debug\libmkrtos_sdk.a(start.o)
                0x00001354                _start
                0x00001374                _exit
 .text          0x00001380       0x10 D:\Project\MyProject1\mkrtos_real\mkrtos_sdk\Debug\libmkrtos_sdk.a(arm_set_tls.o)
                0x00001380                __arm_set_tls
 *(.text.*)
 .text.qualify  0x00001390       0x94 ./src/ls.o
 .text.byname   0x00001424       0x20 ./src/ls.o
                0x00001424                byname
 .text.bysize   0x00001444       0x2c ./src/ls.o
                0x00001444                bysize
 .text.byctime  0x00001470       0x28 ./src/ls.o
                0x00001470                byctime
 .text.bymtime  0x00001498       0x28 ./src/ls.o
                0x00001498                bymtime
 .text.byatime  0x000014c0       0x28 ./src/ls.o
                0x000014c0                byatime
 .text.fmt_ulong
                0x000014e8       0x38 ./src/ls.o
                0x000014e8                fmt_ulong
 .text.buffer_flush
                0x00001520       0x1e ./src/ls.o
                0x00001520                buffer_flush
 .text.buffer_putc
                0x0000153e       0x2a ./src/ls.o
                0x0000153e                buffer_putc
 .text.buffer_puts
                0x00001568       0x20 ./src/ls.o
                0x00001568                buffer_puts
 .text.__printrjnum
                0x00001588       0x50 ./src/ls.o
 .text.__printname
                0x000015d8       0x34 ./src/ls.o
 .text.msg      0x0000160c       0x14 ./src/ls.o
 .text.warn     0x00001620       0x24 ./src/ls.o
 .text.unlikely.nomem
                0x00001644       0x1c ./src/ls.o
 .text.oops     0x00001660       0xc0 ./src/ls.o
 .text.dols     0x00001720      0x2b8 ./src/ls.o
 .text.printlong
                0x000019d8      0x2ac ./src/ls.o
                0x000019d8                printlong
 .text.lsfiles  0x00001c84      0x23c ./src/ls.o
 .text.ls_dir   0x00001ec0      0x178 ./src/ls.o
 .text.startup.main
                0x00002038      0x570 ./src/ls.o
                0x00002038                main
 .text.time     0x000025a8       0x20 D:\Project\MyProject1\mkrtos_real\mkrtos_sdk\Debug\libmkrtos_sdk.a(__time.o)
                0x000025a8                time
 .text.get_index
                0x000025c8       0x12 D:\Project\MyProject1\mkrtos_real\mkrtos_sdk\Debug\libmkrtos_sdk.a(alloc.o)
 *fill*         0x000025da        0x2 
 .text._alloc_libc_free
                0x000025dc       0x4c D:\Project\MyProject1\mkrtos_real\mkrtos_sdk\Debug\libmkrtos_sdk.a(alloc.o)
                0x000025dc                free
                0x000025dc                __libc_free
 .text._alloc_libc_malloc
                0x00002628       0xb8 D:\Project\MyProject1\mkrtos_real\mkrtos_sdk\Debug\libmkrtos_sdk.a(alloc.o)
                0x00002628                __libc_malloc
                0x00002628                malloc
 .text.__libc_exit
                0x000026e0       0x30 D:\Project\MyProject1\mkrtos_real\mkrtos_sdk\Debug\libmkrtos_sdk.a(atexit.o)
                0x000026e0                exit
                0x000026e0                __libc_exit
 .text.closedir
                0x00002710       0x1c D:\Project\MyProject1\mkrtos_real\mkrtos_sdk\Debug\libmkrtos_sdk.a(closedir.o)
                0x00002710                closedir
 .text.__errno_location
                0x0000272c       0x14 D:\Project\MyProject1\mkrtos_real\mkrtos_sdk\Debug\libmkrtos_sdk.a(errno_location.o)
                0x0000272c                __errno_location
 .text.memcpy   0x00002740       0x80 D:\Project\MyProject1\mkrtos_real\mkrtos_sdk\Debug\libmkrtos_sdk.a(memcpy.o)
                0x00002740                memcpy
 .text.memset   0x000027c0       0x10 D:\Project\MyProject1\mkrtos_real\mkrtos_sdk\Debug\libmkrtos_sdk.a(memset.o)
                0x000027c0                memset
 .text.opendir  0x000027d0       0x52 D:\Project\MyProject1\mkrtos_real\mkrtos_sdk\Debug\libmkrtos_sdk.a(opendir.o)
                0x000027d0                opendir
 .text.exch     0x00002822       0x20 D:\Project\MyProject1\mkrtos_real\mkrtos_sdk\Debug\libmkrtos_sdk.a(qsort.o)
 .text.quicksort
                0x00002842      0x136 D:\Project\MyProject1\mkrtos_real\mkrtos_sdk\Debug\libmkrtos_sdk.a(qsort.o)
 .text.qsort    0x00002978       0x28 D:\Project\MyProject1\mkrtos_real\mkrtos_sdk\Debug\libmkrtos_sdk.a(qsort.o)
                0x00002978                qsort
 .text.rand     0x000029a0       0x18 D:\Project\MyProject1\mkrtos_real\mkrtos_sdk\Debug\libmkrtos_sdk.a(rand.o)
                0x000029a0                rand
                0x000029a0                random
 .text.rand_r   0x000029b8       0x38 D:\Project\MyProject1\mkrtos_real\mkrtos_sdk\Debug\libmkrtos_sdk.a(rand_r.o)
                0x000029b8                rand_r
 .text.readdir  0x000029f0       0x24 D:\Project\MyProject1\mkrtos_real\mkrtos_sdk\Debug\libmkrtos_sdk.a(readdir.o)
                0x000029f0                readdir
 .text.readdir_r
                0x00002a14       0x7a D:\Project\MyProject1\mkrtos_real\mkrtos_sdk\Debug\libmkrtos_sdk.a(readdir_r.o)
                0x00002a14                readdir_r
 *fill*         0x00002a8e        0x2 
 .text.strcmp   0x00002a90       0xac D:\Project\MyProject1\mkrtos_real\mkrtos_sdk\Debug\libmkrtos_sdk.a(strcmp.o)
                0x00002a90                strcmp
                0x00002a90                strcoll
 .text.strdup   0x00002b3c       0x20 D:\Project\MyProject1\mkrtos_real\mkrtos_sdk\Debug\libmkrtos_sdk.a(strdup.o)
                0x00002b3c                strdup
 .text.strlen   0x00002b5c       0x64 D:\Project\MyProject1\mkrtos_real\mkrtos_sdk\Debug\libmkrtos_sdk.a(strlen.o)
                0x00002b5c                strlen
 .text.find_in_auxvec
                0x00002bc0       0x14 D:\Project\MyProject1\mkrtos_real\mkrtos_sdk\Debug\libmkrtos_sdk.a(stackgap-g.o)
 .text.__setup_tls
                0x00002bd4       0x20 D:\Project\MyProject1\mkrtos_real\mkrtos_sdk\Debug\libmkrtos_sdk.a(stackgap-g.o)
                0x00002bd4                __setup_tls
 .text.stackgap
                0x00002bf4      0x1cc D:\Project\MyProject1\mkrtos_real\mkrtos_sdk\Debug\libmkrtos_sdk.a(stackgap-g.o)
                0x00002bf4                stackgap
 .text.mmap     0x00002dc0       0x26 D:\Project\MyProject1\mkrtos_real\mkrtos_sdk\Debug\libmkrtos_sdk.a(__mmap.o)
                0x00002dc0                mmap
 *fill*         0x00002de6        0x2 
 .text.getenv   0x00002de8       0x44 D:\Project\MyProject1\mkrtos_real\mkrtos_sdk\Debug\libmkrtos_sdk.a(getenv.o)
                0x00002de8                getenv
 .text.memcmp   0x00002e2c       0x1c D:\Project\MyProject1\mkrtos_real\mkrtos_sdk\Debug\libmkrtos_sdk.a(memcmp.o)
                0x00002e2c                memcmp
                0x00002e2c                bcmp
 .text.__sigjmp_save
                0x00002e48       0x24 D:\Project\MyProject1\mkrtos_real\mkrtos_sdk\Debug\libmkrtos_sdk.a(sigjmp.o)
                0x00002e48                __sigjmp_save
 .text.sigprocmask
                0x00002e6c        0x6 D:\Project\MyProject1\mkrtos_real\mkrtos_sdk\Debug\libmkrtos_sdk.a(sigprocmask.o)
                0x00002e6c                sigprocmask
 .text.strstr   0x00002e72       0x52 D:\Project\MyProject1\mkrtos_real\mkrtos_sdk\Debug\libmkrtos_sdk.a(strstr.o)
                0x00002e72                strstr
 .text.__main   0x00002ec4       0x20 D:\Project\MyProject1\mkrtos_real\mkrtos_sdk\Debug\libmkrtos_sdk.a(__main.o)
                0x00002ec4                __main
 .text.reloc    0x00002ee4       0x84 D:\Project\MyProject1\mkrtos_real\mkrtos_sdk\Debug\libmkrtos_sdk.a(reloc.o)
                0x00002ee4                reloc
 *(.init)
 *(.fini)
 *crtbegin.o(.ctors)
 *crtbegin?.o(.ctors)
 *(EXCLUDE_FILE(*crtend.o *crtend?.o) .ctors)
 *(SORT(.ctors.*))
 *(.ctors)
 *crtbegin.o(.dtors)
 *crtbegin?.o(.dtors)
 *(EXCLUDE_FILE(*crtend.o *crtend?.o) .dtors)
 *(SORT(.dtors.*))
 *(.dtors)
 *(SORT(.rodata.*))
 .rodata.append.5607
                0x00002f68        0x8 ./src/ls.o
 .rodata.append.5658
                0x00002f70        0x8 ./src/ls.o
 .rodata.str1.1
                0x00002f78      0x125 ./src/ls.o
                                0x140 (size before relaxing)
 .rodata.str1.1
                0x0000309d       0x14 D:\Project\MyProject1\mkrtos_real\mkrtos_sdk\Debug\libmkrtos_sdk.a(stackgap-g.o)
 *(.rodata)
 *(.eh_frame*)
                0x000030b4                . = ALIGN (0x4)
 *fill*         0x000030b1        0x3 
                0x000030b4                __rel_start__ = .
 *(.rel.data .rel.data.* .rel.gnu.linkonce.d.*)
 .rel.data.rel.it2
                0x000030b4       0x10 ./src/fmt_8long.o
 .rel.data.rel.local.buffer_2
                0x000030c4        0x8 ./src/fmt_8long.o
 .rel.data.rel.local.buffer_1
                0x000030cc        0x8 ./src/fmt_8long.o
 .rel.data.rel.compare
                0x000030d4        0x8 ./src/fmt_8long.o
 .rel.data.rel.it
                0x000030dc       0x10 ./src/fmt_8long.o
                0x000030ec                __rel_end__ = .

.interp         0x000030ec       0x11
 .interp        0x000030ec       0x11 ./src/fmt_8long.o

.gnu.version_d  0x00003100        0x0
 .gnu.version_d
                0x00000000        0x0 ./src/fmt_8long.o

.gnu.version    0x000030fe        0x0
 .gnu.version   0x00000000        0x0 ./src/fmt_8long.o

.gnu.version_r  0x00003100        0x0
 .gnu.version_r
                0x00000000        0x0 ./src/fmt_8long.o

.dynsym         0x00003100      0x320
 .dynsym        0x00003100      0x320 ./src/fmt_8long.o

.dynstr         0x00003420      0x25b
 .dynstr        0x00003420      0x25b ./src/fmt_8long.o

.hash           0x0000367c      0x164
 .hash          0x0000367c      0x164 ./src/fmt_8long.o

.glue_7         0x000037e0        0x0
 .glue_7        0x00000000        0x0 linker stubs

.glue_7t        0x000037e0        0x0
 .glue_7t       0x00000000        0x0 linker stubs

.vfp11_veneer   0x000037e0        0x0
 .vfp11_veneer  0x00000000        0x0 linker stubs

.v4_bx          0x000037e0        0x0
 .v4_bx         0x00000000        0x0 linker stubs

.plt            0x000037e0        0x0
 .plt           0x00000000        0x0 ./src/fmt_8long.o

.iplt           0x000037e0        0x0
 .iplt          0x00000000        0x0 ./src/fmt_8long.o

.rel.dyn        0x000037e0      0x290
 .rel.got       0x000037e0      0x288 ./src/fmt_8long.o
 .rel.plt       0x00000000        0x0 ./src/fmt_8long.o
 .rel.iplt      0x00000000        0x0 ./src/fmt_8long.o
 .rel.text      0x00003a68        0x8 ./src/fmt_8long.o

.ARM.exidx      0x00003a70        0x0
                0x00003a70                . = ALIGN (0x4)
                0x00003a70                __exdix_start = .
 *(.ARM.exidx* .gnu.linkonce.armexidx.*)
                0x00003a70                __exdix_end = .

.permissions_table
                0x00003a70        0x0
                0x00003a70                . = ALIGN (0x4)
                0x00003a70                __permissions_table_start__ = .
 *(.permissions_table)
                0x00003a70                __permissions_table_end__ = .
                0x00001344                PROVIDE (__ram_size__, (__bss_end__ - __data_start__))

.data           0x00003a70      0x188
                0x00003a70                . = ALIGN (0x4)
                0x00003a70                __data_start__ = .
                0x00003a70                __got_start__ = .
 *(.got)
 .got           0x00003a70      0x144 ./src/fmt_8long.o
                0x00003bb4                __got_end__ = .
                0x00003bb4                . = ALIGN (0x4)
 *(.data)
 .data          0x00003bb4        0x4 D:\Project\MyProject1\mkrtos_real\mkrtos_sdk\Debug\libmkrtos_sdk.a(dyn_syscalls.o)
                0x00003bb4                __guard
                0x00003bb4                __stack_chk_guard
 *(.data.*)
 .data.rel.it2  0x00003bb8       0x14 ./src/ls.o
 .data.ttywidth
                0x00003bcc        0x4 ./src/ls.o
 .data.rel.local.buffer_2
                0x00003bd0        0x4 ./src/ls.o
                0x00003bd0                buffer_2
 .data.display  0x00003bd4        0x1 ./src/ls.o
                0x00003bd4                display
 *fill*         0x00003bd5        0x3 
 .data.rel.local.buffer_1
                0x00003bd8        0x4 ./src/ls.o
                0x00003bd8                buffer_1
 .data.rel.compare
                0x00003bdc        0x4 ./src/ls.o
                0x00003bdc                compare
 .data.rel.it   0x00003be0       0x14 ./src/ls.o
 .data.seed     0x00003bf4        0x4 D:\Project\MyProject1\mkrtos_real\mkrtos_sdk\Debug\libmkrtos_sdk.a(rand.o)
 *(vtable)
 *(.data*)
                0x00003bf8                . = ALIGN (0x4)
                0x00003bf8                PROVIDE (__preinit_array_start, .)
 *(.preinit_array)
                0x00003bf8                PROVIDE (__preinit_array_end, .)
                0x00003bf8                . = ALIGN (0x4)
                0x00003bf8                PROVIDE (__init_array_start, .)
 *(SORT(.init_array.*))
 *(.init_array)
                0x00003bf8                PROVIDE (__init_array_end, .)
                0x00003bf8                . = ALIGN (0x4)
                0x00003bf8                PROVIDE (__fini_array_start, .)
 *(SORT(.fini_array.*))
 *(.fini_array)
                0x00003bf8                PROVIDE (__fini_array_end, .)
                0x00003bf8                . = ALIGN (0x4)
                0x00003bf8                __data_end__ = .
                0x00000800                PROVIDE (__heap_size__, (__heap_end__ - __heap_start__))
                0x00000400                PROVIDE (__stack_size__, (__stack_end__ - __stack_start__))

.dynamic        0x00003bf8       0x80
 .dynamic       0x00003bf8       0x80 ./src/fmt_8long.o
                0x00003bf8                _DYNAMIC

.got.plt        0x00003c78        0xc
 .got.plt       0x00003c78        0xc ./src/fmt_8long.o
                0x00003c78                _GLOBAL_OFFSET_TABLE_

.igot.plt       0x00003c84        0x0
 .igot.plt      0x00000000        0x0 ./src/fmt_8long.o

.bss            0x00003d00     0x10b4
                0x00003d00                . = ALIGN (0x4)
                0x00003d00                __bss_start__ = .
 *(.bss)
 .bss           0x00003d00      0x200 D:\Project\MyProject1\mkrtos_real\mkrtos_sdk\Debug\libmkrtos_sdk.a(dyn_syscalls.o)
                0x00003d00                __environ
                0x00003d00                environ
                0x00003e00                errno
 *(COMMON)
 COMMON         0x00003f00       0x98 ./src/ls.o
                0x00003f00                last_dirs
                0x00003f04                num_dirs
                0x00003f08                last_files
                0x00003f0c                root_files
                0x00003f10                buffer_1_space
                0x00003f50                root_dirs
                0x00003f54                buffer_2_space
                0x00003f94                num_files
 COMMON         0x00003f98       0x1c D:\Project\MyProject1\mkrtos_real\mkrtos_sdk\Debug\libmkrtos_sdk.a(stackgap-g.o)
                0x00003f98                __tdataptr
                0x00003f9c                __tdatasize
                0x00003fa0                __tcb_mainthread
                0x00003fa4                __vdso
                0x00003fa8                program_invocation_short_name
                0x00003fac                __tmemsize
                0x00003fb0                program_invocation_name
                0x00003fb4                . = ALIGN (0x4)
                0x00003fb4                __heap_start__ = .
 *(.bss.heap)
 .bss.heap      0x00003fb4      0x800 ./src/heap_stack.o
                0x000047b4                __heap_end__ = .
                0x000047b4                . = ALIGN (0x4)
                0x000047b4                __stack_start__ = .
 *(.bss.stack)
 .bss.stack     0x000047b4      0x400 ./src/heap_stack.o
                0x00004bb4                __stack_end__ = .
 *(.bss.*)
 .bss._F        0x00004bb4        0x4 ./src/ls.o
 .bss._i        0x00004bb8        0x4 ./src/ls.o
 .bss._n        0x00004bbc        0x4 ./src/ls.o
 .bss._p        0x00004bc0        0x4 ./src/ls.o
 .bss._s        0x00004bc4        0x4 ./src/ls.o
 .bss.root      0x00004bc8        0x4 ./src/ls.o
 .bss._A        0x00004bcc        0x4 ./src/ls.o
 .bss._o        0x00004bd0        0x4 ./src/ls.o
 .bss.now       0x00004bd4        0x4 ./src/ls.o
 .bss._r        0x00004bd8        0x4 ./src/ls.o
 .bss._L        0x00004bdc        0x4 ./src/ls.o
 .bss._R        0x00004be0        0x4 ./src/ls.o
 .bss.displaytotal
                0x00004be4        0x4 ./src/ls.o
 .bss.res       0x00004be8        0x4 ./src/ls.o
 .bss._a        0x00004bec        0x4 ./src/ls.o
 .bss._b        0x00004bf0        0x4 ./src/ls.o
 .bss._d        0x00004bf4        0x4 ./src/ls.o
 .bss.__small_mem
                0x00004bf8       0x20 D:\Project\MyProject1\mkrtos_real\mkrtos_sdk\Debug\libmkrtos_sdk.a(alloc.o)
 .bss.atexit_counter
                0x00004c18        0x4 D:\Project\MyProject1\mkrtos_real\mkrtos_sdk\Debug\libmkrtos_sdk.a(atexit.o)
 .bss.__atexitlist
                0x00004c1c       0x80 D:\Project\MyProject1\mkrtos_real\mkrtos_sdk\Debug\libmkrtos_sdk.a(atexit.o)
 .bss.tmp       0x00004c9c      0x10c D:\Project\MyProject1\mkrtos_real\mkrtos_sdk\Debug\libmkrtos_sdk.a(readdir.o)
 .bss._auxvec   0x00004da8        0x4 D:\Project\MyProject1\mkrtos_real\mkrtos_sdk\Debug\libmkrtos_sdk.a(stackgap-g.o)
 .bss.__valgrind
                0x00004dac        0x4 D:\Project\MyProject1\mkrtos_real\mkrtos_sdk\Debug\libmkrtos_sdk.a(stackgap-g.o)
                0x00004dac                __valgrind
 .bss.__app_start_addr__
                0x00004db0        0x4 D:\Project\MyProject1\mkrtos_real\mkrtos_sdk\Debug\libmkrtos_sdk.a(__main.o)
                0x00004db0                __app_start_addr__
                0x00004db4                . = ALIGN (0x4)
                0x00004db4                __bss_end__ = .
                0x00004db4                _end = .
OUTPUT(mkrtos_ls.elf elf32-littlearm)

.dynbss         0x00004db4        0x0
 .dynbss        0x00000000        0x0 ./src/fmt_8long.o

.debug_info     0x00000000     0x4d5e
 .debug_info    0x00000000       0x70 ./src/heap_stack.o
 .debug_info    0x00000070     0x1c59 ./src/ls.o
 .debug_info    0x00001cc9      0x14f D:\Project\MyProject1\mkrtos_real\mkrtos_sdk\Debug\libmkrtos_sdk.a(__time.o)
 .debug_info    0x00001e18      0x6b5 D:\Project\MyProject1\mkrtos_real\mkrtos_sdk\Debug\libmkrtos_sdk.a(alloc.o)
 .debug_info    0x000024cd      0x157 D:\Project\MyProject1\mkrtos_real\mkrtos_sdk\Debug\libmkrtos_sdk.a(atexit.o)
 .debug_info    0x00002624      0x167 D:\Project\MyProject1\mkrtos_real\mkrtos_sdk\Debug\libmkrtos_sdk.a(closedir.o)
 .debug_info    0x0000278b       0xa7 D:\Project\MyProject1\mkrtos_real\mkrtos_sdk\Debug\libmkrtos_sdk.a(errno_location.o)
 .debug_info    0x00002832      0x13e D:\Project\MyProject1\mkrtos_real\mkrtos_sdk\Debug\libmkrtos_sdk.a(memcpy.o)
 .debug_info    0x00002970       0xd4 D:\Project\MyProject1\mkrtos_real\mkrtos_sdk\Debug\libmkrtos_sdk.a(memset.o)
 .debug_info    0x00002a44      0x23d D:\Project\MyProject1\mkrtos_real\mkrtos_sdk\Debug\libmkrtos_sdk.a(opendir.o)
 .debug_info    0x00002c81      0x3fb D:\Project\MyProject1\mkrtos_real\mkrtos_sdk\Debug\libmkrtos_sdk.a(qsort.o)
 .debug_info    0x0000307c       0xed D:\Project\MyProject1\mkrtos_real\mkrtos_sdk\Debug\libmkrtos_sdk.a(rand.o)
 .debug_info    0x00003169       0xba D:\Project\MyProject1\mkrtos_real\mkrtos_sdk\Debug\libmkrtos_sdk.a(rand_r.o)
 .debug_info    0x00003223      0x1d6 D:\Project\MyProject1\mkrtos_real\mkrtos_sdk\Debug\libmkrtos_sdk.a(readdir.o)
 .debug_info    0x000033f9      0x296 D:\Project\MyProject1\mkrtos_real\mkrtos_sdk\Debug\libmkrtos_sdk.a(readdir_r.o)
 .debug_info    0x0000368f      0x145 D:\Project\MyProject1\mkrtos_real\mkrtos_sdk\Debug\libmkrtos_sdk.a(strcmp.o)
 .debug_info    0x000037d4      0x164 D:\Project\MyProject1\mkrtos_real\mkrtos_sdk\Debug\libmkrtos_sdk.a(strdup.o)
 .debug_info    0x00003938      0x123 D:\Project\MyProject1\mkrtos_real\mkrtos_sdk\Debug\libmkrtos_sdk.a(strlen.o)
 .debug_info    0x00003a5b       0x83 D:\Project\MyProject1\mkrtos_real\mkrtos_sdk\Debug\libmkrtos_sdk.a(dyn_syscalls.o)
 .debug_info    0x00003ade       0x7c D:\Project\MyProject1\mkrtos_real\mkrtos_sdk\Debug\libmkrtos_sdk.a(start.o)
 .debug_info    0x00003b5a      0x6f6 D:\Project\MyProject1\mkrtos_real\mkrtos_sdk\Debug\libmkrtos_sdk.a(stackgap-g.o)
 .debug_info    0x00004250       0x6a D:\Project\MyProject1\mkrtos_real\mkrtos_sdk\Debug\libmkrtos_sdk.a(start.o)
 .debug_info    0x000042ba      0x18a D:\Project\MyProject1\mkrtos_real\mkrtos_sdk\Debug\libmkrtos_sdk.a(__mmap.o)
 .debug_info    0x00004444      0x155 D:\Project\MyProject1\mkrtos_real\mkrtos_sdk\Debug\libmkrtos_sdk.a(getenv.o)
 .debug_info    0x00004599       0xf5 D:\Project\MyProject1\mkrtos_real\mkrtos_sdk\Debug\libmkrtos_sdk.a(memcmp.o)
 .debug_info    0x0000468e      0x186 D:\Project\MyProject1\mkrtos_real\mkrtos_sdk\Debug\libmkrtos_sdk.a(sigjmp.o)
 .debug_info    0x00004814      0x149 D:\Project\MyProject1\mkrtos_real\mkrtos_sdk\Debug\libmkrtos_sdk.a(sigprocmask.o)
 .debug_info    0x0000495d      0x176 D:\Project\MyProject1\mkrtos_real\mkrtos_sdk\Debug\libmkrtos_sdk.a(strstr.o)
 .debug_info    0x00004ad3       0x82 D:\Project\MyProject1\mkrtos_real\mkrtos_sdk\Debug\libmkrtos_sdk.a(arm_set_tls.o)
 .debug_info    0x00004b55       0xf2 D:\Project\MyProject1\mkrtos_real\mkrtos_sdk\Debug\libmkrtos_sdk.a(__main.o)
 .debug_info    0x00004c47      0x117 D:\Project\MyProject1\mkrtos_real\mkrtos_sdk\Debug\libmkrtos_sdk.a(reloc.o)

.debug_abbrev   0x00000000     0x1dad
 .debug_abbrev  0x00000000       0x3c ./src/heap_stack.o
 .debug_abbrev  0x0000003c      0x47a ./src/ls.o
 .debug_abbrev  0x000004b6       0xcb D:\Project\MyProject1\mkrtos_real\mkrtos_sdk\Debug\libmkrtos_sdk.a(__time.o)
 .debug_abbrev  0x00000581      0x285 D:\Project\MyProject1\mkrtos_real\mkrtos_sdk\Debug\libmkrtos_sdk.a(alloc.o)
 .debug_abbrev  0x00000806      0x11a D:\Project\MyProject1\mkrtos_real\mkrtos_sdk\Debug\libmkrtos_sdk.a(atexit.o)
 .debug_abbrev  0x00000920      0x10f D:\Project\MyProject1\mkrtos_real\mkrtos_sdk\Debug\libmkrtos_sdk.a(closedir.o)
 .debug_abbrev  0x00000a2f       0x5e D:\Project\MyProject1\mkrtos_real\mkrtos_sdk\Debug\libmkrtos_sdk.a(errno_location.o)
 .debug_abbrev  0x00000a8d       0xa9 D:\Project\MyProject1\mkrtos_real\mkrtos_sdk\Debug\libmkrtos_sdk.a(memcpy.o)
 .debug_abbrev  0x00000b36       0x90 D:\Project\MyProject1\mkrtos_real\mkrtos_sdk\Debug\libmkrtos_sdk.a(memset.o)
 .debug_abbrev  0x00000bc6      0x13f D:\Project\MyProject1\mkrtos_real\mkrtos_sdk\Debug\libmkrtos_sdk.a(opendir.o)
 .debug_abbrev  0x00000d05      0x141 D:\Project\MyProject1\mkrtos_real\mkrtos_sdk\Debug\libmkrtos_sdk.a(qsort.o)
 .debug_abbrev  0x00000e46       0xbd D:\Project\MyProject1\mkrtos_real\mkrtos_sdk\Debug\libmkrtos_sdk.a(rand.o)
 .debug_abbrev  0x00000f03       0x7a D:\Project\MyProject1\mkrtos_real\mkrtos_sdk\Debug\libmkrtos_sdk.a(rand_r.o)
 .debug_abbrev  0x00000f7d       0xf9 D:\Project\MyProject1\mkrtos_real\mkrtos_sdk\Debug\libmkrtos_sdk.a(readdir.o)
 .debug_abbrev  0x00001076      0x12c D:\Project\MyProject1\mkrtos_real\mkrtos_sdk\Debug\libmkrtos_sdk.a(readdir_r.o)
 .debug_abbrev  0x000011a2       0x9b D:\Project\MyProject1\mkrtos_real\mkrtos_sdk\Debug\libmkrtos_sdk.a(strcmp.o)
 .debug_abbrev  0x0000123d       0xd0 D:\Project\MyProject1\mkrtos_real\mkrtos_sdk\Debug\libmkrtos_sdk.a(strdup.o)
 .debug_abbrev  0x0000130d       0xc6 D:\Project\MyProject1\mkrtos_real\mkrtos_sdk\Debug\libmkrtos_sdk.a(strlen.o)
 .debug_abbrev  0x000013d3       0x14 D:\Project\MyProject1\mkrtos_real\mkrtos_sdk\Debug\libmkrtos_sdk.a(dyn_syscalls.o)
 .debug_abbrev  0x000013e7       0x14 D:\Project\MyProject1\mkrtos_real\mkrtos_sdk\Debug\libmkrtos_sdk.a(start.o)
 .debug_abbrev  0x000013fb      0x2ca D:\Project\MyProject1\mkrtos_real\mkrtos_sdk\Debug\libmkrtos_sdk.a(stackgap-g.o)
 .debug_abbrev  0x000016c5       0x14 D:\Project\MyProject1\mkrtos_real\mkrtos_sdk\Debug\libmkrtos_sdk.a(start.o)
 .debug_abbrev  0x000016d9       0xf5 D:\Project\MyProject1\mkrtos_real\mkrtos_sdk\Debug\libmkrtos_sdk.a(__mmap.o)
 .debug_abbrev  0x000017ce       0xd7 D:\Project\MyProject1\mkrtos_real\mkrtos_sdk\Debug\libmkrtos_sdk.a(getenv.o)
 .debug_abbrev  0x000018a5       0xa4 D:\Project\MyProject1\mkrtos_real\mkrtos_sdk\Debug\libmkrtos_sdk.a(memcmp.o)
 .debug_abbrev  0x00001949      0x11c D:\Project\MyProject1\mkrtos_real\mkrtos_sdk\Debug\libmkrtos_sdk.a(sigjmp.o)
 .debug_abbrev  0x00001a65       0xe3 D:\Project\MyProject1\mkrtos_real\mkrtos_sdk\Debug\libmkrtos_sdk.a(sigprocmask.o)
 .debug_abbrev  0x00001b48       0xd1 D:\Project\MyProject1\mkrtos_real\mkrtos_sdk\Debug\libmkrtos_sdk.a(strstr.o)
 .debug_abbrev  0x00001c19       0x14 D:\Project\MyProject1\mkrtos_real\mkrtos_sdk\Debug\libmkrtos_sdk.a(arm_set_tls.o)
 .debug_abbrev  0x00001c2d       0xe8 D:\Project\MyProject1\mkrtos_real\mkrtos_sdk\Debug\libmkrtos_sdk.a(__main.o)
 .debug_abbrev  0x00001d15       0x98 D:\Project\MyProject1\mkrtos_real\mkrtos_sdk\Debug\libmkrtos_sdk.a(reloc.o)

.debug_aranges  0x00000000      0x4d0
 .debug_aranges
                0x00000000       0x18 ./src/heap_stack.o
 .debug_aranges
                0x00000018       0xc0 ./src/ls.o
 .debug_aranges
                0x000000d8       0x20 D:\Project\MyProject1\mkrtos_real\mkrtos_sdk\Debug\libmkrtos_sdk.a(__time.o)
 .debug_aranges
                0x000000f8       0x40 D:\Project\MyProject1\mkrtos_real\mkrtos_sdk\Debug\libmkrtos_sdk.a(alloc.o)
 .debug_aranges
                0x00000138       0x28 D:\Project\MyProject1\mkrtos_real\mkrtos_sdk\Debug\libmkrtos_sdk.a(atexit.o)
 .debug_aranges
                0x00000160       0x20 D:\Project\MyProject1\mkrtos_real\mkrtos_sdk\Debug\libmkrtos_sdk.a(closedir.o)
 .debug_aranges
                0x00000180       0x20 D:\Project\MyProject1\mkrtos_real\mkrtos_sdk\Debug\libmkrtos_sdk.a(errno_location.o)
 .debug_aranges
                0x000001a0       0x20 D:\Project\MyProject1\mkrtos_real\mkrtos_sdk\Debug\libmkrtos_sdk.a(memcpy.o)
 .debug_aranges
                0x000001c0       0x20 D:\Project\MyProject1\mkrtos_real\mkrtos_sdk\Debug\libmkrtos_sdk.a(memset.o)
 .debug_aranges
                0x000001e0       0x20 D:\Project\MyProject1\mkrtos_real\mkrtos_sdk\Debug\libmkrtos_sdk.a(opendir.o)
 .debug_aranges
                0x00000200       0x30 D:\Project\MyProject1\mkrtos_real\mkrtos_sdk\Debug\libmkrtos_sdk.a(qsort.o)
 .debug_aranges
                0x00000230       0x28 D:\Project\MyProject1\mkrtos_real\mkrtos_sdk\Debug\libmkrtos_sdk.a(rand.o)
 .debug_aranges
                0x00000258       0x20 D:\Project\MyProject1\mkrtos_real\mkrtos_sdk\Debug\libmkrtos_sdk.a(rand_r.o)
 .debug_aranges
                0x00000278       0x20 D:\Project\MyProject1\mkrtos_real\mkrtos_sdk\Debug\libmkrtos_sdk.a(readdir.o)
 .debug_aranges
                0x00000298       0x20 D:\Project\MyProject1\mkrtos_real\mkrtos_sdk\Debug\libmkrtos_sdk.a(readdir_r.o)
 .debug_aranges
                0x000002b8       0x20 D:\Project\MyProject1\mkrtos_real\mkrtos_sdk\Debug\libmkrtos_sdk.a(strcmp.o)
 .debug_aranges
                0x000002d8       0x20 D:\Project\MyProject1\mkrtos_real\mkrtos_sdk\Debug\libmkrtos_sdk.a(strdup.o)
 .debug_aranges
                0x000002f8       0x20 D:\Project\MyProject1\mkrtos_real\mkrtos_sdk\Debug\libmkrtos_sdk.a(strlen.o)
 .debug_aranges
                0x00000318       0x20 D:\Project\MyProject1\mkrtos_real\mkrtos_sdk\Debug\libmkrtos_sdk.a(dyn_syscalls.o)
 .debug_aranges
                0x00000338       0x20 D:\Project\MyProject1\mkrtos_real\mkrtos_sdk\Debug\libmkrtos_sdk.a(start.o)
 .debug_aranges
                0x00000358       0x38 D:\Project\MyProject1\mkrtos_real\mkrtos_sdk\Debug\libmkrtos_sdk.a(stackgap-g.o)
 .debug_aranges
                0x00000390       0x20 D:\Project\MyProject1\mkrtos_real\mkrtos_sdk\Debug\libmkrtos_sdk.a(start.o)
 .debug_aranges
                0x000003b0       0x20 D:\Project\MyProject1\mkrtos_real\mkrtos_sdk\Debug\libmkrtos_sdk.a(__mmap.o)
 .debug_aranges
                0x000003d0       0x20 D:\Project\MyProject1\mkrtos_real\mkrtos_sdk\Debug\libmkrtos_sdk.a(getenv.o)
 .debug_aranges
                0x000003f0       0x20 D:\Project\MyProject1\mkrtos_real\mkrtos_sdk\Debug\libmkrtos_sdk.a(memcmp.o)
 .debug_aranges
                0x00000410       0x20 D:\Project\MyProject1\mkrtos_real\mkrtos_sdk\Debug\libmkrtos_sdk.a(sigjmp.o)
 .debug_aranges
                0x00000430       0x20 D:\Project\MyProject1\mkrtos_real\mkrtos_sdk\Debug\libmkrtos_sdk.a(sigprocmask.o)
 .debug_aranges
                0x00000450       0x20 D:\Project\MyProject1\mkrtos_real\mkrtos_sdk\Debug\libmkrtos_sdk.a(strstr.o)
 .debug_aranges
                0x00000470       0x20 D:\Project\MyProject1\mkrtos_real\mkrtos_sdk\Debug\libmkrtos_sdk.a(arm_set_tls.o)
 .debug_aranges
                0x00000490       0x20 D:\Project\MyProject1\mkrtos_real\mkrtos_sdk\Debug\libmkrtos_sdk.a(__main.o)
 .debug_aranges
                0x000004b0       0x20 D:\Project\MyProject1\mkrtos_real\mkrtos_sdk\Debug\libmkrtos_sdk.a(reloc.o)

.debug_line     0x00000000     0x342d
 .debug_line    0x00000000       0x34 ./src/heap_stack.o
 .debug_line    0x00000034      0x758 ./src/ls.o
 .debug_line    0x0000078c       0xb5 D:\Project\MyProject1\mkrtos_real\mkrtos_sdk\Debug\libmkrtos_sdk.a(__time.o)
 .debug_line    0x00000841      0x1f0 D:\Project\MyProject1\mkrtos_real\mkrtos_sdk\Debug\libmkrtos_sdk.a(alloc.o)
 .debug_line    0x00000a31       0xc0 D:\Project\MyProject1\mkrtos_real\mkrtos_sdk\Debug\libmkrtos_sdk.a(atexit.o)
 .debug_line    0x00000af1      0x164 D:\Project\MyProject1\mkrtos_real\mkrtos_sdk\Debug\libmkrtos_sdk.a(closedir.o)
 .debug_line    0x00000c55       0x58 D:\Project\MyProject1\mkrtos_real\mkrtos_sdk\Debug\libmkrtos_sdk.a(errno_location.o)
 .debug_line    0x00000cad       0xe1 D:\Project\MyProject1\mkrtos_real\mkrtos_sdk\Debug\libmkrtos_sdk.a(memcpy.o)
 .debug_line    0x00000d8e       0xa6 D:\Project\MyProject1\mkrtos_real\mkrtos_sdk\Debug\libmkrtos_sdk.a(memset.o)
 .debug_line    0x00000e34      0x189 D:\Project\MyProject1\mkrtos_real\mkrtos_sdk\Debug\libmkrtos_sdk.a(opendir.o)
 .debug_line    0x00000fbd      0x18e D:\Project\MyProject1\mkrtos_real\mkrtos_sdk\Debug\libmkrtos_sdk.a(qsort.o)
 .debug_line    0x0000114b       0xb3 D:\Project\MyProject1\mkrtos_real\mkrtos_sdk\Debug\libmkrtos_sdk.a(rand.o)
 .debug_line    0x000011fe       0xad D:\Project\MyProject1\mkrtos_real\mkrtos_sdk\Debug\libmkrtos_sdk.a(rand_r.o)
 .debug_line    0x000012ab      0x15a D:\Project\MyProject1\mkrtos_real\mkrtos_sdk\Debug\libmkrtos_sdk.a(readdir.o)
 .debug_line    0x00001405      0x1a8 D:\Project\MyProject1\mkrtos_real\mkrtos_sdk\Debug\libmkrtos_sdk.a(readdir_r.o)
 .debug_line    0x000015ad       0xe1 D:\Project\MyProject1\mkrtos_real\mkrtos_sdk\Debug\libmkrtos_sdk.a(strcmp.o)
 .debug_line    0x0000168e       0xc2 D:\Project\MyProject1\mkrtos_real\mkrtos_sdk\Debug\libmkrtos_sdk.a(strdup.o)
 .debug_line    0x00001750       0xde D:\Project\MyProject1\mkrtos_real\mkrtos_sdk\Debug\libmkrtos_sdk.a(strlen.o)
 .debug_line    0x0000182e     0x1390 D:\Project\MyProject1\mkrtos_real\mkrtos_sdk\Debug\libmkrtos_sdk.a(dyn_syscalls.o)
 .debug_line    0x00002bbe       0x58 D:\Project\MyProject1\mkrtos_real\mkrtos_sdk\Debug\libmkrtos_sdk.a(start.o)
 .debug_line    0x00002c16      0x207 D:\Project\MyProject1\mkrtos_real\mkrtos_sdk\Debug\libmkrtos_sdk.a(stackgap-g.o)
 .debug_line    0x00002e1d       0x6f D:\Project\MyProject1\mkrtos_real\mkrtos_sdk\Debug\libmkrtos_sdk.a(start.o)
 .debug_line    0x00002e8c      0x10c D:\Project\MyProject1\mkrtos_real\mkrtos_sdk\Debug\libmkrtos_sdk.a(__mmap.o)
 .debug_line    0x00002f98       0xd5 D:\Project\MyProject1\mkrtos_real\mkrtos_sdk\Debug\libmkrtos_sdk.a(getenv.o)
 .debug_line    0x0000306d       0xa7 D:\Project\MyProject1\mkrtos_real\mkrtos_sdk\Debug\libmkrtos_sdk.a(memcmp.o)
 .debug_line    0x00003114       0xb3 D:\Project\MyProject1\mkrtos_real\mkrtos_sdk\Debug\libmkrtos_sdk.a(sigjmp.o)
 .debug_line    0x000031c7       0xa8 D:\Project\MyProject1\mkrtos_real\mkrtos_sdk\Debug\libmkrtos_sdk.a(sigprocmask.o)
 .debug_line    0x0000326f       0xc7 D:\Project\MyProject1\mkrtos_real\mkrtos_sdk\Debug\libmkrtos_sdk.a(strstr.o)
 .debug_line    0x00003336       0x5d D:\Project\MyProject1\mkrtos_real\mkrtos_sdk\Debug\libmkrtos_sdk.a(arm_set_tls.o)
 .debug_line    0x00003393       0x44 D:\Project\MyProject1\mkrtos_real\mkrtos_sdk\Debug\libmkrtos_sdk.a(__main.o)
 .debug_line    0x000033d7       0x56 D:\Project\MyProject1\mkrtos_real\mkrtos_sdk\Debug\libmkrtos_sdk.a(reloc.o)

.debug_str      0x00000000      0xee8
 .debug_str     0x00000000      0x12f ./src/heap_stack.o
                                0x13a (size before relaxing)
 .debug_str     0x0000012f      0x4c9 ./src/ls.o
                                0x681 (size before relaxing)
 .debug_str     0x000005f8       0xa8 D:\Project\MyProject1\mkrtos_real\mkrtos_sdk\Debug\libmkrtos_sdk.a(__time.o)
                                0x221 (size before relaxing)
 .debug_str     0x000006a0       0xe7 D:\Project\MyProject1\mkrtos_real\mkrtos_sdk\Debug\libmkrtos_sdk.a(alloc.o)
                                0x2c1 (size before relaxing)
 .debug_str     0x00000787       0x6f D:\Project\MyProject1\mkrtos_real\mkrtos_sdk\Debug\libmkrtos_sdk.a(atexit.o)
                                0x215 (size before relaxing)
 .debug_str     0x000007f6       0x24 D:\Project\MyProject1\mkrtos_real\mkrtos_sdk\Debug\libmkrtos_sdk.a(closedir.o)
                                0x1ed (size before relaxing)
 .debug_str     0x0000081a       0x36 D:\Project\MyProject1\mkrtos_real\mkrtos_sdk\Debug\libmkrtos_sdk.a(errno_location.o)
                                0x1e7 (size before relaxing)
 .debug_str     0x00000850       0x2c D:\Project\MyProject1\mkrtos_real\mkrtos_sdk\Debug\libmkrtos_sdk.a(memcpy.o)
                                0x1cc (size before relaxing)
 .debug_str     0x0000087c       0x28 D:\Project\MyProject1\mkrtos_real\mkrtos_sdk\Debug\libmkrtos_sdk.a(memset.o)
                                0x1cd (size before relaxing)
 .debug_str     0x000008a4       0x29 D:\Project\MyProject1\mkrtos_real\mkrtos_sdk\Debug\libmkrtos_sdk.a(opendir.o)
                                0x204 (size before relaxing)
 .debug_str     0x000008cd       0x37 D:\Project\MyProject1\mkrtos_real\mkrtos_sdk\Debug\libmkrtos_sdk.a(qsort.o)
                                0x201 (size before relaxing)
 .debug_str     0x00000904       0x32 D:\Project\MyProject1\mkrtos_real\mkrtos_sdk\Debug\libmkrtos_sdk.a(rand.o)
                                0x1d2 (size before relaxing)
 .debug_str     0x00000936       0x22 D:\Project\MyProject1\mkrtos_real\mkrtos_sdk\Debug\libmkrtos_sdk.a(rand_r.o)
                                0x1d1 (size before relaxing)
 .debug_str     0x00000958       0x2d D:\Project\MyProject1\mkrtos_real\mkrtos_sdk\Debug\libmkrtos_sdk.a(readdir.o)
                                0x21a (size before relaxing)
 .debug_str     0x00000985       0x48 D:\Project\MyProject1\mkrtos_real\mkrtos_sdk\Debug\libmkrtos_sdk.a(readdir_r.o)
                                0x24e (size before relaxing)
 .debug_str     0x000009cd       0x2d D:\Project\MyProject1\mkrtos_real\mkrtos_sdk\Debug\libmkrtos_sdk.a(strcmp.o)
                                0x1d5 (size before relaxing)
 .debug_str     0x000009fa       0x22 D:\Project\MyProject1\mkrtos_real\mkrtos_sdk\Debug\libmkrtos_sdk.a(strdup.o)
                                0x1e5 (size before relaxing)
 .debug_str     0x00000a1c       0x34 D:\Project\MyProject1\mkrtos_real\mkrtos_sdk\Debug\libmkrtos_sdk.a(strlen.o)
                                0x1f2 (size before relaxing)
 .debug_str     0x00000a50      0x279 D:\Project\MyProject1\mkrtos_real\mkrtos_sdk\Debug\libmkrtos_sdk.a(stackgap-g.o)
                                0x49a (size before relaxing)
 .debug_str     0x00000cc9       0x3b D:\Project\MyProject1\mkrtos_real\mkrtos_sdk\Debug\libmkrtos_sdk.a(__mmap.o)
                                0x20b (size before relaxing)
 .debug_str     0x00000d04       0x31 D:\Project\MyProject1\mkrtos_real\mkrtos_sdk\Debug\libmkrtos_sdk.a(getenv.o)
                                0x1e6 (size before relaxing)
 .debug_str     0x00000d35       0x22 D:\Project\MyProject1\mkrtos_real\mkrtos_sdk\Debug\libmkrtos_sdk.a(memcmp.o)
                                0x1c8 (size before relaxing)
 .debug_str     0x00000d57       0x81 D:\Project\MyProject1\mkrtos_real\mkrtos_sdk\Debug\libmkrtos_sdk.a(sigjmp.o)
                                0x22d (size before relaxing)
 .debug_str     0x00000dd8       0x3f D:\Project\MyProject1\mkrtos_real\mkrtos_sdk\Debug\libmkrtos_sdk.a(sigprocmask.o)
                                0x1f4 (size before relaxing)
 .debug_str     0x00000e17       0x38 D:\Project\MyProject1\mkrtos_real\mkrtos_sdk\Debug\libmkrtos_sdk.a(strstr.o)
                                0x1eb (size before relaxing)
 .debug_str     0x00000e4f       0x35 D:\Project\MyProject1\mkrtos_real\mkrtos_sdk\Debug\libmkrtos_sdk.a(__main.o)
                                0x157 (size before relaxing)
 .debug_str     0x00000e84       0x64 D:\Project\MyProject1\mkrtos_real\mkrtos_sdk\Debug\libmkrtos_sdk.a(reloc.o)
                                0x18e (size before relaxing)

.comment        0x00000000       0x70
 .comment       0x00000000       0x70 ./src/heap_stack.o
                                 0x71 (size before relaxing)
 .comment       0x00000000       0x71 ./src/ls.o
 .comment       0x00000000       0x71 D:\Project\MyProject1\mkrtos_real\mkrtos_sdk\Debug\libmkrtos_sdk.a(__time.o)
 .comment       0x00000000       0x71 D:\Project\MyProject1\mkrtos_real\mkrtos_sdk\Debug\libmkrtos_sdk.a(alloc.o)
 .comment       0x00000000       0x71 D:\Project\MyProject1\mkrtos_real\mkrtos_sdk\Debug\libmkrtos_sdk.a(atexit.o)
 .comment       0x00000000       0x71 D:\Project\MyProject1\mkrtos_real\mkrtos_sdk\Debug\libmkrtos_sdk.a(closedir.o)
 .comment       0x00000000       0x71 D:\Project\MyProject1\mkrtos_real\mkrtos_sdk\Debug\libmkrtos_sdk.a(errno_location.o)
 .comment       0x00000000       0x71 D:\Project\MyProject1\mkrtos_real\mkrtos_sdk\Debug\libmkrtos_sdk.a(memcpy.o)
 .comment       0x00000000       0x71 D:\Project\MyProject1\mkrtos_real\mkrtos_sdk\Debug\libmkrtos_sdk.a(memset.o)
 .comment       0x00000000       0x71 D:\Project\MyProject1\mkrtos_real\mkrtos_sdk\Debug\libmkrtos_sdk.a(opendir.o)
 .comment       0x00000000       0x71 D:\Project\MyProject1\mkrtos_real\mkrtos_sdk\Debug\libmkrtos_sdk.a(qsort.o)
 .comment       0x00000000       0x71 D:\Project\MyProject1\mkrtos_real\mkrtos_sdk\Debug\libmkrtos_sdk.a(rand.o)
 .comment       0x00000000       0x71 D:\Project\MyProject1\mkrtos_real\mkrtos_sdk\Debug\libmkrtos_sdk.a(rand_r.o)
 .comment       0x00000000       0x71 D:\Project\MyProject1\mkrtos_real\mkrtos_sdk\Debug\libmkrtos_sdk.a(readdir.o)
 .comment       0x00000000       0x71 D:\Project\MyProject1\mkrtos_real\mkrtos_sdk\Debug\libmkrtos_sdk.a(readdir_r.o)
 .comment       0x00000000       0x71 D:\Project\MyProject1\mkrtos_real\mkrtos_sdk\Debug\libmkrtos_sdk.a(strcmp.o)
 .comment       0x00000000       0x71 D:\Project\MyProject1\mkrtos_real\mkrtos_sdk\Debug\libmkrtos_sdk.a(strdup.o)
 .comment       0x00000000       0x71 D:\Project\MyProject1\mkrtos_real\mkrtos_sdk\Debug\libmkrtos_sdk.a(strlen.o)
 .comment       0x00000000       0x71 D:\Project\MyProject1\mkrtos_real\mkrtos_sdk\Debug\libmkrtos_sdk.a(stackgap-g.o)
 .comment       0x00000000       0x71 D:\Project\MyProject1\mkrtos_real\mkrtos_sdk\Debug\libmkrtos_sdk.a(__mmap.o)
 .comment       0x00000000       0x71 D:\Project\MyProject1\mkrtos_real\mkrtos_sdk\Debug\libmkrtos_sdk.a(getenv.o)
 .comment       0x00000000       0x71 D:\Project\MyProject1\mkrtos_real\mkrtos_sdk\Debug\libmkrtos_sdk.a(memcmp.o)
 .comment       0x00000000       0x71 D:\Project\MyProject1\mkrtos_real\mkrtos_sdk\Debug\libmkrtos_sdk.a(sigjmp.o)
 .comment       0x00000000       0x71 D:\Project\MyProject1\mkrtos_real\mkrtos_sdk\Debug\libmkrtos_sdk.a(sigprocmask.o)
 .comment       0x00000000       0x71 D:\Project\MyProject1\mkrtos_real\mkrtos_sdk\Debug\libmkrtos_sdk.a(strstr.o)
 .comment       0x00000000       0x71 D:\Project\MyProject1\mkrtos_real\mkrtos_sdk\Debug\libmkrtos_sdk.a(__main.o)
 .comment       0x00000000       0x71 D:\Project\MyProject1\mkrtos_real\mkrtos_sdk\Debug\libmkrtos_sdk.a(reloc.o)

.ARM.attributes
                0x00000000       0x31
 .ARM.attributes
                0x00000000       0x33 ./src/heap_stack.o
 .ARM.attributes
                0x00000033       0x33 ./src/ls.o
 .ARM.attributes
                0x00000066       0x33 D:\Project\MyProject1\mkrtos_real\mkrtos_sdk\Debug\libmkrtos_sdk.a(__time.o)
 .ARM.attributes
                0x00000099       0x33 D:\Project\MyProject1\mkrtos_real\mkrtos_sdk\Debug\libmkrtos_sdk.a(alloc.o)
 .ARM.attributes
                0x000000cc       0x33 D:\Project\MyProject1\mkrtos_real\mkrtos_sdk\Debug\libmkrtos_sdk.a(atexit.o)
 .ARM.attributes
                0x000000ff       0x33 D:\Project\MyProject1\mkrtos_real\mkrtos_sdk\Debug\libmkrtos_sdk.a(closedir.o)
 .ARM.attributes
                0x00000132       0x33 D:\Project\MyProject1\mkrtos_real\mkrtos_sdk\Debug\libmkrtos_sdk.a(errno_location.o)
 .ARM.attributes
                0x00000165       0x33 D:\Project\MyProject1\mkrtos_real\mkrtos_sdk\Debug\libmkrtos_sdk.a(memcpy.o)
 .ARM.attributes
                0x00000198       0x33 D:\Project\MyProject1\mkrtos_real\mkrtos_sdk\Debug\libmkrtos_sdk.a(memset.o)
 .ARM.attributes
                0x000001cb       0x33 D:\Project\MyProject1\mkrtos_real\mkrtos_sdk\Debug\libmkrtos_sdk.a(opendir.o)
 .ARM.attributes
                0x000001fe       0x33 D:\Project\MyProject1\mkrtos_real\mkrtos_sdk\Debug\libmkrtos_sdk.a(qsort.o)
 .ARM.attributes
                0x00000231       0x33 D:\Project\MyProject1\mkrtos_real\mkrtos_sdk\Debug\libmkrtos_sdk.a(rand.o)
 .ARM.attributes
                0x00000264       0x33 D:\Project\MyProject1\mkrtos_real\mkrtos_sdk\Debug\libmkrtos_sdk.a(rand_r.o)
 .ARM.attributes
                0x00000297       0x33 D:\Project\MyProject1\mkrtos_real\mkrtos_sdk\Debug\libmkrtos_sdk.a(readdir.o)
 .ARM.attributes
                0x000002ca       0x33 D:\Project\MyProject1\mkrtos_real\mkrtos_sdk\Debug\libmkrtos_sdk.a(readdir_r.o)
 .ARM.attributes
                0x000002fd       0x33 D:\Project\MyProject1\mkrtos_real\mkrtos_sdk\Debug\libmkrtos_sdk.a(strcmp.o)
 .ARM.attributes
                0x00000330       0x33 D:\Project\MyProject1\mkrtos_real\mkrtos_sdk\Debug\libmkrtos_sdk.a(strdup.o)
 .ARM.attributes
                0x00000363       0x33 D:\Project\MyProject1\mkrtos_real\mkrtos_sdk\Debug\libmkrtos_sdk.a(strlen.o)
 .ARM.attributes
                0x00000396       0x21 D:\Project\MyProject1\mkrtos_real\mkrtos_sdk\Debug\libmkrtos_sdk.a(dyn_syscalls.o)
 .ARM.attributes
                0x000003b7       0x21 D:\Project\MyProject1\mkrtos_real\mkrtos_sdk\Debug\libmkrtos_sdk.a(start.o)
 .ARM.attributes
                0x000003d8       0x33 D:\Project\MyProject1\mkrtos_real\mkrtos_sdk\Debug\libmkrtos_sdk.a(stackgap-g.o)
 .ARM.attributes
                0x0000040b       0x21 D:\Project\MyProject1\mkrtos_real\mkrtos_sdk\Debug\libmkrtos_sdk.a(start.o)
 .ARM.attributes
                0x0000042c       0x33 D:\Project\MyProject1\mkrtos_real\mkrtos_sdk\Debug\libmkrtos_sdk.a(__mmap.o)
 .ARM.attributes
                0x0000045f       0x33 D:\Project\MyProject1\mkrtos_real\mkrtos_sdk\Debug\libmkrtos_sdk.a(getenv.o)
 .ARM.attributes
                0x00000492       0x33 D:\Project\MyProject1\mkrtos_real\mkrtos_sdk\Debug\libmkrtos_sdk.a(memcmp.o)
 .ARM.attributes
                0x000004c5       0x33 D:\Project\MyProject1\mkrtos_real\mkrtos_sdk\Debug\libmkrtos_sdk.a(sigjmp.o)
 .ARM.attributes
                0x000004f8       0x33 D:\Project\MyProject1\mkrtos_real\mkrtos_sdk\Debug\libmkrtos_sdk.a(sigprocmask.o)
 .ARM.attributes
                0x0000052b       0x33 D:\Project\MyProject1\mkrtos_real\mkrtos_sdk\Debug\libmkrtos_sdk.a(strstr.o)
 .ARM.attributes
                0x0000055e       0x21 D:\Project\MyProject1\mkrtos_real\mkrtos_sdk\Debug\libmkrtos_sdk.a(arm_set_tls.o)
 .ARM.attributes
                0x0000057f       0x33 D:\Project\MyProject1\mkrtos_real\mkrtos_sdk\Debug\libmkrtos_sdk.a(__main.o)
 .ARM.attributes
                0x000005b2       0x33 D:\Project\MyProject1\mkrtos_real\mkrtos_sdk\Debug\libmkrtos_sdk.a(reloc.o)

.debug_loc      0x00000000     0x2baf
 .debug_loc     0x00000000     0x110a ./src/ls.o
 .debug_loc     0x0000110a       0x1e D:\Project\MyProject1\mkrtos_real\mkrtos_sdk\Debug\libmkrtos_sdk.a(__time.o)
 .debug_loc     0x00001128      0x5ca D:\Project\MyProject1\mkrtos_real\mkrtos_sdk\Debug\libmkrtos_sdk.a(alloc.o)
 .debug_loc     0x000016f2       0x5b D:\Project\MyProject1\mkrtos_real\mkrtos_sdk\Debug\libmkrtos_sdk.a(atexit.o)
 .debug_loc     0x0000174d       0x3c D:\Project\MyProject1\mkrtos_real\mkrtos_sdk\Debug\libmkrtos_sdk.a(closedir.o)
 .debug_loc     0x00001789      0x249 D:\Project\MyProject1\mkrtos_real\mkrtos_sdk\Debug\libmkrtos_sdk.a(memcpy.o)
 .debug_loc     0x000019d2       0x56 D:\Project\MyProject1\mkrtos_real\mkrtos_sdk\Debug\libmkrtos_sdk.a(memset.o)
 .debug_loc     0x00001a28       0xad D:\Project\MyProject1\mkrtos_real\mkrtos_sdk\Debug\libmkrtos_sdk.a(opendir.o)
 .debug_loc     0x00001ad5      0x39f D:\Project\MyProject1\mkrtos_real\mkrtos_sdk\Debug\libmkrtos_sdk.a(qsort.o)
 .debug_loc     0x00001e74       0x21 D:\Project\MyProject1\mkrtos_real\mkrtos_sdk\Debug\libmkrtos_sdk.a(rand.o)
 .debug_loc     0x00001e95       0x6a D:\Project\MyProject1\mkrtos_real\mkrtos_sdk\Debug\libmkrtos_sdk.a(rand_r.o)
 .debug_loc     0x00001eff       0x21 D:\Project\MyProject1\mkrtos_real\mkrtos_sdk\Debug\libmkrtos_sdk.a(readdir.o)
 .debug_loc     0x00001f20       0xf6 D:\Project\MyProject1\mkrtos_real\mkrtos_sdk\Debug\libmkrtos_sdk.a(readdir_r.o)
 .debug_loc     0x00002016      0x1f5 D:\Project\MyProject1\mkrtos_real\mkrtos_sdk\Debug\libmkrtos_sdk.a(strcmp.o)
 .debug_loc     0x0000220b       0x89 D:\Project\MyProject1\mkrtos_real\mkrtos_sdk\Debug\libmkrtos_sdk.a(strdup.o)
 .debug_loc     0x00002294      0x178 D:\Project\MyProject1\mkrtos_real\mkrtos_sdk\Debug\libmkrtos_sdk.a(strlen.o)
 .debug_loc     0x0000240c      0x265 D:\Project\MyProject1\mkrtos_real\mkrtos_sdk\Debug\libmkrtos_sdk.a(stackgap-g.o)
 .debug_loc     0x00002671      0x134 D:\Project\MyProject1\mkrtos_real\mkrtos_sdk\Debug\libmkrtos_sdk.a(__mmap.o)
 .debug_loc     0x000027a5       0x81 D:\Project\MyProject1\mkrtos_real\mkrtos_sdk\Debug\libmkrtos_sdk.a(getenv.o)
 .debug_loc     0x00002826       0xe2 D:\Project\MyProject1\mkrtos_real\mkrtos_sdk\Debug\libmkrtos_sdk.a(memcmp.o)
 .debug_loc     0x00002908       0x3f D:\Project\MyProject1\mkrtos_real\mkrtos_sdk\Debug\libmkrtos_sdk.a(sigjmp.o)
 .debug_loc     0x00002947       0x63 D:\Project\MyProject1\mkrtos_real\mkrtos_sdk\Debug\libmkrtos_sdk.a(sigprocmask.o)
 .debug_loc     0x000029aa       0x87 D:\Project\MyProject1\mkrtos_real\mkrtos_sdk\Debug\libmkrtos_sdk.a(strstr.o)
 .debug_loc     0x00002a31       0x6f D:\Project\MyProject1\mkrtos_real\mkrtos_sdk\Debug\libmkrtos_sdk.a(__main.o)
 .debug_loc     0x00002aa0      0x10f D:\Project\MyProject1\mkrtos_real\mkrtos_sdk\Debug\libmkrtos_sdk.a(reloc.o)

.debug_ranges   0x00000000      0x3f8
 .debug_ranges  0x00000000      0x170 ./src/ls.o
 .debug_ranges  0x00000170       0x10 D:\Project\MyProject1\mkrtos_real\mkrtos_sdk\Debug\libmkrtos_sdk.a(__time.o)
 .debug_ranges  0x00000180       0x78 D:\Project\MyProject1\mkrtos_real\mkrtos_sdk\Debug\libmkrtos_sdk.a(alloc.o)
 .debug_ranges  0x000001f8       0x18 D:\Project\MyProject1\mkrtos_real\mkrtos_sdk\Debug\libmkrtos_sdk.a(atexit.o)
 .debug_ranges  0x00000210       0x10 D:\Project\MyProject1\mkrtos_real\mkrtos_sdk\Debug\libmkrtos_sdk.a(closedir.o)
 .debug_ranges  0x00000220       0x10 D:\Project\MyProject1\mkrtos_real\mkrtos_sdk\Debug\libmkrtos_sdk.a(errno_location.o)
 .debug_ranges  0x00000230       0x10 D:\Project\MyProject1\mkrtos_real\mkrtos_sdk\Debug\libmkrtos_sdk.a(memcpy.o)
 .debug_ranges  0x00000240       0x10 D:\Project\MyProject1\mkrtos_real\mkrtos_sdk\Debug\libmkrtos_sdk.a(memset.o)
 .debug_ranges  0x00000250       0x10 D:\Project\MyProject1\mkrtos_real\mkrtos_sdk\Debug\libmkrtos_sdk.a(opendir.o)
 .debug_ranges  0x00000260       0x20 D:\Project\MyProject1\mkrtos_real\mkrtos_sdk\Debug\libmkrtos_sdk.a(qsort.o)
 .debug_ranges  0x00000280       0x18 D:\Project\MyProject1\mkrtos_real\mkrtos_sdk\Debug\libmkrtos_sdk.a(rand.o)
 .debug_ranges  0x00000298       0x10 D:\Project\MyProject1\mkrtos_real\mkrtos_sdk\Debug\libmkrtos_sdk.a(rand_r.o)
 .debug_ranges  0x000002a8       0x10 D:\Project\MyProject1\mkrtos_real\mkrtos_sdk\Debug\libmkrtos_sdk.a(readdir.o)
 .debug_ranges  0x000002b8       0x28 D:\Project\MyProject1\mkrtos_real\mkrtos_sdk\Debug\libmkrtos_sdk.a(readdir_r.o)
 .debug_ranges  0x000002e0       0x10 D:\Project\MyProject1\mkrtos_real\mkrtos_sdk\Debug\libmkrtos_sdk.a(strcmp.o)
 .debug_ranges  0x000002f0       0x10 D:\Project\MyProject1\mkrtos_real\mkrtos_sdk\Debug\libmkrtos_sdk.a(strdup.o)
 .debug_ranges  0x00000300       0x10 D:\Project\MyProject1\mkrtos_real\mkrtos_sdk\Debug\libmkrtos_sdk.a(strlen.o)
 .debug_ranges  0x00000310       0x68 D:\Project\MyProject1\mkrtos_real\mkrtos_sdk\Debug\libmkrtos_sdk.a(stackgap-g.o)
 .debug_ranges  0x00000378       0x10 D:\Project\MyProject1\mkrtos_real\mkrtos_sdk\Debug\libmkrtos_sdk.a(__mmap.o)
 .debug_ranges  0x00000388       0x10 D:\Project\MyProject1\mkrtos_real\mkrtos_sdk\Debug\libmkrtos_sdk.a(getenv.o)
 .debug_ranges  0x00000398       0x10 D:\Project\MyProject1\mkrtos_real\mkrtos_sdk\Debug\libmkrtos_sdk.a(memcmp.o)
 .debug_ranges  0x000003a8       0x10 D:\Project\MyProject1\mkrtos_real\mkrtos_sdk\Debug\libmkrtos_sdk.a(sigjmp.o)
 .debug_ranges  0x000003b8       0x10 D:\Project\MyProject1\mkrtos_real\mkrtos_sdk\Debug\libmkrtos_sdk.a(sigprocmask.o)
 .debug_ranges  0x000003c8       0x10 D:\Project\MyProject1\mkrtos_real\mkrtos_sdk\Debug\libmkrtos_sdk.a(strstr.o)
 .debug_ranges  0x000003d8       0x10 D:\Project\MyProject1\mkrtos_real\mkrtos_sdk\Debug\libmkrtos_sdk.a(__main.o)
 .debug_ranges  0x000003e8       0x10 D:\Project\MyProject1\mkrtos_real\mkrtos_sdk\Debug\libmkrtos_sdk.a(reloc.o)

.debug_frame    0x00000000      0x7d8
 .debug_frame   0x00000000      0x27c ./src/ls.o
 .debug_frame   0x0000027c       0x2c D:\Project\MyProject1\mkrtos_real\mkrtos_sdk\Debug\libmkrtos_sdk.a(__time.o)
 .debug_frame   0x000002a8       0xb0 D:\Project\MyProject1\mkrtos_real\mkrtos_sdk\Debug\libmkrtos_sdk.a(alloc.o)
 .debug_frame   0x00000358       0x3c D:\Project\MyProject1\mkrtos_real\mkrtos_sdk\Debug\libmkrtos_sdk.a(atexit.o)
 .debug_frame   0x00000394       0x2c D:\Project\MyProject1\mkrtos_real\mkrtos_sdk\Debug\libmkrtos_sdk.a(closedir.o)
 .debug_frame   0x000003c0       0x28 D:\Project\MyProject1\mkrtos_real\mkrtos_sdk\Debug\libmkrtos_sdk.a(errno_location.o)
 .debug_frame   0x000003e8       0x2c D:\Project\MyProject1\mkrtos_real\mkrtos_sdk\Debug\libmkrtos_sdk.a(memcpy.o)
 .debug_frame   0x00000414       0x20 D:\Project\MyProject1\mkrtos_real\mkrtos_sdk\Debug\libmkrtos_sdk.a(memset.o)
 .debug_frame   0x00000434       0x2c D:\Project\MyProject1\mkrtos_real\mkrtos_sdk\Debug\libmkrtos_sdk.a(opendir.o)
 .debug_frame   0x00000460       0x70 D:\Project\MyProject1\mkrtos_real\mkrtos_sdk\Debug\libmkrtos_sdk.a(qsort.o)
 .debug_frame   0x000004d0       0x38 D:\Project\MyProject1\mkrtos_real\mkrtos_sdk\Debug\libmkrtos_sdk.a(rand.o)
 .debug_frame   0x00000508       0x20 D:\Project\MyProject1\mkrtos_real\mkrtos_sdk\Debug\libmkrtos_sdk.a(rand_r.o)
 .debug_frame   0x00000528       0x28 D:\Project\MyProject1\mkrtos_real\mkrtos_sdk\Debug\libmkrtos_sdk.a(readdir.o)
 .debug_frame   0x00000550       0x2c D:\Project\MyProject1\mkrtos_real\mkrtos_sdk\Debug\libmkrtos_sdk.a(readdir_r.o)
 .debug_frame   0x0000057c       0x30 D:\Project\MyProject1\mkrtos_real\mkrtos_sdk\Debug\libmkrtos_sdk.a(strcmp.o)
 .debug_frame   0x000005ac       0x38 D:\Project\MyProject1\mkrtos_real\mkrtos_sdk\Debug\libmkrtos_sdk.a(strdup.o)
 .debug_frame   0x000005e4       0x20 D:\Project\MyProject1\mkrtos_real\mkrtos_sdk\Debug\libmkrtos_sdk.a(strlen.o)
 .debug_frame   0x00000604       0x70 D:\Project\MyProject1\mkrtos_real\mkrtos_sdk\Debug\libmkrtos_sdk.a(stackgap-g.o)
 .debug_frame   0x00000674       0x38 D:\Project\MyProject1\mkrtos_real\mkrtos_sdk\Debug\libmkrtos_sdk.a(__mmap.o)
 .debug_frame   0x000006ac       0x30 D:\Project\MyProject1\mkrtos_real\mkrtos_sdk\Debug\libmkrtos_sdk.a(getenv.o)
 .debug_frame   0x000006dc       0x28 D:\Project\MyProject1\mkrtos_real\mkrtos_sdk\Debug\libmkrtos_sdk.a(memcmp.o)
 .debug_frame   0x00000704       0x28 D:\Project\MyProject1\mkrtos_real\mkrtos_sdk\Debug\libmkrtos_sdk.a(sigjmp.o)
 .debug_frame   0x0000072c       0x20 D:\Project\MyProject1\mkrtos_real\mkrtos_sdk\Debug\libmkrtos_sdk.a(sigprocmask.o)
 .debug_frame   0x0000074c       0x30 D:\Project\MyProject1\mkrtos_real\mkrtos_sdk\Debug\libmkrtos_sdk.a(strstr.o)
 .debug_frame   0x0000077c       0x2c D:\Project\MyProject1\mkrtos_real\mkrtos_sdk\Debug\libmkrtos_sdk.a(__main.o)
 .debug_frame   0x000007a8       0x30 D:\Project\MyProject1\mkrtos_real\mkrtos_sdk\Debug\libmkrtos_sdk.a(reloc.o)

Cross Reference Table

Symbol                                            File
_DYNAMIC                                          ./src/fmt_8long.o
_GLOBAL_OFFSET_TABLE_                             ./src/fmt_8long.o
__app_start_addr__                                D:\Project\MyProject1\mkrtos_real\mkrtos_sdk\Debug\libmkrtos_sdk.a(__main.o)
__arm_set_tls                                     D:\Project\MyProject1\mkrtos_real\mkrtos_sdk\Debug\libmkrtos_sdk.a(arm_set_tls.o)
                                                  D:\Project\MyProject1\mkrtos_real\mkrtos_sdk\Debug\libmkrtos_sdk.a(stackgap-g.o)
__bss_start__                                     D:\Project\MyProject1\mkrtos_real\mkrtos_sdk\Debug\libmkrtos_sdk.a(start.o)
__clone                                           D:\Project\MyProject1\mkrtos_real\mkrtos_sdk\Debug\libmkrtos_sdk.a(dyn_syscalls.o)
__data_end__                                      D:\Project\MyProject1\mkrtos_real\mkrtos_sdk\Debug\libmkrtos_sdk.a(start.o)
__data_start__                                    D:\Project\MyProject1\mkrtos_real\mkrtos_sdk\Debug\libmkrtos_sdk.a(start.o)
__diet_brk                                        D:\Project\MyProject1\mkrtos_real\mkrtos_sdk\Debug\libmkrtos_sdk.a(dyn_syscalls.o)
__diet_ptrace                                     D:\Project\MyProject1\mkrtos_real\mkrtos_sdk\Debug\libmkrtos_sdk.a(dyn_syscalls.o)
__dietlibc_fcntl64                                D:\Project\MyProject1\mkrtos_real\mkrtos_sdk\Debug\libmkrtos_sdk.a(dyn_syscalls.o)
__dietlibc_fstat64                                D:\Project\MyProject1\mkrtos_real\mkrtos_sdk\Debug\libmkrtos_sdk.a(dyn_syscalls.o)
__dietlibc_fstatfs64                              D:\Project\MyProject1\mkrtos_real\mkrtos_sdk\Debug\libmkrtos_sdk.a(dyn_syscalls.o)
__dietlibc_ftruncate64                            D:\Project\MyProject1\mkrtos_real\mkrtos_sdk\Debug\libmkrtos_sdk.a(dyn_syscalls.o)
__dietlibc_ftruncate64_syscall                    D:\Project\MyProject1\mkrtos_real\mkrtos_sdk\Debug\libmkrtos_sdk.a(dyn_syscalls.o)
__dietlibc_lstat64                                D:\Project\MyProject1\mkrtos_real\mkrtos_sdk\Debug\libmkrtos_sdk.a(dyn_syscalls.o)
__dietlibc_sendfile64                             D:\Project\MyProject1\mkrtos_real\mkrtos_sdk\Debug\libmkrtos_sdk.a(dyn_syscalls.o)
__dietlibc_stat64                                 D:\Project\MyProject1\mkrtos_real\mkrtos_sdk\Debug\libmkrtos_sdk.a(dyn_syscalls.o)
__dietlibc_statfs64                               D:\Project\MyProject1\mkrtos_real\mkrtos_sdk\Debug\libmkrtos_sdk.a(dyn_syscalls.o)
__dietlibc_truncate64                             D:\Project\MyProject1\mkrtos_real\mkrtos_sdk\Debug\libmkrtos_sdk.a(dyn_syscalls.o)
__dietlibc_truncate64_syscall                     D:\Project\MyProject1\mkrtos_real\mkrtos_sdk\Debug\libmkrtos_sdk.a(dyn_syscalls.o)
__environ                                         D:\Project\MyProject1\mkrtos_real\mkrtos_sdk\Debug\libmkrtos_sdk.a(dyn_syscalls.o)
__errno_location                                  D:\Project\MyProject1\mkrtos_real\mkrtos_sdk\Debug\libmkrtos_sdk.a(errno_location.o)
                                                  D:\Project\MyProject1\mkrtos_real\mkrtos_sdk\Debug\libmkrtos_sdk.a(__mmap.o)
                                                  D:\Project\MyProject1\mkrtos_real\mkrtos_sdk\Debug\libmkrtos_sdk.a(dyn_syscalls.o)
                                                  D:\Project\MyProject1\mkrtos_real\mkrtos_sdk\Debug\libmkrtos_sdk.a(alloc.o)
                                                  ./src/ls.o
__exit                                            D:\Project\MyProject1\mkrtos_real\mkrtos_sdk\Debug\libmkrtos_sdk.a(dyn_syscalls.o)
__fflush_stderr                                   D:\Project\MyProject1\mkrtos_real\mkrtos_sdk\Debug\libmkrtos_sdk.a(dyn_syscalls.o)
__fflush_stdin                                    D:\Project\MyProject1\mkrtos_real\mkrtos_sdk\Debug\libmkrtos_sdk.a(dyn_syscalls.o)
__fflush_stdout                                   D:\Project\MyProject1\mkrtos_real\mkrtos_sdk\Debug\libmkrtos_sdk.a(dyn_syscalls.o)
__got_end__                                       D:\Project\MyProject1\mkrtos_real\mkrtos_sdk\Debug\libmkrtos_sdk.a(reloc.o)
                                                  D:\Project\MyProject1\mkrtos_real\mkrtos_sdk\Debug\libmkrtos_sdk.a(start.o)
__got_start__                                     D:\Project\MyProject1\mkrtos_real\mkrtos_sdk\Debug\libmkrtos_sdk.a(reloc.o)
                                                  D:\Project\MyProject1\mkrtos_real\mkrtos_sdk\Debug\libmkrtos_sdk.a(start.o)
__guard                                           D:\Project\MyProject1\mkrtos_real\mkrtos_sdk\Debug\libmkrtos_sdk.a(dyn_syscalls.o)
                                                  D:\Project\MyProject1\mkrtos_real\mkrtos_sdk\Debug\libmkrtos_sdk.a(stackgap-g.o)
__heap_size__                                     D:\Project\MyProject1\mkrtos_real\mkrtos_sdk\Debug\libmkrtos_sdk.a(start.o)
__heap_start__                                    D:\Project\MyProject1\mkrtos_real\mkrtos_sdk\Debug\libmkrtos_sdk.a(start.o)
__libc_calloc                                     D:\Project\MyProject1\mkrtos_real\mkrtos_sdk\Debug\libmkrtos_sdk.a(alloc.o)
__libc_chown32                                    D:\Project\MyProject1\mkrtos_real\mkrtos_sdk\Debug\libmkrtos_sdk.a(dyn_syscalls.o)
__libc_close                                      D:\Project\MyProject1\mkrtos_real\mkrtos_sdk\Debug\libmkrtos_sdk.a(dyn_syscalls.o)
__libc_exit                                       D:\Project\MyProject1\mkrtos_real\mkrtos_sdk\Debug\libmkrtos_sdk.a(atexit.o)
__libc_fchown32                                   D:\Project\MyProject1\mkrtos_real\mkrtos_sdk\Debug\libmkrtos_sdk.a(dyn_syscalls.o)
__libc_fcntl                                      D:\Project\MyProject1\mkrtos_real\mkrtos_sdk\Debug\libmkrtos_sdk.a(dyn_syscalls.o)
__libc_fork                                       D:\Project\MyProject1\mkrtos_real\mkrtos_sdk\Debug\libmkrtos_sdk.a(dyn_syscalls.o)
__libc_free                                       D:\Project\MyProject1\mkrtos_real\mkrtos_sdk\Debug\libmkrtos_sdk.a(alloc.o)
__libc_fsync                                      D:\Project\MyProject1\mkrtos_real\mkrtos_sdk\Debug\libmkrtos_sdk.a(dyn_syscalls.o)
__libc_getegid32                                  D:\Project\MyProject1\mkrtos_real\mkrtos_sdk\Debug\libmkrtos_sdk.a(dyn_syscalls.o)
__libc_geteuid32                                  D:\Project\MyProject1\mkrtos_real\mkrtos_sdk\Debug\libmkrtos_sdk.a(dyn_syscalls.o)
__libc_getgid32                                   D:\Project\MyProject1\mkrtos_real\mkrtos_sdk\Debug\libmkrtos_sdk.a(dyn_syscalls.o)
__libc_getgroups32                                D:\Project\MyProject1\mkrtos_real\mkrtos_sdk\Debug\libmkrtos_sdk.a(dyn_syscalls.o)
__libc_getresgid32                                D:\Project\MyProject1\mkrtos_real\mkrtos_sdk\Debug\libmkrtos_sdk.a(dyn_syscalls.o)
__libc_getuid32                                   D:\Project\MyProject1\mkrtos_real\mkrtos_sdk\Debug\libmkrtos_sdk.a(dyn_syscalls.o)
__libc_lchown32                                   D:\Project\MyProject1\mkrtos_real\mkrtos_sdk\Debug\libmkrtos_sdk.a(dyn_syscalls.o)
__libc_lseek                                      D:\Project\MyProject1\mkrtos_real\mkrtos_sdk\Debug\libmkrtos_sdk.a(dyn_syscalls.o)
__libc_malloc                                     D:\Project\MyProject1\mkrtos_real\mkrtos_sdk\Debug\libmkrtos_sdk.a(alloc.o)
__libc_msync                                      D:\Project\MyProject1\mkrtos_real\mkrtos_sdk\Debug\libmkrtos_sdk.a(dyn_syscalls.o)
__libc_nanosleep                                  D:\Project\MyProject1\mkrtos_real\mkrtos_sdk\Debug\libmkrtos_sdk.a(dyn_syscalls.o)
__libc_open                                       D:\Project\MyProject1\mkrtos_real\mkrtos_sdk\Debug\libmkrtos_sdk.a(dyn_syscalls.o)
__libc_pause                                      D:\Project\MyProject1\mkrtos_real\mkrtos_sdk\Debug\libmkrtos_sdk.a(dyn_syscalls.o)
__libc_pread64                                    D:\Project\MyProject1\mkrtos_real\mkrtos_sdk\Debug\libmkrtos_sdk.a(dyn_syscalls.o)
__libc_pwrite64                                   D:\Project\MyProject1\mkrtos_real\mkrtos_sdk\Debug\libmkrtos_sdk.a(dyn_syscalls.o)
__libc_read                                       D:\Project\MyProject1\mkrtos_real\mkrtos_sdk\Debug\libmkrtos_sdk.a(dyn_syscalls.o)
__libc_realloc                                    D:\Project\MyProject1\mkrtos_real\mkrtos_sdk\Debug\libmkrtos_sdk.a(alloc.o)
__libc_select                                     D:\Project\MyProject1\mkrtos_real\mkrtos_sdk\Debug\libmkrtos_sdk.a(dyn_syscalls.o)
__libc_sendfile                                   D:\Project\MyProject1\mkrtos_real\mkrtos_sdk\Debug\libmkrtos_sdk.a(dyn_syscalls.o)
__libc_setfsgid32                                 D:\Project\MyProject1\mkrtos_real\mkrtos_sdk\Debug\libmkrtos_sdk.a(dyn_syscalls.o)
__libc_setfsuid32                                 D:\Project\MyProject1\mkrtos_real\mkrtos_sdk\Debug\libmkrtos_sdk.a(dyn_syscalls.o)
__libc_setgid32                                   D:\Project\MyProject1\mkrtos_real\mkrtos_sdk\Debug\libmkrtos_sdk.a(dyn_syscalls.o)
__libc_setregid32                                 D:\Project\MyProject1\mkrtos_real\mkrtos_sdk\Debug\libmkrtos_sdk.a(dyn_syscalls.o)
__libc_setresgid32                                D:\Project\MyProject1\mkrtos_real\mkrtos_sdk\Debug\libmkrtos_sdk.a(dyn_syscalls.o)
__libc_setreuid32                                 D:\Project\MyProject1\mkrtos_real\mkrtos_sdk\Debug\libmkrtos_sdk.a(dyn_syscalls.o)
__libc_setuid32                                   D:\Project\MyProject1\mkrtos_real\mkrtos_sdk\Debug\libmkrtos_sdk.a(dyn_syscalls.o)
__libc_waitpid                                    D:\Project\MyProject1\mkrtos_real\mkrtos_sdk\Debug\libmkrtos_sdk.a(dyn_syscalls.o)
__libc_write                                      D:\Project\MyProject1\mkrtos_real\mkrtos_sdk\Debug\libmkrtos_sdk.a(dyn_syscalls.o)
__longjmp                                         D:\Project\MyProject1\mkrtos_real\mkrtos_sdk\Debug\libmkrtos_sdk.a(dyn_syscalls.o)
__main                                            D:\Project\MyProject1\mkrtos_real\mkrtos_sdk\Debug\libmkrtos_sdk.a(__main.o)
                                                  D:\Project\MyProject1\mkrtos_real\mkrtos_sdk\Debug\libmkrtos_sdk.a(start.o)
__mmap2                                           D:\Project\MyProject1\mkrtos_real\mkrtos_sdk\Debug\libmkrtos_sdk.a(dyn_syscalls.o)
                                                  D:\Project\MyProject1\mkrtos_real\mkrtos_sdk\Debug\libmkrtos_sdk.a(__mmap.o)
__n_sigaction                                     D:\Project\MyProject1\mkrtos_real\mkrtos_sdk\Debug\libmkrtos_sdk.a(dyn_syscalls.o)
__n_sigpending                                    D:\Project\MyProject1\mkrtos_real\mkrtos_sdk\Debug\libmkrtos_sdk.a(dyn_syscalls.o)
__n_sigprocmask                                   D:\Project\MyProject1\mkrtos_real\mkrtos_sdk\Debug\libmkrtos_sdk.a(dyn_syscalls.o)
__n_sigsuspend                                    D:\Project\MyProject1\mkrtos_real\mkrtos_sdk\Debug\libmkrtos_sdk.a(dyn_syscalls.o)
__nop                                             D:\Project\MyProject1\mkrtos_real\mkrtos_sdk\Debug\libmkrtos_sdk.a(dyn_syscalls.o)
__old_sigaction                                   D:\Project\MyProject1\mkrtos_real\mkrtos_sdk\Debug\libmkrtos_sdk.a(dyn_syscalls.o)
__old_sigpending                                  D:\Project\MyProject1\mkrtos_real\mkrtos_sdk\Debug\libmkrtos_sdk.a(dyn_syscalls.o)
__old_sigprocmask                                 D:\Project\MyProject1\mkrtos_real\mkrtos_sdk\Debug\libmkrtos_sdk.a(dyn_syscalls.o)
__old_sigsuspend                                  D:\Project\MyProject1\mkrtos_real\mkrtos_sdk\Debug\libmkrtos_sdk.a(dyn_syscalls.o)
__ram_size__                                      D:\Project\MyProject1\mkrtos_real\mkrtos_sdk\Debug\libmkrtos_sdk.a(start.o)
__reboot                                          D:\Project\MyProject1\mkrtos_real\mkrtos_sdk\Debug\libmkrtos_sdk.a(dyn_syscalls.o)
__rel_end__                                       D:\Project\MyProject1\mkrtos_real\mkrtos_sdk\Debug\libmkrtos_sdk.a(reloc.o)
                                                  D:\Project\MyProject1\mkrtos_real\mkrtos_sdk\Debug\libmkrtos_sdk.a(start.o)
__rel_start__                                     D:\Project\MyProject1\mkrtos_real\mkrtos_sdk\Debug\libmkrtos_sdk.a(reloc.o)
                                                  D:\Project\MyProject1\mkrtos_real\mkrtos_sdk\Debug\libmkrtos_sdk.a(start.o)
__rt_sigaction                                    D:\Project\MyProject1\mkrtos_real\mkrtos_sdk\Debug\libmkrtos_sdk.a(dyn_syscalls.o)
__rt_sigpending                                   D:\Project\MyProject1\mkrtos_real\mkrtos_sdk\Debug\libmkrtos_sdk.a(dyn_syscalls.o)
__rt_sigprocmask                                  D:\Project\MyProject1\mkrtos_real\mkrtos_sdk\Debug\libmkrtos_sdk.a(dyn_syscalls.o)
                                                  D:\Project\MyProject1\mkrtos_real\mkrtos_sdk\Debug\libmkrtos_sdk.a(sigprocmask.o)
__rt_sigqueueinfo                                 D:\Project\MyProject1\mkrtos_real\mkrtos_sdk\Debug\libmkrtos_sdk.a(dyn_syscalls.o)
__rt_sigsuspend                                   D:\Project\MyProject1\mkrtos_real\mkrtos_sdk\Debug\libmkrtos_sdk.a(dyn_syscalls.o)
__rt_sigtimedwait                                 D:\Project\MyProject1\mkrtos_real\mkrtos_sdk\Debug\libmkrtos_sdk.a(dyn_syscalls.o)
__setjmp                                          D:\Project\MyProject1\mkrtos_real\mkrtos_sdk\Debug\libmkrtos_sdk.a(dyn_syscalls.o)
__setup_tls                                       D:\Project\MyProject1\mkrtos_real\mkrtos_sdk\Debug\libmkrtos_sdk.a(stackgap-g.o)
__sigaltstack                                     D:\Project\MyProject1\mkrtos_real\mkrtos_sdk\Debug\libmkrtos_sdk.a(dyn_syscalls.o)
__sigjmp_save                                     D:\Project\MyProject1\mkrtos_real\mkrtos_sdk\Debug\libmkrtos_sdk.a(sigjmp.o)
                                                  D:\Project\MyProject1\mkrtos_real\mkrtos_sdk\Debug\libmkrtos_sdk.a(dyn_syscalls.o)
__sigsetjmp                                       D:\Project\MyProject1\mkrtos_real\mkrtos_sdk\Debug\libmkrtos_sdk.a(dyn_syscalls.o)
__stack_chk_guard                                 D:\Project\MyProject1\mkrtos_real\mkrtos_sdk\Debug\libmkrtos_sdk.a(dyn_syscalls.o)
__stack_end__                                     D:\Project\MyProject1\mkrtos_real\mkrtos_sdk\Debug\libmkrtos_sdk.a(start.o)
__stack_size__                                    D:\Project\MyProject1\mkrtos_real\mkrtos_sdk\Debug\libmkrtos_sdk.a(start.o)
__stack_start__                                   D:\Project\MyProject1\mkrtos_real\mkrtos_sdk\Debug\libmkrtos_sdk.a(start.o)
__syscall_getcwd                                  D:\Project\MyProject1\mkrtos_real\mkrtos_sdk\Debug\libmkrtos_sdk.a(dyn_syscalls.o)
__syscall_getpriority                             D:\Project\MyProject1\mkrtos_real\mkrtos_sdk\Debug\libmkrtos_sdk.a(dyn_syscalls.o)
__syscall_sched_getaffinity                       D:\Project\MyProject1\mkrtos_real\mkrtos_sdk\Debug\libmkrtos_sdk.a(dyn_syscalls.o)
__syscall_syslog                                  D:\Project\MyProject1\mkrtos_real\mkrtos_sdk\Debug\libmkrtos_sdk.a(dyn_syscalls.o)
__tcb_mainthread                                  D:\Project\MyProject1\mkrtos_real\mkrtos_sdk\Debug\libmkrtos_sdk.a(stackgap-g.o)
__tdataptr                                        D:\Project\MyProject1\mkrtos_real\mkrtos_sdk\Debug\libmkrtos_sdk.a(stackgap-g.o)
__tdatasize                                       D:\Project\MyProject1\mkrtos_real\mkrtos_sdk\Debug\libmkrtos_sdk.a(stackgap-g.o)
__text_start__                                    D:\Project\MyProject1\mkrtos_real\mkrtos_sdk\Debug\libmkrtos_sdk.a(reloc.o)
                                                  D:\Project\MyProject1\mkrtos_real\mkrtos_sdk\Debug\libmkrtos_sdk.a(start.o)
__thread_doexit                                   D:\Project\MyProject1\mkrtos_real\mkrtos_sdk\Debug\libmkrtos_sdk.a(dyn_syscalls.o)
                                                  D:\Project\MyProject1\mkrtos_real\mkrtos_sdk\Debug\libmkrtos_sdk.a(atexit.o)
__tmemsize                                        D:\Project\MyProject1\mkrtos_real\mkrtos_sdk\Debug\libmkrtos_sdk.a(stackgap-g.o)
__unified_syscall                                 D:\Project\MyProject1\mkrtos_real\mkrtos_sdk\Debug\libmkrtos_sdk.a(dyn_syscalls.o)
__unified_syscall4                                D:\Project\MyProject1\mkrtos_real\mkrtos_sdk\Debug\libmkrtos_sdk.a(dyn_syscalls.o)
__valgrind                                        D:\Project\MyProject1\mkrtos_real\mkrtos_sdk\Debug\libmkrtos_sdk.a(stackgap-g.o)
                                                  D:\Project\MyProject1\mkrtos_real\mkrtos_sdk\Debug\libmkrtos_sdk.a(strlen.o)
                                                  D:\Project\MyProject1\mkrtos_real\mkrtos_sdk\Debug\libmkrtos_sdk.a(strcmp.o)
__vdso                                            D:\Project\MyProject1\mkrtos_real\mkrtos_sdk\Debug\libmkrtos_sdk.a(stackgap-g.o)
__you_tried_to_link_a_dietlibc_object_against_glibc D:\Project\MyProject1\mkrtos_real\mkrtos_sdk\Debug\libmkrtos_sdk.a(dyn_syscalls.o)
_exit                                             D:\Project\MyProject1\mkrtos_real\mkrtos_sdk\Debug\libmkrtos_sdk.a(start.o)
                                                  D:\Project\MyProject1\mkrtos_real\mkrtos_sdk\Debug\libmkrtos_sdk.a(atexit.o)
_llseek                                           D:\Project\MyProject1\mkrtos_real\mkrtos_sdk\Debug\libmkrtos_sdk.a(dyn_syscalls.o)
_start                                            D:\Project\MyProject1\mkrtos_real\mkrtos_sdk\Debug\libmkrtos_sdk.a(start.o)
_start_                                           D:\Project\MyProject1\mkrtos_real\mkrtos_sdk\Debug\libmkrtos_sdk.a(start.o)
_sysctl                                           D:\Project\MyProject1\mkrtos_real\mkrtos_sdk\Debug\libmkrtos_sdk.a(dyn_syscalls.o)
access                                            D:\Project\MyProject1\mkrtos_real\mkrtos_sdk\Debug\libmkrtos_sdk.a(dyn_syscalls.o)
add_key                                           D:\Project\MyProject1\mkrtos_real\mkrtos_sdk\Debug\libmkrtos_sdk.a(dyn_syscalls.o)
adjtimex                                          D:\Project\MyProject1\mkrtos_real\mkrtos_sdk\Debug\libmkrtos_sdk.a(dyn_syscalls.o)
atexit                                            D:\Project\MyProject1\mkrtos_real\mkrtos_sdk\Debug\libmkrtos_sdk.a(atexit.o)
bcmp                                              D:\Project\MyProject1\mkrtos_real\mkrtos_sdk\Debug\libmkrtos_sdk.a(memcmp.o)
buffer_1                                          ./src/ls.o
buffer_1_space                                    ./src/ls.o
buffer_2                                          ./src/ls.o
buffer_2_space                                    ./src/ls.o
buffer_flush                                      ./src/ls.o
buffer_putc                                       ./src/ls.o
buffer_puts                                       ./src/ls.o
byatime                                           ./src/ls.o
byctime                                           ./src/ls.o
bymtime                                           ./src/ls.o
byname                                            ./src/ls.o
bysize                                            ./src/ls.o
calloc                                            D:\Project\MyProject1\mkrtos_real\mkrtos_sdk\Debug\libmkrtos_sdk.a(alloc.o)
capget                                            D:\Project\MyProject1\mkrtos_real\mkrtos_sdk\Debug\libmkrtos_sdk.a(dyn_syscalls.o)
capset                                            D:\Project\MyProject1\mkrtos_real\mkrtos_sdk\Debug\libmkrtos_sdk.a(dyn_syscalls.o)
chdir                                             D:\Project\MyProject1\mkrtos_real\mkrtos_sdk\Debug\libmkrtos_sdk.a(dyn_syscalls.o)
                                                  ./src/ls.o
chmod                                             D:\Project\MyProject1\mkrtos_real\mkrtos_sdk\Debug\libmkrtos_sdk.a(dyn_syscalls.o)
chown                                             D:\Project\MyProject1\mkrtos_real\mkrtos_sdk\Debug\libmkrtos_sdk.a(dyn_syscalls.o)
chown32                                           D:\Project\MyProject1\mkrtos_real\mkrtos_sdk\Debug\libmkrtos_sdk.a(dyn_syscalls.o)
chroot                                            D:\Project\MyProject1\mkrtos_real\mkrtos_sdk\Debug\libmkrtos_sdk.a(dyn_syscalls.o)
clock_getres                                      D:\Project\MyProject1\mkrtos_real\mkrtos_sdk\Debug\libmkrtos_sdk.a(dyn_syscalls.o)
clock_gettime                                     D:\Project\MyProject1\mkrtos_real\mkrtos_sdk\Debug\libmkrtos_sdk.a(dyn_syscalls.o)
clock_nanosleep                                   D:\Project\MyProject1\mkrtos_real\mkrtos_sdk\Debug\libmkrtos_sdk.a(dyn_syscalls.o)
clock_settime                                     D:\Project\MyProject1\mkrtos_real\mkrtos_sdk\Debug\libmkrtos_sdk.a(dyn_syscalls.o)
clone                                             D:\Project\MyProject1\mkrtos_real\mkrtos_sdk\Debug\libmkrtos_sdk.a(dyn_syscalls.o)
close                                             D:\Project\MyProject1\mkrtos_real\mkrtos_sdk\Debug\libmkrtos_sdk.a(dyn_syscalls.o)
                                                  D:\Project\MyProject1\mkrtos_real\mkrtos_sdk\Debug\libmkrtos_sdk.a(opendir.o)
                                                  D:\Project\MyProject1\mkrtos_real\mkrtos_sdk\Debug\libmkrtos_sdk.a(closedir.o)
                                                  ./src/ls.o
closedir                                          D:\Project\MyProject1\mkrtos_real\mkrtos_sdk\Debug\libmkrtos_sdk.a(closedir.o)
                                                  ./src/ls.o
compare                                           ./src/ls.o
delete_module                                     D:\Project\MyProject1\mkrtos_real\mkrtos_sdk\Debug\libmkrtos_sdk.a(dyn_syscalls.o)
display                                           ./src/ls.o
dup                                               D:\Project\MyProject1\mkrtos_real\mkrtos_sdk\Debug\libmkrtos_sdk.a(dyn_syscalls.o)
dup2                                              D:\Project\MyProject1\mkrtos_real\mkrtos_sdk\Debug\libmkrtos_sdk.a(dyn_syscalls.o)
environ                                           D:\Project\MyProject1\mkrtos_real\mkrtos_sdk\Debug\libmkrtos_sdk.a(dyn_syscalls.o)
                                                  D:\Project\MyProject1\mkrtos_real\mkrtos_sdk\Debug\libmkrtos_sdk.a(getenv.o)
                                                  D:\Project\MyProject1\mkrtos_real\mkrtos_sdk\Debug\libmkrtos_sdk.a(start.o)
epoll_create                                      D:\Project\MyProject1\mkrtos_real\mkrtos_sdk\Debug\libmkrtos_sdk.a(dyn_syscalls.o)
epoll_ctl                                         D:\Project\MyProject1\mkrtos_real\mkrtos_sdk\Debug\libmkrtos_sdk.a(dyn_syscalls.o)
epoll_wait                                        D:\Project\MyProject1\mkrtos_real\mkrtos_sdk\Debug\libmkrtos_sdk.a(dyn_syscalls.o)
errno                                             D:\Project\MyProject1\mkrtos_real\mkrtos_sdk\Debug\libmkrtos_sdk.a(dyn_syscalls.o)
                                                  D:\Project\MyProject1\mkrtos_real\mkrtos_sdk\Debug\libmkrtos_sdk.a(errno_location.o)
execve                                            D:\Project\MyProject1\mkrtos_real\mkrtos_sdk\Debug\libmkrtos_sdk.a(dyn_syscalls.o)
exit                                              D:\Project\MyProject1\mkrtos_real\mkrtos_sdk\Debug\libmkrtos_sdk.a(atexit.o)
                                                  D:\Project\MyProject1\mkrtos_real\mkrtos_sdk\Debug\libmkrtos_sdk.a(__main.o)
                                                  D:\Project\MyProject1\mkrtos_real\mkrtos_sdk\Debug\libmkrtos_sdk.a(stackgap-g.o)
                                                  ./src/ls.o
fchdir                                            D:\Project\MyProject1\mkrtos_real\mkrtos_sdk\Debug\libmkrtos_sdk.a(dyn_syscalls.o)
                                                  ./src/ls.o
fchmod                                            D:\Project\MyProject1\mkrtos_real\mkrtos_sdk\Debug\libmkrtos_sdk.a(dyn_syscalls.o)
fchown                                            D:\Project\MyProject1\mkrtos_real\mkrtos_sdk\Debug\libmkrtos_sdk.a(dyn_syscalls.o)
fchown32                                          D:\Project\MyProject1\mkrtos_real\mkrtos_sdk\Debug\libmkrtos_sdk.a(dyn_syscalls.o)
fcntl                                             D:\Project\MyProject1\mkrtos_real\mkrtos_sdk\Debug\libmkrtos_sdk.a(dyn_syscalls.o)
                                                  D:\Project\MyProject1\mkrtos_real\mkrtos_sdk\Debug\libmkrtos_sdk.a(opendir.o)
fgetxattr                                         D:\Project\MyProject1\mkrtos_real\mkrtos_sdk\Debug\libmkrtos_sdk.a(dyn_syscalls.o)
flistxattr                                        D:\Project\MyProject1\mkrtos_real\mkrtos_sdk\Debug\libmkrtos_sdk.a(dyn_syscalls.o)
flock                                             D:\Project\MyProject1\mkrtos_real\mkrtos_sdk\Debug\libmkrtos_sdk.a(dyn_syscalls.o)
flockfile                                         D:\Project\MyProject1\mkrtos_real\mkrtos_sdk\Debug\libmkrtos_sdk.a(dyn_syscalls.o)
fmt_8long                                         ./src/fmt_8long.o