
Allocating common symbols
Common symbol       size              file

__tdataptr          0x4               ./src/dietlibc-0.34/stackgap-g.o
__tdatasize         0x4               ./src/dietlibc-0.34/stackgap-g.o
mparam              0x1c              ./src/dietlibc-0.34/profiling/monitor.o
_thrd_root          0x4               ./src/dietlibc-0.34/lib/thrd_root.o
__tcb_mainthread    0x4               ./src/dietlibc-0.34/stackgap-g.o
__vdso              0x4               ./src/dietlibc-0.34/stackgap-g.o
program_invocation_short_name
                    0x4               ./src/dietlibc-0.34/stackgap-g.o
__tmemsize          0x4               ./src/dietlibc-0.34/stackgap-g.o
signgam             0x4               ./src/dietlibc-0.34/libm/gamma.o
__stdio_root        0x4               ./src/dietlibc-0.34/libstdio/fflush.o
program_invocation_name
                    0x4               ./src/dietlibc-0.34/stackgap-g.o

Discarded input sections

 .text          0x00000000        0x0 ./src/dietlibc-0.34/profiling/__mcount.o
 .data          0x00000000        0x0 ./src/dietlibc-0.34/profiling/__mcount.o
 .bss           0x00000000        0x0 ./src/dietlibc-0.34/profiling/__mcount.o
 .profile       0x00000000       0xdc ./src/dietlibc-0.34/profiling/__mcount.o
 .debug_info    0x00000000      0x17f ./src/dietlibc-0.34/profiling/__mcount.o
 .debug_abbrev  0x00000000       0xa9 ./src/dietlibc-0.34/profiling/__mcount.o
 .debug_aranges
                0x00000000       0x20 ./src/dietlibc-0.34/profiling/__mcount.o
 .debug_ranges  0x00000000       0x10 ./src/dietlibc-0.34/profiling/__mcount.o
 .debug_line    0x00000000       0xd4 ./src/dietlibc-0.34/profiling/__mcount.o
 .debug_str     0x00000000      0x265 ./src/dietlibc-0.34/profiling/__mcount.o
 .comment       0x00000000       0x71 ./src/dietlibc-0.34/profiling/__mcount.o
 .debug_frame   0x00000000       0x3c ./src/dietlibc-0.34/profiling/__mcount.o
 .ARM.attributes
                0x00000000       0x33 ./src/dietlibc-0.34/profiling/__mcount.o
 .text          0x00000000        0x0 ./src/dietlibc-0.34/profiling/monitor.o
 .data          0x00000000        0x0 ./src/dietlibc-0.34/profiling/monitor.o
 .bss           0x00000000        0x0 ./src/dietlibc-0.34/profiling/monitor.o
 .profile       0x00000000       0xdc ./src/dietlibc-0.34/profiling/monitor.o
 .rodata        0x00000000       0x30 ./src/dietlibc-0.34/profiling/monitor.o
 .text.write_gmon
                0x00000000      0x1e4 ./src/dietlibc-0.34/profiling/monitor.o
 .debug_info    0x00000000      0x33e ./src/dietlibc-0.34/profiling/monitor.o
 .debug_abbrev  0x00000000      0x132 ./src/dietlibc-0.34/profiling/monitor.o
 .debug_aranges
                0x00000000       0x30 ./src/dietlibc-0.34/profiling/monitor.o
 .debug_ranges  0x00000000       0x20 ./src/dietlibc-0.34/profiling/monitor.o
 .debug_line    0x00000000      0x16d ./src/dietlibc-0.34/profiling/monitor.o
 .debug_str     0x00000000      0x328 ./src/dietlibc-0.34/profiling/monitor.o
 .comment       0x00000000       0x71 ./src/dietlibc-0.34/profiling/monitor.o
 .debug_frame   0x00000000       0x80 ./src/dietlibc-0.34/profiling/monitor.o
 .ARM.attributes
                0x00000000       0x33 ./src/dietlibc-0.34/profiling/monitor.o
 COMMON         0x00000000       0x1c ./src/dietlibc-0.34/profiling/monitor.o
 .text          0x00000000        0x0 ./src/dietlibc-0.34/profiling/profil.o
 .data          0x00000000        0x0 ./src/dietlibc-0.34/profiling/profil.o
 .bss           0x00000000        0x0 ./src/dietlibc-0.34/profiling/profil.o
 .bss.buffer    0x00000000        0x4 ./src/dietlibc-0.34/profiling/profil.o
 .bss.maxhits   0x00000000        0x4 ./src/dietlibc-0.34/profiling/profil.o
 .bss.low_pc    0x00000000        0x4 ./src/dietlibc-0.34/profiling/profil.o
 .bss.pscale    0x00000000        0x4 ./src/dietlibc-0.34/profiling/profil.o
 .text.profiler
                0x00000000       0x74 ./src/dietlibc-0.34/profiling/profil.o
 .rodata        0x00000000       0x10 ./src/dietlibc-0.34/profiling/profil.o
 .text.profil   0x00000000       0xc8 ./src/dietlibc-0.34/profiling/profil.o
 .debug_info    0x00000000      0x5f5 ./src/dietlibc-0.34/profiling/profil.o
 .debug_abbrev  0x00000000      0x195 ./src/dietlibc-0.34/profiling/profil.o
 .debug_aranges
                0x00000000       0x28 ./src/dietlibc-0.34/profiling/profil.o
 .debug_ranges  0x00000000       0x18 ./src/dietlibc-0.34/profiling/profil.o
 .debug_line    0x00000000      0x1a8 ./src/dietlibc-0.34/profiling/profil.o
 .debug_str     0x00000000      0x479 ./src/dietlibc-0.34/profiling/profil.o
 .comment       0x00000000       0x71 ./src/dietlibc-0.34/profiling/profil.o
 .debug_frame   0x00000000       0x64 ./src/dietlibc-0.34/profiling/profil.o
 .ARM.attributes
                0x00000000       0x33 ./src/dietlibc-0.34/profiling/profil.o
 .text          0x00000000        0x0 ./src/dietlibc-0.34/libstdio/__fbufsize.o
 .data          0x00000000        0x0 ./src/dietlibc-0.34/libstdio/__fbufsize.o
[...]
Memory Configuration

Name             Origin             Length             Attributes
*default*        0x00000000         0xffffffff

Linker script and memory map

LOAD ./src/dietlibc-0.34/profiling/__mcount.o
LOAD ./src/dietlibc-0.34/profiling/monitor.o
LOAD ./src/dietlibc-0.34/profiling/profil.o
LOAD ./src/dietlibc-0.34/libstdio/__fbufsize.o
LOAD ./src/dietlibc-0.34/libstdio/__flbf.o
LOAD ./src/dietlibc-0.34/libstdio/__fpending.o
LOAD ./src/dietlibc-0.34/libstdio/__fpurge.o
LOAD ./src/dietlibc-0.34/libstdio/__freadable.o
LOAD ./src/dietlibc-0.34/libstdio/__freading.o
LOAD ./src/dietlibc-0.34/libstdio/__fwritable.o
LOAD ./src/dietlibc-0.34/libstdio/clearerr.o
LOAD ./src/dietlibc-0.34/libstdio/fclose.o
LOAD ./src/dietlibc-0.34/libstdio/fdglue.o
LOAD ./src/dietlibc-0.34/libstdio/fdglue2.o
LOAD ./src/dietlibc-0.34/libstdio/fdopen.o
LOAD ./src/dietlibc-0.34/libstdio/fdprintf.o
LOAD ./src/dietlibc-0.34/libstdio/feof.o
LOAD ./src/dietlibc-0.34/libstdio/ferror.o
LOAD ./src/dietlibc-0.34/libstdio/fflush.o
LOAD ./src/dietlibc-0.34/libstdio/fgetc_unlocked.o
LOAD ./src/dietlibc-0.34/libstdio/fgetpos.o
LOAD ./src/dietlibc-0.34/libstdio/fgets.o
LOAD ./src/dietlibc-0.34/libstdio/fileno.o
LOAD ./src/dietlibc-0.34/libstdio/fopen.o
LOAD ./src/dietlibc-0.34/libstdio/fprintf.o
LOAD ./src/dietlibc-0.34/libstdio/fputc_unlocked.o
LOAD ./src/dietlibc-0.34/libstdio/fputs.o
LOAD ./src/dietlibc-0.34/libstdio/fread.o
LOAD ./src/dietlibc-0.34/libstdio/freopen.o
LOAD ./src/dietlibc-0.34/libstdio/fscanf.o
LOAD ./src/dietlibc-0.34/libstdio/fseek.o
LOAD ./src/dietlibc-0.34/libstdio/fseeko.o
LOAD ./src/dietlibc-0.34/libstdio/fseeko64.o
LOAD ./src/dietlibc-0.34/libstdio/fsetpos.o
LOAD ./src/dietlibc-0.34/libstdio/ftell.o
LOAD ./src/dietlibc-0.34/libstdio/ftello.o
LOAD ./src/dietlibc-0.34/libstdio/ftello64.o
LOAD ./src/dietlibc-0.34/libstdio/fwrite.o
LOAD ./src/dietlibc-0.34/libstdio/printf.o
LOAD ./src/dietlibc-0.34/libstdio/putchar.o
LOAD ./src/dietlibc-0.34/libstdio/puts.o
LOAD ./src/dietlibc-0.34/libstdio/scanf.o
LOAD ./src/dietlibc-0.34/libstdio/setvbuf.o
LOAD ./src/dietlibc-0.34/libstdio/stderr.o
LOAD ./src/dietlibc-0.34/libstdio/stdin.o
LOAD ./src/dietlibc-0.34/libstdio/stdout.o
LOAD ./src/dietlibc-0.34/libstdio/tmpfile.o
LOAD ./src/dietlibc-0.34/libstdio/ungetc.o
LOAD ./src/dietlibc-0.34/libstdio/vfdprintf.o
LOAD ./src/dietlibc-0.34/libstdio/vfprintf.o
LOAD ./src/dietlibc-0.34/libstdio/vfscanf.o
LOAD ./src/dietlibc-0.34/libstdio/vprintf.o
LOAD ./src/dietlibc-0.34/libstdio/vscanf.o
LOAD ./src/dietlibc-0.34/libshell/basename.o
LOAD ./src/dietlibc-0.34/libshell/dirname.o
LOAD ./src/dietlibc-0.34/libshell/fnmatch.o
LOAD ./src/dietlibc-0.34/libshell/glob.o
LOAD ./src/dietlibc-0.34/libshell/realpath.o
LOAD ./src/dietlibc-0.34/libm/acosh.o
LOAD ./src/dietlibc-0.34/libm/asinh.o
LOAD ./src/dietlibc-0.34/libm/atanh.o
LOAD ./src/dietlibc-0.34/libm/bessel.o
LOAD ./src/dietlibc-0.34/libm/cosh.o
LOAD ./src/dietlibc-0.34/libm/erf.o
LOAD ./src/dietlibc-0.34/libm/gamma.o
LOAD ./src/dietlibc-0.34/libm/ipow.o
LOAD ./src/dietlibc-0.34/libm/modf.o
LOAD ./src/dietlibc-0.34/libm/poly.o
LOAD ./src/dietlibc-0.34/libm/pow.o
LOAD ./src/dietlibc-0.34/libm/rint.o
LOAD ./src/dietlibc-0.34/libm/sinh.o
LOAD ./src/dietlibc-0.34/libm/tanh.o
LOAD ./src/dietlibc-0.34/libcompat/clearenv.o
LOAD ./src/dietlibc-0.34/libcompat/ctermid.o
LOAD ./src/dietlibc-0.34/libcompat/cuserid.o
LOAD ./src/dietlibc-0.34/libcompat/daemon.o
LOAD ./src/dietlibc-0.34/libcompat/err.o
LOAD ./src/dietlibc-0.34/libcompat/errx.o
LOAD ./src/dietlibc-0.34/libcompat/ffsl.o
LOAD ./src/dietlibc-0.34/libcompat/ffsll.o
LOAD ./src/dietlibc-0.34/libcompat/ftok.o
LOAD ./src/dietlibc-0.34/libcompat/getdelim.o
LOAD ./src/dietlibc-0.34/libcompat/getline.o
LOAD ./src/dietlibc-0.34/libcompat/getutmp.o
LOAD ./src/dietlibc-0.34/libcompat/mempcpy.o
LOAD ./src/dietlibc-0.34/libcompat/rcmd.o
LOAD ./src/dietlibc-0.34/libcompat/re_bsd.o
LOAD ./src/dietlibc-0.34/libcompat/syscall.o
LOAD ./src/dietlibc-0.34/libcompat/toascii.o
LOAD ./src/dietlibc-0.34/libcompat/utmpxname.o
LOAD ./src/dietlibc-0.34/libcompat/verr.o
LOAD ./src/dietlibc-0.34/libcompat/verrx.o
LOAD ./src/dietlibc-0.34/libcompat/vwarn.o
LOAD ./src/dietlibc-0.34/libcompat/vwarnx.o
LOAD ./src/dietlibc-0.34/libcompat/warn.o
LOAD ./src/dietlibc-0.34/libcompat/warnx.o
LOAD ./src/dietlibc-0.34/libcompat/wtxent.o
LOAD ./src/dietlibc-0.34/lib/__alarm.o
LOAD ./src/dietlibc-0.34/lib/__dtostr.o
LOAD ./src/dietlibc-0.34/lib/__fcntl64.o
LOAD ./src/dietlibc-0.34/lib/__finite.o
LOAD ./src/dietlibc-0.34/lib/__fstat64.o
LOAD ./src/dietlibc-0.34/lib/__fstatat64.o
LOAD ./src/dietlibc-0.34/lib/__fstatfs64.o
LOAD ./src/dietlibc-0.34/lib/__ftruncate64.o
LOAD ./src/dietlibc-0.34/lib/__get_cur_tcb.o
LOAD ./src/dietlibc-0.34/lib/__getcwd.o
LOAD ./src/dietlibc-0.34/lib/__inotify_init.o
LOAD ./src/dietlibc-0.34/lib/__isinf.o
LOAD ./src/dietlibc-0.34/lib/__isnan.o
LOAD ./src/dietlibc-0.34/lib/__lstat64.o
LOAD ./src/dietlibc-0.34/lib/__ltostr.o
LOAD ./src/dietlibc-0.34/lib/__mmap.o
LOAD ./src/dietlibc-0.34/lib/__ptrace.o
LOAD ./src/dietlibc-0.34/lib/__sched_getaffinity.o
LOAD ./src/dietlibc-0.34/lib/__sendfile64.o
LOAD ./src/dietlibc-0.34/lib/__stat64.o
LOAD ./src/dietlibc-0.34/lib/__stat64_cvt.o
LOAD ./src/dietlibc-0.34/lib/__statfs64.o
LOAD ./src/dietlibc-0.34/lib/__stime.o
LOAD ./src/dietlibc-0.34/lib/__sysctl.o
LOAD ./src/dietlibc-0.34/lib/__time.o
LOAD ./src/dietlibc-0.34/lib/__truncate64.o
LOAD ./src/dietlibc-0.34/lib/__umount.o
LOAD ./src/dietlibc-0.34/lib/__utime.o
LOAD ./src/dietlibc-0.34/lib/__v_printf.o
LOAD ./src/dietlibc-0.34/lib/__v_scanf.o
LOAD ./src/dietlibc-0.34/lib/_brk.o
LOAD ./src/dietlibc-0.34/lib/_getpriority.o
LOAD ./src/dietlibc-0.34/lib/abort.o
LOAD ./src/dietlibc-0.34/lib/abs.o
LOAD ./src/dietlibc-0.34/lib/accept.o
LOAD ./src/dietlibc-0.34/lib/adjtime.o
LOAD ./src/dietlibc-0.34/lib/alloc.o
LOAD ./src/dietlibc-0.34/lib/arc4random.o
LOAD ./src/dietlibc-0.34/lib/assert_fail.o
LOAD ./src/dietlibc-0.34/lib/atexit.o
LOAD ./src/dietlibc-0.34/lib/atof.o
LOAD ./src/dietlibc-0.34/lib/atoi.o
LOAD ./src/dietlibc-0.34/lib/atol.o
LOAD ./src/dietlibc-0.34/lib/atoll.o
LOAD ./src/dietlibc-0.34/lib/bind.o
LOAD ./src/dietlibc-0.34/lib/binshstr.o
LOAD ./src/dietlibc-0.34/lib/bsearch.o
LOAD ./src/dietlibc-0.34/lib/btowc.o
LOAD ./src/dietlibc-0.34/lib/call_once.o
LOAD ./src/dietlibc-0.34/lib/cfgetospeed.o
LOAD ./src/dietlibc-0.34/lib/cfmakeraw.o
LOAD ./src/dietlibc-0.34/lib/cfsetispeed.o
LOAD ./src/dietlibc-0.34/lib/cfsetospeed.o
LOAD ./src/dietlibc-0.34/lib/closedir.o
LOAD ./src/dietlibc-0.34/lib/cnd_broadcast.o
LOAD ./src/dietlibc-0.34/lib/cnd_destroy.o
LOAD ./src/dietlibc-0.34/lib/cnd_init.o
LOAD ./src/dietlibc-0.34/lib/cnd_signal.o
LOAD ./src/dietlibc-0.34/lib/cnd_timedwait.o
LOAD ./src/dietlibc-0.34/lib/cnd_wait.o
LOAD ./src/dietlibc-0.34/lib/connect.o
LOAD ./src/dietlibc-0.34/lib/creat.o
LOAD ./src/dietlibc-0.34/lib/creat64.o
LOAD ./src/dietlibc-0.34/lib/div.o
LOAD ./src/dietlibc-0.34/lib/errlistu.o
LOAD ./src/dietlibc-0.34/lib/errno.o
LOAD ./src/dietlibc-0.34/lib/errno_location.o
LOAD ./src/dietlibc-0.34/lib/eventfd.o
LOAD ./src/dietlibc-0.34/lib/exec_lib.o
LOAD ./src/dietlibc-0.34/lib/execl.o
LOAD ./src/dietlibc-0.34/lib/execle.o
LOAD ./src/dietlibc-0.34/lib/execlp.o
LOAD ./src/dietlibc-0.34/lib/execv.o
LOAD ./src/dietlibc-0.34/lib/execvp.o
LOAD ./src/dietlibc-0.34/lib/explicit_bzero.o
LOAD ./src/dietlibc-0.34/lib/fdopendir.o
LOAD ./src/dietlibc-0.34/lib/ffs.o
LOAD ./src/dietlibc-0.34/lib/fstatvfs.o
LOAD ./src/dietlibc-0.34/lib/ftw.o
LOAD ./src/dietlibc-0.34/lib/ftw64.o
LOAD ./src/dietlibc-0.34/lib/getdomainname.o
LOAD ./src/dietlibc-0.34/lib/getentropy.o
LOAD ./src/dietlibc-0.34/lib/getenv.o
LOAD ./src/dietlibc-0.34/lib/gethostname.o
LOAD ./src/dietlibc-0.34/lib/getopt.o
LOAD ./src/dietlibc-0.34/lib/getpeername.o
LOAD ./src/dietlibc-0.34/lib/getpgrp.o
LOAD ./src/dietlibc-0.34/lib/getsockname.o
LOAD ./src/dietlibc-0.34/lib/getsockopt.o
LOAD ./src/dietlibc-0.34/lib/hcreate.o
LOAD ./src/dietlibc-0.34/lib/hcreate_r.o
LOAD ./src/dietlibc-0.34/lib/hdestroy_r.o
LOAD ./src/dietlibc-0.34/lib/hsearch_r.o
LOAD ./src/dietlibc-0.34/lib/htonl.o
LOAD ./src/dietlibc-0.34/lib/htons.o
LOAD ./src/dietlibc-0.34/lib/if_freenameindex.o
LOAD ./src/dietlibc-0.34/lib/if_indextoname.o
LOAD ./src/dietlibc-0.34/lib/if_nameindex.o
LOAD ./src/dietlibc-0.34/lib/if_nametoindex.o
LOAD ./src/dietlibc-0.34/lib/ipv6constants.o
LOAD ./src/dietlibc-0.34/lib/isalnum.o
LOAD ./src/dietlibc-0.34/lib/isalpha.o
LOAD ./src/dietlibc-0.34/lib/isascii.o
LOAD ./src/dietlibc-0.34/lib/isatty.o
LOAD ./src/dietlibc-0.34/lib/isblank.o
LOAD ./src/dietlibc-0.34/lib/iscntrl.o
LOAD ./src/dietlibc-0.34/lib/isdigit.o
LOAD ./src/dietlibc-0.34/lib/isgraph.o
LOAD ./src/dietlibc-0.34/lib/islower.o
LOAD ./src/dietlibc-0.34/lib/isprint.o
LOAD ./src/dietlibc-0.34/lib/ispunct.o
LOAD ./src/dietlibc-0.34/lib/isspace.o
LOAD ./src/dietlibc-0.34/lib/isupper.o
LOAD ./src/dietlibc-0.34/lib/iswalnum.o
LOAD ./src/dietlibc-0.34/lib/iswalpha.o
LOAD ./src/dietlibc-0.34/lib/iswblank.o
LOAD ./src/dietlibc-0.34/lib/iswcntrl.o
LOAD ./src/dietlibc-0.34/lib/iswdigit.o
LOAD ./src/dietlibc-0.34/lib/iswgraph.o
LOAD ./src/dietlibc-0.34/lib/iswlower.o
LOAD ./src/dietlibc-0.34/lib/iswprint.o
LOAD ./src/dietlibc-0.34/lib/iswpunct.o
LOAD ./src/dietlibc-0.34/lib/iswspace.o
LOAD ./src/dietlibc-0.34/lib/iswupper.o
LOAD ./src/dietlibc-0.34/lib/iswxdigit.o
LOAD ./src/dietlibc-0.34/lib/isxdigit.o
LOAD ./src/dietlibc-0.34/lib/labs.o
LOAD ./src/dietlibc-0.34/lib/lc_ctype.o
LOAD ./src/dietlibc-0.34/lib/ldiv.o
LOAD ./src/dietlibc-0.34/lib/listen.o
LOAD ./src/dietlibc-0.34/lib/llabs.o
LOAD ./src/dietlibc-0.34/lib/lldiv.o
LOAD ./src/dietlibc-0.34/lib/lockf.o
LOAD ./src/dietlibc-0.34/lib/longjmp.o
LOAD ./src/dietlibc-0.34/lib/lseek64.o
LOAD ./src/dietlibc-0.34/lib/makecontext.o
LOAD ./src/dietlibc-0.34/lib/mblen.o
LOAD ./src/dietlibc-0.34/lib/mbrlen.o
LOAD ./src/dietlibc-0.34/lib/mbrtowc.o
LOAD ./src/dietlibc-0.34/lib/mbsinit.o
LOAD ./src/dietlibc-0.34/lib/mbsrtowcs.o
LOAD ./src/dietlibc-0.34/lib/mbstowcs.o
LOAD ./src/dietlibc-0.34/lib/mbtowc.o
LOAD ./src/dietlibc-0.34/lib/memccpy.o
LOAD ./src/dietlibc-0.34/lib/memchr.o
LOAD ./src/dietlibc-0.34/lib/memcmp.o
LOAD ./src/dietlibc-0.34/lib/memcpy.o
LOAD ./src/dietlibc-0.34/lib/memmem.o
LOAD ./src/dietlibc-0.34/lib/memmove.o
LOAD ./src/dietlibc-0.34/lib/memrchr.o
LOAD ./src/dietlibc-0.34/lib/memset.o
LOAD ./src/dietlibc-0.34/lib/mkfifo.o
LOAD ./src/dietlibc-0.34/lib/mmap64.o
LOAD ./src/dietlibc-0.34/lib/mq_getattr.o
LOAD ./src/dietlibc-0.34/lib/mq_receive.o
LOAD ./src/dietlibc-0.34/lib/mq_send.o
LOAD ./src/dietlibc-0.34/lib/msgctl.o
LOAD ./src/dietlibc-0.34/lib/msgget.o
LOAD ./src/dietlibc-0.34/lib/msgrcv.o
LOAD ./src/dietlibc-0.34/lib/msgsnd.o
LOAD ./src/dietlibc-0.34/lib/mtx_destroy.o
LOAD ./src/dietlibc-0.34/lib/mtx_init.o
LOAD ./src/dietlibc-0.34/lib/mtx_lock.o
LOAD ./src/dietlibc-0.34/lib/mtx_timedlock.o
LOAD ./src/dietlibc-0.34/lib/mtx_trylock.o
LOAD ./src/dietlibc-0.34/lib/mtx_unlock.o
LOAD ./src/dietlibc-0.34/lib/nice.o
LOAD ./src/dietlibc-0.34/lib/open64.o
LOAD ./src/dietlibc-0.34/lib/opendir.o
LOAD ./src/dietlibc-0.34/lib/perror.o
LOAD ./src/dietlibc-0.34/lib/posix_fallocate.o
LOAD ./src/dietlibc-0.34/lib/pread.o
LOAD ./src/dietlibc-0.34/lib/pselect.o
LOAD ./src/dietlibc-0.34/lib/putenv.o
LOAD ./src/dietlibc-0.34/lib/pwrite.o
LOAD ./src/dietlibc-0.34/lib/qsort.o
LOAD ./src/dietlibc-0.34/lib/raise.o
LOAD ./src/dietlibc-0.34/lib/rand.o
LOAD ./src/dietlibc-0.34/lib/rand48.o
LOAD ./src/dietlibc-0.34/lib/rand_r.o
LOAD ./src/dietlibc-0.34/lib/readdir.o
LOAD ./src/dietlibc-0.34/lib/readdir64.o
LOAD ./src/dietlibc-0.34/lib/readdir_r.o
LOAD ./src/dietlibc-0.34/lib/reallocarray.o
LOAD ./src/dietlibc-0.34/lib/reboot.o
LOAD ./src/dietlibc-0.34/lib/recv.o
LOAD ./src/dietlibc-0.34/lib/recvfrom.o
LOAD ./src/dietlibc-0.34/lib/recvmsg.o
LOAD ./src/dietlibc-0.34/lib/remove.o
LOAD ./src/dietlibc-0.34/lib/rewind.o
LOAD ./src/dietlibc-0.34/lib/rewinddir.o
LOAD ./src/dietlibc-0.34/lib/sbrk.o
LOAD ./src/dietlibc-0.34/lib/secure_getenv.o
LOAD ./src/dietlibc-0.34/lib/seekdir.o
LOAD ./src/dietlibc-0.34/lib/semctl.o
LOAD ./src/dietlibc-0.34/lib/semget.o
LOAD ./src/dietlibc-0.34/lib/semop.o
LOAD ./src/dietlibc-0.34/lib/send.o
LOAD ./src/dietlibc-0.34/lib/sendmsg.o
LOAD ./src/dietlibc-0.34/lib/sendto.o
LOAD ./src/dietlibc-0.34/lib/setlinebuf.o
LOAD ./src/dietlibc-0.34/lib/setpgrp.o
LOAD ./src/dietlibc-0.34/lib/setsockopt.o
LOAD ./src/dietlibc-0.34/lib/shmat.o
LOAD ./src/dietlibc-0.34/lib/shmctl.o
LOAD ./src/dietlibc-0.34/lib/shmdt.o
LOAD ./src/dietlibc-0.34/lib/shmget.o
LOAD ./src/dietlibc-0.34/lib/shutdown.o
LOAD ./src/dietlibc-0.34/lib/sigaction.o
LOAD ./src/dietlibc-0.34/lib/sigaddset.o
LOAD ./src/dietlibc-0.34/lib/sigandset.o
LOAD ./src/dietlibc-0.34/lib/sigdelset.o
LOAD ./src/dietlibc-0.34/lib/sigemptyset.o
LOAD ./src/dietlibc-0.34/lib/sigfillset.o
LOAD ./src/dietlibc-0.34/lib/siginterrupt.o
LOAD ./src/dietlibc-0.34/lib/sigisemptyset.o
LOAD ./src/dietlibc-0.34/lib/sigismember.o
LOAD ./src/dietlibc-0.34/lib/sigjmp.o
LOAD ./src/dietlibc-0.34/lib/signal.o
LOAD ./src/dietlibc-0.34/lib/signalfd.o
LOAD ./src/dietlibc-0.34/lib/sigorset.o
LOAD ./src/dietlibc-0.34/lib/sigpending.o
LOAD ./src/dietlibc-0.34/lib/sigprocmask.o
LOAD ./src/dietlibc-0.34/lib/sigqueueinfo.o
LOAD ./src/dietlibc-0.34/lib/sigsuspend.o
LOAD ./src/dietlibc-0.34/lib/sigtimedwait.o
LOAD ./src/dietlibc-0.34/lib/sigwait.o
LOAD ./src/dietlibc-0.34/lib/siphash24.o
LOAD ./src/dietlibc-0.34/lib/sleep.o
LOAD ./src/dietlibc-0.34/lib/snprintf.o
LOAD ./src/dietlibc-0.34/lib/socket.o
LOAD ./src/dietlibc-0.34/lib/socketpair.o
LOAD ./src/dietlibc-0.34/lib/sprintf.o
LOAD ./src/dietlibc-0.34/lib/sscanf.o
LOAD ./src/dietlibc-0.34/lib/stack_smash_handler.o
LOAD ./src/dietlibc-0.34/lib/stack_smash_handler2.o
LOAD ./src/dietlibc-0.34/lib/stack_smash_handler3.o
LOAD ./src/dietlibc-0.34/lib/statfs64_cvt.o
LOAD ./src/dietlibc-0.34/lib/statvfs.o
LOAD ./src/dietlibc-0.34/lib/statvfs_cvt.o
LOAD ./src/dietlibc-0.34/lib/stpcpy.o
LOAD ./src/dietlibc-0.34/lib/stpncpy.o
LOAD ./src/dietlibc-0.34/lib/strcasecmp.o
LOAD ./src/dietlibc-0.34/lib/strcat.o
LOAD ./src/dietlibc-0.34/lib/strchr.o
LOAD ./src/dietlibc-0.34/lib/strcmp.o
LOAD ./src/dietlibc-0.34/lib/strcpy.o
LOAD ./src/dietlibc-0.34/lib/strcspn.o
LOAD ./src/dietlibc-0.34/lib/strdup.o
LOAD ./src/dietlibc-0.34/lib/strerror.o
LOAD ./src/dietlibc-0.34/lib/strlcat.o
LOAD ./src/dietlibc-0.34/lib/strlcpy.o
LOAD ./src/dietlibc-0.34/lib/strlen.o
LOAD ./src/dietlibc-0.34/lib/strncasecmp.o
LOAD ./src/dietlibc-0.34/lib/strncat.o
LOAD ./src/dietlibc-0.34/lib/strncmp.o
LOAD ./src/dietlibc-0.34/lib/strncpy.o
LOAD ./src/dietlibc-0.34/lib/strnlen.o
LOAD ./src/dietlibc-0.34/lib/strpbrk.o
LOAD ./src/dietlibc-0.34/lib/strrchr.o
LOAD ./src/dietlibc-0.34/lib/strsep.o
LOAD ./src/dietlibc-0.34/lib/strspn.o
LOAD ./src/dietlibc-0.34/lib/strstr.o
LOAD ./src/dietlibc-0.34/lib/strtod.o
LOAD ./src/dietlibc-0.34/lib/strtof.o
LOAD ./src/dietlibc-0.34/lib/strtok.o
LOAD ./src/dietlibc-0.34/lib/strtok_r.o
LOAD ./src/dietlibc-0.34/lib/strtol.o
LOAD ./src/dietlibc-0.34/lib/strtold.o
LOAD ./src/dietlibc-0.34/lib/strtoll.o
LOAD ./src/dietlibc-0.34/lib/strtoul.o
LOAD ./src/dietlibc-0.34/lib/strtoull.o
LOAD ./src/dietlibc-0.34/lib/strverscmp.o
LOAD ./src/dietlibc-0.34/lib/strxfrm.o
LOAD ./src/dietlibc-0.34/lib/swab.o
LOAD ./src/dietlibc-0.34/lib/swapcontext.o
LOAD ./src/dietlibc-0.34/lib/sys_siglist.o
LOAD ./src/dietlibc-0.34/lib/tcdrain.o
LOAD ./src/dietlibc-0.34/lib/tcflow.o
LOAD ./src/dietlibc-0.34/lib/tcflush.o
LOAD ./src/dietlibc-0.34/lib/tcgetattr.o
LOAD ./src/dietlibc-0.34/lib/tcgetpgrp.o
LOAD ./src/dietlibc-0.34/lib/tcgetsid.o
LOAD ./src/dietlibc-0.34/lib/tcsendbreak.o
LOAD ./src/dietlibc-0.34/lib/tcsetattr.o
LOAD ./src/dietlibc-0.34/lib/tcsetpgrp.o
LOAD ./src/dietlibc-0.34/lib/telldir.o
LOAD ./src/dietlibc-0.34/lib/thrd_create.o
LOAD ./src/dietlibc-0.34/lib/thrd_current.o
LOAD ./src/dietlibc-0.34/lib/thrd_detach.o
LOAD ./src/dietlibc-0.34/lib/thrd_exit.o
LOAD ./src/dietlibc-0.34/lib/thrd_join.o
LOAD ./src/dietlibc-0.34/lib/thrd_root.o
LOAD ./src/dietlibc-0.34/lib/timerfd_create.o
LOAD ./src/dietlibc-0.34/lib/timingsafe_bcmp.o
LOAD ./src/dietlibc-0.34/lib/timingsafe_memcmp.o
LOAD ./src/dietlibc-0.34/lib/tolower.o
LOAD ./src/dietlibc-0.34/lib/toupper.o
LOAD ./src/dietlibc-0.34/lib/towlower.o
LOAD ./src/dietlibc-0.34/lib/towupper.o
LOAD ./src/dietlibc-0.34/lib/tss_create.o
LOAD ./src/dietlibc-0.34/lib/tss_delete.o
LOAD ./src/dietlibc-0.34/lib/tss_get.o
LOAD ./src/dietlibc-0.34/lib/tss_set.o
LOAD ./src/dietlibc-0.34/lib/ttyname.o
LOAD ./src/dietlibc-0.34/lib/usleep.o
LOAD ./src/dietlibc-0.34/lib/vdso_dlsym.o
LOAD ./src/dietlibc-0.34/lib/vfork.o
LOAD ./src/dietlibc-0.34/lib/vsnprintf.o
LOAD ./src/dietlibc-0.34/lib/vsprintf.o
LOAD ./src/dietlibc-0.34/lib/vsscanf.o
LOAD ./src/dietlibc-0.34/lib/wait.o
LOAD ./src/dietlibc-0.34/lib/wait3.o
LOAD ./src/dietlibc-0.34/lib/wcrtomb.o
LOAD ./src/dietlibc-0.34/lib/wcscat.o
LOAD ./src/dietlibc-0.34/lib/wcschr.o
LOAD ./src/dietlibc-0.34/lib/wcscmp.o
LOAD ./src/dietlibc-0.34/lib/wcscpy.o
LOAD ./src/dietlibc-0.34/lib/wcslen.o
LOAD ./src/dietlibc-0.34/lib/wcsncat.o
LOAD ./src/dietlibc-0.34/lib/wcsncmp.o
LOAD ./src/dietlibc-0.34/lib/wcsncpy.o
LOAD ./src/dietlibc-0.34/lib/wcsrchr.o
LOAD ./src/dietlibc-0.34/lib/wcsrtombs.o
LOAD ./src/dietlibc-0.34/lib/wcsstr.o
LOAD ./src/dietlibc-0.34/lib/wcstombs.o
LOAD ./src/dietlibc-0.34/lib/wcswidth.o
LOAD ./src/dietlibc-0.34/lib/wctomb.o
LOAD ./src/dietlibc-0.34/lib/wcwidth.o
LOAD ./src/dietlibc-0.34/lib/write12.o
LOAD ./src/dietlibc-0.34/arm/__aeabi_read_tp.o
LOAD ./src/dietlibc-0.34/arm/__aeabi_unwind_cpp.o
LOAD ./src/dietlibc-0.34/arm/__fadvise.o
LOAD ./src/dietlibc-0.34/arm/__testandset.o
LOAD ./src/dietlibc-0.34/arm/arm_fadvise.o
LOAD ./src/dietlibc-0.34/arm/arm_set_tls.o
LOAD ./src/dietlibc-0.34/arm/dyn_syscalls.o
LOAD ./src/dietlibc-0.34/arm/mcount.o
LOAD ./src/dietlibc-0.34/arm/md5asm.o
LOAD ./src/dietlibc-0.34/arm/mmap.o
LOAD ./src/dietlibc-0.34/arm/setsockopt.o
LOAD ./src/dietlibc-0.34/arm/start.o
LOAD ./src/dietlibc-0.34/dyn_start.o
LOAD ./src/dietlibc-0.34/dyn_stop.o
LOAD ./src/dietlibc-0.34/stackgap-g.o
LOAD ./src/__main.o
LOAD ./src/heap_stack.o
LOAD ./src/receive.o
LOAD ./src/reloc.o
LOAD ./src/serial.o
LOAD ./src/start.o
LOAD D:\Project\MyProject1\mkrtos_real\mkrtos_sdk\Debug\libmkrtos_sdk.a
                0x00000100                _system_stack_size = 0x100

.text           0x00000000     0x3bbc
                0x00000000                . = ALIGN (0x4)
                0x00000000                __text_start__ = .
 *(.first)
 .first         0x00000000       0xf4 ./src/start.o
                0x00000000                _start_
 *(.text)
 .text          0x000000f4       0x10 ./src/dietlibc-0.34/arm/arm_set_tls.o
                0x000000f4                __arm_set_tls
 .text          0x00000104     0x1224 ./src/dietlibc-0.34/arm/dyn_syscalls.o
                0x00000104                __unified_syscall4
                0x00000108                __unified_syscall
                0x00000128                ftrylockfile
                0x00000128                funlockfile
                0x00000128                flockfile
                0x00000128                __nop
                0x00000128                __thread_doexit
                0x00000128                __you_tried_to_link_a_dietlibc_object_against_glibc
                0x0000012c                waitpid
                0x0000012c                __libc_waitpid
                0x00000134                select
                0x00000134                __libc_select
                0x00000150                pread64
                0x00000150                __libc_pread64
                0x00000160                pwrite64
                0x00000160                __libc_pwrite64
                0x00000170                __reboot
                0x00000180                access
                0x00000190                adjtimex
                0x000001a0                __diet_brk
                0x000001b0                chdir
                0x000001c0                chmod
                0x000001d0                chown
                0x000001e0                chroot
                0x000001f0                close
                0x000001f0                __libc_close
                0x00000200                dup
                0x00000210                dup2
                0x00000220                execve
                0x00000230                fchdir
                0x00000240                fchmod
                0x00000250                fchown
                0x00000260                fcntl
                0x00000260                __libc_fcntl
                0x00000270                flock
                0x00000280                __libc_fork
                0x00000280                fork
                0x00000290                fstat
                0x000002a0                __dietlibc_fstat64
                0x000002b0                fstatfs
                0x000002c0                __libc_fsync
                0x000002c0                fsync
                0x000002d0                ftruncate
                0x000002e0                __syscall_getcwd
                0x000002f0                getdents
                0x00000300                getdents64
                0x00000310                getegid
                0x00000320                geteuid
                0x00000330                getgid
                0x00000340                getgroups
                0x00000350                getitimer
                0x00000360                getpgid
                0x00000370                getpid
                0x00000380                getppid
                0x00000390                __syscall_getpriority
                0x000003a0                getresgid
                0x000003b0                getresuid
                0x000003c0                getrlimit
                0x000003d0                getrusage
                0x000003e0                getsid
                0x000003f0                gettimeofday
                0x00000400                settimeofday
                0x00000410                getuid
                0x00000420                ioctl
                0x00000430                kill
                0x00000440                lchown
                0x00000450                link
                0x00000460                llseek
                0x00000460                _llseek
                0x0000047c                __libc_lseek
                0x0000047c                lseek
                0x0000048c                lstat
                0x0000049c                __dietlibc_lstat64
                0x000004ac                mkdir
                0x000004bc                mknod
                0x000004cc                mlock
                0x000004dc                mlockall
                0x000004ec                __mmap2
                0x00000508                mount
                0x00000524                mprotect
                0x00000534                mremap
                0x00000544                munlockall
                0x00000554                munmap
                0x00000564                __n_sigaction
                0x00000564                __old_sigaction
                0x00000574                __old_sigpending
                0x00000574                __n_sigpending
                0x00000584                __old_sigprocmask
                0x00000584                __n_sigprocmask
                0x00000594                __old_sigsuspend
                0x00000594                __n_sigsuspend
                0x000005a4                __libc_nanosleep
                0x000005a4                nanosleep
                0x000005b4                __libc_open
                0x000005b4                open
                0x000005c4                __libc_pause
                0x000005c4                pause
                0x000005d4                personality
                0x000005e4                pipe
                0x000005f4                poll
                0x00000604                init_module
                0x00000614                delete_module
                0x00000624                __libc_read
                0x00000624                read
                0x00000634                readlink
                0x00000644                readv
                0x00000654                rename
                0x00000664                rmdir
                0x00000674                __rt_sigaction
                0x00000684                __rt_sigpending
                0x00000694                __rt_sigprocmask
                0x000006a4                __rt_sigqueueinfo
                0x000006b4                __rt_sigsuspend
                0x000006c4                __rt_sigtimedwait
                0x000006d4                __syscall_sched_getaffinity
                0x000006e4                sched_setaffinity
                0x000006f4                sched_get_priority_max
                0x00000704                sched_get_priority_min
                0x00000714                sched_getparam
                0x00000724                sched_getscheduler
                0x00000734                sched_rr_get_interval
                0x00000744                sched_setparam
                0x00000754                sched_setscheduler
                0x00000764                sched_yield
                0x00000774                sendfile
                0x00000774                __libc_sendfile
                0x00000784                __dietlibc_sendfile64
                0x00000794                setdomainname
                0x000007a4                setfsgid
                0x000007b4                setfsuid
                0x000007c4                setgid
                0x000007d4                setgroups
                0x000007e4                sethostname
                0x000007f4                setitimer
                0x00000804                setpgid
                0x00000814                setpriority
                0x00000824                setregid
                0x00000834                setresgid
                0x00000844                setresuid
                0x00000854                setreuid
                0x00000864                setrlimit
                0x00000874                setsid
                0x00000884                setuid
                0x00000894                __sigaltstack
                0x00000894                sigaltstack
                0x000008a4                stat
                0x000008b4                __dietlibc_stat64
                0x000008c4                statfs
                0x000008d4                swapoff
                0x000008e4                swapon
                0x000008f4                symlink
                0x00000904                sync
                0x00000914                _sysctl
                0x00000924                sysinfo
                0x00000934                __syscall_syslog
                0x00000934                klogctl
                0x00000944                sysfs
                0x00000954                times
                0x00000964                truncate
                0x00000974                umask
                0x00000984                umount2
                0x00000994                uname
                0x000009a4                unlink
                0x000009b4                vhangup
                0x000009c4                wait4
                0x000009d4                write
                0x000009d4                __libc_write
                0x000009e4                writev
                0x000009f4                msync
                0x000009f4                __libc_msync
                0x00000a04                capget
                0x00000a14                capset
                0x00000a24                __libc_chown32
                0x00000a24                chown32
                0x00000a34                __libc_fchown32
                0x00000a34                fchown32
                0x00000a44                getegid32
                0x00000a44                __libc_getegid32
                0x00000a54                geteuid32
                0x00000a54                __libc_geteuid32
                0x00000a64                __libc_getgid32
                0x00000a64                getgid32
                0x00000a74                __libc_getgroups32
                0x00000a74                getgroups32
                0x00000a84                __libc_getresgid32
                0x00000a84                getresgid32
                0x00000a94                __libc_getuid32
                0x00000a94                getuid32
                0x00000aa4                lchown32
                0x00000aa4                __libc_lchown32
                0x00000ab4                __libc_setfsgid32
                0x00000ab4                setfsgid32
                0x00000ac4                setfsuid32
                0x00000ac4                __libc_setfsuid32
                0x00000ad4                __libc_setgid32
                0x00000ad4                setgid32
                0x00000ae4                setregid32
                0x00000ae4                __libc_setregid32
                0x00000af4                __libc_setresgid32
                0x00000af4                setresgid32
                0x00000b04                __libc_setreuid32
                0x00000b04                setreuid32
                0x00000b14                setuid32
                0x00000b14                __libc_setuid32
                0x00000b24                __diet_ptrace
                0x00000b34                __dietlibc_ftruncate64_syscall
                0x00000b34                __dietlibc_ftruncate64
                0x00000b44                __dietlibc_truncate64_syscall
                0x00000b44                __dietlibc_truncate64
                0x00000b54                ustat
                0x00000b64                epoll_create
                0x00000b74                epoll_ctl
                0x00000b84                epoll_wait
                0x00000b94                __dietlibc_fcntl64
                0x00000ba4                timer_create
                0x00000bb4                timer_settime
                0x00000bc4                timer_gettime
                0x00000bd4                timer_getoverrun
                0x00000be4                timer_delete
                0x00000bf4                clock_settime
                0x00000c04                clock_gettime
                0x00000c14                clock_getres
                0x00000c24                clock_nanosleep
                0x00000c34                mq_setattr
                0x00000c44                mq_notify
                0x00000c54                mq_open
                0x00000c64                mq_timedreceive
                0x00000c80                mq_timedsend
                0x00000c90                mq_unlink
                0x00000ca0                __dietlibc_statfs64
                0x00000cb0                __dietlibc_fstatfs64
                0x00000cc0                tkill
                0x00000cd0                tgkill
                0x00000ce0                set_tid_address
                0x00000cf0                set_mempolicy
                0x00000d0c                rt_sigreturn
                0x00000d1c                gettid
                0x00000d2c                remap_file_pages
                0x00000d3c                readahead
                0x00000d4c                quotactl
                0x00000d5c                mincore
                0x00000d6c                mbind
                0x00000d88                get_mempolicy
                0x00000da4                futex
                0x00000db4                vserver
                0x00000dc4                request_key
                0x00000de0                keyctl
                0x00000df0                add_key
                0x00000e0c                io_submit
                0x00000e1c                io_setup
                0x00000e2c                io_getevents
                0x00000e3c                io_destroy
                0x00000e4c                io_cancel
                0x00000e5c                inotify_rm_watch
                0x00000e6c                inotify_init
                0x00000e7c                inotify_add_watch
                0x00000e8c                setxattr
                0x00000ea8                lsetxattr
                0x00000ec4                fsetxattr
                0x00000ee0                removexattr
                0x00000ef0                lremovexattr
                0x00000f00                fremovexattr
                0x00000f10                listxattr
                0x00000f20                llistxattr
                0x00000f30                flistxattr
                0x00000f40                getxattr
                0x00000f50                lgetxattr
                0x00000f60                fgetxattr
                0x00000f70                __exit
                0x00000f7c                clone
                0x00000f7c                __clone
                0x00000f8c                __longjmp
                0x00000fa4                __setjmp
                0x00000fa4                setjmp
                0x00000fa8                __sigsetjmp
                0x00000fa8                sigsetjmp
 .text          0x00001328       0x2c ./src/dietlibc-0.34/arm/start.o
                0x00001328                _start
                0x00001348                _exit
 *(.text.*)
 .text.__stdio_flushall
                0x00001354        0xc ./src/dietlibc-0.34/libstdio/fflush.o
                0x00001354                __stdio_flushall
 .text.fflush_unlocked
                0x00001360       0xe8 ./src/dietlibc-0.34/libstdio/fflush.o
                0x00001360                fflush_unlocked
                0x00001360                fflush
 .text.__fflush4
                0x00001448       0x94 ./src/dietlibc-0.34/libstdio/fflush.o
                0x00001448                __fflush4
 .text.__stdio_outs
                0x000014dc       0x38 ./src/dietlibc-0.34/libstdio/fflush.o
                0x000014dc                __stdio_outs
 .text.fputc_unlocked
                0x00001514       0xd8 ./src/dietlibc-0.34/libstdio/fputc_unlocked.o
                0x00001514                fputc_unlocked
                0x00001514                fputc
 .text.fwrite_unlocked
                0x000015ec      0x23c ./src/dietlibc-0.34/libstdio/fwrite.o
                0x000015ec                fwrite
                0x000015ec                fwrite_unlocked
 .text.printf   0x00001828       0x28 ./src/dietlibc-0.34/libstdio/printf.o
                0x00001828                printf
 .text.__fflush_stderr
                0x00001850       0x1c ./src/dietlibc-0.34/libstdio/stderr.o
                0x00001850                __fflush_stderr
 .text.__stdin_is_tty
                0x0000186c       0x34 ./src/dietlibc-0.34/libstdio/stdin.o
                0x0000186c                __stdin_is_tty
 .text.__fflush_stdout
                0x000018a0       0x1c ./src/dietlibc-0.34/libstdio/stdout.o
                0x000018a0                __fflush_stdout
 .text.vprintf  0x000018bc       0x34 ./src/dietlibc-0.34/libstdio/vprintf.o
                0x000018bc                vprintf
 .text.__ltostr
                0x000018f0       0xcc ./src/dietlibc-0.34/lib/__ltostr.o
                0x000018f0                __ltostr
 .text.skip_to  0x000019bc       0x3c ./src/dietlibc-0.34/lib/__v_printf.o
 .text.write_pad
                0x000019f8       0xb4 ./src/dietlibc-0.34/lib/__v_printf.o
 .text.__v_printf
                0x00001aac      0x918 ./src/dietlibc-0.34/lib/__v_printf.o
                0x00001aac                __v_printf
 .text.atexit   0x000023c4       0x58 ./src/dietlibc-0.34/lib/atexit.o
                0x000023c4                atexit
 .text.__libc_exit
                0x0000241c       0x38 ./src/dietlibc-0.34/lib/atexit.o
                0x0000241c                exit
                0x0000241c                __libc_exit
 .text.atol     0x00002454       0x84 ./src/dietlibc-0.34/lib/atol.o
                0x00002454                atoi
                0x00002454                atol
 .text.cfsetispeed
                0x000024d8       0x80 ./src/dietlibc-0.34/lib/cfsetispeed.o
                0x000024d8                cfsetispeed
 .text.__errno_location
                0x00002558       0x18 ./src/dietlibc-0.34/lib/errno_location.o
                0x00002558                __errno_location
 .text.getenv   0x00002570       0xa8 ./src/dietlibc-0.34/lib/getenv.o
                0x00002570                getenv
 .text.isalnum  0x00002618       0x30 ./src/dietlibc-0.34/lib/isalnum.o
                0x00002618                isalnum
 .text.isatty   0x00002648       0x44 ./src/dietlibc-0.34/lib/isatty.o
                0x00002648                isatty
 .text.__isspace_ascii
                0x0000268c       0x28 ./src/dietlibc-0.34/lib/isspace.o
                0x0000268c                __isspace_ascii
                0x0000268c                isspace
 .text.__isxdigit_ascii
                0x000026b4       0x30 ./src/dietlibc-0.34/lib/isxdigit.o
                0x000026b4                __isxdigit_ascii
                0x000026b4                isxdigit
 .text.memcmp   0x000026e4       0x48 ./src/dietlibc-0.34/lib/memcmp.o
                0x000026e4                memcmp
                0x000026e4                bcmp
 .text.memcpy   0x0000272c       0xf4 ./src/dietlibc-0.34/lib/memcpy.o
                0x0000272c                memcpy
 .text.memmove  0x00002820       0x80 ./src/dietlibc-0.34/lib/memmove.o
                0x00002820                memmove
 .text.memset   0x000028a0       0x38 ./src/dietlibc-0.34/lib/memset.o
                0x000028a0                memset
 .text.perror   0x000028d8       0x70 ./src/dietlibc-0.34/lib/perror.o
                0x000028d8                perror
 .text.__sigjmp_save
                0x00002948       0x48 ./src/dietlibc-0.34/lib/sigjmp.o
                0x00002948                __sigjmp_save
 .text.sigprocmask
                0x00002990       0x24 ./src/dietlibc-0.34/lib/sigprocmask.o
                0x00002990                sigprocmask
 .text.sleep    0x000029b4       0x30 ./src/dietlibc-0.34/lib/sleep.o
                0x000029b4                sleep
 .text.strlen   0x000029e4       0xe0 ./src/dietlibc-0.34/lib/strlen.o
                0x000029e4                strlen
 .text.strstr   0x00002ac4       0x78 ./src/dietlibc-0.34/lib/strstr.o
                0x00002ac4                strstr
 .text.strtol   0x00002b3c       0xc8 ./src/dietlibc-0.34/lib/strtol.o
                0x00002b3c                strtol
 .text.strtoul  0x00002c04      0x1b4 ./src/dietlibc-0.34/lib/strtoul.o
                0x00002c04                strtoul
 .text.__libc_tcflush
                0x00002db8       0x20 ./src/dietlibc-0.34/lib/tcflush.o
                0x00002db8                __libc_tcflush
                0x00002db8                tcflush
 .text.tcgetattr
                0x00002dd8       0x20 ./src/dietlibc-0.34/lib/tcgetattr.o
                0x00002dd8                tcgetattr
 .text.tcsetattr
                0x00002df8       0x40 ./src/dietlibc-0.34/lib/tcsetattr.o
                0x00002df8                tcsetattr
 .text.findtlsdata
                0x00002e38       0xf8 ./src/dietlibc-0.34/stackgap-g.o
 .text.__setup_tls
                0x00002f30       0x3c ./src/dietlibc-0.34/stackgap-g.o
                0x00002f30                __setup_tls
 .text.find_in_auxvec
                0x00002f6c       0x3c ./src/dietlibc-0.34/stackgap-g.o
 .text.stackgap
                0x00002fa8      0x224 ./src/dietlibc-0.34/stackgap-g.o
                0x00002fa8                stackgap
 .text.__main   0x000031cc       0x34 ./src/__main.o
                0x000031cc                __main
 .text.update_CRC16
                0x00003200       0x68 ./src/receive.o
                0x00003200                update_CRC16
 .text.cal_CRC16
                0x00003268       0x64 ./src/receive.o
 .text.ymodem_receive
                0x000032cc      0x420 ./src/receive.o
                0x000032cc                ymodem_receive
 .text.main     0x000036ec       0xa0 ./src/receive.o
                0x000036ec                main
 .text.reloc    0x0000378c      0x13c ./src/reloc.o
                0x0000378c                reloc
 .text.put_char
                0x000038c8       0x58 ./src/serial.o
                0x000038c8                put_char
 .text.get_bytes
                0x00003920       0x38 ./src/serial.o
                0x00003920                get_bytes
 .text.try_get_char
                0x00003958       0x34 ./src/serial.o
                0x00003958                try_get_char
 .text.get_char
                0x0000398c       0x4c ./src/serial.o
                0x0000398c                get_char
 .text.set_serial
                0x000039d8       0xa8 ./src/serial.o
                0x000039d8                set_serial
 .text.close_serial
                0x00003a80       0x40 ./src/serial.o
                0x00003a80                close_serial
 *(.init)
 *(.fini)
 *crtbegin.o(.ctors)
 *crtbegin?.o(.ctors)
 *(EXCLUDE_FILE(*crtend.o *crtend?.o) .ctors)
 *(SORT(.ctors.*))
 *(.ctors)
 *crtbegin.o(.dtors)
 *crtbegin?.o(.dtors)
 *(EXCLUDE_FILE(*crtend.o *crtend?.o) .dtors)
 *(SORT(.dtors.*))
 *(.dtors)
 *(SORT(.rodata.*))
 .rodata.__sys_err_unknown
                0x00003ac0       0x10 ./src/dietlibc-0.34/lib/errlistu.o
                0x00003ac0                __sys_err_unknown
 .rodata.pad_line
                0x00003ad0       0x20 ./src/dietlibc-0.34/lib/__v_printf.o
 *(.rodata)
 .rodata        0x00003af0        0x8 ./src/dietlibc-0.34/lib/__v_printf.o
 .rodata        0x00003af8        0x8 ./src/dietlibc-0.34/lib/perror.o
 .rodata        0x00003b00       0x18 ./src/dietlibc-0.34/stackgap-g.o
 .rodata        0x00003b18       0x44 ./src/receive.o
 .rodata        0x00003b5c       0x48 ./src/serial.o
 *(.eh_frame*)
                0x00003ba4                . = ALIGN (0x4)
                0x00003ba4                __rel_start__ = .
 *(.rel.data .rel.data.* .rel.gnu.linkonce.d.*)
 .rel.data.rel.local.stderr
                0x00003ba4        0x8 ./src/dietlibc-0.34/profiling/__mcount.o
 .rel.data.rel.local.__stdin
                0x00000000        0x0 ./src/dietlibc-0.34/profiling/__mcount.o
 .rel.data.rel.local.stdin
                0x00000000        0x0 ./src/dietlibc-0.34/profiling/__mcount.o
 .rel.data.rel.local.__stdout
                0x00003bac        0x8 ./src/dietlibc-0.34/profiling/__mcount.o
 .rel.data.rel.local.stdout
                0x00003bb4        0x8 ./src/dietlibc-0.34/profiling/__mcount.o
 .rel.data.rel.local.dot
                0x00000000        0x0 ./src/dietlibc-0.34/profiling/__mcount.o
 .rel.data.rel.allclasses
                0x00000000        0x0 ./src/dietlibc-0.34/profiling/__mcount.o
 .rel.data.rel.ro.local.__sys_siglist
                0x00000000        0x0 ./src/dietlibc-0.34/profiling/__mcount.o
 .rel.data.rel.sys_siglist
                0x00000000        0x0 ./src/dietlibc-0.34/profiling/__mcount.o
                0x00003bbc                __rel_end__ = .

.interp         0x00003bbc       0x11
 .interp        0x00003bbc       0x11 ./src/dietlibc-0.34/profiling/__mcount.o

.gnu.version_d  0x00003bd0        0x0
 .gnu.version_d
                0x00000000        0x0 ./src/dietlibc-0.34/profiling/__mcount.o

.gnu.version    0x00003bce        0x0
 .gnu.version   0x00000000        0x0 ./src/dietlibc-0.34/profiling/__mcount.o

.gnu.version_r  0x00003bd0        0x0
 .gnu.version_r
                0x00000000        0x0 ./src/dietlibc-0.34/profiling/__mcount.o

.dynsym         0x00003bd0      0x2b0
 .dynsym        0x00003bd0      0x2b0 ./src/dietlibc-0.34/profiling/__mcount.o

.dynstr         0x00003e80      0x237
 .dynstr        0x00003e80      0x237 ./src/dietlibc-0.34/profiling/__mcount.o

.hash           0x000040b8      0x148
 .hash          0x000040b8      0x148 ./src/dietlibc-0.34/profiling/__mcount.o

.glue_7         0x00004200        0x0
 .glue_7        0x00000000        0x0 linker stubs

.glue_7t        0x00004200        0x0
 .glue_7t       0x00000000        0x0 linker stubs

.vfp11_veneer   0x00004200        0x0
 .vfp11_veneer  0x00000000        0x0 linker stubs

.v4_bx          0x00004200        0x0
 .v4_bx         0x00000000        0x0 linker stubs

.plt            0x00004200        0x0
 .plt           0x00000000        0x0 ./src/dietlibc-0.34/profiling/__mcount.o

.iplt           0x00004200        0x0
 .iplt          0x00000000        0x0 ./src/dietlibc-0.34/profiling/__mcount.o

.rel.dyn        0x00004200      0x168
 .rel.got       0x00004200      0x160 ./src/dietlibc-0.34/profiling/__mcount.o
 .rel.plt       0x00000000        0x0 ./src/dietlibc-0.34/profiling/__mcount.o
 .rel.iplt      0x00000000        0x0 ./src/dietlibc-0.34/profiling/__mcount.o
 .rel.text      0x00004360        0x8 ./src/dietlibc-0.34/profiling/__mcount.o

.ARM.exidx      0x00004368        0x0
                0x00004368                . = ALIGN (0x4)
                0x00004368                __exdix_start = .
 *(.ARM.exidx* .gnu.linkonce.armexidx.*)
                0x00004368                __exdix_end = .

.permissions_table
                0x00004368        0x0
                0x00004368                . = ALIGN (0x4)
                0x00004368                __permissions_table_start__ = .
 *(.permissions_table)
                0x00004368                __permissions_table_end__ = .
                0x0000160c                PROVIDE (__ram_size__, (__bss_end__ - __data_start__))

.data           0x00004368      0x124
                0x00004368                . = ALIGN (0x4)
                0x00004368                __data_start__ = .
                0x00004368                __got_start__ = .
 *(.got)
 .got           0x00004368       0xb0 ./src/dietlibc-0.34/profiling/__mcount.o
                0x00004418                __got_end__ = .
                0x00004418                . = ALIGN (0x4)
 *(.data)
 .data          0x00004418        0x4 ./src/dietlibc-0.34/arm/dyn_syscalls.o
                0x00004418                __guard
                0x00004418                __stack_chk_guard
 *(.data.*)
 .data.__stderr
                0x0000441c       0x34 ./src/dietlibc-0.34/libstdio/stderr.o
 .data.rel.local.stderr
                0x00004450        0x4 ./src/dietlibc-0.34/libstdio/stderr.o
                0x00004450                stderr
 .data.rel.local.__stdout
                0x00004454       0x34 ./src/dietlibc-0.34/libstdio/stdout.o
 .data.rel.local.stdout
                0x00004488        0x4 ./src/dietlibc-0.34/libstdio/stdout.o
                0x00004488                stdout
 *(vtable)
 *(.data*)
                0x0000448c                . = ALIGN (0x4)
                0x0000448c                PROVIDE (__preinit_array_start, .)
 *(.preinit_array)
                0x0000448c                PROVIDE (__preinit_array_end, .)
                0x0000448c                . = ALIGN (0x4)
                0x0000448c                PROVIDE (__init_array_start, .)
 *(SORT(.init_array.*))
 *(.init_array)
                0x0000448c                PROVIDE (__init_array_end, .)
                0x0000448c                . = ALIGN (0x4)
                0x0000448c                PROVIDE (__fini_array_start, .)
 *(SORT(.fini_array.*))
 *(.fini_array)
                0x0000448c                PROVIDE (__fini_array_end, .)
                0x0000448c                . = ALIGN (0x4)
                0x0000448c                __data_end__ = .
                0x00000400                PROVIDE (__heap_size__, (__heap_end__ - __heap_start__))
                0x00000400                PROVIDE (__stack_size__, (__stack_end__ - __stack_start__))

.dynamic        0x0000448c       0x80
 .dynamic       0x0000448c       0x80 ./src/dietlibc-0.34/profiling/__mcount.o
                0x0000448c                _DYNAMIC

.got.plt        0x0000450c        0xc
 .got.plt       0x0000450c        0xc ./src/dietlibc-0.34/profiling/__mcount.o
                0x0000450c                _GLOBAL_OFFSET_TABLE_

.igot.plt       0x00004518        0x0
 .igot.plt      0x00000000        0x0 ./src/dietlibc-0.34/profiling/__mcount.o

.bss            0x00004600     0x1374
                0x00004600                . = ALIGN (0x4)
                0x00004600                __bss_start__ = .
 *(.bss)
 .bss           0x00004600      0x200 ./src/dietlibc-0.34/arm/dyn_syscalls.o
                0x00004600                __environ
                0x00004600                environ
                0x00004700                errno
 *(COMMON)
 COMMON         0x00004800        0x4 ./src/dietlibc-0.34/libstdio/fflush.o
                0x00004800                __stdio_root
 COMMON         0x00004804       0x1c ./src/dietlibc-0.34/stackgap-g.o
                0x00004804                __tdataptr
                0x00004808                __tdatasize
                0x0000480c                __tcb_mainthread
                0x00004810                __vdso
                0x00004814                program_invocation_short_name
                0x00004818                __tmemsize
                0x0000481c                program_invocation_name
                0x00004820                . = ALIGN (0x4)
                0x00004820                __heap_start__ = .
 *(.bss.heap)
 .bss.heap      0x00004820      0x400 ./src/heap_stack.o
                0x00004c20                __heap_end__ = .
                0x00004c20                . = ALIGN (0x4)
                0x00004c20                __stack_start__ = .
 *(.bss.stack)
 .bss.stack     0x00004c20      0x400 ./src/heap_stack.o
                0x00005020                __stack_end__ = .
 *(.bss.*)
 .bss.__stdio_atexit
                0x00005020        0x4 ./src/dietlibc-0.34/libstdio/fflush.o
                0x00005020                __stdio_atexit
 .bss.iknow.5167
                0x00005024        0x4 ./src/dietlibc-0.34/libstdio/stdin.o
 .bss.__stdout_buf
                0x00005028      0x800 ./src/dietlibc-0.34/libstdio/stdout.o
 .bss.__atexitlist
                0x00005828       0x80 ./src/dietlibc-0.34/lib/atexit.o
 .bss.atexit_counter
                0x000058a8        0x4 ./src/dietlibc-0.34/lib/atexit.o
 .bss.__valgrind
                0x000058ac        0x4 ./src/dietlibc-0.34/stackgap-g.o
                0x000058ac                __valgrind
 .bss._auxvec   0x000058b0        0x4 ./src/dietlibc-0.34/stackgap-g.o
 .bss.__app_start_addr__
                0x000058b4        0x4 ./src/__main.o
                0x000058b4                __app_start_addr__
 .bss.buf       0x000058b8       0x98 ./src/receive.o
 .bss.opt       0x00005950       0x24 ./src/serial.o
                0x00005974                . = ALIGN (0x4)
                0x00005974                __bss_end__ = .
                0x00005974                _end = .
OUTPUT(mkrtos_ym.elf elf32-littlearm)

.dynbss         0x00005974        0x0
 .dynbss        0x00000000        0x0 ./src/dietlibc-0.34/profiling/__mcount.o

.debug_info     0x00000000     0x3cd6
 .debug_info    0x00000000      0x2ff ./src/dietlibc-0.34/libstdio/fflush.o
 .debug_info    0x000002ff      0x1f6 ./src/dietlibc-0.34/libstdio/fputc_unlocked.o
 .debug_info    0x000004f5      0x2a0 ./src/dietlibc-0.34/libstdio/fwrite.o
 .debug_info    0x00000795       0xe8 ./src/dietlibc-0.34/libstdio/printf.o
 .debug_info    0x0000087d      0x209 ./src/dietlibc-0.34/libstdio/stderr.o
 .debug_info    0x00000a86      0x256 ./src/dietlibc-0.34/libstdio/stdin.o
 .debug_info    0x00000cdc      0x22b ./src/dietlibc-0.34/libstdio/stdout.o
 .debug_info    0x00000f07      0x18b ./src/dietlibc-0.34/libstdio/vprintf.o
 .debug_info    0x00001092       0xf6 ./src/dietlibc-0.34/lib/__ltostr.o
 .debug_info    0x00001188      0x40c ./src/dietlibc-0.34/lib/__v_printf.o
 .debug_info    0x00001594      0x113 ./src/dietlibc-0.34/lib/atexit.o
 .debug_info    0x000016a7       0xc5 ./src/dietlibc-0.34/lib/atol.o
 .debug_info    0x0000176c      0x140 ./src/dietlibc-0.34/lib/cfsetispeed.o
 .debug_info    0x000018ac       0x52 ./src/dietlibc-0.34/lib/errlistu.o
 .debug_info    0x000018fe       0xa7 ./src/dietlibc-0.34/lib/errno_location.o
 .debug_info    0x000019a5       0xdc ./src/dietlibc-0.34/lib/getenv.o
 .debug_info    0x00001a81       0x54 ./src/dietlibc-0.34/lib/isalnum.o
 .debug_info    0x00001ad5      0x14d ./src/dietlibc-0.34/lib/isatty.o
 .debug_info    0x00001c22       0x54 ./src/dietlibc-0.34/lib/isspace.o
 .debug_info    0x00001c76       0x54 ./src/dietlibc-0.34/lib/isxdigit.o
 .debug_info    0x00001cca       0xee ./src/dietlibc-0.34/lib/memcmp.o
 .debug_info    0x00001db8      0x137 ./src/dietlibc-0.34/lib/memcpy.o
 .debug_info    0x00001eef       0xf4 ./src/dietlibc-0.34/lib/memmove.o
 .debug_info    0x00001fe3       0xd3 ./src/dietlibc-0.34/lib/memset.o
 .debug_info    0x000020b6       0xc4 ./src/dietlibc-0.34/lib/perror.o
 .debug_info    0x0000217a      0x138 ./src/dietlibc-0.34/lib/sigjmp.o
 .debug_info    0x000022b2      0x102 ./src/dietlibc-0.34/lib/sigprocmask.o
 .debug_info    0x000023b4       0xda ./src/dietlibc-0.34/lib/sleep.o
 .debug_info    0x0000248e      0x120 ./src/dietlibc-0.34/lib/strlen.o
 .debug_info    0x000025ae       0xf6 ./src/dietlibc-0.34/lib/strstr.o
 .debug_info    0x000026a4       0xfd ./src/dietlibc-0.34/lib/strtol.o
 .debug_info    0x000027a1      0x172 ./src/dietlibc-0.34/lib/strtoul.o
 .debug_info    0x00002913       0x62 ./src/dietlibc-0.34/lib/tcflush.o
 .debug_info    0x00002975      0x135 ./src/dietlibc-0.34/lib/tcgetattr.o
 .debug_info    0x00002aaa      0x143 ./src/dietlibc-0.34/lib/tcsetattr.o
 .debug_info    0x00002bed       0x81 ./src/dietlibc-0.34/arm/arm_set_tls.o
 .debug_info    0x00002c6e       0x82 ./src/dietlibc-0.34/arm/dyn_syscalls.o
 .debug_info    0x00002cf0       0x7b ./src/dietlibc-0.34/arm/start.o
 .debug_info    0x00002d6b      0x505 ./src/dietlibc-0.34/stackgap-g.o
 .debug_info    0x00003270       0xca ./src/__main.o
 .debug_info    0x0000333a       0x5f ./src/heap_stack.o
 .debug_info    0x00003399      0x3c2 ./src/receive.o
 .debug_info    0x0000375b      0x118 ./src/reloc.o
 .debug_info    0x00003873      0x3fa ./src/serial.o
 .debug_info    0x00003c6d       0x69 ./src/start.o

.debug_abbrev   0x00000000     0x1d0b
 .debug_abbrev  0x00000000      0x121 ./src/dietlibc-0.34/libstdio/fflush.o
 .debug_abbrev  0x00000121       0xca ./src/dietlibc-0.34/libstdio/fputc_unlocked.o
 .debug_abbrev  0x000001eb       0xf6 ./src/dietlibc-0.34/libstdio/fwrite.o
 .debug_abbrev  0x000002e1       0xb6 ./src/dietlibc-0.34/libstdio/printf.o
 .debug_abbrev  0x00000397       0xd3 ./src/dietlibc-0.34/libstdio/stderr.o
 .debug_abbrev  0x0000046a      0x101 ./src/dietlibc-0.34/libstdio/stdin.o
 .debug_abbrev  0x0000056b       0xe5 ./src/dietlibc-0.34/libstdio/stdout.o
 .debug_abbrev  0x00000650      0x102 ./src/dietlibc-0.34/libstdio/vprintf.o
 .debug_abbrev  0x00000752       0x7c ./src/dietlibc-0.34/lib/__ltostr.o
 .debug_abbrev  0x000007ce      0x192 ./src/dietlibc-0.34/lib/__v_printf.o
 .debug_abbrev  0x00000960       0xcb ./src/dietlibc-0.34/lib/atexit.o
 .debug_abbrev  0x00000a2b       0x83 ./src/dietlibc-0.34/lib/atol.o
 .debug_abbrev  0x00000aae       0x9b ./src/dietlibc-0.34/lib/cfsetispeed.o
 .debug_abbrev  0x00000b49       0x45 ./src/dietlibc-0.34/lib/errlistu.o
 .debug_abbrev  0x00000b8e       0x5e ./src/dietlibc-0.34/lib/errno_location.o
 .debug_abbrev  0x00000bec       0x85 ./src/dietlibc-0.34/lib/getenv.o
 .debug_abbrev  0x00000c71       0x4a ./src/dietlibc-0.34/lib/isalnum.o
 .debug_abbrev  0x00000cbb       0x9f ./src/dietlibc-0.34/lib/isatty.o
 .debug_abbrev  0x00000d5a       0x4a ./src/dietlibc-0.34/lib/isspace.o
 .debug_abbrev  0x00000da4       0x4a ./src/dietlibc-0.34/lib/isxdigit.o
 .debug_abbrev  0x00000dee       0x95 ./src/dietlibc-0.34/lib/memcmp.o
 .debug_abbrev  0x00000e83       0x9a ./src/dietlibc-0.34/lib/memcpy.o
 .debug_abbrev  0x00000f1d       0x9c ./src/dietlibc-0.34/lib/memmove.o
 .debug_abbrev  0x00000fb9       0x90 ./src/dietlibc-0.34/lib/memset.o
 .debug_abbrev  0x00001049       0x82 ./src/dietlibc-0.34/lib/perror.o
 .debug_abbrev  0x000010cb       0xe2 ./src/dietlibc-0.34/lib/sigjmp.o
 .debug_abbrev  0x000011ad       0xaf ./src/dietlibc-0.34/lib/sigprocmask.o
 .debug_abbrev  0x0000125c       0x8d ./src/dietlibc-0.34/lib/sleep.o
 .debug_abbrev  0x000012e9       0xb7 ./src/dietlibc-0.34/lib/strlen.o
 .debug_abbrev  0x000013a0       0x8e ./src/dietlibc-0.34/lib/strstr.o
 .debug_abbrev  0x0000142e       0x83 ./src/dietlibc-0.34/lib/strtol.o
 .debug_abbrev  0x000014b1       0xb3 ./src/dietlibc-0.34/lib/strtoul.o
 .debug_abbrev  0x00001564       0x59 ./src/dietlibc-0.34/lib/tcflush.o
 .debug_abbrev  0x000015bd       0x9b ./src/dietlibc-0.34/lib/tcgetattr.o
 .debug_abbrev  0x00001658       0x9b ./src/dietlibc-0.34/lib/tcsetattr.o
 .debug_abbrev  0x000016f3       0x14 ./src/dietlibc-0.34/arm/arm_set_tls.o
 .debug_abbrev  0x00001707       0x14 ./src/dietlibc-0.34/arm/dyn_syscalls.o
 .debug_abbrev  0x0000171b       0x14 ./src/dietlibc-0.34/arm/start.o
 .debug_abbrev  0x0000172f      0x223 ./src/dietlibc-0.34/stackgap-g.o
 .debug_abbrev  0x00001952       0x7c ./src/__main.o
 .debug_abbrev  0x000019ce       0x3c ./src/heap_stack.o
 .debug_abbrev  0x00001a0a      0x14e ./src/receive.o
 .debug_abbrev  0x00001b58       0x8b ./src/reloc.o
 .debug_abbrev  0x00001be3      0x114 ./src/serial.o
 .debug_abbrev  0x00001cf7       0x14 ./src/start.o

.debug_aranges  0x00000000      0x638
 .debug_aranges
                0x00000000       0x38 ./src/dietlibc-0.34/libstdio/fflush.o
 .debug_aranges
                0x00000038       0x20 ./src/dietlibc-0.34/libstdio/fputc_unlocked.o
 .debug_aranges
                0x00000058       0x20 ./src/dietlibc-0.34/libstdio/fwrite.o
 .debug_aranges
                0x00000078       0x20 ./src/dietlibc-0.34/libstdio/printf.o
 .debug_aranges
                0x00000098       0x20 ./src/dietlibc-0.34/libstdio/stderr.o
 .debug_aranges
                0x000000b8       0x28 ./src/dietlibc-0.34/libstdio/stdin.o
 .debug_aranges
                0x000000e0       0x20 ./src/dietlibc-0.34/libstdio/stdout.o
 .debug_aranges
                0x00000100       0x28 ./src/dietlibc-0.34/libstdio/vprintf.o
 .debug_aranges
                0x00000128       0x20 ./src/dietlibc-0.34/lib/__ltostr.o
 .debug_aranges
                0x00000148       0x30 ./src/dietlibc-0.34/lib/__v_printf.o
 .debug_aranges
                0x00000178       0x28 ./src/dietlibc-0.34/lib/atexit.o
 .debug_aranges
                0x000001a0       0x20 ./src/dietlibc-0.34/lib/atol.o
 .debug_aranges
                0x000001c0       0x20 ./src/dietlibc-0.34/lib/cfsetispeed.o
 .debug_aranges
                0x000001e0       0x18 ./src/dietlibc-0.34/lib/errlistu.o
 .debug_aranges
                0x000001f8       0x20 ./src/dietlibc-0.34/lib/errno_location.o
 .debug_aranges
                0x00000218       0x20 ./src/dietlibc-0.34/lib/getenv.o
 .debug_aranges
                0x00000238       0x20 ./src/dietlibc-0.34/lib/isalnum.o
 .debug_aranges
                0x00000258       0x20 ./src/dietlibc-0.34/lib/isatty.o
 .debug_aranges
                0x00000278       0x20 ./src/dietlibc-0.34/lib/isspace.o
 .debug_aranges
                0x00000298       0x20 ./src/dietlibc-0.34/lib/isxdigit.o
 .debug_aranges
                0x000002b8       0x20 ./src/dietlibc-0.34/lib/memcmp.o
 .debug_aranges
                0x000002d8       0x20 ./src/dietlibc-0.34/lib/memcpy.o
 .debug_aranges
                0x000002f8       0x20 ./src/dietlibc-0.34/lib/memmove.o
 .debug_aranges
                0x00000318       0x20 ./src/dietlibc-0.34/lib/memset.o
 .debug_aranges
                0x00000338       0x20 ./src/dietlibc-0.34/lib/perror.o
 .debug_aranges
                0x00000358       0x20 ./src/dietlibc-0.34/lib/sigjmp.o
 .debug_aranges
                0x00000378       0x20 ./src/dietlibc-0.34/lib/sigprocmask.o
 .debug_aranges
                0x00000398       0x20 ./src/dietlibc-0.34/lib/sleep.o
 .debug_aranges
                0x000003b8       0x20 ./src/dietlibc-0.34/lib/strlen.o
 .debug_aranges
                0x000003d8       0x20 ./src/dietlibc-0.34/lib/strstr.o
 .debug_aranges
                0x000003f8       0x20 ./src/dietlibc-0.34/lib/strtol.o
 .debug_aranges
                0x00000418       0x20 ./src/dietlibc-0.34/lib/strtoul.o
 .debug_aranges
                0x00000438       0x20 ./src/dietlibc-0.34/lib/tcflush.o
 .debug_aranges
                0x00000458       0x20 ./src/dietlibc-0.34/lib/tcgetattr.o
 .debug_aranges
                0x00000478       0x20 ./src/dietlibc-0.34/lib/tcsetattr.o
 .debug_aranges
                0x00000498       0x20 ./src/dietlibc-0.34/arm/arm_set_tls.o
 .debug_aranges
                0x000004b8       0x20 ./src/dietlibc-0.34/arm/dyn_syscalls.o
 .debug_aranges
                0x000004d8       0x20 ./src/dietlibc-0.34/arm/start.o
 .debug_aranges
                0x000004f8       0x40 ./src/dietlibc-0.34/stackgap-g.o
 .debug_aranges
                0x00000538       0x20 ./src/__main.o
 .debug_aranges
                0x00000558       0x18 ./src/heap_stack.o
 .debug_aranges
                0x00000570       0x38 ./src/receive.o
 .debug_aranges
                0x000005a8       0x20 ./src/reloc.o
 .debug_aranges
                0x000005c8       0x50 ./src/serial.o
 .debug_aranges
                0x00000618       0x20 ./src/start.o

.debug_ranges   0x00000000      0x318
 .debug_ranges  0x00000000       0x28 ./src/dietlibc-0.34/libstdio/fflush.o
 .debug_ranges  0x00000028       0x10 ./src/dietlibc-0.34/libstdio/fputc_unlocked.o
 .debug_ranges  0x00000038       0x10 ./src/dietlibc-0.34/libstdio/fwrite.o
 .debug_ranges  0x00000048       0x10 ./src/dietlibc-0.34/libstdio/printf.o
 .debug_ranges  0x00000058       0x10 ./src/dietlibc-0.34/libstdio/stderr.o
 .debug_ranges  0x00000068       0x18 ./src/dietlibc-0.34/libstdio/stdin.o
 .debug_ranges  0x00000080       0x10 ./src/dietlibc-0.34/libstdio/stdout.o
 .debug_ranges  0x00000090       0x18 ./src/dietlibc-0.34/libstdio/vprintf.o
 .debug_ranges  0x000000a8       0x10 ./src/dietlibc-0.34/lib/__ltostr.o
 .debug_ranges  0x000000b8       0x20 ./src/dietlibc-0.34/lib/__v_printf.o
 .debug_ranges  0x000000d8       0x18 ./src/dietlibc-0.34/lib/atexit.o
 .debug_ranges  0x000000f0       0x10 ./src/dietlibc-0.34/lib/atol.o
 .debug_ranges  0x00000100       0x10 ./src/dietlibc-0.34/lib/cfsetispeed.o
 .debug_ranges  0x00000110       0x10 ./src/dietlibc-0.34/lib/errno_location.o
 .debug_ranges  0x00000120       0x10 ./src/dietlibc-0.34/lib/getenv.o
 .debug_ranges  0x00000130       0x10 ./src/dietlibc-0.34/lib/isalnum.o
 .debug_ranges  0x00000140       0x10 ./src/dietlibc-0.34/lib/isatty.o
 .debug_ranges  0x00000150       0x10 ./src/dietlibc-0.34/lib/isspace.o
 .debug_ranges  0x00000160       0x10 ./src/dietlibc-0.34/lib/isxdigit.o
 .debug_ranges  0x00000170       0x10 ./src/dietlibc-0.34/lib/memcmp.o
 .debug_ranges  0x00000180       0x10 ./src/dietlibc-0.34/lib/memcpy.o
 .debug_ranges  0x00000190       0x10 ./src/dietlibc-0.34/lib/memmove.o
 .debug_ranges  0x000001a0       0x10 ./src/dietlibc-0.34/lib/memset.o
 .debug_ranges  0x000001b0       0x10 ./src/dietlibc-0.34/lib/perror.o
 .debug_ranges  0x000001c0       0x10 ./src/dietlibc-0.34/lib/sigjmp.o
 .debug_ranges  0x000001d0       0x10 ./src/dietlibc-0.34/lib/sigprocmask.o
 .debug_ranges  0x000001e0       0x10 ./src/dietlibc-0.34/lib/sleep.o
 .debug_ranges  0x000001f0       0x10 ./src/dietlibc-0.34/lib/strlen.o
 .debug_ranges  0x00000200       0x10 ./src/dietlibc-0.34/lib/strstr.o
 .debug_ranges  0x00000210       0x10 ./src/dietlibc-0.34/lib/strtol.o
 .debug_ranges  0x00000220       0x10 ./src/dietlibc-0.34/lib/strtoul.o
 .debug_ranges  0x00000230       0x10 ./src/dietlibc-0.34/lib/tcflush.o
 .debug_ranges  0x00000240       0x10 ./src/dietlibc-0.34/lib/tcgetattr.o
 .debug_ranges  0x00000250       0x10 ./src/dietlibc-0.34/lib/tcsetattr.o
 .debug_ranges  0x00000260       0x30 ./src/dietlibc-0.34/stackgap-g.o
 .debug_ranges  0x00000290       0x10 ./src/__main.o
 .debug_ranges  0x000002a0       0x28 ./src/receive.o
 .debug_ranges  0x000002c8       0x10 ./src/reloc.o
 .debug_ranges  0x000002d8       0x40 ./src/serial.o

.debug_line     0x00000000     0x3a26
 .debug_line    0x00000000      0x1e9 ./src/dietlibc-0.34/libstdio/fflush.o
 .debug_line    0x000001e9      0x191 ./src/dietlibc-0.34/libstdio/fputc_unlocked.o
 .debug_line    0x0000037a      0x205 ./src/dietlibc-0.34/libstdio/fwrite.o
 .debug_line    0x0000057f       0xb8 ./src/dietlibc-0.34/libstdio/printf.o
 .debug_line    0x00000637      0x166 ./src/dietlibc-0.34/libstdio/stderr.o
 .debug_line    0x0000079d      0x17e ./src/dietlibc-0.34/libstdio/stdin.o
 .debug_line    0x0000091b      0x166 ./src/dietlibc-0.34/libstdio/stdout.o
 .debug_line    0x00000a81      0x177 ./src/dietlibc-0.34/libstdio/vprintf.o
 .debug_line    0x00000bf8       0x8c ./src/dietlibc-0.34/lib/__ltostr.o
 .debug_line    0x00000c84      0x34f ./src/dietlibc-0.34/lib/__v_printf.o
 .debug_line    0x00000fd3       0x6c ./src/dietlibc-0.34/lib/atexit.o
 .debug_line    0x0000103f       0x79 ./src/dietlibc-0.34/lib/atol.o
 .debug_line    0x000010b8       0xcb ./src/dietlibc-0.34/lib/cfsetispeed.o
 .debug_line    0x00001183       0x44 ./src/dietlibc-0.34/lib/errlistu.o
 .debug_line    0x000011c7       0x58 ./src/dietlibc-0.34/lib/errno_location.o
 .debug_line    0x0000121f       0xc7 ./src/dietlibc-0.34/lib/getenv.o
 .debug_line    0x000012e6       0x6c ./src/dietlibc-0.34/lib/isalnum.o
 .debug_line    0x00001352       0xb5 ./src/dietlibc-0.34/lib/isatty.o
 .debug_line    0x00001407       0x67 ./src/dietlibc-0.34/lib/isspace.o
 .debug_line    0x0000146e       0x6d ./src/dietlibc-0.34/lib/isxdigit.o
 .debug_line    0x000014db       0xac ./src/dietlibc-0.34/lib/memcmp.o
 .debug_line    0x00001587      0x113 ./src/dietlibc-0.34/lib/memcpy.o
 .debug_line    0x0000169a       0xc4 ./src/dietlibc-0.34/lib/memmove.o
 .debug_line    0x0000175e       0xa8 ./src/dietlibc-0.34/lib/memset.o
 .debug_line    0x00001806       0x57 ./src/dietlibc-0.34/lib/perror.o
 .debug_line    0x0000185d       0xb3 ./src/dietlibc-0.34/lib/sigjmp.o
 .debug_line    0x00001910       0xa8 ./src/dietlibc-0.34/lib/sigprocmask.o
 .debug_line    0x000019b8       0xb2 ./src/dietlibc-0.34/lib/sleep.o
 .debug_line    0x00001a6a       0xf8 ./src/dietlibc-0.34/lib/strlen.o
 .debug_line    0x00001b62       0xc9 ./src/dietlibc-0.34/lib/strstr.o
 .debug_line    0x00001c2b       0xa2 ./src/dietlibc-0.34/lib/strtol.o
 .debug_line    0x00001ccd       0xf9 ./src/dietlibc-0.34/lib/strtoul.o
 .debug_line    0x00001dc6       0x52 ./src/dietlibc-0.34/lib/tcflush.o
 .debug_line    0x00001e18       0xb5 ./src/dietlibc-0.34/lib/tcgetattr.o
 .debug_line    0x00001ecd       0xbc ./src/dietlibc-0.34/lib/tcsetattr.o
 .debug_line    0x00001f89       0x5d ./src/dietlibc-0.34/arm/arm_set_tls.o
 .debug_line    0x00001fe6     0x134d ./src/dietlibc-0.34/arm/dyn_syscalls.o
 .debug_line    0x00003333       0x58 ./src/dietlibc-0.34/arm/start.o
 .debug_line    0x0000338b      0x205 ./src/dietlibc-0.34/stackgap-g.o
 .debug_line    0x00003590       0x42 ./src/__main.o
 .debug_line    0x000035d2       0x34 ./src/heap_stack.o
 .debug_line    0x00003606      0x1a5 ./src/receive.o
 .debug_line    0x000037ab       0x74 ./src/reloc.o
 .debug_line    0x0000381f      0x198 ./src/serial.o
 .debug_line    0x000039b7       0x6f ./src/start.o

.debug_str      0x00000000     0x116e
 .debug_str     0x00000000      0x2b1 ./src/dietlibc-0.34/libstdio/fflush.o
                                0x30b (size before relaxing)
 .debug_str     0x000002b1       0x45 ./src/dietlibc-0.34/libstdio/fputc_unlocked.o
                                0x2bf (size before relaxing)
 .debug_str     0x000002f6       0x5f ./src/dietlibc-0.34/libstdio/fwrite.o
                                0x2f4 (size before relaxing)
 .debug_str     0x00000355       0x45 ./src/dietlibc-0.34/libstdio/printf.o
                                0x205 (size before relaxing)
 .debug_str     0x0000039a       0x8d ./src/dietlibc-0.34/libstdio/stderr.o
                                0x307 (size before relaxing)
 .debug_str     0x00000427       0x5e ./src/dietlibc-0.34/libstdio/stdin.o
                                0x324 (size before relaxing)
 .debug_str     0x00000485       0x4d ./src/dietlibc-0.34/libstdio/stdout.o
                                0x314 (size before relaxing)
 .debug_str     0x000004d2       0x42 ./src/dietlibc-0.34/libstdio/vprintf.o
                                0x232 (size before relaxing)
 .debug_str     0x00000514       0x34 ./src/dietlibc-0.34/lib/__ltostr.o
                                0x1ef (size before relaxing)
 .debug_str     0x00000548       0xf2 ./src/dietlibc-0.34/lib/__v_printf.o
                                0x2f7 (size before relaxing)
 .debug_str     0x0000063a       0x58 ./src/dietlibc-0.34/lib/atexit.o
                                0x210 (size before relaxing)
 .debug_str     0x00000692       0x25 ./src/dietlibc-0.34/lib/atol.o
                                0x1db (size before relaxing)
 .debug_str     0x000006b7       0x87 ./src/dietlibc-0.34/lib/cfsetispeed.o
                                0x242 (size before relaxing)
 .debug_str     0x0000073e       0x36 ./src/dietlibc-0.34/lib/errlistu.o
                                0x163 (size before relaxing)
 .debug_str     0x00000774       0x47 ./src/dietlibc-0.34/lib/errno_location.o
                                0x1f8 (size before relaxing)
 .debug_str     0x000007bb       0x31 ./src/dietlibc-0.34/lib/getenv.o
                                0x1e2 (size before relaxing)
 .debug_str     0x000007ec       0x2b ./src/dietlibc-0.34/lib/isalnum.o
                                0x14a (size before relaxing)
 .debug_str     0x00000817       0x2e ./src/dietlibc-0.34/lib/isatty.o
                                0x236 (size before relaxing)
 .debug_str     0x00000845       0x33 ./src/dietlibc-0.34/lib/isspace.o
                                0x152 (size before relaxing)
 .debug_str     0x00000878       0x35 ./src/dietlibc-0.34/lib/isxdigit.o
                                0x154 (size before relaxing)
 .debug_str     0x000008ad       0x29 ./src/dietlibc-0.34/lib/memcmp.o
                                0x1d9 (size before relaxing)
 .debug_str     0x000008d6       0x33 ./src/dietlibc-0.34/lib/memcpy.o
                                0x1dd (size before relaxing)
 .debug_str     0x00000909       0x2b ./src/dietlibc-0.34/lib/memmove.o
                                0x1e0 (size before relaxing)
 .debug_str     0x00000934       0x29 ./src/dietlibc-0.34/lib/memset.o
                                0x1de (size before relaxing)
 .debug_str     0x0000095d       0x31 ./src/dietlibc-0.34/lib/perror.o
                                0x1f4 (size before relaxing)
 .debug_str     0x0000098e       0x81 ./src/dietlibc-0.34/lib/sigjmp.o
                                0x232 (size before relaxing)
 .debug_str     0x00000a0f       0x3a ./src/dietlibc-0.34/lib/sigprocmask.o
                                0x1f4 (size before relaxing)
 .debug_str     0x00000a49       0x4b ./src/dietlibc-0.34/lib/sleep.o
                                0x1fc (size before relaxing)
 .debug_str     0x00000a94       0x46 ./src/dietlibc-0.34/lib/strlen.o
                                0x203 (size before relaxing)
 .debug_str     0x00000ada       0x3f ./src/dietlibc-0.34/lib/strstr.o
                                0x1ee (size before relaxing)
 .debug_str     0x00000b19       0x3a ./src/dietlibc-0.34/lib/strtol.o
                                0x1f0 (size before relaxing)
 .debug_str     0x00000b53       0x3b ./src/dietlibc-0.34/lib/strtoul.o
                                0x202 (size before relaxing)
 .debug_str     0x00000b8e       0x41 ./src/dietlibc-0.34/lib/tcflush.o
                                0x160 (size before relaxing)
 .debug_str     0x00000bcf       0x36 ./src/dietlibc-0.34/lib/tcgetattr.o
                                0x237 (size before relaxing)
 .debug_str     0x00000c05       0x40 ./src/dietlibc-0.34/lib/tcsetattr.o
                                0x248 (size before relaxing)
 .debug_str     0x00000c45      0x27a ./src/dietlibc-0.34/stackgap-g.o
                                0x485 (size before relaxing)
 .debug_str     0x00000ebf       0x3a ./src/__main.o
                                0x1e6 (size before relaxing)
 .debug_str     0x00000ef9       0x19 ./src/heap_stack.o
                                0x14c (size before relaxing)
 .debug_str     0x00000f12       0xd7 ./src/receive.o
                                0x2bf (size before relaxing)
 .debug_str     0x00000fe9       0x64 ./src/reloc.o
                                0x19f (size before relaxing)
 .debug_str     0x0000104d      0x121 ./src/serial.o
                                0x341 (size before relaxing)

.comment        0x00000000       0x70
 .comment       0x00000000       0x70 ./src/dietlibc-0.34/libstdio/fflush.o
                                 0x71 (size before relaxing)
 .comment       0x00000000       0x71 ./src/dietlibc-0.34/libstdio/fputc_unlocked.o
 .comment       0x00000000       0x71 ./src/dietlibc-0.34/libstdio/fwrite.o
 .comment       0x00000000       0x71 ./src/dietlibc-0.34/libstdio/printf.o
 .comment       0x00000000       0x71 ./src/dietlibc-0.34/libstdio/stderr.o
 .comment       0x00000000       0x71 ./src/dietlibc-0.34/libstdio/stdin.o
 .comment       0x00000000       0x71 ./src/dietlibc-0.34/libstdio/stdout.o
 .comment       0x00000000       0x71 ./src/dietlibc-0.34/libstdio/vprintf.o
 .comment       0x00000000       0x71 ./src/dietlibc-0.34/lib/__ltostr.o
 .comment       0x00000000       0x71 ./src/dietlibc-0.34/lib/__v_printf.o
 .comment       0x00000000       0x71 ./src/dietlibc-0.34/lib/atexit.o
 .comment       0x00000000       0x71 ./src/dietlibc-0.34/lib/atol.o
 .comment       0x00000000       0x71 ./src/dietlibc-0.34/lib/cfsetispeed.o
 .comment       0x00000000       0x71 ./src/dietlibc-0.34/lib/errlistu.o
 .comment       0x00000000       0x71 ./src/dietlibc-0.34/lib/errno_location.o
 .comment       0x00000000       0x71 ./src/dietlibc-0.34/lib/getenv.o
 .comment       0x00000000       0x71 ./src/dietlibc-0.34/lib/isalnum.o
 .comment       0x00000000       0x71 ./src/dietlibc-0.34/lib/isatty.o
 .comment       0x00000000       0x71 ./src/dietlibc-0.34/lib/isspace.o
 .comment       0x00000000       0x71 ./src/dietlibc-0.34/lib/isxdigit.o
 .comment       0x00000000       0x71 ./src/dietlibc-0.34/lib/memcmp.o
 .comment       0x00000000       0x71 ./src/dietlibc-0.34/lib/memcpy.o
 .comment       0x00000000       0x71 ./src/dietlibc-0.34/lib/memmove.o
 .comment       0x00000000       0x71 ./src/dietlibc-0.34/lib/memset.o
 .comment       0x00000000       0x71 ./src/dietlibc-0.34/lib/perror.o
 .comment       0x00000000       0x71 ./src/dietlibc-0.34/lib/sigjmp.o
 .comment       0x00000000       0x71 ./src/dietlibc-0.34/lib/sigprocmask.o
 .comment       0x00000000       0x71 ./src/dietlibc-0.34/lib/sleep.o
 .comment       0x00000000       0x71 ./src/dietlibc-0.34/lib/strlen.o
 .comment       0x00000000       0x71 ./src/dietlibc-0.34/lib/strstr.o
 .comment       0x00000000       0x71 ./src/dietlibc-0.34/lib/strtol.o
 .comment       0x00000000       0x71 ./src/dietlibc-0.34/lib/strtoul.o
 .comment       0x00000000       0x71 ./src/dietlibc-0.34/lib/tcflush.o
 .comment       0x00000000       0x71 ./src/dietlibc-0.34/lib/tcgetattr.o
 .comment       0x00000000       0x71 ./src/dietlibc-0.34/lib/tcsetattr.o
 .comment       0x00000000       0x71 ./src/dietlibc-0.34/stackgap-g.o
 .comment       0x00000000       0x71 ./src/__main.o
 .comment       0x00000000       0x71 ./src/heap_stack.o
 .comment       0x00000000       0x71 ./src/receive.o
 .comment       0x00000000       0x71 ./src/reloc.o
 .comment       0x00000000       0x71 ./src/serial.o

.ARM.attributes
                0x00000000       0x31
 .ARM.attributes
                0x00000000       0x33 ./src/dietlibc-0.34/libstdio/fflush.o
 .ARM.attributes
                0x00000033       0x33 ./src/dietlibc-0.34/libstdio/fputc_unlocked.o
 .ARM.attributes
                0x00000066       0x33 ./src/dietlibc-0.34/libstdio/fwrite.o
 .ARM.attributes
                0x00000099       0x33 ./src/dietlibc-0.34/libstdio/printf.o
 .ARM.attributes
                0x000000cc       0x33 ./src/dietlibc-0.34/libstdio/stderr.o
 .ARM.attributes
                0x000000ff       0x33 ./src/dietlibc-0.34/libstdio/stdin.o
 .ARM.attributes
                0x00000132       0x33 ./src/dietlibc-0.34/libstdio/stdout.o
 .ARM.attributes
                0x00000165       0x33 ./src/dietlibc-0.34/libstdio/vprintf.o
 .ARM.attributes
                0x00000198       0x33 ./src/dietlibc-0.34/lib/__ltostr.o
 .ARM.attributes
                0x000001cb       0x33 ./src/dietlibc-0.34/lib/__v_printf.o
 .ARM.attributes
                0x000001fe       0x33 ./src/dietlibc-0.34/lib/atexit.o
 .ARM.attributes
                0x00000231       0x33 ./src/dietlibc-0.34/lib/atol.o
 .ARM.attributes
                0x00000264       0x33 ./src/dietlibc-0.34/lib/cfsetispeed.o
 .ARM.attributes
                0x00000297       0x33 ./src/dietlibc-0.34/lib/errlistu.o
 .ARM.attributes
                0x000002ca       0x33 ./src/dietlibc-0.34/lib/errno_location.o
 .ARM.attributes
                0x000002fd       0x33 ./src/dietlibc-0.34/lib/getenv.o
 .ARM.attributes
                0x00000330       0x33 ./src/dietlibc-0.34/lib/isalnum.o
 .ARM.attributes
                0x00000363       0x33 ./src/dietlibc-0.34/lib/isatty.o
 .ARM.attributes
                0x00000396       0x33 ./src/dietlibc-0.34/lib/isspace.o
 .ARM.attributes
                0x000003c9       0x33 ./src/dietlibc-0.34/lib/isxdigit.o
 .ARM.attributes
                0x000003fc       0x33 ./src/dietlibc-0.34/lib/memcmp.o
 .ARM.attributes
                0x0000042f       0x33 ./src/dietlibc-0.34/lib/memcpy.o
 .ARM.attributes
                0x00000462       0x33 ./src/dietlibc-0.34/lib/memmove.o
 .ARM.attributes
                0x00000495       0x33 ./src/dietlibc-0.34/lib/memset.o
 .ARM.attributes
                0x000004c8       0x33 ./src/dietlibc-0.34/lib/perror.o
 .ARM.attributes
                0x000004fb       0x33 ./src/dietlibc-0.34/lib/sigjmp.o
 .ARM.attributes
                0x0000052e       0x33 ./src/dietlibc-0.34/lib/sigprocmask.o
 .ARM.attributes
                0x00000561       0x33 ./src/dietlibc-0.34/lib/sleep.o
 .ARM.attributes
                0x00000594       0x33 ./src/dietlibc-0.34/lib/strlen.o
 .ARM.attributes
                0x000005c7       0x33 ./src/dietlibc-0.34/lib/strstr.o
 .ARM.attributes
                0x000005fa       0x33 ./src/dietlibc-0.34/lib/strtol.o
 .ARM.attributes
                0x0000062d       0x33 ./src/dietlibc-0.34/lib/strtoul.o
 .ARM.attributes
                0x00000660       0x33 ./src/dietlibc-0.34/lib/tcflush.o
 .ARM.attributes
                0x00000693       0x33 ./src/dietlibc-0.34/lib/tcgetattr.o
 .ARM.attributes
                0x000006c6       0x33 ./src/dietlibc-0.34/lib/tcsetattr.o
 .ARM.attributes
                0x000006f9       0x21 ./src/dietlibc-0.34/arm/arm_set_tls.o
 .ARM.attributes
                0x0000071a       0x21 ./src/dietlibc-0.34/arm/dyn_syscalls.o
 .ARM.attributes
                0x0000073b       0x21 ./src/dietlibc-0.34/arm/start.o
 .ARM.attributes
                0x0000075c       0x33 ./src/dietlibc-0.34/stackgap-g.o
 .ARM.attributes
                0x0000078f       0x33 ./src/__main.o
 .ARM.attributes
                0x000007c2       0x33 ./src/heap_stack.o
 .ARM.attributes
                0x000007f5       0x33 ./src/receive.o
 .ARM.attributes
                0x00000828       0x33 ./src/reloc.o
 .ARM.attributes
                0x0000085b       0x33 ./src/serial.o
 .ARM.attributes
                0x0000088e       0x21 ./src/start.o

.debug_frame    0x00000000      0xb28
 .debug_frame   0x00000000       0x9c ./src/dietlibc-0.34/libstdio/fflush.o
 .debug_frame   0x0000009c       0x34 ./src/dietlibc-0.34/libstdio/fputc_unlocked.o
 .debug_frame   0x000000d0       0x38 ./src/dietlibc-0.34/libstdio/fwrite.o
 .debug_frame   0x00000108       0x4c ./src/dietlibc-0.34/libstdio/printf.o
 .debug_frame   0x00000154       0x2c ./src/dietlibc-0.34/libstdio/stderr.o
 .debug_frame   0x00000180       0x48 ./src/dietlibc-0.34/libstdio/stdin.o
 .debug_frame   0x000001c8       0x2c ./src/dietlibc-0.34/libstdio/stdout.o
 .debug_frame   0x000001f4       0x58 ./src/dietlibc-0.34/libstdio/vprintf.o
 .debug_frame   0x0000024c       0x34 ./src/dietlibc-0.34/lib/__ltostr.o
 .debug_frame   0x00000280       0x84 ./src/dietlibc-0.34/lib/__v_printf.o
 .debug_frame   0x00000304       0x58 ./src/dietlibc-0.34/lib/atexit.o
 .debug_frame   0x0000035c       0x38 ./src/dietlibc-0.34/lib/atol.o
 .debug_frame   0x00000394       0x34 ./src/dietlibc-0.34/lib/cfsetispeed.o
 .debug_frame   0x000003c8       0x30 ./src/dietlibc-0.34/lib/errno_location.o
 .debug_frame   0x000003f8       0x34 ./src/dietlibc-0.34/lib/getenv.o
 .debug_frame   0x0000042c       0x38 ./src/dietlibc-0.34/lib/isalnum.o
 .debug_frame   0x00000464       0x34 ./src/dietlibc-0.34/lib/isatty.o
 .debug_frame   0x00000498       0x38 ./src/dietlibc-0.34/lib/isspace.o
 .debug_frame   0x000004d0       0x38 ./src/dietlibc-0.34/lib/isxdigit.o
 .debug_frame   0x00000508       0x40 ./src/dietlibc-0.34/lib/memcmp.o
 .debug_frame   0x00000548       0x38 ./src/dietlibc-0.34/lib/memcpy.o
 .debug_frame   0x00000580       0x38 ./src/dietlibc-0.34/lib/memmove.o
 .debug_frame   0x000005b8       0x38 ./src/dietlibc-0.34/lib/memset.o
 .debug_frame   0x000005f0       0x34 ./src/dietlibc-0.34/lib/perror.o
 .debug_frame   0x00000624       0x34 ./src/dietlibc-0.34/lib/sigjmp.o
 .debug_frame   0x00000658       0x34 ./src/dietlibc-0.34/lib/sigprocmask.o
 .debug_frame   0x0000068c       0x34 ./src/dietlibc-0.34/lib/sleep.o
 .debug_frame   0x000006c0       0x3c ./src/dietlibc-0.34/lib/strlen.o
 .debug_frame   0x000006fc       0x34 ./src/dietlibc-0.34/lib/strstr.o
 .debug_frame   0x00000730       0x34 ./src/dietlibc-0.34/lib/strtol.o
 .debug_frame   0x00000764       0x38 ./src/dietlibc-0.34/lib/strtoul.o
 .debug_frame   0x0000079c       0x34 ./src/dietlibc-0.34/lib/tcflush.o
 .debug_frame   0x000007d0       0x34 ./src/dietlibc-0.34/lib/tcgetattr.o
 .debug_frame   0x00000804       0x34 ./src/dietlibc-0.34/lib/tcsetattr.o
 .debug_frame   0x00000838       0xd0 ./src/dietlibc-0.34/stackgap-g.o
 .debug_frame   0x00000908       0x30 ./src/__main.o
 .debug_frame   0x00000938       0xa8 ./src/receive.o
 .debug_frame   0x000009e0       0x38 ./src/reloc.o
 .debug_frame   0x00000a18      0x110 ./src/serial.o

Cross Reference Table

Symbol                                            File
MD5Init                                           ./src/dietlibc-0.34/arm/md5asm.o
MD5Update                                         ./src/dietlibc-0.34/arm/md5asm.o
_DYNAMIC                                          ./src/dietlibc-0.34/profiling/__mcount.o
_GLOBAL_OFFSET_TABLE_                             ./src/dietlibc-0.34/profiling/__mcount.o
__aeabi_d2f                                       ./src/dietlibc-0.34/lib/strtof.o
__aeabi_d2iz                                      ./src/dietlibc-0.34/lib/__dtostr.o
                                                  ./src/dietlibc-0.34/libm/pow.o
                                                  ./src/dietlibc-0.34/libm/gamma.o
__aeabi_d2uiz                                     ./src/dietlibc-0.34/libm/erf.o
__aeabi_dadd                                      ./src/dietlibc-0.34/lib/strtold.o
                                                  ./src/dietlibc-0.34/lib/strtod.o
                                                  ./src/dietlibc-0.34/lib/rand48.o
                                                  ./src/dietlibc-0.34/lib/__dtostr.o
                                                  ./src/dietlibc-0.34/libm/tanh.o
                                                  ./src/dietlibc-0.34/libm/rint.o
                                                  ./src/dietlibc-0.34/libm/poly.o
                                                  ./src/dietlibc-0.34/libm/gamma.o
                                                  ./src/dietlibc-0.34/libm/erf.o
                                                  ./src/dietlibc-0.34/libm/cosh.o
                                                  ./src/dietlibc-0.34/libm/bessel.o
                                                  ./src/dietlibc-0.34/libm/atanh.o
                                                  ./src/dietlibc-0.34/libm/asinh.o
                                                  ./src/dietlibc-0.34/libm/acosh.o
__aeabi_dcmpeq                                    ./src/dietlibc-0.34/lib/__dtostr.o
                                                  ./src/dietlibc-0.34/libm/pow.o
                                                  ./src/dietlibc-0.34/libm/gamma.o
__aeabi_dcmpge                                    ./src/dietlibc-0.34/libm/bessel.o
__aeabi_dcmpgt                                    ./src/dietlibc-0.34/lib/__dtostr.o
                                                  ./src/dietlibc-0.34/libm/pow.o
__aeabi_dcmplt                                    ./src/dietlibc-0.34/lib/__dtostr.o
                                                  ./src/dietlibc-0.34/libm/erf.o
__aeabi_ddiv                                      ./src/dietlibc-0.34/lib/rand48.o
                                                  ./src/dietlibc-0.34/lib/__dtostr.o
                                                  ./src/dietlibc-0.34/libm/tanh.o
                                                  ./src/dietlibc-0.34/libm/sinh.o
                                                  ./src/dietlibc-0.34/libm/pow.o
                                                  ./src/dietlibc-0.34/libm/ipow.o
                                                  ./src/dietlibc-0.34/libm/gamma.o
                                                  ./src/dietlibc-0.34/libm/erf.o
                                                  ./src/dietlibc-0.34/libm/cosh.o
                                                  ./src/dietlibc-0.34/libm/bessel.o
                                                  ./src/dietlibc-0.34/libm/atanh.o
__aeabi_dmul                                      ./src/dietlibc-0.34/lib/strtold.o
                                                  ./src/dietlibc-0.34/lib/strtof.o
                                                  ./src/dietlibc-0.34/lib/strtod.o
                                                  ./src/dietlibc-0.34/lib/__dtostr.o
                                                  ./src/dietlibc-0.34/libm/sinh.o
                                                  ./src/dietlibc-0.34/libm/pow.o
                                                  ./src/dietlibc-0.34/libm/poly.o
                                                  ./src/dietlibc-0.34/libm/ipow.o
                                                  ./src/dietlibc-0.34/libm/gamma.o
                                                  ./src/dietlibc-0.34/libm/erf.o
                                                  ./src/dietlibc-0.34/libm/cosh.o
                                                  ./src/dietlibc-0.34/libm/bessel.o
                                                  ./src/dietlibc-0.34/libm/atanh.o
                                                  ./src/dietlibc-0.34/libm/asinh.o
                                                  ./src/dietlibc-0.34/libm/acosh.o
__aeabi_dsub                                      ./src/dietlibc-0.34/lib/__dtostr.o
                                                  ./src/dietlibc-0.34/libm/tanh.o
                                                  ./src/dietlibc-0.34/libm/sinh.o
                                                  ./src/dietlibc-0.34/libm/modf.o
                                                  ./src/dietlibc-0.34/libm/gamma.o
                                                  ./src/dietlibc-0.34/libm/erf.o
                                                  ./src/dietlibc-0.34/libm/bessel.o
                                                  ./src/dietlibc-0.34/libm/atanh.o
                                                  ./src/dietlibc-0.34/libm/acosh.o
__aeabi_f2d                                       ./src/dietlibc-0.34/lib/strtof.o
                                                  ./src/dietlibc-0.34/libm/sinh.o
                                                  ./src/dietlibc-0.34/libm/cosh.o
                                                  ./src/dietlibc-0.34/libm/atanh.o
__aeabi_fadd                                      ./src/dietlibc-0.34/lib/strtof.o
__aeabi_fmul                                      ./src/dietlibc-0.34/lib/strtof.o
__aeabi_i2d                                       ./src/dietlibc-0.34/lib/strtold.o
                                                  ./src/dietlibc-0.34/lib/strtod.o
                                                  ./src/dietlibc-0.34/lib/rand48.o
                                                  ./src/dietlibc-0.34/lib/__dtostr.o
                                                  ./src/dietlibc-0.34/libm/pow.o
                                                  ./src/dietlibc-0.34/libm/gamma.o
                                                  ./src/dietlibc-0.34/libm/bessel.o
__aeabi_i2f                                       ./src/dietlibc-0.34/lib/strtof.o
__aeabi_ldivmod                                   ./src/dietlibc-0.34/lib/lldiv.o
__aeabi_read_tp                                   ./src/dietlibc-0.34/arm/__aeabi_read_tp.o
__aeabi_ui2d                                      ./src/dietlibc-0.34/libm/erf.o
__aeabi_uldivmod                                  ./src/dietlibc-0.34/lib/hsearch_r.o
__aeabi_unwind_cpp_pr0                            ./src/dietlibc-0.34/arm/__aeabi_unwind_cpp.o
__aeabi_unwind_cpp_pr1                            ./src/dietlibc-0.34/arm/__aeabi_unwind_cpp.o
__aeabi_unwind_cpp_pr2                            ./src/dietlibc-0.34/arm/__aeabi_unwind_cpp.o
__app_start_addr__                                ./src/__main.o
__arm_fadvise64_64                                ./src/dietlibc-0.34/arm/arm_fadvise.o
                                                  ./src/dietlibc-0.34/arm/__fadvise.o
__arm_set_tls                                     ./src/dietlibc-0.34/arm/arm_set_tls.o
                                                  ./src/dietlibc-0.34/stackgap-g.o
__assert_fail                                     ./src/dietlibc-0.34/lib/assert_fail.o
__binsh                                           ./src/dietlibc-0.34/lib/binshstr.o
__bss_start__                                     ./src/start.o
__clone                                           ./src/dietlibc-0.34/arm/dyn_syscalls.o
__curbrk                                          ./src/dietlibc-0.34/lib/_brk.o
                                                  ./src/dietlibc-0.34/lib/sbrk.o
__data_end__                                      ./src/start.o
__data_start__                                    ./src/start.o
__diet_brk                                        ./src/dietlibc-0.34/arm/dyn_syscalls.o
                                                  ./src/dietlibc-0.34/lib/_brk.o
__diet_ptrace                                     ./src/dietlibc-0.34/arm/dyn_syscalls.o
                                                  ./src/dietlibc-0.34/lib/__ptrace.o
__dietlibc_fcntl64                                ./src/dietlibc-0.34/arm/dyn_syscalls.o
                                                  ./src/dietlibc-0.34/lib/__fcntl64.o
__dietlibc_fstat64                                ./src/dietlibc-0.34/arm/dyn_syscalls.o
                                                  ./src/dietlibc-0.34/lib/__fstat64.o
__dietlibc_fstatfs64                              ./src/dietlibc-0.34/arm/dyn_syscalls.o
                                                  ./src/dietlibc-0.34/lib/__fstatfs64.o
__dietlibc_ftruncate64                            ./src/dietlibc-0.34/arm/dyn_syscalls.o
                                                  ./src/dietlibc-0.34/lib/__ftruncate64.o
__dietlibc_ftruncate64_syscall                    ./src/dietlibc-0.34/arm/dyn_syscalls.o
__dietlibc_lstat64                                ./src/dietlibc-0.34/arm/dyn_syscalls.o
                                                  ./src/dietlibc-0.34/lib/__lstat64.o
__dietlibc_sendfile64                             ./src/dietlibc-0.34/arm/dyn_syscalls.o
                                                  ./src/dietlibc-0.34/lib/__sendfile64.o
__dietlibc_stat64                                 ./src/dietlibc-0.34/arm/dyn_syscalls.o
                                                  ./src/dietlibc-0.34/lib/__stat64.o
__dietlibc_statfs64                               ./src/dietlibc-0.34/arm/dyn_syscalls.o
                                                  ./src/dietlibc-0.34/lib/__statfs64.o
__dietlibc_truncate64                             ./src/dietlibc-0.34/arm/dyn_syscalls.o
                                                  ./src/dietlibc-0.34/lib/__truncate64.o
__dietlibc_truncate64_syscall                     ./src/dietlibc-0.34/arm/dyn_syscalls.o
__dtostr                                          ./src/dietlibc-0.34/lib/__dtostr.o
__emutls_get_address                              ./src/dietlibc-0.34/lib/tss_delete.o
                                                  ./src/dietlibc-0.34/lib/tss_create.o
                                                  ./src/dietlibc-0.34/lib/thrd_exit.o
__emutls_v.tss_dtor_list                          ./src/dietlibc-0.34/lib/thrd_exit.o
                                                  ./src/dietlibc-0.34/lib/tss_delete.o
                                                  ./src/dietlibc-0.34/lib/tss_create.o
__environ                                         ./src/dietlibc-0.34/arm/dyn_syscalls.o
__errno_location                                  ./src/dietlibc-0.34/lib/errno_location.o
                                                  ./src/serial.o
                                                  ./src/dietlibc-0.34/arm/dyn_syscalls.o
                                                  ./src/dietlibc-0.34/lib/wcsrtombs.o
                                                  ./src/dietlibc-0.34/lib/thrd_join.o
                                                  ./src/dietlibc-0.34/lib/tcsetattr.o
                                                  ./src/dietlibc-0.34/lib/tcsendbreak.o