Archive member included because of file (symbol)

D:\Project\MyProject1\mkrtos_real\mkrtos_sdk\Debug\libmkrtos_sdk.a(printf.o)
                              ./src/receive.o (printf)
D:\Project\MyProject1\mkrtos_real\mkrtos_sdk\Debug\libmkrtos_sdk.a(vprintf.o)
                              D:\Project\MyProject1\mkrtos_real\mkrtos_sdk\Debug\libmkrtos_sdk.a(printf.o) (vprintf)
D:\Project\MyProject1\mkrtos_real\mkrtos_sdk\Debug\libmkrtos_sdk.a(__v_printf.o)
                              D:\Project\MyProject1\mkrtos_real\mkrtos_sdk\Debug\libmkrtos_sdk.a(vprintf.o) (__v_printf)
D:\Project\MyProject1\mkrtos_real\mkrtos_sdk\Debug\libmkrtos_sdk.a(atexit.o)
                              ./src/receive.o (exit)
D:\Project\MyProject1\mkrtos_real\mkrtos_sdk\Debug\libmkrtos_sdk.a(atol.o)
                              ./src/receive.o (atoi)
D:\Project\MyProject1\mkrtos_real\mkrtos_sdk\Debug\libmkrtos_sdk.a(cfsetispeed.o)
                              ./src/serial.o (cfsetispeed)
D:\Project\MyProject1\mkrtos_real\mkrtos_sdk\Debug\libmkrtos_sdk.a(errno_location.o)
                              ./src/serial.o (__errno_location)
D:\Project\MyProject1\mkrtos_real\mkrtos_sdk\Debug\libmkrtos_sdk.a(perror.o)
                              ./src/receive.o (perror)
D:\Project\MyProject1\mkrtos_real\mkrtos_sdk\Debug\libmkrtos_sdk.a(sleep.o)
                              ./src/receive.o (sleep)
D:\Project\MyProject1\mkrtos_real\mkrtos_sdk\Debug\libmkrtos_sdk.a(strlen.o)
                              ./src/receive.o (strlen)
D:\Project\MyProject1\mkrtos_real\mkrtos_sdk\Debug\libmkrtos_sdk.a(strtol.o)
                              D:\Project\MyProject1\mkrtos_real\mkrtos_sdk\Debug\libmkrtos_sdk.a(__v_printf.o) (strtol)
D:\Project\MyProject1\mkrtos_real\mkrtos_sdk\Debug\libmkrtos_sdk.a(strtoul.o)
                              D:\Project\MyProject1\mkrtos_real\mkrtos_sdk\Debug\libmkrtos_sdk.a(__v_printf.o) (strtoul)
D:\Project\MyProject1\mkrtos_real\mkrtos_sdk\Debug\libmkrtos_sdk.a(tcflush.o)
                              ./src/serial.o (tcflush)
D:\Project\MyProject1\mkrtos_real\mkrtos_sdk\Debug\libmkrtos_sdk.a(tcgetattr.o)
                              ./src/serial.o (tcgetattr)
D:\Project\MyProject1\mkrtos_real\mkrtos_sdk\Debug\libmkrtos_sdk.a(tcsetattr.o)
                              ./src/serial.o (tcsetattr)
D:\Project\MyProject1\mkrtos_real\mkrtos_sdk\Debug\libmkrtos_sdk.a(dyn_syscalls.o)
                              D:\Project\MyProject1\mkrtos_real\mkrtos_sdk\Debug\libmkrtos_sdk.a(errno_location.o) (errno)
D:\Project\MyProject1\mkrtos_real\mkrtos_sdk\Debug\libmkrtos_sdk.a(start.o)
                              D:\Project\MyProject1\mkrtos_real\mkrtos_sdk\Debug\libmkrtos_sdk.a(atexit.o) (_exit)
D:\Project\MyProject1\mkrtos_real\mkrtos_sdk\Debug\libmkrtos_sdk.a(stackgap-g.o)
                              D:\Project\MyProject1\mkrtos_real\mkrtos_sdk\Debug\libmkrtos_sdk.a(start.o) (stackgap)
D:\Project\MyProject1\mkrtos_real\mkrtos_sdk\Debug\libmkrtos_sdk.a(start.o)
                              (_start_)
D:\Project\MyProject1\mkrtos_real\mkrtos_sdk\Debug\libmkrtos_sdk.a(__ltostr.o)
                              D:\Project\MyProject1\mkrtos_real\mkrtos_sdk\Debug\libmkrtos_sdk.a(__v_printf.o) (__ltostr)
D:\Project\MyProject1\mkrtos_real\mkrtos_sdk\Debug\libmkrtos_sdk.a(errlistu.o)
                              D:\Project\MyProject1\mkrtos_real\mkrtos_sdk\Debug\libmkrtos_sdk.a(perror.o) (__sys_err_unknown)
D:\Project\MyProject1\mkrtos_real\mkrtos_sdk\Debug\libmkrtos_sdk.a(getenv.o)
                              D:\Project\MyProject1\mkrtos_real\mkrtos_sdk\Debug\libmkrtos_sdk.a(stackgap-g.o) (getenv)
D:\Project\MyProject1\mkrtos_real\mkrtos_sdk\Debug\libmkrtos_sdk.a(isalnum.o)
                              D:\Project\MyProject1\mkrtos_real\mkrtos_sdk\Debug\libmkrtos_sdk.a(strtol.o) (isalnum)
D:\Project\MyProject1\mkrtos_real\mkrtos_sdk\Debug\libmkrtos_sdk.a(isspace.o)
                              D:\Project\MyProject1\mkrtos_real\mkrtos_sdk\Debug\libmkrtos_sdk.a(strtol.o) (isspace)
D:\Project\MyProject1\mkrtos_real\mkrtos_sdk\Debug\libmkrtos_sdk.a(isxdigit.o)
                              D:\Project\MyProject1\mkrtos_real\mkrtos_sdk\Debug\libmkrtos_sdk.a(strtoul.o) (isxdigit)
D:\Project\MyProject1\mkrtos_real\mkrtos_sdk\Debug\libmkrtos_sdk.a(memcmp.o)
                              D:\Project\MyProject1\mkrtos_real\mkrtos_sdk\Debug\libmkrtos_sdk.a(getenv.o) (memcmp)
D:\Project\MyProject1\mkrtos_real\mkrtos_sdk\Debug\libmkrtos_sdk.a(memcpy.o)
                              D:\Project\MyProject1\mkrtos_real\mkrtos_sdk\Debug\libmkrtos_sdk.a(stackgap-g.o) (memcpy)
D:\Project\MyProject1\mkrtos_real\mkrtos_sdk\Debug\libmkrtos_sdk.a(memmove.o)
                              D:\Project\MyProject1\mkrtos_real\mkrtos_sdk\Debug\libmkrtos_sdk.a(__ltostr.o) (memmove)
D:\Project\MyProject1\mkrtos_real\mkrtos_sdk\Debug\libmkrtos_sdk.a(memset.o)
[...]
Memory Configuration

Name             Origin             Length             Attributes
*default*        0x00000000         0xffffffff

Linker script and memory map

LOAD ./src/heap_stack.o
LOAD ./src/receive.o
LOAD ./src/serial.o
LOAD D:\Project\MyProject1\mkrtos_real\mkrtos_sdk\Debug\libmkrtos_sdk.a
                0x00000100                _system_stack_size = 0x100

.text           0x00000000     0x26ec
                0x00000000                . = ALIGN (0x4)
                0x00000000                __text_start__ = .
 *(.first)
 .first         0x00000000       0xf4 D:\Project\MyProject1\mkrtos_real\mkrtos_sdk\Debug\libmkrtos_sdk.a(start.o)
                0x00000000                _start_
 *(.text)
 .text          0x000000f4     0x1260 D:\Project\MyProject1\mkrtos_real\mkrtos_sdk\Debug\libmkrtos_sdk.a(dyn_syscalls.o)
                0x000000f4                __unified_syscall4
                0x000000f8                __unified_syscall
                0x00000118                __nop
                0x00000118                __fflush_stdin
                0x00000118                __you_tried_to_link_a_dietlibc_object_against_glibc
                0x00000118                funlockfile
                0x00000118                __fflush_stderr
                0x00000118                __thread_doexit
                0x00000118                flockfile
                0x00000118                __fflush_stdout
                0x00000118                ftrylockfile
                0x0000011c                __libc_waitpid
                0x0000011c                waitpid
                0x00000124                select
                0x00000124                __libc_select
                0x00000140                __libc_pread64
                0x00000140                pread64
                0x00000150                __libc_pwrite64
                0x00000150                pwrite64
                0x00000160                __reboot
                0x00000170                access
                0x00000180                adjtimex
                0x00000190                __diet_brk
                0x000001a0                chdir
                0x000001b0                chmod
                0x000001c0                chown
                0x000001d0                chroot
                0x000001e0                close
                0x000001e0                __libc_close
                0x000001f0                dup
                0x00000200                dup2
                0x00000210                execve
                0x00000220                fchdir
                0x00000230                fchmod
                0x00000240                fchown
                0x00000250                __libc_fcntl
                0x00000250                fcntl
                0x00000260                flock
                0x00000270                __libc_fork
                0x00000270                fork
                0x00000280                fstat
                0x00000290                __dietlibc_fstat64
                0x000002a0                fstatfs
                0x000002b0                fsync
                0x000002b0                __libc_fsync
                0x000002c0                ftruncate
                0x000002d0                __syscall_getcwd
                0x000002e0                getdents
                0x000002f0                getdents64
                0x00000300                getegid
                0x00000310                geteuid
                0x00000320                getgid
                0x00000330                getgroups
                0x00000340                getitimer
                0x00000350                getpgid
                0x00000360                getpid
                0x00000370                getppid
                0x00000380                __syscall_getpriority
                0x00000390                getresgid
                0x000003a0                getresuid
                0x000003b0                getrlimit
                0x000003c0                getrusage
                0x000003d0                getsid
                0x000003e0                gettimeofday
                0x000003f0                settimeofday
                0x00000400                getuid
                0x00000410                ioctl
                0x00000420                kill
                0x00000430                lchown
                0x00000440                link
                0x00000450                llseek
                0x00000450                _llseek
                0x0000046c                __libc_lseek
                0x0000046c                lseek
                0x0000047c                lstat
                0x0000048c                __dietlibc_lstat64
                0x0000049c                mkdir
                0x000004ac                mknod
                0x000004bc                mlock
                0x000004cc                mlockall
                0x000004dc                __mmap2
                0x000004f8                mount
                0x00000514                mprotect
                0x00000524                mremap
                0x00000534                munlockall
                0x00000544                munmap
                0x00000554                __n_sigaction
                0x00000554                __old_sigaction
                0x00000564                __old_sigpending
                0x00000564                __n_sigpending
                0x00000574                __n_sigprocmask
                0x00000574                __old_sigprocmask
                0x00000584                __old_sigsuspend
                0x00000584                __n_sigsuspend
                0x00000594                nanosleep
                0x00000594                __libc_nanosleep
                0x000005a4                open
                0x000005a4                __libc_open
                0x000005b4                pause
                0x000005b4                __libc_pause
                0x000005c4                personality
                0x000005d4                pipe
                0x000005e4                poll
                0x000005f4                init_module
                0x00000604                delete_module
                0x00000614                read
                0x00000614                __libc_read
                0x00000624                readlink
                0x00000634                readv
                0x00000644                rename
                0x00000654                rmdir
                0x00000664                __rt_sigaction
                0x00000674                __rt_sigpending
                0x00000684                __rt_sigprocmask
                0x00000694                __rt_sigqueueinfo
                0x000006a4                __rt_sigsuspend
                0x000006b4                __rt_sigtimedwait
                0x000006c4                __syscall_sched_getaffinity
                0x000006d4                sched_setaffinity
                0x000006e4                sched_get_priority_max
                0x000006f4                sched_get_priority_min
                0x00000704                sched_getparam
                0x00000714                sched_getscheduler
                0x00000724                sched_rr_get_interval
                0x00000734                sched_setparam
                0x00000744                sched_setscheduler
                0x00000754                sched_yield
                0x00000764                sendfile
                0x00000764                __libc_sendfile
                0x00000774                __dietlibc_sendfile64
                0x00000784                setdomainname
                0x00000794                setfsgid
                0x000007a4                setfsuid
                0x000007b4                setgid
                0x000007c4                setgroups
                0x000007d4                sethostname
                0x000007e4                setitimer
                0x000007f4                setpgid
                0x00000804                setpriority
                0x00000814                setregid
                0x00000824                setresgid
                0x00000834                setresuid
                0x00000844                setreuid
                0x00000854                setrlimit
                0x00000864                setsid
                0x00000874                setuid
                0x00000884                sigaltstack
                0x00000884                __sigaltstack
                0x00000894                stat
                0x000008a4                __dietlibc_stat64
                0x000008b4                statfs
                0x000008c4                swapoff
                0x000008d4                swapon
                0x000008e4                symlink
                0x000008f4                sync
                0x00000904                _sysctl
                0x00000914                sysinfo
                0x00000924                __syscall_syslog
                0x00000924                klogctl
                0x00000934                sysfs
                0x00000944                times
                0x00000954                truncate
                0x00000964                umask
                0x00000974                umount2
                0x00000984                uname
                0x00000994                unlink
                0x000009a4                vhangup
                0x000009b4                wait4
                0x000009c4                __libc_write
                0x000009c4                write
                0x000009d4                writev
                0x000009e4                __libc_msync
                0x000009e4                msync
                0x000009f4                capget
                0x00000a04                capset
                0x00000a14                __libc_chown32
                0x00000a14                chown32
                0x00000a24                __libc_fchown32
                0x00000a24                fchown32
                0x00000a34                getegid32
                0x00000a34                __libc_getegid32
                0x00000a44                __libc_geteuid32
                0x00000a44                geteuid32
                0x00000a54                getgid32
                0x00000a54                __libc_getgid32
                0x00000a64                getgroups32
                0x00000a64                __libc_getgroups32
                0x00000a74                __libc_getresgid32
                0x00000a74                getresgid32
                0x00000a84                getuid32
                0x00000a84                __libc_getuid32
                0x00000a94                __libc_lchown32
                0x00000a94                lchown32
                0x00000aa4                setfsgid32
                0x00000aa4                __libc_setfsgid32
                0x00000ab4                setfsuid32
                0x00000ab4                __libc_setfsuid32
                0x00000ac4                setgid32
                0x00000ac4                __libc_setgid32
                0x00000ad4                __libc_setregid32
                0x00000ad4                setregid32
                0x00000ae4                __libc_setresgid32
                0x00000ae4                setresgid32
                0x00000af4                setreuid32
                0x00000af4                __libc_setreuid32
                0x00000b04                setuid32
                0x00000b04                __libc_setuid32
                0x00000b14                __diet_ptrace
                0x00000b24                __dietlibc_ftruncate64
                0x00000b24                __dietlibc_ftruncate64_syscall
                0x00000b34                __dietlibc_truncate64
                0x00000b34                __dietlibc_truncate64_syscall
                0x00000b44                ustat
                0x00000b54                epoll_create
                0x00000b64                epoll_ctl
                0x00000b74                epoll_wait
                0x00000b84                __dietlibc_fcntl64
                0x00000b94                timer_create
                0x00000ba4                timer_settime
                0x00000bb4                timer_gettime
                0x00000bc4                timer_getoverrun
                0x00000bd4                timer_delete
                0x00000be4                clock_settime
                0x00000bf4                clock_gettime
                0x00000c04                clock_getres
                0x00000c14                clock_nanosleep
                0x00000c24                mq_setattr
                0x00000c34                mq_notify
                0x00000c44                mq_open
                0x00000c54                mq_timedreceive
                0x00000c70                mq_timedsend
                0x00000c80                mq_unlink
                0x00000c90                __dietlibc_statfs64
                0x00000ca0                __dietlibc_fstatfs64
                0x00000cb0                tkill
                0x00000cc0                tgkill
                0x00000cd0                set_tid_address
                0x00000ce0                set_mempolicy
                0x00000cfc                rt_sigreturn
                0x00000d0c                gettid
                0x00000d1c                remap_file_pages
                0x00000d2c                readahead
                0x00000d3c                quotactl
                0x00000d4c                mincore
                0x00000d5c                mbind
                0x00000d78                get_mempolicy
                0x00000d94                futex
                0x00000da4                vserver
                0x00000db4                request_key
                0x00000dd0                keyctl
                0x00000de0                add_key
                0x00000dfc                io_submit
                0x00000e0c                io_setup
                0x00000e1c                io_getevents
                0x00000e2c                io_destroy
                0x00000e3c                io_cancel
                0x00000e4c                inotify_rm_watch
                0x00000e5c                inotify_init
                0x00000e6c                inotify_add_watch
                0x00000e7c                setxattr
                0x00000e98                lsetxattr
                0x00000eb4                fsetxattr
                0x00000ed0                removexattr
                0x00000ee0                lremovexattr
                0x00000ef0                fremovexattr
                0x00000f00                listxattr
                0x00000f10                llistxattr
                0x00000f20                flistxattr
                0x00000f30                getxattr
                0x00000f40                lgetxattr
                0x00000f50                fgetxattr
                0x00000f60                p2c_addr
                0x00000f70                slot_reg
                0x00000f80                fork_exec
                0x00000f90                __exit
                0x00000f9c                __clone
                0x00000f9c                clone
                0x00000fac                __longjmp
                0x00000fc4                setjmp
                0x00000fc4                __setjmp
                0x00000fc8                sigsetjmp
                0x00000fc8                __sigsetjmp
 .text          0x00001354       0x2c D:\Project\MyProject1\mkrtos_real\mkrtos_sdk\Debug\libmkrtos_sdk.a(start.o)
                0x00001354                _start
                0x00001374                _exit
 .text          0x00001380       0x10 D:\Project\MyProject1\mkrtos_real\mkrtos_sdk\Debug\libmkrtos_sdk.a(arm_set_tls.o)
                0x00001380                __arm_set_tls
 *(.text.*)
 .text.update_CRC16
                0x00001390       0x22 ./src/receive.o
                0x00001390                update_CRC16
 *fill*         0x000013b2        0x2 
 .text.cal_CRC16.constprop.0
                0x000013b4       0x30 ./src/receive.o
 .text.ymodem_receive
                0x000013e4      0x27c ./src/receive.o
                0x000013e4                ymodem_receive
 .text.startup.main
                0x00001660       0x88 ./src/receive.o
                0x00001660                main
 .text.put_char
                0x000016e8       0x44 ./src/serial.o
                0x000016e8                put_char
 .text.get_bytes
                0x0000172c       0x14 ./src/serial.o
                0x0000172c                get_bytes
 .text.try_get_char
                0x00001740       0x16 ./src/serial.o
                0x00001740                try_get_char
 *fill*         0x00001756        0x2 
 .text.get_char
                0x00001758       0x38 ./src/serial.o
                0x00001758                get_char
 .text.set_serial
                0x00001790       0x7c ./src/serial.o
                0x00001790                set_serial
 .text.close_serial
                0x0000180c       0x3c ./src/serial.o
                0x0000180c                close_serial
 .text.printf   0x00001848       0x1a D:\Project\MyProject1\mkrtos_real\mkrtos_sdk\Debug\libmkrtos_sdk.a(printf.o)
                0x00001848                printf
 .text.__stdio_outs
                0x00001862       0x18 D:\Project\MyProject1\mkrtos_real\mkrtos_sdk\Debug\libmkrtos_sdk.a(vprintf.o)
                0x00001862                __stdio_outs
 *fill*         0x0000187a        0x2 
 .text.vprintf  0x0000187c       0x24 D:\Project\MyProject1\mkrtos_real\mkrtos_sdk\Debug\libmkrtos_sdk.a(vprintf.o)
                0x0000187c                vprintf
 .text.write_pad
                0x000018a0       0x7c D:\Project\MyProject1\mkrtos_real\mkrtos_sdk\Debug\libmkrtos_sdk.a(__v_printf.o)
 .text.__v_printf
                0x0000191c      0x47c D:\Project\MyProject1\mkrtos_real\mkrtos_sdk\Debug\libmkrtos_sdk.a(__v_printf.o)
                0x0000191c                __v_printf
 .text.__libc_exit
                0x00001d98       0x30 D:\Project\MyProject1\mkrtos_real\mkrtos_sdk\Debug\libmkrtos_sdk.a(atexit.o)
                0x00001d98                exit
                0x00001d98                __libc_exit
 .text.atol     0x00001dc8       0x4c D:\Project\MyProject1\mkrtos_real\mkrtos_sdk\Debug\libmkrtos_sdk.a(atol.o)
                0x00001dc8                atoi
                0x00001dc8                atol
 .text.cfsetispeed
                0x00001e14       0x4a D:\Project\MyProject1\mkrtos_real\mkrtos_sdk\Debug\libmkrtos_sdk.a(cfsetispeed.o)
                0x00001e14                cfsetispeed
 *fill*         0x00001e5e        0x2 
 .text.__errno_location
                0x00001e60       0x14 D:\Project\MyProject1\mkrtos_real\mkrtos_sdk\Debug\libmkrtos_sdk.a(errno_location.o)
                0x00001e60                __errno_location
 .text.perror   0x00001e74       0x64 D:\Project\MyProject1\mkrtos_real\mkrtos_sdk\Debug\libmkrtos_sdk.a(perror.o)
                0x00001e74                perror
 .text.sleep    0x00001ed8       0x1a D:\Project\MyProject1\mkrtos_real\mkrtos_sdk\Debug\libmkrtos_sdk.a(sleep.o)
                0x00001ed8                sleep
 *fill*         0x00001ef2        0x2 
 .text.strlen   0x00001ef4       0x64 D:\Project\MyProject1\mkrtos_real\mkrtos_sdk\Debug\libmkrtos_sdk.a(strlen.o)
                0x00001ef4                strlen
 .text.strtol   0x00001f58       0x8c D:\Project\MyProject1\mkrtos_real\mkrtos_sdk\Debug\libmkrtos_sdk.a(strtol.o)
                0x00001f58                strtol
 .text.strtoul  0x00001fe4      0x110 D:\Project\MyProject1\mkrtos_real\mkrtos_sdk\Debug\libmkrtos_sdk.a(strtoul.o)
                0x00001fe4                strtoul
 .text.__libc_tcflush
                0x000020f4        0xa D:\Project\MyProject1\mkrtos_real\mkrtos_sdk\Debug\libmkrtos_sdk.a(tcflush.o)
                0x000020f4                __libc_tcflush
                0x000020f4                tcflush
 .text.tcgetattr
                0x000020fe        0xa D:\Project\MyProject1\mkrtos_real\mkrtos_sdk\Debug\libmkrtos_sdk.a(tcgetattr.o)
                0x000020fe                tcgetattr
 .text.tcsetattr
                0x00002108       0x22 D:\Project\MyProject1\mkrtos_real\mkrtos_sdk\Debug\libmkrtos_sdk.a(tcsetattr.o)
                0x00002108                tcsetattr
 .text.find_in_auxvec
                0x0000212a       0x14 D:\Project\MyProject1\mkrtos_real\mkrtos_sdk\Debug\libmkrtos_sdk.a(stackgap-g.o)
 *fill*         0x0000213e        0x2 
 .text.__setup_tls
                0x00002140       0x20 D:\Project\MyProject1\mkrtos_real\mkrtos_sdk\Debug\libmkrtos_sdk.a(stackgap-g.o)
                0x00002140                __setup_tls
 .text.stackgap
                0x00002160      0x1cc D:\Project\MyProject1\mkrtos_real\mkrtos_sdk\Debug\libmkrtos_sdk.a(stackgap-g.o)
                0x00002160                stackgap
 .text.__ltostr
                0x0000232c       0x5e D:\Project\MyProject1\mkrtos_real\mkrtos_sdk\Debug\libmkrtos_sdk.a(__ltostr.o)
                0x0000232c                __ltostr
 *fill*         0x0000238a        0x2 
 .text.getenv   0x0000238c       0x44 D:\Project\MyProject1\mkrtos_real\mkrtos_sdk\Debug\libmkrtos_sdk.a(getenv.o)
                0x0000238c                getenv
 .text.isalnum  0x000023d0       0x1a D:\Project\MyProject1\mkrtos_real\mkrtos_sdk\Debug\libmkrtos_sdk.a(isalnum.o)
                0x000023d0                isalnum
 .text.__isspace_ascii
                0x000023ea       0x16 D:\Project\MyProject1\mkrtos_real\mkrtos_sdk\Debug\libmkrtos_sdk.a(isspace.o)
                0x000023ea                __isspace_ascii
                0x000023ea                isspace
 .text.__isxdigit_ascii
                0x00002400       0x1c D:\Project\MyProject1\mkrtos_real\mkrtos_sdk\Debug\libmkrtos_sdk.a(isxdigit.o)
                0x00002400                __isxdigit_ascii
                0x00002400                isxdigit
 .text.memcmp   0x0000241c       0x1c D:\Project\MyProject1\mkrtos_real\mkrtos_sdk\Debug\libmkrtos_sdk.a(memcmp.o)
                0x0000241c                memcmp
                0x0000241c                bcmp
 .text.memcpy   0x00002438       0x80 D:\Project\MyProject1\mkrtos_real\mkrtos_sdk\Debug\libmkrtos_sdk.a(memcpy.o)
                0x00002438                memcpy
 .text.memmove  0x000024b8       0x36 D:\Project\MyProject1\mkrtos_real\mkrtos_sdk\Debug\libmkrtos_sdk.a(memmove.o)
                0x000024b8                memmove
 .text.memset   0x000024ee       0x10 D:\Project\MyProject1\mkrtos_real\mkrtos_sdk\Debug\libmkrtos_sdk.a(memset.o)
                0x000024ee                memset
 .text.__sigjmp_save
                0x000024fe       0x24 D:\Project\MyProject1\mkrtos_real\mkrtos_sdk\Debug\libmkrtos_sdk.a(sigjmp.o)
                0x000024fe                __sigjmp_save
 .text.sigprocmask
                0x00002522        0x6 D:\Project\MyProject1\mkrtos_real\mkrtos_sdk\Debug\libmkrtos_sdk.a(sigprocmask.o)
                0x00002522                sigprocmask
 .text.strstr   0x00002528       0x52 D:\Project\MyProject1\mkrtos_real\mkrtos_sdk\Debug\libmkrtos_sdk.a(strstr.o)
                0x00002528                strstr
 *fill*         0x0000257a        0x2 
 .text.__main   0x0000257c       0x20 D:\Project\MyProject1\mkrtos_real\mkrtos_sdk\Debug\libmkrtos_sdk.a(__main.o)
                0x0000257c                __main
 .text.reloc    0x0000259c       0x84 D:\Project\MyProject1\mkrtos_real\mkrtos_sdk\Debug\libmkrtos_sdk.a(reloc.o)
                0x0000259c                reloc
 *(.init)
 *(.fini)
 *crtbegin.o(.ctors)
 *crtbegin?.o(.ctors)
 *(EXCLUDE_FILE(*crtend.o *crtend?.o) .ctors)
 *(SORT(.ctors.*))
 *(.ctors)
 *crtbegin.o(.dtors)
 *crtbegin?.o(.dtors)
 *(EXCLUDE_FILE(*crtend.o *crtend?.o) .dtors)
 *(SORT(.dtors.*))
 *(.dtors)
 *(SORT(.rodata.*))
 .rodata.__sys_err_unknown
                0x00002620       0x10 D:\Project\MyProject1\mkrtos_real\mkrtos_sdk\Debug\libmkrtos_sdk.a(errlistu.o)
                0x00002620                __sys_err_unknown
 .rodata.pad_line
                0x00002630       0x20 D:\Project\MyProject1\mkrtos_real\mkrtos_sdk\Debug\libmkrtos_sdk.a(__v_printf.o)
 .rodata.str1.1
                0x00002650       0x3b ./src/receive.o
 .rodata.str1.1
                0x0000268b       0x42 ./src/serial.o
 .rodata.str1.1
                0x000026cd        0x7 D:\Project\MyProject1\mkrtos_real\mkrtos_sdk\Debug\libmkrtos_sdk.a(__v_printf.o)
 .rodata.str1.1
                0x000026d4        0x3 D:\Project\MyProject1\mkrtos_real\mkrtos_sdk\Debug\libmkrtos_sdk.a(perror.o)
                                  0x5 (size before relaxing)
 .rodata.str1.1
                0x000026d7       0x14 D:\Project\MyProject1\mkrtos_real\mkrtos_sdk\Debug\libmkrtos_sdk.a(stackgap-g.o)
 *(.rodata)
 *(.eh_frame*)
                0x000026ec                . = ALIGN (0x4)
 *fill*         0x000026eb        0x1 
                0x000026ec                __rel_start__ = .
 *(.rel.data .rel.data.* .rel.gnu.linkonce.d.*)
                0x000026ec                __rel_end__ = .

.interp         0x000026ec       0x11
 .interp        0x000026ec       0x11 ./src/heap_stack.o

.gnu.version_d  0x00002700        0x0
 .gnu.version_d
                0x00000000        0x0 ./src/heap_stack.o

.gnu.version    0x000026fe        0x0
 .gnu.version   0x00000000        0x0 ./src/heap_stack.o

.gnu.version_r  0x00002700        0x0
 .gnu.version_r
                0x00000000        0x0 ./src/heap_stack.o

.dynsym         0x00002700      0x260
 .dynsym        0x00002700      0x260 ./src/heap_stack.o

.dynstr         0x00002960      0x1fc
 .dynstr        0x00002960      0x1fc ./src/heap_stack.o

.hash           0x00002b5c       0xe4
 .hash          0x00002b5c       0xe4 ./src/heap_stack.o

.glue_7         0x00002c40        0x0
 .glue_7        0x00000000        0x0 linker stubs

.glue_7t        0x00002c40        0x0
 .glue_7t       0x00000000        0x0 linker stubs

.vfp11_veneer   0x00002c40        0x0
 .vfp11_veneer  0x00000000        0x0 linker stubs

.v4_bx          0x00002c40        0x0
 .v4_bx         0x00000000        0x0 linker stubs

.plt            0x00002c40        0x0
 .plt           0x00000000        0x0 ./src/heap_stack.o

.iplt           0x00002c40        0x0
 .iplt          0x00000000        0x0 ./src/heap_stack.o

.rel.dyn        0x00002c40      0x138
 .rel.got       0x00002c40      0x130 ./src/heap_stack.o
 .rel.plt       0x00000000        0x0 ./src/heap_stack.o
 .rel.iplt      0x00000000        0x0 ./src/heap_stack.o
 .rel.text      0x00002d70        0x8 ./src/heap_stack.o

.ARM.exidx      0x00002d78        0x0
                0x00002d78                . = ALIGN (0x4)
                0x00002d78                __exdix_start = .
 *(.ARM.exidx* .gnu.linkonce.armexidx.*)
                0x00002d78                __exdix_end = .

.permissions_table
                0x00002d78        0x0
                0x00002d78                . = ALIGN (0x4)
                0x00002d78                __permissions_table_start__ = .
 *(.permissions_table)
                0x00002d78                __permissions_table_end__ = .
                0x00000cf0                PROVIDE (__ram_size__, (__bss_end__ - __data_start__))

.data           0x00002d78       0x9c
                0x00002d78                . = ALIGN (0x4)
                0x00002d78                __data_start__ = .
                0x00002d78                __got_start__ = .
 *(.got)
 .got           0x00002d78       0x98 ./src/heap_stack.o
                0x00002e10                __got_end__ = .
                0x00002e10                . = ALIGN (0x4)
 *(.data)
 .data          0x00002e10        0x4 D:\Project\MyProject1\mkrtos_real\mkrtos_sdk\Debug\libmkrtos_sdk.a(dyn_syscalls.o)
                0x00002e10                __guard
                0x00002e10                __stack_chk_guard
 *(.data.*)
 *(vtable)
 *(.data*)
                0x00002e14                . = ALIGN (0x4)
                0x00002e14                PROVIDE (__preinit_array_start, .)
 *(.preinit_array)
                0x00002e14                PROVIDE (__preinit_array_end, .)
                0x00002e14                . = ALIGN (0x4)
                0x00002e14                PROVIDE (__init_array_start, .)
 *(SORT(.init_array.*))
 *(.init_array)
                0x00002e14                PROVIDE (__init_array_end, .)
                0x00002e14                . = ALIGN (0x4)
                0x00002e14                PROVIDE (__fini_array_start, .)
 *(SORT(.fini_array.*))
 *(.fini_array)
                0x00002e14                PROVIDE (__fini_array_end, .)
                0x00002e14                . = ALIGN (0x4)
                0x00002e14                __data_end__ = .
                0x00000400                PROVIDE (__heap_size__, (__heap_end__ - __heap_start__))
                0x00000400                PROVIDE (__stack_size__, (__stack_end__ - __stack_start__))

.dynamic        0x00002e14       0x80
 .dynamic       0x00002e14       0x80 ./src/heap_stack.o
                0x00002e14                _DYNAMIC

.got.plt        0x00002e94        0xc
 .got.plt       0x00002e94        0xc ./src/heap_stack.o
                0x00002e94                _GLOBAL_OFFSET_TABLE_

.igot.plt       0x00002ea0        0x0
 .igot.plt      0x00000000        0x0 ./src/heap_stack.o

.bss            0x00002f00      0xb68
                0x00002f00                . = ALIGN (0x4)
                0x00002f00                __bss_start__ = .
 *(.bss)
 .bss           0x00002f00      0x200 D:\Project\MyProject1\mkrtos_real\mkrtos_sdk\Debug\libmkrtos_sdk.a(dyn_syscalls.o)
                0x00002f00                __environ
                0x00002f00                environ
                0x00003000                errno
 *(COMMON)
 COMMON         0x00003100       0x1c D:\Project\MyProject1\mkrtos_real\mkrtos_sdk\Debug\libmkrtos_sdk.a(stackgap-g.o)
                0x00003100                __tdataptr
                0x00003104                __tdatasize
                0x00003108                __tcb_mainthread
                0x0000310c                __vdso
                0x00003110                program_invocation_short_name
                0x00003114                __tmemsize
                0x00003118                program_invocation_name
                0x0000311c                . = ALIGN (0x4)
                0x0000311c                __heap_start__ = .
 *(.bss.heap)
 .bss.heap      0x0000311c      0x400 ./src/heap_stack.o
                0x0000351c                __heap_end__ = .
                0x0000351c                . = ALIGN (0x4)
                0x0000351c                __stack_start__ = .
 *(.bss.stack)
 .bss.stack     0x0000351c      0x400 ./src/heap_stack.o
                0x0000391c                __stack_end__ = .
 *(.bss.*)
 .bss.buf       0x0000391c       0x96 ./src/receive.o
 *fill*         0x000039b2        0x2 
 .bss.opt       0x000039b4       0x24 ./src/serial.o
 .bss.atexit_counter
                0x000039d8        0x4 D:\Project\MyProject1\mkrtos_real\mkrtos_sdk\Debug\libmkrtos_sdk.a(atexit.o)
 .bss.__atexitlist
                0x000039dc       0x80 D:\Project\MyProject1\mkrtos_real\mkrtos_sdk\Debug\libmkrtos_sdk.a(atexit.o)
 .bss._auxvec   0x00003a5c        0x4 D:\Project\MyProject1\mkrtos_real\mkrtos_sdk\Debug\libmkrtos_sdk.a(stackgap-g.o)
 .bss.__valgrind
                0x00003a60        0x4 D:\Project\MyProject1\mkrtos_real\mkrtos_sdk\Debug\libmkrtos_sdk.a(stackgap-g.o)
                0x00003a60                __valgrind
 .bss.__app_start_addr__
                0x00003a64        0x4 D:\Project\MyProject1\mkrtos_real\mkrtos_sdk\Debug\libmkrtos_sdk.a(__main.o)
                0x00003a64                __app_start_addr__
                0x00003a68                . = ALIGN (0x4)
                0x00003a68                __bss_end__ = .
                0x00003a68                _end = .
OUTPUT(mkrtos_ym.elf elf32-littlearm)

.dynbss         0x00003a68        0x0
 .dynbss        0x00000000        0x0 ./src/heap_stack.o

.debug_info     0x00000000     0x40c6
 .debug_info    0x00000000       0x5f ./src/heap_stack.o
 .debug_info    0x0000005f      0x99c ./src/receive.o
 .debug_info    0x000009fb      0x705 ./src/serial.o
 .debug_info    0x00001100      0x118 D:\Project\MyProject1\mkrtos_real\mkrtos_sdk\Debug\libmkrtos_sdk.a(printf.o)
 .debug_info    0x00001218      0x20b D:\Project\MyProject1\mkrtos_real\mkrtos_sdk\Debug\libmkrtos_sdk.a(vprintf.o)
 .debug_info    0x00001423      0x631 D:\Project\MyProject1\mkrtos_real\mkrtos_sdk\Debug\libmkrtos_sdk.a(__v_printf.o)
 .debug_info    0x00001a54      0x157 D:\Project\MyProject1\mkrtos_real\mkrtos_sdk\Debug\libmkrtos_sdk.a(atexit.o)
 .debug_info    0x00001bab       0xc8 D:\Project\MyProject1\mkrtos_real\mkrtos_sdk\Debug\libmkrtos_sdk.a(atol.o)
 .debug_info    0x00001c73      0x15d D:\Project\MyProject1\mkrtos_real\mkrtos_sdk\Debug\libmkrtos_sdk.a(cfsetispeed.o)
 .debug_info    0x00001dd0       0xa7 D:\Project\MyProject1\mkrtos_real\mkrtos_sdk\Debug\libmkrtos_sdk.a(errno_location.o)
 .debug_info    0x00001e77      0x1ac D:\Project\MyProject1\mkrtos_real\mkrtos_sdk\Debug\libmkrtos_sdk.a(perror.o)
 .debug_info    0x00002023      0x120 D:\Project\MyProject1\mkrtos_real\mkrtos_sdk\Debug\libmkrtos_sdk.a(sleep.o)
 .debug_info    0x00002143      0x123 D:\Project\MyProject1\mkrtos_real\mkrtos_sdk\Debug\libmkrtos_sdk.a(strlen.o)
 .debug_info    0x00002266      0x1ad D:\Project\MyProject1\mkrtos_real\mkrtos_sdk\Debug\libmkrtos_sdk.a(strtol.o)
 .debug_info    0x00002413      0x1ec D:\Project\MyProject1\mkrtos_real\mkrtos_sdk\Debug\libmkrtos_sdk.a(strtoul.o)
 .debug_info    0x000025ff       0xa5 D:\Project\MyProject1\mkrtos_real\mkrtos_sdk\Debug\libmkrtos_sdk.a(tcflush.o)
 .debug_info    0x000026a4      0x16d D:\Project\MyProject1\mkrtos_real\mkrtos_sdk\Debug\libmkrtos_sdk.a(tcgetattr.o)
 .debug_info    0x00002811      0x1a3 D:\Project\MyProject1\mkrtos_real\mkrtos_sdk\Debug\libmkrtos_sdk.a(tcsetattr.o)
 .debug_info    0x000029b4       0x83 D:\Project\MyProject1\mkrtos_real\mkrtos_sdk\Debug\libmkrtos_sdk.a(dyn_syscalls.o)
 .debug_info    0x00002a37       0x7c D:\Project\MyProject1\mkrtos_real\mkrtos_sdk\Debug\libmkrtos_sdk.a(start.o)
 .debug_info    0x00002ab3      0x6f6 D:\Project\MyProject1\mkrtos_real\mkrtos_sdk\Debug\libmkrtos_sdk.a(stackgap-g.o)
 .debug_info    0x000031a9       0x6a D:\Project\MyProject1\mkrtos_real\mkrtos_sdk\Debug\libmkrtos_sdk.a(start.o)
 .debug_info    0x00003213      0x13f D:\Project\MyProject1\mkrtos_real\mkrtos_sdk\Debug\libmkrtos_sdk.a(__ltostr.o)
 .debug_info    0x00003352       0x52 D:\Project\MyProject1\mkrtos_real\mkrtos_sdk\Debug\libmkrtos_sdk.a(errlistu.o)
 .debug_info    0x000033a4      0x155 D:\Project\MyProject1\mkrtos_real\mkrtos_sdk\Debug\libmkrtos_sdk.a(getenv.o)
 .debug_info    0x000034f9       0x55 D:\Project\MyProject1\mkrtos_real\mkrtos_sdk\Debug\libmkrtos_sdk.a(isalnum.o)
 .debug_info    0x0000354e       0x55 D:\Project\MyProject1\mkrtos_real\mkrtos_sdk\Debug\libmkrtos_sdk.a(isspace.o)
 .debug_info    0x000035a3       0x55 D:\Project\MyProject1\mkrtos_real\mkrtos_sdk\Debug\libmkrtos_sdk.a(isxdigit.o)
 .debug_info    0x000035f8       0xf5 D:\Project\MyProject1\mkrtos_real\mkrtos_sdk\Debug\libmkrtos_sdk.a(memcmp.o)
 .debug_info    0x000036ed      0x13e D:\Project\MyProject1\mkrtos_real\mkrtos_sdk\Debug\libmkrtos_sdk.a(memcpy.o)
 .debug_info    0x0000382b       0xf7 D:\Project\MyProject1\mkrtos_real\mkrtos_sdk\Debug\libmkrtos_sdk.a(memmove.o)
 .debug_info    0x00003922       0xd4 D:\Project\MyProject1\mkrtos_real\mkrtos_sdk\Debug\libmkrtos_sdk.a(memset.o)
 .debug_info    0x000039f6      0x186 D:\Project\MyProject1\mkrtos_real\mkrtos_sdk\Debug\libmkrtos_sdk.a(sigjmp.o)
 .debug_info    0x00003b7c      0x149 D:\Project\MyProject1\mkrtos_real\mkrtos_sdk\Debug\libmkrtos_sdk.a(sigprocmask.o)
 .debug_info    0x00003cc5      0x176 D:\Project\MyProject1\mkrtos_real\mkrtos_sdk\Debug\libmkrtos_sdk.a(strstr.o)
 .debug_info    0x00003e3b       0x82 D:\Project\MyProject1\mkrtos_real\mkrtos_sdk\Debug\libmkrtos_sdk.a(arm_set_tls.o)
 .debug_info    0x00003ebd       0xf2 D:\Project\MyProject1\mkrtos_real\mkrtos_sdk\Debug\libmkrtos_sdk.a(__main.o)
 .debug_info    0x00003faf      0x117 D:\Project\MyProject1\mkrtos_real\mkrtos_sdk\Debug\libmkrtos_sdk.a(reloc.o)

.debug_abbrev   0x00000000     0x1ee0
 .debug_abbrev  0x00000000       0x3c ./src/heap_stack.o
 .debug_abbrev  0x0000003c      0x228 ./src/receive.o
 .debug_abbrev  0x00000264      0x1d7 ./src/serial.o
 .debug_abbrev  0x0000043b       0xe9 D:\Project\MyProject1\mkrtos_real\mkrtos_sdk\Debug\libmkrtos_sdk.a(printf.o)
 .debug_abbrev  0x00000524      0x114 D:\Project\MyProject1\mkrtos_real\mkrtos_sdk\Debug\libmkrtos_sdk.a(vprintf.o)
 .debug_abbrev  0x00000638      0x254 D:\Project\MyProject1\mkrtos_real\mkrtos_sdk\Debug\libmkrtos_sdk.a(__v_printf.o)
 .debug_abbrev  0x0000088c      0x11a D:\Project\MyProject1\mkrtos_real\mkrtos_sdk\Debug\libmkrtos_sdk.a(atexit.o)
 .debug_abbrev  0x000009a6       0x83 D:\Project\MyProject1\mkrtos_real\mkrtos_sdk\Debug\libmkrtos_sdk.a(atol.o)
 .debug_abbrev  0x00000a29       0xb9 D:\Project\MyProject1\mkrtos_real\mkrtos_sdk\Debug\libmkrtos_sdk.a(cfsetispeed.o)
 .debug_abbrev  0x00000ae2       0x5e D:\Project\MyProject1\mkrtos_real\mkrtos_sdk\Debug\libmkrtos_sdk.a(errno_location.o)
 .debug_abbrev  0x00000b40       0xd7 D:\Project\MyProject1\mkrtos_real\mkrtos_sdk\Debug\libmkrtos_sdk.a(perror.o)
 .debug_abbrev  0x00000c17       0xd2 D:\Project\MyProject1\mkrtos_real\mkrtos_sdk\Debug\libmkrtos_sdk.a(sleep.o)
 .debug_abbrev  0x00000ce9       0xc6 D:\Project\MyProject1\mkrtos_real\mkrtos_sdk\Debug\libmkrtos_sdk.a(strlen.o)
 .debug_abbrev  0x00000daf       0xd6 D:\Project\MyProject1\mkrtos_real\mkrtos_sdk\Debug\libmkrtos_sdk.a(strtol.o)
 .debug_abbrev  0x00000e85      0x12f D:\Project\MyProject1\mkrtos_real\mkrtos_sdk\Debug\libmkrtos_sdk.a(strtoul.o)
 .debug_abbrev  0x00000fb4       0x9f D:\Project\MyProject1\mkrtos_real\mkrtos_sdk\Debug\libmkrtos_sdk.a(tcflush.o)
 .debug_abbrev  0x00001053       0xd4 D:\Project\MyProject1\mkrtos_real\mkrtos_sdk\Debug\libmkrtos_sdk.a(tcgetattr.o)
 .debug_abbrev  0x00001127       0xf6 D:\Project\MyProject1\mkrtos_real\mkrtos_sdk\Debug\libmkrtos_sdk.a(tcsetattr.o)
 .debug_abbrev  0x0000121d       0x14 D:\Project\MyProject1\mkrtos_real\mkrtos_sdk\Debug\libmkrtos_sdk.a(dyn_syscalls.o)
 .debug_abbrev  0x00001231       0x14 D:\Project\MyProject1\mkrtos_real\mkrtos_sdk\Debug\libmkrtos_sdk.a(start.o)
 .debug_abbrev  0x00001245      0x2ca D:\Project\MyProject1\mkrtos_real\mkrtos_sdk\Debug\libmkrtos_sdk.a(stackgap-g.o)
 .debug_abbrev  0x0000150f       0x14 D:\Project\MyProject1\mkrtos_real\mkrtos_sdk\Debug\libmkrtos_sdk.a(start.o)
 .debug_abbrev  0x00001523       0xd7 D:\Project\MyProject1\mkrtos_real\mkrtos_sdk\Debug\libmkrtos_sdk.a(__ltostr.o)
 .debug_abbrev  0x000015fa       0x45 D:\Project\MyProject1\mkrtos_real\mkrtos_sdk\Debug\libmkrtos_sdk.a(errlistu.o)
 .debug_abbrev  0x0000163f       0xd7 D:\Project\MyProject1\mkrtos_real\mkrtos_sdk\Debug\libmkrtos_sdk.a(getenv.o)
 .debug_abbrev  0x00001716       0x4a D:\Project\MyProject1\mkrtos_real\mkrtos_sdk\Debug\libmkrtos_sdk.a(isalnum.o)
 .debug_abbrev  0x00001760       0x4a D:\Project\MyProject1\mkrtos_real\mkrtos_sdk\Debug\libmkrtos_sdk.a(isspace.o)
 .debug_abbrev  0x000017aa       0x4a D:\Project\MyProject1\mkrtos_real\mkrtos_sdk\Debug\libmkrtos_sdk.a(isxdigit.o)
 .debug_abbrev  0x000017f4       0xa4 D:\Project\MyProject1\mkrtos_real\mkrtos_sdk\Debug\libmkrtos_sdk.a(memcmp.o)
 .debug_abbrev  0x00001898       0xa9 D:\Project\MyProject1\mkrtos_real\mkrtos_sdk\Debug\libmkrtos_sdk.a(memcpy.o)
 .debug_abbrev  0x00001941       0xab D:\Project\MyProject1\mkrtos_real\mkrtos_sdk\Debug\libmkrtos_sdk.a(memmove.o)
 .debug_abbrev  0x000019ec       0x90 D:\Project\MyProject1\mkrtos_real\mkrtos_sdk\Debug\libmkrtos_sdk.a(memset.o)
 .debug_abbrev  0x00001a7c      0x11c D:\Project\MyProject1\mkrtos_real\mkrtos_sdk\Debug\libmkrtos_sdk.a(sigjmp.o)
 .debug_abbrev  0x00001b98       0xe3 D:\Project\MyProject1\mkrtos_real\mkrtos_sdk\Debug\libmkrtos_sdk.a(sigprocmask.o)
 .debug_abbrev  0x00001c7b       0xd1 D:\Project\MyProject1\mkrtos_real\mkrtos_sdk\Debug\libmkrtos_sdk.a(strstr.o)
 .debug_abbrev  0x00001d4c       0x14 D:\Project\MyProject1\mkrtos_real\mkrtos_sdk\Debug\libmkrtos_sdk.a(arm_set_tls.o)
 .debug_abbrev  0x00001d60       0xe8 D:\Project\MyProject1\mkrtos_real\mkrtos_sdk\Debug\libmkrtos_sdk.a(__main.o)
 .debug_abbrev  0x00001e48       0x98 D:\Project\MyProject1\mkrtos_real\mkrtos_sdk\Debug\libmkrtos_sdk.a(reloc.o)

.debug_aranges  0x00000000      0x528
 .debug_aranges
                0x00000000       0x18 ./src/heap_stack.o
 .debug_aranges
                0x00000018       0x38 ./src/receive.o
 .debug_aranges
                0x00000050       0x50 ./src/serial.o
 .debug_aranges
                0x000000a0       0x20 D:\Project\MyProject1\mkrtos_real\mkrtos_sdk\Debug\libmkrtos_sdk.a(printf.o)
 .debug_aranges
                0x000000c0       0x28 D:\Project\MyProject1\mkrtos_real\mkrtos_sdk\Debug\libmkrtos_sdk.a(vprintf.o)
 .debug_aranges
                0x000000e8       0x28 D:\Project\MyProject1\mkrtos_real\mkrtos_sdk\Debug\libmkrtos_sdk.a(__v_printf.o)
 .debug_aranges
                0x00000110       0x28 D:\Project\MyProject1\mkrtos_real\mkrtos_sdk\Debug\libmkrtos_sdk.a(atexit.o)
 .debug_aranges
                0x00000138       0x20 D:\Project\MyProject1\mkrtos_real\mkrtos_sdk\Debug\libmkrtos_sdk.a(atol.o)
 .debug_aranges
                0x00000158       0x20 D:\Project\MyProject1\mkrtos_real\mkrtos_sdk\Debug\libmkrtos_sdk.a(cfsetispeed.o)
 .debug_aranges
                0x00000178       0x20 D:\Project\MyProject1\mkrtos_real\mkrtos_sdk\Debug\libmkrtos_sdk.a(errno_location.o)
 .debug_aranges
                0x00000198       0x20 D:\Project\MyProject1\mkrtos_real\mkrtos_sdk\Debug\libmkrtos_sdk.a(perror.o)
 .debug_aranges
                0x000001b8       0x20 D:\Project\MyProject1\mkrtos_real\mkrtos_sdk\Debug\libmkrtos_sdk.a(sleep.o)
 .debug_aranges
                0x000001d8       0x20 D:\Project\MyProject1\mkrtos_real\mkrtos_sdk\Debug\libmkrtos_sdk.a(strlen.o)
 .debug_aranges
                0x000001f8       0x20 D:\Project\MyProject1\mkrtos_real\mkrtos_sdk\Debug\libmkrtos_sdk.a(strtol.o)
 .debug_aranges
                0x00000218       0x20 D:\Project\MyProject1\mkrtos_real\mkrtos_sdk\Debug\libmkrtos_sdk.a(strtoul.o)
 .debug_aranges
                0x00000238       0x20 D:\Project\MyProject1\mkrtos_real\mkrtos_sdk\Debug\libmkrtos_sdk.a(tcflush.o)
 .debug_aranges
                0x00000258       0x20 D:\Project\MyProject1\mkrtos_real\mkrtos_sdk\Debug\libmkrtos_sdk.a(tcgetattr.o)
 .debug_aranges
                0x00000278       0x20 D:\Project\MyProject1\mkrtos_real\mkrtos_sdk\Debug\libmkrtos_sdk.a(tcsetattr.o)
 .debug_aranges
                0x00000298       0x20 D:\Project\MyProject1\mkrtos_real\mkrtos_sdk\Debug\libmkrtos_sdk.a(dyn_syscalls.o)
 .debug_aranges
                0x000002b8       0x20 D:\Project\MyProject1\mkrtos_real\mkrtos_sdk\Debug\libmkrtos_sdk.a(start.o)
 .debug_aranges
                0x000002d8       0x38 D:\Project\MyProject1\mkrtos_real\mkrtos_sdk\Debug\libmkrtos_sdk.a(stackgap-g.o)
 .debug_aranges
                0x00000310       0x20 D:\Project\MyProject1\mkrtos_real\mkrtos_sdk\Debug\libmkrtos_sdk.a(start.o)
 .debug_aranges
                0x00000330       0x20 D:\Project\MyProject1\mkrtos_real\mkrtos_sdk\Debug\libmkrtos_sdk.a(__ltostr.o)
 .debug_aranges
                0x00000350       0x18 D:\Project\MyProject1\mkrtos_real\mkrtos_sdk\Debug\libmkrtos_sdk.a(errlistu.o)
 .debug_aranges
                0x00000368       0x20 D:\Project\MyProject1\mkrtos_real\mkrtos_sdk\Debug\libmkrtos_sdk.a(getenv.o)
 .debug_aranges
                0x00000388       0x20 D:\Project\MyProject1\mkrtos_real\mkrtos_sdk\Debug\libmkrtos_sdk.a(isalnum.o)
 .debug_aranges
                0x000003a8       0x20 D:\Project\MyProject1\mkrtos_real\mkrtos_sdk\Debug\libmkrtos_sdk.a(isspace.o)
 .debug_aranges
                0x000003c8       0x20 D:\Project\MyProject1\mkrtos_real\mkrtos_sdk\Debug\libmkrtos_sdk.a(isxdigit.o)
 .debug_aranges
                0x000003e8       0x20 D:\Project\MyProject1\mkrtos_real\mkrtos_sdk\Debug\libmkrtos_sdk.a(memcmp.o)
 .debug_aranges
                0x00000408       0x20 D:\Project\MyProject1\mkrtos_real\mkrtos_sdk\Debug\libmkrtos_sdk.a(memcpy.o)
 .debug_aranges
                0x00000428       0x20 D:\Project\MyProject1\mkrtos_real\mkrtos_sdk\Debug\libmkrtos_sdk.a(memmove.o)
 .debug_aranges
                0x00000448       0x20 D:\Project\MyProject1\mkrtos_real\mkrtos_sdk\Debug\libmkrtos_sdk.a(memset.o)
 .debug_aranges
                0x00000468       0x20 D:\Project\MyProject1\mkrtos_real\mkrtos_sdk\Debug\libmkrtos_sdk.a(sigjmp.o)
 .debug_aranges
                0x00000488       0x20 D:\Project\MyProject1\mkrtos_real\mkrtos_sdk\Debug\libmkrtos_sdk.a(sigprocmask.o)
 .debug_aranges
                0x000004a8       0x20 D:\Project\MyProject1\mkrtos_real\mkrtos_sdk\Debug\libmkrtos_sdk.a(strstr.o)
 .debug_aranges
                0x000004c8       0x20 D:\Project\MyProject1\mkrtos_real\mkrtos_sdk\Debug\libmkrtos_sdk.a(arm_set_tls.o)
 .debug_aranges
                0x000004e8       0x20 D:\Project\MyProject1\mkrtos_real\mkrtos_sdk\Debug\libmkrtos_sdk.a(__main.o)
 .debug_aranges
                0x00000508       0x20 D:\Project\MyProject1\mkrtos_real\mkrtos_sdk\Debug\libmkrtos_sdk.a(reloc.o)

.debug_line     0x00000000     0x3371
 .debug_line    0x00000000       0x34 ./src/heap_stack.o
 .debug_line    0x00000034      0x238 ./src/receive.o
 .debug_line    0x0000026c      0x1c2 ./src/serial.o
 .debug_line    0x0000042e       0xc4 D:\Project\MyProject1\mkrtos_real\mkrtos_sdk\Debug\libmkrtos_sdk.a(printf.o)
 .debug_line    0x000004f2      0x18a D:\Project\MyProject1\mkrtos_real\mkrtos_sdk\Debug\libmkrtos_sdk.a(vprintf.o)
 .debug_line    0x0000067c      0x348 D:\Project\MyProject1\mkrtos_real\mkrtos_sdk\Debug\libmkrtos_sdk.a(__v_printf.o)
 .debug_line    0x000009c4       0xc0 D:\Project\MyProject1\mkrtos_real\mkrtos_sdk\Debug\libmkrtos_sdk.a(atexit.o)
 .debug_line    0x00000a84       0x6d D:\Project\MyProject1\mkrtos_real\mkrtos_sdk\Debug\libmkrtos_sdk.a(atol.o)
 .debug_line    0x00000af1       0xd2 D:\Project\MyProject1\mkrtos_real\mkrtos_sdk\Debug\libmkrtos_sdk.a(cfsetispeed.o)
 .debug_line    0x00000bc3       0x58 D:\Project\MyProject1\mkrtos_real\mkrtos_sdk\Debug\libmkrtos_sdk.a(errno_location.o)
 .debug_line    0x00000c1b      0x119 D:\Project\MyProject1\mkrtos_real\mkrtos_sdk\Debug\libmkrtos_sdk.a(perror.o)
 .debug_line    0x00000d34      0x106 D:\Project\MyProject1\mkrtos_real\mkrtos_sdk\Debug\libmkrtos_sdk.a(sleep.o)
 .debug_line    0x00000e3a       0xde D:\Project\MyProject1\mkrtos_real\mkrtos_sdk\Debug\libmkrtos_sdk.a(strlen.o)
 .debug_line    0x00000f18       0xeb D:\Project\MyProject1\mkrtos_real\mkrtos_sdk\Debug\libmkrtos_sdk.a(strtol.o)
 .debug_line    0x00001003      0x129 D:\Project\MyProject1\mkrtos_real\mkrtos_sdk\Debug\libmkrtos_sdk.a(strtoul.o)
 .debug_line    0x0000112c       0xa8 D:\Project\MyProject1\mkrtos_real\mkrtos_sdk\Debug\libmkrtos_sdk.a(tcflush.o)
 .debug_line    0x000011d4      0x10c D:\Project\MyProject1\mkrtos_real\mkrtos_sdk\Debug\libmkrtos_sdk.a(tcgetattr.o)
 .debug_line    0x000012e0      0x124 D:\Project\MyProject1\mkrtos_real\mkrtos_sdk\Debug\libmkrtos_sdk.a(tcsetattr.o)
 .debug_line    0x00001404     0x1390 D:\Project\MyProject1\mkrtos_real\mkrtos_sdk\Debug\libmkrtos_sdk.a(dyn_syscalls.o)
 .debug_line    0x00002794       0x58 D:\Project\MyProject1\mkrtos_real\mkrtos_sdk\Debug\libmkrtos_sdk.a(start.o)
 .debug_line    0x000027ec      0x207 D:\Project\MyProject1\mkrtos_real\mkrtos_sdk\Debug\libmkrtos_sdk.a(stackgap-g.o)
 .debug_line    0x000029f3       0x6f D:\Project\MyProject1\mkrtos_real\mkrtos_sdk\Debug\libmkrtos_sdk.a(start.o)
 .debug_line    0x00002a62       0xd4 D:\Project\MyProject1\mkrtos_real\mkrtos_sdk\Debug\libmkrtos_sdk.a(__ltostr.o)
 .debug_line    0x00002b36       0x44 D:\Project\MyProject1\mkrtos_real\mkrtos_sdk\Debug\libmkrtos_sdk.a(errlistu.o)
 .debug_line    0x00002b7a       0xd5 D:\Project\MyProject1\mkrtos_real\mkrtos_sdk\Debug\libmkrtos_sdk.a(getenv.o)
 .debug_line    0x00002c4f       0x5f D:\Project\MyProject1\mkrtos_real\mkrtos_sdk\Debug\libmkrtos_sdk.a(isalnum.o)
 .debug_line    0x00002cae       0x5a D:\Project\MyProject1\mkrtos_real\mkrtos_sdk\Debug\libmkrtos_sdk.a(isspace.o)
 .debug_line    0x00002d08       0x60 D:\Project\MyProject1\mkrtos_real\mkrtos_sdk\Debug\libmkrtos_sdk.a(isxdigit.o)
 .debug_line    0x00002d68       0xa7 D:\Project\MyProject1\mkrtos_real\mkrtos_sdk\Debug\libmkrtos_sdk.a(memcmp.o)
 .debug_line    0x00002e0f       0xe1 D:\Project\MyProject1\mkrtos_real\mkrtos_sdk\Debug\libmkrtos_sdk.a(memcpy.o)
 .debug_line    0x00002ef0       0xc2 D:\Project\MyProject1\mkrtos_real\mkrtos_sdk\Debug\libmkrtos_sdk.a(memmove.o)
 .debug_line    0x00002fb2       0xa6 D:\Project\MyProject1\mkrtos_real\mkrtos_sdk\Debug\libmkrtos_sdk.a(memset.o)
 .debug_line    0x00003058       0xb3 D:\Project\MyProject1\mkrtos_real\mkrtos_sdk\Debug\libmkrtos_sdk.a(sigjmp.o)
 .debug_line    0x0000310b       0xa8 D:\Project\MyProject1\mkrtos_real\mkrtos_sdk\Debug\libmkrtos_sdk.a(sigprocmask.o)
 .debug_line    0x000031b3       0xc7 D:\Project\MyProject1\mkrtos_real\mkrtos_sdk\Debug\libmkrtos_sdk.a(strstr.o)
 .debug_line    0x0000327a       0x5d D:\Project\MyProject1\mkrtos_real\mkrtos_sdk\Debug\libmkrtos_sdk.a(arm_set_tls.o)
 .debug_line    0x000032d7       0x44 D:\Project\MyProject1\mkrtos_real\mkrtos_sdk\Debug\libmkrtos_sdk.a(__main.o)
 .debug_line    0x0000331b       0x56 D:\Project\MyProject1\mkrtos_real\mkrtos_sdk\Debug\libmkrtos_sdk.a(reloc.o)

.debug_str      0x00000000      0xfaf
 .debug_str     0x00000000      0x141 ./src/heap_stack.o
                                0x14c (size before relaxing)
 .debug_str     0x00000141      0x1a4 ./src/receive.o
                                0x345 (size before relaxing)
 .debug_str     0x000002e5      0x16b ./src/serial.o
                                0x3b0 (size before relaxing)
 .debug_str     0x00000450      0x15b D:\Project\MyProject1\mkrtos_real\mkrtos_sdk\Debug\libmkrtos_sdk.a(printf.o)
                                0x1fc (size before relaxing)
 .debug_str     0x000005ab       0x52 D:\Project\MyProject1\mkrtos_real\mkrtos_sdk\Debug\libmkrtos_sdk.a(vprintf.o)
                                0x232 (size before relaxing)
 .debug_str     0x000005fd      0x104 D:\Project\MyProject1\mkrtos_real\mkrtos_sdk\Debug\libmkrtos_sdk.a(__v_printf.o)
                                0x305 (size before relaxing)
 .debug_str     0x00000701       0x6f D:\Project\MyProject1\mkrtos_real\mkrtos_sdk\Debug\libmkrtos_sdk.a(atexit.o)
                                0x215 (size before relaxing)
 .debug_str     0x00000770       0x25 D:\Project\MyProject1\mkrtos_real\mkrtos_sdk\Debug\libmkrtos_sdk.a(atol.o)
                                0x1ca (size before relaxing)
 .debug_str     0x00000795       0x31 D:\Project\MyProject1\mkrtos_real\mkrtos_sdk\Debug\libmkrtos_sdk.a(cfsetispeed.o)
                                0x242 (size before relaxing)
 .debug_str     0x000007c6       0x36 D:\Project\MyProject1\mkrtos_real\mkrtos_sdk\Debug\libmkrtos_sdk.a(errno_location.o)
                                0x1e7 (size before relaxing)
 .debug_str     0x000007fc       0x3c D:\Project\MyProject1\mkrtos_real\mkrtos_sdk\Debug\libmkrtos_sdk.a(perror.o)
                                0x1ff (size before relaxing)
 .debug_str     0x00000838       0x48 D:\Project\MyProject1\mkrtos_real\mkrtos_sdk\Debug\libmkrtos_sdk.a(sleep.o)
                                0x1f5 (size before relaxing)
 .debug_str     0x00000880       0x3f D:\Project\MyProject1\mkrtos_real\mkrtos_sdk\Debug\libmkrtos_sdk.a(strlen.o)
                                0x1f2 (size before relaxing)
 .debug_str     0x000008bf       0x43 D:\Project\MyProject1\mkrtos_real\mkrtos_sdk\Debug\libmkrtos_sdk.a(strtol.o)
                                0x208 (size before relaxing)
 .debug_str     0x00000902       0x3c D:\Project\MyProject1\mkrtos_real\mkrtos_sdk\Debug\libmkrtos_sdk.a(strtoul.o)
                                0x213 (size before relaxing)
 .debug_str     0x0000093e       0x41 D:\Project\MyProject1\mkrtos_real\mkrtos_sdk\Debug\libmkrtos_sdk.a(tcflush.o)
                                0x15e (size before relaxing)
 .debug_str     0x0000097f       0x2c D:\Project\MyProject1\mkrtos_real\mkrtos_sdk\Debug\libmkrtos_sdk.a(tcgetattr.o)
                                0x22c (size before relaxing)
 .debug_str     0x000009ab       0x36 D:\Project\MyProject1\mkrtos_real\mkrtos_sdk\Debug\libmkrtos_sdk.a(tcsetattr.o)
                                0x24e (size before relaxing)
 .debug_str     0x000009e1      0x296 D:\Project\MyProject1\mkrtos_real\mkrtos_sdk\Debug\libmkrtos_sdk.a(stackgap-g.o)
                                0x49a (size before relaxing)
 .debug_str     0x00000c77       0x33 D:\Project\MyProject1\mkrtos_real\mkrtos_sdk\Debug\libmkrtos_sdk.a(__ltostr.o)
                                0x1ed (size before relaxing)
 .debug_str     0x00000caa       0x24 D:\Project\MyProject1\mkrtos_real\mkrtos_sdk\Debug\libmkrtos_sdk.a(errlistu.o)
                                0x152 (size before relaxing)
 .debug_str     0x00000cce       0x31 D:\Project\MyProject1\mkrtos_real\mkrtos_sdk\Debug\libmkrtos_sdk.a(getenv.o)
                                0x1e6 (size before relaxing)
 .debug_str     0x00000cff       0x23 D:\Project\MyProject1\mkrtos_real\mkrtos_sdk\Debug\libmkrtos_sdk.a(isalnum.o)
                                0x139 (size before relaxing)
 .debug_str     0x00000d22       0x33 D:\Project\MyProject1\mkrtos_real\mkrtos_sdk\Debug\libmkrtos_sdk.a(isspace.o)
                                0x141 (size before relaxing)
 .debug_str     0x00000d55       0x35 D:\Project\MyProject1\mkrtos_real\mkrtos_sdk\Debug\libmkrtos_sdk.a(isxdigit.o)
                                0x143 (size before relaxing)
 .debug_str     0x00000d8a       0x28 D:\Project\MyProject1\mkrtos_real\mkrtos_sdk\Debug\libmkrtos_sdk.a(memcmp.o)
                                0x1c8 (size before relaxing)
 .debug_str     0x00000db2       0x22 D:\Project\MyProject1\mkrtos_real\mkrtos_sdk\Debug\libmkrtos_sdk.a(memcpy.o)
                                0x1cc (size before relaxing)
 .debug_str     0x00000dd4       0x23 D:\Project\MyProject1\mkrtos_real\mkrtos_sdk\Debug\libmkrtos_sdk.a(memmove.o)
                                0x1cf (size before relaxing)
 .debug_str     0x00000df7       0x22 D:\Project\MyProject1\mkrtos_real\mkrtos_sdk\Debug\libmkrtos_sdk.a(memset.o)
                                0x1cd (size before relaxing)
 .debug_str     0x00000e19       0x81 D:\Project\MyProject1\mkrtos_real\mkrtos_sdk\Debug\libmkrtos_sdk.a(sigjmp.o)
                                0x22d (size before relaxing)
 .debug_str     0x00000e9a       0x3f D:\Project\MyProject1\mkrtos_real\mkrtos_sdk\Debug\libmkrtos_sdk.a(sigprocmask.o)
                                0x1f4 (size before relaxing)
 .debug_str     0x00000ed9       0x38 D:\Project\MyProject1\mkrtos_real\mkrtos_sdk\Debug\libmkrtos_sdk.a(strstr.o)
                                0x1eb (size before relaxing)
 .debug_str     0x00000f11       0x3a D:\Project\MyProject1\mkrtos_real\mkrtos_sdk\Debug\libmkrtos_sdk.a(__main.o)
                                0x157 (size before relaxing)
 .debug_str     0x00000f4b       0x64 D:\Project\MyProject1\mkrtos_real\mkrtos_sdk\Debug\libmkrtos_sdk.a(reloc.o)
                                0x18e (size before relaxing)

.comment        0x00000000       0x70
 .comment       0x00000000       0x70 ./src/heap_stack.o
                                 0x71 (size before relaxing)
 .comment       0x00000000       0x71 ./src/receive.o
 .comment       0x00000000       0x71 ./src/serial.o
 .comment       0x00000000       0x71 D:\Project\MyProject1\mkrtos_real\mkrtos_sdk\Debug\libmkrtos_sdk.a(printf.o)
 .comment       0x00000000       0x71 D:\Project\MyProject1\mkrtos_real\mkrtos_sdk\Debug\libmkrtos_sdk.a(vprintf.o)
 .comment       0x00000000       0x71 D:\Project\MyProject1\mkrtos_real\mkrtos_sdk\Debug\libmkrtos_sdk.a(__v_printf.o)
 .comment       0x00000000       0x71 D:\Project\MyProject1\mkrtos_real\mkrtos_sdk\Debug\libmkrtos_sdk.a(atexit.o)
 .comment       0x00000000       0x71 D:\Project\MyProject1\mkrtos_real\mkrtos_sdk\Debug\libmkrtos_sdk.a(atol.o)
 .comment       0x00000000       0x71 D:\Project\MyProject1\mkrtos_real\mkrtos_sdk\Debug\libmkrtos_sdk.a(cfsetispeed.o)
 .comment       0x00000000       0x71 D:\Project\MyProject1\mkrtos_real\mkrtos_sdk\Debug\libmkrtos_sdk.a(errno_location.o)
 .comment       0x00000000       0x71 D:\Project\MyProject1\mkrtos_real\mkrtos_sdk\Debug\libmkrtos_sdk.a(perror.o)
 .comment       0x00000000       0x71 D:\Project\MyProject1\mkrtos_real\mkrtos_sdk\Debug\libmkrtos_sdk.a(sleep.o)
 .comment       0x00000000       0x71 D:\Project\MyProject1\mkrtos_real\mkrtos_sdk\Debug\libmkrtos_sdk.a(strlen.o)
 .comment       0x00000000       0x71 D:\Project\MyProject1\mkrtos_real\mkrtos_sdk\Debug\libmkrtos_sdk.a(strtol.o)
 .comment       0x00000000       0x71 D:\Project\MyProject1\mkrtos_real\mkrtos_sdk\Debug\libmkrtos_sdk.a(strtoul.o)
 .comment       0x00000000       0x71 D:\Project\MyProject1\mkrtos_real\mkrtos_sdk\Debug\libmkrtos_sdk.a(tcflush.o)
 .comment       0x00000000       0x71 D:\Project\MyProject1\mkrtos_real\mkrtos_sdk\Debug\libmkrtos_sdk.a(tcgetattr.o)
 .comment       0x00000000       0x71 D:\Project\MyProject1\mkrtos_real\mkrtos_sdk\Debug\libmkrtos_sdk.a(tcsetattr.o)
 .comment       0x00000000       0x71 D:\Project\MyProject1\mkrtos_real\mkrtos_sdk\Debug\libmkrtos_sdk.a(stackgap-g.o)
 .comment       0x00000000       0x71 D:\Project\MyProject1\mkrtos_real\mkrtos_sdk\Debug\libmkrtos_sdk.a(__ltostr.o)
 .comment       0x00000000       0x71 D:\Project\MyProject1\mkrtos_real\mkrtos_sdk\Debug\libmkrtos_sdk.a(errlistu.o)
 .comment       0x00000000       0x71 D:\Project\MyProject1\mkrtos_real\mkrtos_sdk\Debug\libmkrtos_sdk.a(getenv.o)
 .comment       0x00000000       0x71 D:\Project\MyProject1\mkrtos_real\mkrtos_sdk\Debug\libmkrtos_sdk.a(isalnum.o)
 .comment       0x00000000       0x71 D:\Project\MyProject1\mkrtos_real\mkrtos_sdk\Debug\libmkrtos_sdk.a(isspace.o)
 .comment       0x00000000       0x71 D:\Project\MyProject1\mkrtos_real\mkrtos_sdk\Debug\libmkrtos_sdk.a(isxdigit.o)
 .comment       0x00000000       0x71 D:\Project\MyProject1\mkrtos_real\mkrtos_sdk\Debug\libmkrtos_sdk.a(memcmp.o)
 .comment       0x00000000       0x71 D:\Project\MyProject1\mkrtos_real\mkrtos_sdk\Debug\libmkrtos_sdk.a(memcpy.o)
 .comment       0x00000000       0x71 D:\Project\MyProject1\mkrtos_real\mkrtos_sdk\Debug\libmkrtos_sdk.a(memmove.o)
 .comment       0x00000000       0x71 D:\Project\MyProject1\mkrtos_real\mkrtos_sdk\Debug\libmkrtos_sdk.a(memset.o)
 .comment       0x00000000       0x71 D:\Project\MyProject1\mkrtos_real\mkrtos_sdk\Debug\libmkrtos_sdk.a(sigjmp.o)
 .comment       0x00000000       0x71 D:\Project\MyProject1\mkrtos_real\mkrtos_sdk\Debug\libmkrtos_sdk.a(sigprocmask.o)
 .comment       0x00000000       0x71 D:\Project\MyProject1\mkrtos_real\mkrtos_sdk\Debug\libmkrtos_sdk.a(strstr.o)
 .comment       0x00000000       0x71 D:\Project\MyProject1\mkrtos_real\mkrtos_sdk\Debug\libmkrtos_sdk.a(__main.o)
 .comment       0x00000000       0x71 D:\Project\MyProject1\mkrtos_real\mkrtos_sdk\Debug\libmkrtos_sdk.a(reloc.o)

.ARM.attributes
                0x00000000       0x31
 .ARM.attributes
                0x00000000       0x33 ./src/heap_stack.o
 .ARM.attributes
                0x00000033       0x33 ./src/receive.o
 .ARM.attributes
                0x00000066       0x33 ./src/serial.o
 .ARM.attributes
                0x00000099       0x33 D:\Project\MyProject1\mkrtos_real\mkrtos_sdk\Debug\libmkrtos_sdk.a(printf.o)
 .ARM.attributes
                0x000000cc       0x33 D:\Project\MyProject1\mkrtos_real\mkrtos_sdk\Debug\libmkrtos_sdk.a(vprintf.o)
 .ARM.attributes
                0x000000ff       0x33 D:\Project\MyProject1\mkrtos_real\mkrtos_sdk\Debug\libmkrtos_sdk.a(__v_printf.o)
 .ARM.attributes
                0x00000132       0x33 D:\Project\MyProject1\mkrtos_real\mkrtos_sdk\Debug\libmkrtos_sdk.a(atexit.o)
 .ARM.attributes
                0x00000165       0x33 D:\Project\MyProject1\mkrtos_real\mkrtos_sdk\Debug\libmkrtos_sdk.a(atol.o)
 .ARM.attributes
                0x00000198       0x33 D:\Project\MyProject1\mkrtos_real\mkrtos_sdk\Debug\libmkrtos_sdk.a(cfsetispeed.o)
 .ARM.attributes
                0x000001cb       0x33 D:\Project\MyProject1\mkrtos_real\mkrtos_sdk\Debug\libmkrtos_sdk.a(errno_location.o)
 .ARM.attributes
                0x000001fe       0x33 D:\Project\MyProject1\mkrtos_real\mkrtos_sdk\Debug\libmkrtos_sdk.a(perror.o)
 .ARM.attributes
                0x00000231       0x33 D:\Project\MyProject1\mkrtos_real\mkrtos_sdk\Debug\libmkrtos_sdk.a(sleep.o)
 .ARM.attributes
                0x00000264       0x33 D:\Project\MyProject1\mkrtos_real\mkrtos_sdk\Debug\libmkrtos_sdk.a(strlen.o)
 .ARM.attributes
                0x00000297       0x33 D:\Project\MyProject1\mkrtos_real\mkrtos_sdk\Debug\libmkrtos_sdk.a(strtol.o)
 .ARM.attributes
                0x000002ca       0x33 D:\Project\MyProject1\mkrtos_real\mkrtos_sdk\Debug\libmkrtos_sdk.a(strtoul.o)
 .ARM.attributes
                0x000002fd       0x33 D:\Project\MyProject1\mkrtos_real\mkrtos_sdk\Debug\libmkrtos_sdk.a(tcflush.o)
 .ARM.attributes
                0x00000330       0x33 D:\Project\MyProject1\mkrtos_real\mkrtos_sdk\Debug\libmkrtos_sdk.a(tcgetattr.o)
 .ARM.attributes
                0x00000363       0x33 D:\Project\MyProject1\mkrtos_real\mkrtos_sdk\Debug\libmkrtos_sdk.a(tcsetattr.o)
 .ARM.attributes
                0x00000396       0x21 D:\Project\MyProject1\mkrtos_real\mkrtos_sdk\Debug\libmkrtos_sdk.a(dyn_syscalls.o)
 .ARM.attributes
                0x000003b7       0x21 D:\Project\MyProject1\mkrtos_real\mkrtos_sdk\Debug\libmkrtos_sdk.a(start.o)
 .ARM.attributes
                0x000003d8       0x33 D:\Project\MyProject1\mkrtos_real\mkrtos_sdk\Debug\libmkrtos_sdk.a(stackgap-g.o)
 .ARM.attributes
                0x0000040b       0x21 D:\Project\MyProject1\mkrtos_real\mkrtos_sdk\Debug\libmkrtos_sdk.a(start.o)
 .ARM.attributes
                0x0000042c       0x33 D:\Project\MyProject1\mkrtos_real\mkrtos_sdk\Debug\libmkrtos_sdk.a(__ltostr.o)
 .ARM.attributes
                0x0000045f       0x33 D:\Project\MyProject1\mkrtos_real\mkrtos_sdk\Debug\libmkrtos_sdk.a(errlistu.o)
 .ARM.attributes
                0x00000492       0x33 D:\Project\MyProject1\mkrtos_real\mkrtos_sdk\Debug\libmkrtos_sdk.a(getenv.o)
 .ARM.attributes
                0x000004c5       0x33 D:\Project\MyProject1\mkrtos_real\mkrtos_sdk\Debug\libmkrtos_sdk.a(isalnum.o)
 .ARM.attributes
                0x000004f8       0x33 D:\Project\MyProject1\mkrtos_real\mkrtos_sdk\Debug\libmkrtos_sdk.a(isspace.o)
 .ARM.attributes
                0x0000052b       0x33 D:\Project\MyProject1\mkrtos_real\mkrtos_sdk\Debug\libmkrtos_sdk.a(isxdigit.o)
 .ARM.attributes
                0x0000055e       0x33 D:\Project\MyProject1\mkrtos_real\mkrtos_sdk\Debug\libmkrtos_sdk.a(memcmp.o)
 .ARM.attributes
                0x00000591       0x33 D:\Project\MyProject1\mkrtos_real\mkrtos_sdk\Debug\libmkrtos_sdk.a(memcpy.o)
 .ARM.attributes
                0x000005c4       0x33 D:\Project\MyProject1\mkrtos_real\mkrtos_sdk\Debug\libmkrtos_sdk.a(memmove.o)
 .ARM.attributes
                0x000005f7       0x33 D:\Project\MyProject1\mkrtos_real\mkrtos_sdk\Debug\libmkrtos_sdk.a(memset.o)
 .ARM.attributes
                0x0000062a       0x33 D:\Project\MyProject1\mkrtos_real\mkrtos_sdk\Debug\libmkrtos_sdk.a(sigjmp.o)
 .ARM.attributes
                0x0000065d       0x33 D:\Project\MyProject1\mkrtos_real\mkrtos_sdk\Debug\libmkrtos_sdk.a(sigprocmask.o)
 .ARM.attributes
                0x00000690       0x33 D:\Project\MyProject1\mkrtos_real\mkrtos_sdk\Debug\libmkrtos_sdk.a(strstr.o)
 .ARM.attributes
                0x000006c3       0x21 D:\Project\MyProject1\mkrtos_real\mkrtos_sdk\Debug\libmkrtos_sdk.a(arm_set_tls.o)
 .ARM.attributes
                0x000006e4       0x33 D:\Project\MyProject1\mkrtos_real\mkrtos_sdk\Debug\libmkrtos_sdk.a(__main.o)
 .ARM.attributes
                0x00000717       0x33 D:\Project\MyProject1\mkrtos_real\mkrtos_sdk\Debug\libmkrtos_sdk.a(reloc.o)

.debug_loc      0x00000000     0x253b
 .debug_loc     0x00000000      0x55d ./src/receive.o
 .debug_loc     0x0000055d      0x251 ./src/serial.o
 .debug_loc     0x000007ae       0xb5 D:\Project\MyProject1\mkrtos_real\mkrtos_sdk\Debug\libmkrtos_sdk.a(vprintf.o)
 .debug_loc     0x00000863      0x866 D:\Project\MyProject1\mkrtos_real\mkrtos_sdk\Debug\libmkrtos_sdk.a(__v_printf.o)
 .debug_loc     0x000010c9       0x5b D:\Project\MyProject1\mkrtos_real\mkrtos_sdk\Debug\libmkrtos_sdk.a(atexit.o)
 .debug_loc     0x00001124       0x8a D:\Project\MyProject1\mkrtos_real\mkrtos_sdk\Debug\libmkrtos_sdk.a(atol.o)
 .debug_loc     0x000011ae       0x74 D:\Project\MyProject1\mkrtos_real\mkrtos_sdk\Debug\libmkrtos_sdk.a(cfsetispeed.o)
 .debug_loc     0x00001222       0x2c D:\Project\MyProject1\mkrtos_real\mkrtos_sdk\Debug\libmkrtos_sdk.a(perror.o)
 .debug_loc     0x0000124e       0x1e D:\Project\MyProject1\mkrtos_real\mkrtos_sdk\Debug\libmkrtos_sdk.a(sleep.o)
 .debug_loc     0x0000126c      0x178 D:\Project\MyProject1\mkrtos_real\mkrtos_sdk\Debug\libmkrtos_sdk.a(strlen.o)
 .debug_loc     0x000013e4       0xf9 D:\Project\MyProject1\mkrtos_real\mkrtos_sdk\Debug\libmkrtos_sdk.a(strtol.o)
 .debug_loc     0x000014dd      0x28b D:\Project\MyProject1\mkrtos_real\mkrtos_sdk\Debug\libmkrtos_sdk.a(strtoul.o)
 .debug_loc     0x00001768       0x4d D:\Project\MyProject1\mkrtos_real\mkrtos_sdk\Debug\libmkrtos_sdk.a(tcflush.o)
 .debug_loc     0x000017b5       0x4d D:\Project\MyProject1\mkrtos_real\mkrtos_sdk\Debug\libmkrtos_sdk.a(tcgetattr.o)
 .debug_loc     0x00001802       0xcc D:\Project\MyProject1\mkrtos_real\mkrtos_sdk\Debug\libmkrtos_sdk.a(tcsetattr.o)
 .debug_loc     0x000018ce      0x265 D:\Project\MyProject1\mkrtos_real\mkrtos_sdk\Debug\libmkrtos_sdk.a(stackgap-g.o)
 .debug_loc     0x00001b33      0x17a D:\Project\MyProject1\mkrtos_real\mkrtos_sdk\Debug\libmkrtos_sdk.a(__ltostr.o)
 .debug_loc     0x00001cad       0x81 D:\Project\MyProject1\mkrtos_real\mkrtos_sdk\Debug\libmkrtos_sdk.a(getenv.o)
 .debug_loc     0x00001d2e       0x47 D:\Project\MyProject1\mkrtos_real\mkrtos_sdk\Debug\libmkrtos_sdk.a(isalnum.o)
 .debug_loc     0x00001d75       0x38 D:\Project\MyProject1\mkrtos_real\mkrtos_sdk\Debug\libmkrtos_sdk.a(isspace.o)
 .debug_loc     0x00001dad       0x38 D:\Project\MyProject1\mkrtos_real\mkrtos_sdk\Debug\libmkrtos_sdk.a(isxdigit.o)
 .debug_loc     0x00001de5       0xe2 D:\Project\MyProject1\mkrtos_real\mkrtos_sdk\Debug\libmkrtos_sdk.a(memcmp.o)
 .debug_loc     0x00001ec7      0x249 D:\Project\MyProject1\mkrtos_real\mkrtos_sdk\Debug\libmkrtos_sdk.a(memcpy.o)
 .debug_loc     0x00002110      0x12e D:\Project\MyProject1\mkrtos_real\mkrtos_sdk\Debug\libmkrtos_sdk.a(memmove.o)
 .debug_loc     0x0000223e       0x56 D:\Project\MyProject1\mkrtos_real\mkrtos_sdk\Debug\libmkrtos_sdk.a(memset.o)
 .debug_loc     0x00002294       0x3f D:\Project\MyProject1\mkrtos_real\mkrtos_sdk\Debug\libmkrtos_sdk.a(sigjmp.o)
 .debug_loc     0x000022d3       0x63 D:\Project\MyProject1\mkrtos_real\mkrtos_sdk\Debug\libmkrtos_sdk.a(sigprocmask.o)
 .debug_loc     0x00002336       0x87 D:\Project\MyProject1\mkrtos_real\mkrtos_sdk\Debug\libmkrtos_sdk.a(strstr.o)
 .debug_loc     0x000023bd       0x6f D:\Project\MyProject1\mkrtos_real\mkrtos_sdk\Debug\libmkrtos_sdk.a(__main.o)
 .debug_loc     0x0000242c      0x10f D:\Project\MyProject1\mkrtos_real\mkrtos_sdk\Debug\libmkrtos_sdk.a(reloc.o)

.debug_ranges   0x00000000      0x3a0
 .debug_ranges  0x00000000       0x58 ./src/receive.o
 .debug_ranges  0x00000058       0x40 ./src/serial.o
 .debug_ranges  0x00000098       0x10 D:\Project\MyProject1\mkrtos_real\mkrtos_sdk\Debug\libmkrtos_sdk.a(printf.o)
 .debug_ranges  0x000000a8       0x18 D:\Project\MyProject1\mkrtos_real\mkrtos_sdk\Debug\libmkrtos_sdk.a(vprintf.o)
 .debug_ranges  0x000000c0       0x98 D:\Project\MyProject1\mkrtos_real\mkrtos_sdk\Debug\libmkrtos_sdk.a(__v_printf.o)
 .debug_ranges  0x00000158       0x18 D:\Project\MyProject1\mkrtos_real\mkrtos_sdk\Debug\libmkrtos_sdk.a(atexit.o)
 .debug_ranges  0x00000170       0x10 D:\Project\MyProject1\mkrtos_real\mkrtos_sdk\Debug\libmkrtos_sdk.a(atol.o)
 .debug_ranges  0x00000180       0x10 D:\Project\MyProject1\mkrtos_real\mkrtos_sdk\Debug\libmkrtos_sdk.a(cfsetispeed.o)
 .debug_ranges  0x00000190       0x10 D:\Project\MyProject1\mkrtos_real\mkrtos_sdk\Debug\libmkrtos_sdk.a(errno_location.o)
 .debug_ranges  0x000001a0       0x10 D:\Project\MyProject1\mkrtos_real\mkrtos_sdk\Debug\libmkrtos_sdk.a(perror.o)
 .debug_ranges  0x000001b0       0x10 D:\Project\MyProject1\mkrtos_real\mkrtos_sdk\Debug\libmkrtos_sdk.a(sleep.o)
 .debug_ranges  0x000001c0       0x10 D:\Project\MyProject1\mkrtos_real\mkrtos_sdk\Debug\libmkrtos_sdk.a(strlen.o)
 .debug_ranges  0x000001d0       0x10 D:\Project\MyProject1\mkrtos_real\mkrtos_sdk\Debug\libmkrtos_sdk.a(strtol.o)
 .debug_ranges  0x000001e0       0x48 D:\Project\MyProject1\mkrtos_real\mkrtos_sdk\Debug\libmkrtos_sdk.a(strtoul.o)
 .debug_ranges  0x00000228       0x10 D:\Project\MyProject1\mkrtos_real\mkrtos_sdk\Debug\libmkrtos_sdk.a(tcflush.o)
 .debug_ranges  0x00000238       0x10 D:\Project\MyProject1\mkrtos_real\mkrtos_sdk\Debug\libmkrtos_sdk.a(tcgetattr.o)
 .debug_ranges  0x00000248       0x10 D:\Project\MyProject1\mkrtos_real\mkrtos_sdk\Debug\libmkrtos_sdk.a(tcsetattr.o)
 .debug_ranges  0x00000258       0x68 D:\Project\MyProject1\mkrtos_real\mkrtos_sdk\Debug\libmkrtos_sdk.a(stackgap-g.o)
 .debug_ranges  0x000002c0       0x10 D:\Project\MyProject1\mkrtos_real\mkrtos_sdk\Debug\libmkrtos_sdk.a(__ltostr.o)
 .debug_ranges  0x000002d0       0x10 D:\Project\MyProject1\mkrtos_real\mkrtos_sdk\Debug\libmkrtos_sdk.a(getenv.o)
 .debug_ranges  0x000002e0       0x10 D:\Project\MyProject1\mkrtos_real\mkrtos_sdk\Debug\libmkrtos_sdk.a(isalnum.o)
 .debug_ranges  0x000002f0       0x10 D:\Project\MyProject1\mkrtos_real\mkrtos_sdk\Debug\libmkrtos_sdk.a(isspace.o)
 .debug_ranges  0x00000300       0x10 D:\Project\MyProject1\mkrtos_real\mkrtos_sdk\Debug\libmkrtos_sdk.a(isxdigit.o)
 .debug_ranges  0x00000310       0x10 D:\Project\MyProject1\mkrtos_real\mkrtos_sdk\Debug\libmkrtos_sdk.a(memcmp.o)
 .debug_ranges  0x00000320       0x10 D:\Project\MyProject1\mkrtos_real\mkrtos_sdk\Debug\libmkrtos_sdk.a(memcpy.o)
 .debug_ranges  0x00000330       0x10 D:\Project\MyProject1\mkrtos_real\mkrtos_sdk\Debug\libmkrtos_sdk.a(memmove.o)
 .debug_ranges  0x00000340       0x10 D:\Project\MyProject1\mkrtos_real\mkrtos_sdk\Debug\libmkrtos_sdk.a(memset.o)
 .debug_ranges  0x00000350       0x10 D:\Project\MyProject1\mkrtos_real\mkrtos_sdk\Debug\libmkrtos_sdk.a(sigjmp.o)
 .debug_ranges  0x00000360       0x10 D:\Project\MyProject1\mkrtos_real\mkrtos_sdk\Debug\libmkrtos_sdk.a(sigprocmask.o)
 .debug_ranges  0x00000370       0x10 D:\Project\MyProject1\mkrtos_real\mkrtos_sdk\Debug\libmkrtos_sdk.a(strstr.o)
 .debug_ranges  0x00000380       0x10 D:\Project\MyProject1\mkrtos_real\mkrtos_sdk\Debug\libmkrtos_sdk.a(__main.o)
 .debug_ranges  0x00000390       0x10 D:\Project\MyProject1\mkrtos_real\mkrtos_sdk\Debug\libmkrtos_sdk.a(reloc.o)

.debug_frame    0x00000000      0x6e4
 .debug_frame   0x00000000       0x84 ./src/receive.o
 .debug_frame   0x00000084       0xd8 ./src/serial.o
 .debug_frame   0x0000015c       0x40 D:\Project\MyProject1\mkrtos_real\mkrtos_sdk\Debug\libmkrtos_sdk.a(printf.o)
 .debug_frame   0x0000019c       0x40 D:\Project\MyProject1\mkrtos_real\mkrtos_sdk\Debug\libmkrtos_sdk.a(vprintf.o)
 .debug_frame   0x000001dc       0x5c D:\Project\MyProject1\mkrtos_real\mkrtos_sdk\Debug\libmkrtos_sdk.a(__v_printf.o)
 .debug_frame   0x00000238       0x3c D:\Project\MyProject1\mkrtos_real\mkrtos_sdk\Debug\libmkrtos_sdk.a(atexit.o)
 .debug_frame   0x00000274       0x28 D:\Project\MyProject1\mkrtos_real\mkrtos_sdk\Debug\libmkrtos_sdk.a(atol.o)
 .debug_frame   0x0000029c       0x28 D:\Project\MyProject1\mkrtos_real\mkrtos_sdk\Debug\libmkrtos_sdk.a(cfsetispeed.o)
 .debug_frame   0x000002c4       0x28 D:\Project\MyProject1\mkrtos_real\mkrtos_sdk\Debug\libmkrtos_sdk.a(errno_location.o)
 .debug_frame   0x000002ec       0x30 D:\Project\MyProject1\mkrtos_real\mkrtos_sdk\Debug\libmkrtos_sdk.a(perror.o)
 .debug_frame   0x0000031c       0x2c D:\Project\MyProject1\mkrtos_real\mkrtos_sdk\Debug\libmkrtos_sdk.a(sleep.o)
 .debug_frame   0x00000348       0x20 D:\Project\MyProject1\mkrtos_real\mkrtos_sdk\Debug\libmkrtos_sdk.a(strlen.o)
 .debug_frame   0x00000368       0x34 D:\Project\MyProject1\mkrtos_real\mkrtos_sdk\Debug\libmkrtos_sdk.a(strtol.o)
 .debug_frame   0x0000039c       0x34 D:\Project\MyProject1\mkrtos_real\mkrtos_sdk\Debug\libmkrtos_sdk.a(strtoul.o)
 .debug_frame   0x000003d0       0x20 D:\Project\MyProject1\mkrtos_real\mkrtos_sdk\Debug\libmkrtos_sdk.a(tcflush.o)
 .debug_frame   0x000003f0       0x20 D:\Project\MyProject1\mkrtos_real\mkrtos_sdk\Debug\libmkrtos_sdk.a(tcgetattr.o)
 .debug_frame   0x00000410       0x30 D:\Project\MyProject1\mkrtos_real\mkrtos_sdk\Debug\libmkrtos_sdk.a(tcsetattr.o)
 .debug_frame   0x00000440       0x70 D:\Project\MyProject1\mkrtos_real\mkrtos_sdk\Debug\libmkrtos_sdk.a(stackgap-g.o)
 .debug_frame   0x000004b0       0x30 D:\Project\MyProject1\mkrtos_real\mkrtos_sdk\Debug\libmkrtos_sdk.a(__ltostr.o)
 .debug_frame   0x000004e0       0x30 D:\Project\MyProject1\mkrtos_real\mkrtos_sdk\Debug\libmkrtos_sdk.a(getenv.o)
 .debug_frame   0x00000510       0x20 D:\Project\MyProject1\mkrtos_real\mkrtos_sdk\Debug\libmkrtos_sdk.a(isalnum.o)
 .debug_frame   0x00000530       0x20 D:\Project\MyProject1\mkrtos_real\mkrtos_sdk\Debug\libmkrtos_sdk.a(isspace.o)
 .debug_frame   0x00000550       0x20 D:\Project\MyProject1\mkrtos_real\mkrtos_sdk\Debug\libmkrtos_sdk.a(isxdigit.o)
 .debug_frame   0x00000570       0x28 D:\Project\MyProject1\mkrtos_real\mkrtos_sdk\Debug\libmkrtos_sdk.a(memcmp.o)
 .debug_frame   0x00000598       0x2c D:\Project\MyProject1\mkrtos_real\mkrtos_sdk\Debug\libmkrtos_sdk.a(memcpy.o)
 .debug_frame   0x000005c4       0x2c D:\Project\MyProject1\mkrtos_real\mkrtos_sdk\Debug\libmkrtos_sdk.a(memmove.o)
 .debug_frame   0x000005f0       0x20 D:\Project\MyProject1\mkrtos_real\mkrtos_sdk\Debug\libmkrtos_sdk.a(memset.o)
 .debug_frame   0x00000610       0x28 D:\Project\MyProject1\mkrtos_real\mkrtos_sdk\Debug\libmkrtos_sdk.a(sigjmp.o)
 .debug_frame   0x00000638       0x20 D:\Project\MyProject1\mkrtos_real\mkrtos_sdk\Debug\libmkrtos_sdk.a(sigprocmask.o)
 .debug_frame   0x00000658       0x30 D:\Project\MyProject1\mkrtos_real\mkrtos_sdk\Debug\libmkrtos_sdk.a(strstr.o)
 .debug_frame   0x00000688       0x2c D:\Project\MyProject1\mkrtos_real\mkrtos_sdk\Debug\libmkrtos_sdk.a(__main.o)
 .debug_frame   0x000006b4       0x30 D:\Project\MyProject1\mkrtos_real\mkrtos_sdk\Debug\libmkrtos_sdk.a(reloc.o)

Cross Reference Table

Symbol                                            File
_DYNAMIC                                          ./src/heap_stack.o
_GLOBAL_OFFSET_TABLE_                             ./src/heap_stack.o
__app_start_addr__                                D:\Project\MyProject1\mkrtos_real\mkrtos_sdk\Debug\libmkrtos_sdk.a(__main.o)
__arm_set_tls                                     D:\Project\MyProject1\mkrtos_real\mkrtos_sdk\Debug\libmkrtos_sdk.a(arm_set_tls.o)
                                                  D:\Project\MyProject1\mkrtos_real\mkrtos_sdk\Debug\libmkrtos_sdk.a(stackgap-g.o)
__bss_start__                                     D:\Project\MyProject1\mkrtos_real\mkrtos_sdk\Debug\libmkrtos_sdk.a(start.o)
__clone                                           D:\Project\MyProject1\mkrtos_real\mkrtos_sdk\Debug\libmkrtos_sdk.a(dyn_syscalls.o)
__data_end__                                      D:\Project\MyProject1\mkrtos_real\mkrtos_sdk\Debug\libmkrtos_sdk.a(start.o)
__data_start__                                    D:\Project\MyProject1\mkrtos_real\mkrtos_sdk\Debug\libmkrtos_sdk.a(start.o)
__diet_brk                                        D:\Project\MyProject1\mkrtos_real\mkrtos_sdk\Debug\libmkrtos_sdk.a(dyn_syscalls.o)
__diet_ptrace                                     D:\Project\MyProject1\mkrtos_real\mkrtos_sdk\Debug\libmkrtos_sdk.a(dyn_syscalls.o)
__dietlibc_fcntl64                                D:\Project\MyProject1\mkrtos_real\mkrtos_sdk\Debug\libmkrtos_sdk.a(dyn_syscalls.o)
__dietlibc_fstat64                                D:\Project\MyProject1\mkrtos_real\mkrtos_sdk\Debug\libmkrtos_sdk.a(dyn_syscalls.o)
__dietlibc_fstatfs64                              D:\Project\MyProject1\mkrtos_real\mkrtos_sdk\Debug\libmkrtos_sdk.a(dyn_syscalls.o)
__dietlibc_ftruncate64                            D:\Project\MyProject1\mkrtos_real\mkrtos_sdk\Debug\libmkrtos_sdk.a(dyn_syscalls.o)
__dietlibc_ftruncate64_syscall                    D:\Project\MyProject1\mkrtos_real\mkrtos_sdk\Debug\libmkrtos_sdk.a(dyn_syscalls.o)
__dietlibc_lstat64                                D:\Project\MyProject1\mkrtos_real\mkrtos_sdk\Debug\libmkrtos_sdk.a(dyn_syscalls.o)
__dietlibc_sendfile64                             D:\Project\MyProject1\mkrtos_real\mkrtos_sdk\Debug\libmkrtos_sdk.a(dyn_syscalls.o)
__dietlibc_stat64                                 D:\Project\MyProject1\mkrtos_real\mkrtos_sdk\Debug\libmkrtos_sdk.a(dyn_syscalls.o)
__dietlibc_statfs64                               D:\Project\MyProject1\mkrtos_real\mkrtos_sdk\Debug\libmkrtos_sdk.a(dyn_syscalls.o)
__dietlibc_truncate64                             D:\Project\MyProject1\mkrtos_real\mkrtos_sdk\Debug\libmkrtos_sdk.a(dyn_syscalls.o)
__dietlibc_truncate64_syscall                     D:\Project\MyProject1\mkrtos_real\mkrtos_sdk\Debug\libmkrtos_sdk.a(dyn_syscalls.o)
__environ                                         D:\Project\MyProject1\mkrtos_real\mkrtos_sdk\Debug\libmkrtos_sdk.a(dyn_syscalls.o)
__errno_location                                  D:\Project\MyProject1\mkrtos_real\mkrtos_sdk\Debug\libmkrtos_sdk.a(errno_location.o)
                                                  D:\Project\MyProject1\mkrtos_real\mkrtos_sdk\Debug\libmkrtos_sdk.a(dyn_syscalls.o)
                                                  D:\Project\MyProject1\mkrtos_real\mkrtos_sdk\Debug\libmkrtos_sdk.a(tcsetattr.o)
                                                  D:\Project\MyProject1\mkrtos_real\mkrtos_sdk\Debug\libmkrtos_sdk.a(strtoul.o)
                                                  D:\Project\MyProject1\mkrtos_real\mkrtos_sdk\Debug\libmkrtos_sdk.a(strtol.o)
                                                  D:\Project\MyProject1\mkrtos_real\mkrtos_sdk\Debug\libmkrtos_sdk.a(cfsetispeed.o)
                                                  ./src/serial.o
__exit                                            D:\Project\MyProject1\mkrtos_real\mkrtos_sdk\Debug\libmkrtos_sdk.a(dyn_syscalls.o)
__fflush_stderr                                   D:\Project\MyProject1\mkrtos_real\mkrtos_sdk\Debug\libmkrtos_sdk.a(dyn_syscalls.o)
__fflush_stdin                                    D:\Project\MyProject1\mkrtos_real\mkrtos_sdk\Debug\libmkrtos_sdk.a(dyn_syscalls.o)
__fflush_stdout                                   D:\Project\MyProject1\mkrtos_real\mkrtos_sdk\Debug\libmkrtos_sdk.a(dyn_syscalls.o)
__got_end__                                       D:\Project\MyProject1\mkrtos_real\mkrtos_sdk\Debug\libmkrtos_sdk.a(reloc.o)
                                                  D:\Project\MyProject1\mkrtos_real\mkrtos_sdk\Debug\libmkrtos_sdk.a(start.o)
__got_start__                                     D:\Project\MyProject1\mkrtos_real\mkrtos_sdk\Debug\libmkrtos_sdk.a(reloc.o)
                                                  D:\Project\MyProject1\mkrtos_real\mkrtos_sdk\Debug\libmkrtos_sdk.a(start.o)
__guard                                           D:\Project\MyProject1\mkrtos_real\mkrtos_sdk\Debug\libmkrtos_sdk.a(dyn_syscalls.o)
                                                  D:\Project\MyProject1\mkrtos_real\mkrtos_sdk\Debug\libmkrtos_sdk.a(stackgap-g.o)
__heap_size__                                     D:\Project\MyProject1\mkrtos_real\mkrtos_sdk\Debug\libmkrtos_sdk.a(start.o)
__heap_start__                                    D:\Project\MyProject1\mkrtos_real\mkrtos_sdk\Debug\libmkrtos_sdk.a(start.o)
__isspace_ascii                                   D:\Project\MyProject1\mkrtos_real\mkrtos_sdk\Debug\libmkrtos_sdk.a(isspace.o)
__isxdigit_ascii                                  D:\Project\MyProject1\mkrtos_real\mkrtos_sdk\Debug\libmkrtos_sdk.a(isxdigit.o)
__libc_chown32                                    D:\Project\MyProject1\mkrtos_real\mkrtos_sdk\Debug\libmkrtos_sdk.a(dyn_syscalls.o)
__libc_close                                      D:\Project\MyProject1\mkrtos_real\mkrtos_sdk\Debug\libmkrtos_sdk.a(dyn_syscalls.o)
__libc_exit                                       D:\Project\MyProject1\mkrtos_real\mkrtos_sdk\Debug\libmkrtos_sdk.a(atexit.o)
__libc_fchown32                                   D:\Project\MyProject1\mkrtos_real\mkrtos_sdk\Debug\libmkrtos_sdk.a(dyn_syscalls.o)
__libc_fcntl                                      D:\Project\MyProject1\mkrtos_real\mkrtos_sdk\Debug\libmkrtos_sdk.a(dyn_syscalls.o)
__libc_fork                                       D:\Project\MyProject1\mkrtos_real\mkrtos_sdk\Debug\libmkrtos_sdk.a(dyn_syscalls.o)
__libc_fsync                                      D:\Project\MyProject1\mkrtos_real\mkrtos_sdk\Debug\libmkrtos_sdk.a(dyn_syscalls.o)
__libc_getegid32                                  D:\Project\MyProject1\mkrtos_real\mkrtos_sdk\Debug\libmkrtos_sdk.a(dyn_syscalls.o)
__libc_geteuid32                                  D:\Project\MyProject1\mkrtos_real\mkrtos_sdk\Debug\libmkrtos_sdk.a(dyn_syscalls.o)
__libc_getgid32                                   D:\Project\MyProject1\mkrtos_real\mkrtos_sdk\Debug\libmkrtos_sdk.a(dyn_syscalls.o)
__libc_getgroups32                                D:\Project\MyProject1\mkrtos_real\mkrtos_sdk\Debug\libmkrtos_sdk.a(dyn_syscalls.o)
__libc_getresgid32                                D:\Project\MyProject1\mkrtos_real\mkrtos_sdk\Debug\libmkrtos_sdk.a(dyn_syscalls.o)
__libc_getuid32                                   D:\Project\MyProject1\mkrtos_real\mkrtos_sdk\Debug\libmkrtos_sdk.a(dyn_syscalls.o)
__libc_lchown32                                   D:\Project\MyProject1\mkrtos_real\mkrtos_sdk\Debug\libmkrtos_sdk.a(dyn_syscalls.o)
__libc_lseek                                      D:\Project\MyProject1\mkrtos_real\mkrtos_sdk\Debug\libmkrtos_sdk.a(dyn_syscalls.o)
__libc_msync                                      D:\Project\MyProject1\mkrtos_real\mkrtos_sdk\Debug\libmkrtos_sdk.a(dyn_syscalls.o)
__libc_nanosleep                                  D:\Project\MyProject1\mkrtos_real\mkrtos_sdk\Debug\libmkrtos_sdk.a(dyn_syscalls.o)
__libc_open                                       D:\Project\MyProject1\mkrtos_real\mkrtos_sdk\Debug\libmkrtos_sdk.a(dyn_syscalls.o)
__libc_pause                                      D:\Project\MyProject1\mkrtos_real\mkrtos_sdk\Debug\libmkrtos_sdk.a(dyn_syscalls.o)
__libc_pread64                                    D:\Project\MyProject1\mkrtos_real\mkrtos_sdk\Debug\libmkrtos_sdk.a(dyn_syscalls.o)
__libc_pwrite64                                   D:\Project\MyProject1\mkrtos_real\mkrtos_sdk\Debug\libmkrtos_sdk.a(dyn_syscalls.o)
__libc_read                                       D:\Project\MyProject1\mkrtos_real\mkrtos_sdk\Debug\libmkrtos_sdk.a(dyn_syscalls.o)
__libc_select                                     D:\Project\MyProject1\mkrtos_real\mkrtos_sdk\Debug\libmkrtos_sdk.a(dyn_syscalls.o)
__libc_sendfile                                   D:\Project\MyProject1\mkrtos_real\mkrtos_sdk\Debug\libmkrtos_sdk.a(dyn_syscalls.o)
__libc_setfsgid32                                 D:\Project\MyProject1\mkrtos_real\mkrtos_sdk\Debug\libmkrtos_sdk.a(dyn_syscalls.o)
__libc_setfsuid32                                 D:\Project\MyProject1\mkrtos_real\mkrtos_sdk\Debug\libmkrtos_sdk.a(dyn_syscalls.o)
__libc_setgid32                                   D:\Project\MyProject1\mkrtos_real\mkrtos_sdk\Debug\libmkrtos_sdk.a(dyn_syscalls.o)
__libc_setregid32                                 D:\Project\MyProject1\mkrtos_real\mkrtos_sdk\Debug\libmkrtos_sdk.a(dyn_syscalls.o)
__libc_setresgid32                                D:\Project\MyProject1\mkrtos_real\mkrtos_sdk\Debug\libmkrtos_sdk.a(dyn_syscalls.o)
__libc_setreuid32                                 D:\Project\MyProject1\mkrtos_real\mkrtos_sdk\Debug\libmkrtos_sdk.a(dyn_syscalls.o)
__libc_setuid32                                   D:\Project\MyProject1\mkrtos_real\mkrtos_sdk\Debug\libmkrtos_sdk.a(dyn_syscalls.o)
__libc_tcflush                                    D:\Project\MyProject1\mkrtos_real\mkrtos_sdk\Debug\libmkrtos_sdk.a(tcflush.o)
__libc_waitpid                                    D:\Project\MyProject1\mkrtos_real\mkrtos_sdk\Debug\libmkrtos_sdk.a(dyn_syscalls.o)
__libc_write                                      D:\Project\MyProject1\mkrtos_real\mkrtos_sdk\Debug\libmkrtos_sdk.a(dyn_syscalls.o)
__longjmp                                         D:\Project\MyProject1\mkrtos_real\mkrtos_sdk\Debug\libmkrtos_sdk.a(dyn_syscalls.o)
__ltostr                                          D:\Project\MyProject1\mkrtos_real\mkrtos_sdk\Debug\libmkrtos_sdk.a(__ltostr.o)
                                                  D:\Project\MyProject1\mkrtos_real\mkrtos_sdk\Debug\libmkrtos_sdk.a(__v_printf.o)
__main                                            D:\Project\MyProject1\mkrtos_real\mkrtos_sdk\Debug\libmkrtos_sdk.a(__main.o)
                                                  D:\Project\MyProject1\mkrtos_real\mkrtos_sdk\Debug\libmkrtos_sdk.a(start.o)
__mmap2                                           D:\Project\MyProject1\mkrtos_real\mkrtos_sdk\Debug\libmkrtos_sdk.a(dyn_syscalls.o)
__n_sigaction                                     D:\Project\MyProject1\mkrtos_real\mkrtos_sdk\Debug\libmkrtos_sdk.a(dyn_syscalls.o)
__n_sigpending                                    D:\Project\MyProject1\mkrtos_real\mkrtos_sdk\Debug\libmkrtos_sdk.a(dyn_syscalls.o)
__n_sigprocmask                                   D:\Project\MyProject1\mkrtos_real\mkrtos_sdk\Debug\libmkrtos_sdk.a(dyn_syscalls.o)
__n_sigsuspend                                    D:\Project\MyProject1\mkrtos_real\mkrtos_sdk\Debug\libmkrtos_sdk.a(dyn_syscalls.o)
__nop                                             D:\Project\MyProject1\mkrtos_real\mkrtos_sdk\Debug\libmkrtos_sdk.a(dyn_syscalls.o)
__old_sigaction                                   D:\Project\MyProject1\mkrtos_real\mkrtos_sdk\Debug\libmkrtos_sdk.a(dyn_syscalls.o)
__old_sigpending                                  D:\Project\MyProject1\mkrtos_real\mkrtos_sdk\Debug\libmkrtos_sdk.a(dyn_syscalls.o)
__old_sigprocmask                                 D:\Project\MyProject1\mkrtos_real\mkrtos_sdk\Debug\libmkrtos_sdk.a(dyn_syscalls.o)
__old_sigsuspend                                  D:\Project\MyProject1\mkrtos_real\mkrtos_sdk\Debug\libmkrtos_sdk.a(dyn_syscalls.o)
__ram_size__                                      D:\Project\MyProject1\mkrtos_real\mkrtos_sdk\Debug\libmkrtos_sdk.a(start.o)
__reboot                                          D:\Project\MyProject1\mkrtos_real\mkrtos_sdk\Debug\libmkrtos_sdk.a(dyn_syscalls.o)
__rel_end__                                       D:\Project\MyProject1\mkrtos_real\mkrtos_sdk\Debug\libmkrtos_sdk.a(reloc.o)
                                                  D:\Project\MyProject1\mkrtos_real\mkrtos_sdk\Debug\libmkrtos_sdk.a(start.o)
__rel_start__                                     D:\Project\MyProject1\mkrtos_real\mkrtos_sdk\Debug\libmkrtos_sdk.a(reloc.o)
                                                  D:\Project\MyProject1\mkrtos_real\mkrtos_sdk\Debug\libmkrtos_sdk.a(start.o)
__rt_sigaction                                    D:\Project\MyProject1\mkrtos_real\mkrtos_sdk\Debug\libmkrtos_sdk.a(dyn_syscalls.o)
__rt_sigpending                                   D:\Project\MyProject1\mkrtos_real\mkrtos_sdk\Debug\libmkrtos_sdk.a(dyn_syscalls.o)
__rt_sigprocmask                                  D:\Project\MyProject1\mkrtos_real\mkrtos_sdk\Debug\libmkrtos_sdk.a(dyn_syscalls.o)
                                                  D:\Project\MyProject1\mkrtos_real\mkrtos_sdk\Debug\libmkrtos_sdk.a(sigprocmask.o)
__rt_sigqueueinfo                                 D:\Project\MyProject1\mkrtos_real\mkrtos_sdk\Debug\libmkrtos_sdk.a(dyn_syscalls.o)
__rt_sigsuspend                                   D:\Project\MyProject1\mkrtos_real\mkrtos_sdk\Debug\libmkrtos_sdk.a(dyn_syscalls.o)
__rt_sigtimedwait                                 D:\Project\MyProject1\mkrtos_real\mkrtos_sdk\Debug\libmkrtos_sdk.a(dyn_syscalls.o)
__setjmp                                          D:\Project\MyProject1\mkrtos_real\mkrtos_sdk\Debug\libmkrtos_sdk.a(dyn_syscalls.o)
__setup_tls                                       D:\Project\MyProject1\mkrtos_real\mkrtos_sdk\Debug\libmkrtos_sdk.a(stackgap-g.o)
__sigaltstack                                     D:\Project\MyProject1\mkrtos_real\mkrtos_sdk\Debug\libmkrtos_sdk.a(dyn_syscalls.o)
__sigjmp_save                                     D:\Project\MyProject1\mkrtos_real\mkrtos_sdk\Debug\libmkrtos_sdk.a(sigjmp.o)
                                                  D:\Project\MyProject1\mkrtos_real\mkrtos_sdk\Debug\libmkrtos_sdk.a(dyn_syscalls.o)
__sigsetjmp                                       D:\Project\MyProject1\mkrtos_real\mkrtos_sdk\Debug\libmkrtos_sdk.a(dyn_syscalls.o)
__stack_chk_guard                                 D:\Project\MyProject1\mkrtos_real\mkrtos_sdk\Debug\libmkrtos_sdk.a(dyn_syscalls.o)
__stack_end__                                     D:\Project\MyProject1\mkrtos_real\mkrtos_sdk\Debug\libmkrtos_sdk.a(start.o)
__stack_size__                                    D:\Project\MyProject1\mkrtos_real\mkrtos_sdk\Debug\libmkrtos_sdk.a(start.o)
__stack_start__                                   D:\Project\MyProject1\mkrtos_real\mkrtos_sdk\Debug\libmkrtos_sdk.a(start.o)
__stdio_outs                                      D:\Project\MyProject1\mkrtos_real\mkrtos_sdk\Debug\libmkrtos_sdk.a(vprintf.o)
__sys_err_unknown                                 D:\Project\MyProject1\mkrtos_real\mkrtos_sdk\Debug\libmkrtos_sdk.a(errlistu.o)
                                                  D:\Project\MyProject1\mkrtos_real\mkrtos_sdk\Debug\libmkrtos_sdk.a(perror.o)
__syscall_getcwd                                  D:\Project\MyProject1\mkrtos_real\mkrtos_sdk\Debug\libmkrtos_sdk.a(dyn_syscalls.o)
__syscall_getpriority                             D:\Project\MyProject1\mkrtos_real\mkrtos_sdk\Debug\libmkrtos_sdk.a(dyn_syscalls.o)
__syscall_sched_getaffinity                       D:\Project\MyProject1\mkrtos_real\mkrtos_sdk\Debug\libmkrtos_sdk.a(dyn_syscalls.o)
__syscall_syslog                                  D:\Project\MyProject1\mkrtos_real\mkrtos_sdk\Debug\libmkrtos_sdk.a(dyn_syscalls.o)
__tcb_mainthread                                  D:\Project\MyProject1\mkrtos_real\mkrtos_sdk\Debug\libmkrtos_sdk.a(stackgap-g.o)
__tdataptr                                        D:\Project\MyProject1\mkrtos_real\mkrtos_sdk\Debug\libmkrtos_sdk.a(stackgap-g.o)
__tdatasize                                       D:\Project\MyProject1\mkrtos_real\mkrtos_sdk\Debug\libmkrtos_sdk.a(stackgap-g.o)
__text_start__                                    D:\Project\MyProject1\mkrtos_real\mkrtos_sdk\Debug\libmkrtos_sdk.a(reloc.o)
                                                  D:\Project\MyProject1\mkrtos_real\mkrtos_sdk\Debug\libmkrtos_sdk.a(start.o)
__thread_doexit                                   D:\Project\MyProject1\mkrtos_real\mkrtos_sdk\Debug\libmkrtos_sdk.a(dyn_syscalls.o)
                                                  D:\Project\MyProject1\mkrtos_real\mkrtos_sdk\Debug\libmkrtos_sdk.a(atexit.o)
__tmemsize                                        D:\Project\MyProject1\mkrtos_real\mkrtos_sdk\Debug\libmkrtos_sdk.a(stackgap-g.o)
__unified_syscall                                 D:\Project\MyProject1\mkrtos_real\mkrtos_sdk\Debug\libmkrtos_sdk.a(dyn_syscalls.o)
__unified_syscall4                                D:\Project\MyProject1\mkrtos_real\mkrtos_sdk\Debug\libmkrtos_sdk.a(dyn_syscalls.o)
__v_printf                                        D:\Project\MyProject1\mkrtos_real\mkrtos_sdk\Debug\libmkrtos_sdk.a(__v_printf.o)
                                                  D:\Project\MyProject1\mkrtos_real\mkrtos_sdk\Debug\libmkrtos_sdk.a(vprintf.o)
__valgrind                                        D:\Project\MyProject1\mkrtos_real\mkrtos_sdk\Debug\libmkrtos_sdk.a(stackgap-g.o)
                                                  D:\Project\MyProject1\mkrtos_real\mkrtos_sdk\Debug\libmkrtos_sdk.a(strlen.o)
__vdso                                            D:\Project\MyProject1\mkrtos_real\mkrtos_sdk\Debug\libmkrtos_sdk.a(stackgap-g.o)
__you_tried_to_link_a_dietlibc_object_against_glibc D:\Project\MyProject1\mkrtos_real\mkrtos_sdk\Debug\libmkrtos_sdk.a(dyn_syscalls.o)
_exit                                             D:\Project\MyProject1\mkrtos_real\mkrtos_sdk\Debug\libmkrtos_sdk.a(start.o)
                                                  D:\Project\MyProject1\mkrtos_real\mkrtos_sdk\Debug\libmkrtos_sdk.a(atexit.o)
_llseek                                           D:\Project\MyProject1\mkrtos_real\mkrtos_sdk\Debug\libmkrtos_sdk.a(dyn_syscalls.o)
_start                                            D:\Project\MyProject1\mkrtos_real\mkrtos_sdk\Debug\libmkrtos_sdk.a(start.o)
_start_                                           D:\Project\MyProject1\mkrtos_real\mkrtos_sdk\Debug\libmkrtos_sdk.a(start.o)
_sysctl                                           D:\Project\MyProject1\mkrtos_real\mkrtos_sdk\Debug\libmkrtos_sdk.a(dyn_syscalls.o)
access                                            D:\Project\MyProject1\mkrtos_real\mkrtos_sdk\Debug\libmkrtos_sdk.a(dyn_syscalls.o)
add_key                                           D:\Project\MyProject1\mkrtos_real\mkrtos_sdk\Debug\libmkrtos_sdk.a(dyn_syscalls.o)
adjtimex                                          D:\Project\MyProject1\mkrtos_real\mkrtos_sdk\Debug\libmkrtos_sdk.a(dyn_syscalls.o)